
================ baseline cap=3.0 (cap=3.0, mu_vu=0.0, mu_phiu=0.0) ================
grid 12x17  nodes=204  edges=379  blocks=8  ports=54
  stage penal=1 beta=4: cooling=-4.338 grey=0.290 leak_frac=0.425
  stage penal=2 beta=6: cooling=-4.356 grey=0.063 leak_frac=0.015
  stage penal=3 beta=8: cooling=-4.283 grey=0.003 leak_frac=0.000
  prune: rho_cut=0.50 -> flow-capable main comp 61 edges  port_share=1.000  coverage 8/8
  prune: blocks covered 6/8
  round 0: edges=61 blocks=6/8 cooling=-4.301 block_min/mean=0.625
  prune: unused-channel removal -> 61 edges
  prune: blocks covered 6/8
  repair: block 6 -> 2 corridors
  repair: block 7 -> 2 corridors
  prune: unused-channel removal -> 77 edges
  prune: blocks covered 8/8
  repair: blocks=8/8 cooling=-6.053 log_diss=3.458
pipeline 29s
  cooling=-6.053  blocks_covered=8  block_min_over_mean=0.133  log_diss=3.458  vel_cv=0.852  phi_block_mean=0.668  phi_block_std=0.204  phi_block_min=0.207  phi_block_max=0.903
  mass_check {'resid_max': 1.424743378830584e-10, 'leak_inactive': 0.0}
  connectivity {'connected': True, 'n_src_components': 1, 'n_snk_components': 1, 'n_kept_edges': 77}
  inlet : node (11,6)  share=1.000
  outlet: node (0,10)  share=1.000
  per-block heat: [0.0207 0.022  0.0186 0.0116 0.0241 0.0294 0.0122 0.0023]

================ baseline cap=4.0 (cap=4.0, mu_vu=0.0, mu_phiu=0.0) ================
grid 12x17  nodes=204  edges=379  blocks=8  ports=54
  stage penal=1 beta=4: cooling=-4.180 grey=0.087 leak_frac=0.310
  stage penal=2 beta=6: cooling=-4.103 grey=0.042 leak_frac=0.053
  stage penal=3 beta=8: cooling=-4.222 grey=0.021 leak_frac=0.041
  prune: rho_cut=0.30 -> flow-capable main comp 56 edges  port_share=1.000  coverage 8/8
  prune: blocks covered 6/8
  round 0: edges=56 blocks=6/8 cooling=-3.854 block_min/mean=0.847
  prune: unused-channel removal -> 56 edges
  prune: blocks covered 6/8
  repair: block 0 -> 2 corridors
  repair: block 4 -> 2 corridors
  prune: unused-channel removal -> 71 edges
  prune: blocks covered 8/8
  repair: blocks=8/8 cooling=-3.948 log_diss=3.890
pipeline 31s
  cooling=-3.948  blocks_covered=8  block_min_over_mean=0.892  log_diss=3.890  vel_cv=0.460  phi_block_mean=0.776  phi_block_std=0.105  phi_block_min=0.615  phi_block_max=0.925
  mass_check {'resid_max': 4.966123207106321e-10, 'leak_inactive': 0.0}
  connectivity {'connected': True, 'n_src_components': 1, 'n_snk_components': 1, 'n_kept_edges': 71}
  inlet : node (11,5)  share=1.000
  outlet: node (0,14)  share=1.000
  per-block heat: [0.023  0.0226 0.0221 0.0216 0.0269 0.0307 0.0251 0.0219]

================ baseline cap=5.0 (cap=5.0, mu_vu=0.0, mu_phiu=0.0) ================
grid 12x17  nodes=204  edges=379  blocks=8  ports=54
  stage penal=1 beta=4: cooling=-4.122 grey=0.063 leak_frac=0.392
  stage penal=2 beta=6: cooling=-3.993 grey=0.061 leak_frac=0.331
  stage penal=3 beta=8: cooling=-3.941 grey=0.058 leak_frac=0.121
  prune: rho_cut=0.40 -> flow-capable main comp 71 edges  port_share=1.000  coverage 8/8
  prune: blocks covered 8/8
  round 0: edges=71 blocks=8/8 cooling=-4.022 block_min/mean=0.797
  prune: unused-channel removal -> 71 edges
  prune: blocks covered 8/8
pipeline 60s
  cooling=-4.022  blocks_covered=8  block_min_over_mean=0.797  log_diss=3.906  vel_cv=0.301  phi_block_mean=0.753  phi_block_std=0.110  phi_block_min=0.591  phi_block_max=0.899
  mass_check {'resid_max': 5.500294941729322e-10, 'leak_inactive': 0.0}
  connectivity {'connected': True, 'n_src_components': 1, 'n_snk_components': 1, 'n_kept_edges': 71}
  inlet : node (11,4)  share=1.000
  outlet: node (0,14)  share=1.000
  per-block heat: [0.0248 0.0218 0.0191 0.0195 0.0267 0.0297 0.0266 0.0238]

selected baseline cap = 4.0

================ uniform (cap=4.0, mu_vu=2.0, mu_phiu=25.0) ================
grid 12x17  nodes=204  edges=379  blocks=8  ports=54
  stage penal=1 beta=4: cooling=-4.180 grey=0.087 leak_frac=0.310
  stage penal=2 beta=6: cooling=-4.103 grey=0.042 leak_frac=0.053
  stage penal=3 beta=8: cooling=-4.222 grey=0.021 leak_frac=0.041
  prune: rho_cut=0.30 -> flow-capable main comp 56 edges  port_share=1.000  coverage 8/8
  prune: blocks covered 6/8
  round 0: edges=56 blocks=6/8 cooling=-3.839 block_min/mean=0.873
  prune: unused-channel removal -> 56 edges
  prune: blocks covered 6/8
  repair: block 0 -> 2 corridors
  repair: block 4 -> 2 corridors
  prune: unused-channel removal -> 71 edges
  prune: blocks covered 8/8
  repair: blocks=8/8 cooling=-3.957 log_diss=4.001
pipeline 45s
  cooling=-3.957  blocks_covered=8  block_min_over_mean=0.864  log_diss=4.001  vel_cv=0.365  phi_block_mean=0.772  phi_block_std=0.105  phi_block_min=0.613  phi_block_max=0.927
  mass_check {'resid_max': 6.092087667664003e-10, 'leak_inactive': 0.0}
  connectivity {'connected': True, 'n_src_components': 1, 'n_snk_components': 1, 'n_kept_edges': 71}
  inlet : node (11,5)  share=1.000
  outlet: node (0,14)  share=1.000
  per-block heat: [0.0227 0.0236 0.0226 0.0213 0.0278 0.0312 0.0243 0.021 ]

--- baseline vs uniform (2x4) ---
  cooling              base=-3.948  unif=-3.957
  blocks_covered       base=8  unif=8
  block_min_over_mean  base=0.892  unif=0.864
  log_diss             base=3.890  unif=4.001
  vel_cv               base=0.460  unif=0.365
  phi_block_mean       base=0.776  unif=0.772
  phi_block_std        base=0.105  unif=0.105
  phi_block_min        base=0.615  unif=0.613
  phi_block_max        base=0.925  unif=0.927
saved: /home/user/ykep-cae/experiments/coldplate/output/coldplate_rect24.png
saved: /home/user/ykep-cae/experiments/coldplate/output/coldplate_rect24_result.npz
