
================ baseline (mu_vu=0.0, mu_phiu=0.0) ================
  stage penal=1 beta=4: cooling=-5.157 grey=0.393 leak_frac=0.688
  stage penal=2 beta=6: cooling=-4.940 grey=0.197 leak_frac=0.305
  stage penal=3 beta=8: cooling=-4.883 grey=0.071 leak_frac=0.217
  prune: rho_cut=0.10 -> flow-capable main comp 196 edges  port_share=1.000  coverage 31/32
  prune: blocks covered 28/32
  round 0: edges=196 blocks=28/32 cooling=-4.811 block_min/mean=0.773
  prune: unused-channel removal -> 193 edges
  prune: blocks covered 28/32
  round 1: edges=193 blocks=28/32 cooling=-4.811 block_min/mean=0.772
  prune: unused-channel removal -> 193 edges
  prune: blocks covered 28/32
pipeline 75s
  cooling=-4.811  blocks_covered=28  block_min_over_mean=0.772  log_diss=4.218  vel_cv=0.893  phi_block_mean=0.519  phi_block_std=0.142  phi_block_min=0.291  phi_block_max=0.834
  mass_check {'resid_max': 6.712560285393465e-09, 'leak_inactive': 0.0}
  connectivity {'connected': True, 'n_src_components': 1, 'n_snk_components': 1, 'n_kept_edges': 193}
  inlet : node (17,18)  share=1.000
  outlet: node (0,2)  share=1.000

================ uniform (mu_vu=2.0, mu_phiu=25.0) ================
  stage penal=1 beta=4: cooling=-5.157 grey=0.393 leak_frac=0.688
  stage penal=2 beta=6: cooling=-4.940 grey=0.197 leak_frac=0.305
  stage penal=3 beta=8: cooling=-4.883 grey=0.071 leak_frac=0.217
  prune: rho_cut=0.10 -> flow-capable main comp 196 edges  port_share=1.000  coverage 31/32
  prune: blocks covered 28/32
  round 0: edges=196 blocks=28/32 cooling=-4.876 block_min/mean=0.708
  prune: unused-channel removal -> 196 edges
  prune: blocks covered 28/32
pipeline 72s
  cooling=-4.876  blocks_covered=28  block_min_over_mean=0.708  log_diss=4.315  vel_cv=0.731  phi_block_mean=0.505  phi_block_std=0.149  phi_block_min=0.276  phi_block_max=0.826
  mass_check {'resid_max': 6.8694503418953445e-09, 'leak_inactive': 0.0}
  connectivity {'connected': True, 'n_src_components': 1, 'n_snk_components': 1, 'n_kept_edges': 196}
  inlet : node (17,18)  share=1.000
  outlet: node (0,2)  share=1.000

--- baseline vs uniform ---
  cooling              base=-4.811  unif=-4.876
  blocks_covered       base=28  unif=28
  block_min_over_mean  base=0.772  unif=0.708
  log_diss             base=4.218  unif=4.315
  vel_cv               base=0.893  unif=0.731
  phi_block_mean       base=0.519  unif=0.505
  phi_block_std        base=0.142  unif=0.149
  phi_block_min        base=0.291  unif=0.276
  phi_block_max        base=0.834  unif=0.826
saved: /home/user/ykep-cae/experiments/coldplate/output/coldplate_uniform.png
saved: /home/user/ykep-cae/experiments/coldplate/output/coldplate_uniform_result.npz
