
================ log_p_max = 5.0 ================
  stage penal=1 beta=4: cooling=-5.042 grey=0.094 leak_frac=0.481
  stage penal=2 beta=6: cooling=-4.893 grey=0.091 leak_frac=0.239
  stage penal=3 beta=8: cooling=-4.855 grey=0.084 leak_frac=0.136
  prune: rho_cut=0.30 -> flow-capable main comp 217 edges  port_share=1.000  coverage 32/32
  prune: blocks covered 29/32
  round 0: edges=217 blocks=29/32 cooling=-5.263 block_min/mean=0.514
  prune: unused-channel removal -> 217 edges
  prune: blocks covered 29/32
pipeline 171s
  [raw   ] cooling=-4.748  blocks_covered=32  block_cv=0.157  block_min_over_mean=0.713  log_diss=5.009  grey=0.084  eff_ports_in=1.341  eff_ports_out=2.473  leak_flow_frac=0.136
  [raw   ] mass_check {'resid_max': 1.8517959682329277e-07, 'leak_inactive': 6.702849775141033}
  [pruned] cooling=-5.263  blocks_covered=29  block_cv=0.383  block_min_over_mean=0.514  log_diss=4.040  grey=0.000  eff_ports_in=1.603  eff_ports_out=2.588  leak_flow_frac=0.000
  [pruned] mass_check {'resid_max': 5.933901398025299e-09, 'leak_inactive': 0.0}
  connectivity {'connected': True, 'n_src_components': 1, 'n_snk_components': 1, 'n_kept_edges': 217}

================ log_p_max = 3.5 ================
  stage penal=1 beta=4: cooling=-5.302 grey=0.215 leak_frac=0.382
  stage penal=2 beta=6: cooling=-5.170 grey=0.074 leak_frac=0.076
  stage penal=3 beta=8: cooling=-5.105 grey=0.066 leak_frac=0.031
  prune: rho_cut=0.40 -> flow-capable main comp 251 edges  port_share=1.000  coverage 32/32
  prune: blocks covered 32/32
  round 0: edges=251 blocks=32/32 cooling=-5.171 block_min/mean=0.659
  prune: unused-channel removal -> 248 edges
  prune: blocks covered 32/32
  round 1: edges=248 blocks=32/32 cooling=-5.143 block_min/mean=0.658
  prune: unused-channel removal -> 248 edges
  prune: blocks covered 32/32
pipeline 126s
  [raw   ] cooling=-4.980  blocks_covered=32  block_cv=0.168  block_min_over_mean=0.787  log_diss=3.508  grey=0.066  eff_ports_in=4.610  eff_ports_out=3.059  leak_flow_frac=0.031
  [raw   ] mass_check {'resid_max': 2.9491911751706885e-09, 'leak_inactive': 1.1076669025143877}
  [pruned] cooling=-5.143  blocks_covered=32  block_cv=0.302  block_min_over_mean=0.658  log_diss=3.506  grey=0.000  eff_ports_in=4.832  eff_ports_out=3.298  leak_flow_frac=0.000
  [pruned] mass_check {'resid_max': 4.028980205017518e-09, 'leak_inactive': 0.0}
  connectivity {'connected': True, 'n_src_components': 1, 'n_snk_components': 1, 'n_kept_edges': 248}
