grid 18x29  nodes=522  edges=997  blocks=32  ports=29
gradient check (max rel err) = 9.69e-07
  stage penal=1 beta=4: cooling=-5.042 grey=0.094 leak_frac=0.481
  stage penal=2 beta=6: cooling=-4.893 grey=0.091 leak_frac=0.239
  stage penal=3 beta=8: cooling=-4.855 grey=0.084 leak_frac=0.136
  prune: rho_cut=0.50  kept=215 -> main comp 158 edges  port_share=0.850
  prune: dead-branch removal -> 109 edges, blocks covered 13/32
  round 0: edges=109 blocks=13/32 cooling=-4.148 block_min/mean=0.752
  prune: rho_cut=0.50  kept=109 -> main comp 109 edges  port_share=1.000
  prune: dead-branch removal -> 109 edges, blocks covered 13/32
pipeline done in 171s
gradient check (masked)      = 0.00e+00

--- raw SIMP solution (before prune; v1 相当) ---
  cooling              -4.7478
  log_diss             5.0091
  n_on                 215
  grey                 0.0843
  w_mean               0.6830
  w_std                0.0720
  phi_out              0.2622
  heat_in_block        0.5752
  eff_ports_in         1.3411
  eff_ports_out        2.4729
  block_min            0.0095
  block_max            0.0198
  block_cv             0.1571
  block_min_over_mean  0.7125
  blocks_covered       32
  mass_resid_max       0.0000
  leak_flow_frac       0.1357
  leak_flow_masked     nan
  mass_check           {'resid_max': 1.8517959682329277e-07, 'leak_inactive': 6.702849775141033}
  connectivity         {'connected': False, 'n_src_components': 2, 'n_snk_components': 1, 'n_kept_edges': 215}

--- pruned + re-optimised solution (v2) ---
  cooling              -4.1478
  log_diss             5.0170
  n_on                 109
  grey                 0.0000
  w_mean               0.7266
  w_std                0.0544
  phi_out              0.3858
  heat_in_block        0.4719
  eff_ports_in         1.0000
  eff_ports_out        1.8415
  block_min            0.0168
  block_max            0.0294
  block_cv             0.1544
  block_min_over_mean  0.7521
  blocks_covered       13
  mass_resid_max       0.0000
  leak_flow_frac       0.0000
  leak_flow_masked     0.0000
  mass_check           {'resid_max': 5.370530187231992e-09, 'leak_inactive': 0.0}
  connectivity         {'connected': True, 'n_src_components': 1, 'n_snk_components': 1, 'n_kept_edges': 109}

P0 checks passed: connected, zero leak on inactive edges, mass conserved.
saved: /home/user/ykep-cae/experiments/coldplate/output/coldplate_v2.png
saved: /home/user/ykep-cae/experiments/coldplate/output/coldplate_v2_result.npz
