blocks 11x16  cells 44x64  h=1.25mm  dp_ref(all-open)=16.18Pa  T_ref=3.828K

=== all-open ===
  dp=16.18  T_peak=41.43  T_block_mean=39.6  T_block_std=1.419  T_block_min=37.78  T_fluid_out=3.828  heat_balance_rel=2.165e-13  solidity_mean=0

=== gamma=0.01 ===
    it=  0 J=5.7335 J_t=2.5418 dp=5163.58Pa T_peak=6.44K T_std=1.059K
    it=100 J=1.9062 J_t=1.8090 dp=157.38Pa T_peak=5.97K T_std=0.130K
    it=200 J=1.8868 J_t=1.8015 dp=137.95Pa T_peak=5.92K T_std=0.125K
    it=300 J=1.8684 J_t=1.7905 dp=126.11Pa T_peak=5.90K T_std=0.114K
    it=400 J=1.8590 J_t=1.7839 dp=121.42Pa T_peak=5.86K T_std=0.113K
    it=500 J=1.8551 J_t=1.7818 dp=118.72Pa T_peak=5.87K T_std=0.110K
    it=599 J=1.8530 J_t=1.7805 dp=117.30Pa T_peak=5.85K T_std=0.108K
  optimize 37s
  dp=117.3  T_peak=5.85  T_block_mean=5.735  T_block_std=0.1076  T_block_min=5.614  T_fluid_out=3.828  heat_balance_rel=7.105e-16  solidity_mean=0.2504

=== gamma=0.1 ===
    it=  0 J=34.4591 J_t=2.5418 dp=5163.58Pa T_peak=6.44K T_std=1.059K
    it=100 J=2.4080 J_t=1.9315 dp=77.07Pa T_peak=6.44K T_std=0.133K
    it=200 J=2.2944 J_t=1.9255 dp=59.69Pa T_peak=6.41K T_std=0.125K
    it=300 J=2.2393 J_t=1.9153 dp=52.42Pa T_peak=6.37K T_std=0.123K
    it=400 J=2.2061 J_t=1.9052 dp=48.67Pa T_peak=6.33K T_std=0.120K
    it=500 J=2.1873 J_t=1.9016 dp=46.22Pa T_peak=6.32K T_std=0.116K
    it=599 J=2.1753 J_t=1.8999 dp=44.55Pa T_peak=6.32K T_std=0.113K
  optimize 37s
  dp=44.54  T_peak=6.318  T_block_mean=6.188  T_block_std=0.1134  T_block_min=6.081  T_fluid_out=3.828  heat_balance_rel=0  solidity_mean=0.1284

=== gamma=1.0 ===
    it=  0 J=321.7153 J_t=2.5418 dp=5163.58Pa T_peak=6.44K T_std=1.059K
    it=100 J=6.2894 J_t=2.1749 dp=66.56Pa T_peak=6.91K T_std=0.517K
    it=200 J=5.0155 J_t=2.1173 dp=46.89Pa T_peak=7.15K T_std=0.237K
    it=300 J=4.5192 J_t=2.1533 dp=38.28Pa T_peak=7.33K T_std=0.145K
    it=400 J=4.2638 J_t=2.1803 dp=33.71Pa T_peak=7.42K T_std=0.114K
    it=500 J=4.1084 J_t=2.1951 dp=30.95Pa T_peak=7.46K T_std=0.104K
    it=599 J=4.0047 J_t=2.2028 dp=29.15Pa T_peak=7.47K T_std=0.101K
  optimize 70s
  dp=29.14  T_peak=7.469  T_block_mean=7.357  T_block_std=0.1008  T_block_min=7.26  T_fluid_out=3.828  heat_balance_rel=3.553e-15  solidity_mean=0.05975

=== gamma=10.0 ===
    it=  0 J=3194.2771 J_t=2.5418 dp=5163.58Pa T_peak=6.44K T_std=1.059K
    it=100 J=42.9466 J_t=2.5915 dp=65.29Pa T_peak=7.39K T_std=0.866K
    it=200 J=30.5452 J_t=2.5191 dp=45.34Pa T_peak=7.74K T_std=0.704K
    it=300 J=25.0285 J_t=2.4761 dp=36.49Pa T_peak=8.02K T_std=0.541K
    it=400 J=22.0046 J_t=2.4777 dp=31.59Pa T_peak=8.29K T_std=0.402K
    it=500 J=20.1357 J_t=2.5131 dp=28.51Pa T_peak=8.60K T_std=0.293K
    it=599 J=18.8995 J_t=2.5669 dp=26.42Pa T_peak=8.89K T_std=0.214K
  optimize 36s
  dp=26.41  T_peak=8.895  T_block_mean=8.63  T_block_std=0.2133  T_block_min=8.386  T_fluid_out=3.828  heat_balance_rel=1.599e-15  solidity_mean=0.04293

--- 比較 (2x4, Al t=3mm + 流路2mm, 水 5 g/s, 10 W/block) ---
  dp                 all-open=16.18  g=0.01=117.3  g=0.1=44.54  g=1.0=29.14  g=10.0=26.41
  T_peak             all-open=41.43  g=0.01=5.85  g=0.1=6.318  g=1.0=7.469  g=10.0=8.895
  T_block_mean       all-open=39.6  g=0.01=5.735  g=0.1=6.188  g=1.0=7.357  g=10.0=8.63
  T_block_std        all-open=1.419  g=0.01=0.1076  g=0.1=0.1134  g=1.0=0.1008  g=10.0=0.2133
  T_block_min        all-open=37.78  g=0.01=5.614  g=0.1=6.081  g=1.0=7.26  g=10.0=8.386
  T_fluid_out        all-open=3.828  g=0.01=3.828  g=0.1=3.828  g=1.0=3.828  g=10.0=3.828
  heat_balance_rel   all-open=2.165e-13  g=0.01=7.105e-16  g=0.1=0  g=1.0=3.553e-15  g=10.0=1.599e-15
  solidity_mean      all-open=0  g=0.01=0.2504  g=0.1=0.1284  g=1.0=0.05975  g=10.0=0.04293

saved: /home/user/ykep-cae/experiments/coldplate/output/coldplate_darcy.png
saved: /home/user/ykep-cae/experiments/coldplate/output/coldplate_darcy_result.npz
