2026-09-05 01:17:21,855 INFO ykep: ykep -j=examples/inp/cavity-nc-1.inp int -o=examples/inp/results
2026-09-05 01:17:21,881 INFO xkep_cae_fluid.inp.runner: ジョブ cavity-nc-1: Differentially heated cavity, Ra ~ 1e3 (de Vahl Davis) / 格子 12×12×3 (3D 要素) / ステップ 1
2026-09-05 01:17:21,885 INFO xkep_cae_fluid.inp.runner: ステップ Steady: *NAVIER STOKES → NaturalConvectionFDMProcess
2026-09-05 01:17:21,899 INFO xkep_cae_fluid.natural_convection.solver: SIMPLE iter 1: mass=0.00e+00, u=0.00e+00, v=0.00e+00, w=0.00e+00, p=0.00e+00, T=3.33e-02
2026-09-05 01:17:21,913 INFO xkep_cae_fluid.natural_convection.solver: SIMPLE iter 2: mass=2.56e-01, u=0.00e+00, v=1.00e+00, w=0.00e+00, p=1.51e+01, T=1.67e-02
2026-09-05 01:17:21,926 INFO xkep_cae_fluid.natural_convection.solver: SIMPLE iter 3: mass=4.39e-01, u=7.23e-01, v=9.98e-01, w=1.46e+00, p=1.49e+01, T=8.42e-03
2026-09-05 01:17:21,940 INFO xkep_cae_fluid.natural_convection.solver: SIMPLE iter 4: mass=5.24e-01, u=6.42e-01, v=9.74e-01, w=1.39e+00, p=1.26e+01, T=4.28e-03
2026-09-05 01:17:21,953 INFO xkep_cae_fluid.natural_convection.solver: SIMPLE iter 5: mass=5.43e-01, u=5.59e-01, v=9.25e-01, w=1.29e+00, p=1.04e+01, T=2.20e-03
2026-09-05 01:17:22,019 INFO xkep_cae_fluid.natural_convection.solver: SIMPLE iter 10: mass=4.38e-01, u=2.29e-01, v=5.05e-01, w=6.95e-01, p=3.91e+00, T=7.56e-04
2026-09-05 01:17:22,149 INFO xkep_cae_fluid.natural_convection.solver: SIMPLE iter 20: mass=3.47e-01, u=4.46e-02, v=1.20e-01, w=3.48e-01, p=1.07e+00, T=2.31e-04
2026-09-05 01:17:22,280 INFO xkep_cae_fluid.natural_convection.solver: SIMPLE iter 30: mass=1.96e-01, u=1.78e-02, v=4.27e-02, w=5.15e-01, p=4.49e-01, T=1.19e-04
2026-09-05 01:17:22,413 INFO xkep_cae_fluid.natural_convection.solver: SIMPLE iter 40: mass=1.13e-01, u=8.53e-03, v=1.95e-02, w=5.09e-01, p=2.29e-01, T=5.97e-05
2026-09-05 01:17:22,555 INFO xkep_cae_fluid.natural_convection.solver: SIMPLE iter 50: mass=6.69e-02, u=4.50e-03, v=9.62e-03, w=4.30e-01, p=1.24e-01, T=3.32e-05
2026-09-05 01:17:22,712 INFO xkep_cae_fluid.natural_convection.solver: SIMPLE iter 60: mass=4.01e-02, u=2.44e-03, v=5.00e-03, w=3.24e-01, p=6.93e-02, T=1.93e-05
2026-09-05 01:17:22,842 INFO xkep_cae_fluid.natural_convection.solver: SIMPLE iter 70: mass=2.42e-02, u=1.35e-03, v=2.70e-03, w=2.25e-01, p=3.99e-02, T=1.14e-05
2026-09-05 01:17:22,972 INFO xkep_cae_fluid.natural_convection.solver: SIMPLE iter 80: mass=1.47e-02, u=7.70e-04, v=1.50e-03, w=1.47e-01, p=2.34e-02, T=6.82e-06
2026-09-05 01:17:23,102 INFO xkep_cae_fluid.natural_convection.solver: SIMPLE iter 90: mass=8.89e-03, u=4.44e-04, v=8.47e-04, w=9.32e-02, p=1.38e-02, T=4.11e-06
2026-09-05 01:17:23,233 INFO xkep_cae_fluid.natural_convection.solver: SIMPLE iter 100: mass=5.40e-03, u=2.58e-04, v=4.87e-04, w=5.77e-02, p=8.22e-03, T=2.49e-06
2026-09-05 01:17:23,365 INFO xkep_cae_fluid.natural_convection.solver: SIMPLE iter 110: mass=3.28e-03, u=1.52e-04, v=2.84e-04, w=3.54e-02, p=4.91e-03, T=1.51e-06
2026-09-05 01:17:23,500 INFO xkep_cae_fluid.natural_convection.solver: SIMPLE iter 120: mass=1.99e-03, u=8.99e-05, v=1.60e-04, w=2.16e-02, p=2.91e-03, T=1.40e-06
2026-09-05 01:17:23,633 INFO xkep_cae_fluid.natural_convection.solver: SIMPLE iter 130: mass=1.21e-03, u=5.36e-05, v=9.40e-05, w=1.32e-02, p=1.75e-03, T=1.13e-06
2026-09-05 01:17:23,765 INFO xkep_cae_fluid.natural_convection.solver: SIMPLE iter 140: mass=7.32e-04, u=3.23e-05, v=5.70e-05, w=8.03e-03, p=1.06e-03, T=8.92e-07
2026-09-05 01:17:23,898 INFO xkep_cae_fluid.natural_convection.solver: SIMPLE iter 150: mass=4.44e-04, u=1.95e-05, v=3.10e-05, w=4.91e-03, p=6.26e-04, T=1.05e-06
2026-09-05 01:17:24,030 INFO xkep_cae_fluid.natural_convection.solver: SIMPLE iter 160: mass=2.73e-04, u=1.19e-05, v=2.04e-05, w=3.00e-03, p=3.91e-04, T=7.50e-07
2026-09-05 01:17:24,161 INFO xkep_cae_fluid.natural_convection.solver: SIMPLE iter 170: mass=1.67e-04, u=7.26e-06, v=1.36e-05, w=1.84e-03, p=2.44e-04, T=6.69e-07
2026-09-05 01:17:24,291 INFO xkep_cae_fluid.natural_convection.solver: SIMPLE iter 180: mass=9.94e-05, u=4.37e-06, v=5.99e-06, w=1.12e-03, p=1.35e-04, T=9.31e-07
2026-09-05 01:17:24,423 INFO xkep_cae_fluid.natural_convection.solver: SIMPLE iter 190: mass=6.60e-05, u=2.80e-06, v=6.32e-06, w=6.97e-04, p=1.02e-04, T=5.86e-07
2026-09-05 01:17:24,554 INFO xkep_cae_fluid.natural_convection.solver: SIMPLE iter 200: mass=4.03e-05, u=1.72e-06, v=2.45e-06, w=4.30e-04, p=5.58e-05, T=6.77e-07
2026-09-05 01:17:24,685 INFO xkep_cae_fluid.natural_convection.solver: SIMPLE iter 210: mass=2.33e-05, u=1.02e-06, v=1.32e-06, w=2.62e-04, p=3.13e-05, T=7.32e-07
2026-09-05 01:17:24,815 INFO xkep_cae_fluid.natural_convection.solver: SIMPLE iter 220: mass=1.27e-05, u=1.05e-06, v=9.23e-07, w=1.46e-04, p=1.56e-05, T=7.68e-07
2026-09-05 01:17:24,893 INFO xkep_cae_fluid.natural_convection.solver: SIMPLE 収束: 226 反復, max_residual=9.78e-05
2026-09-05 01:17:24,897 INFO xkep_cae_fluid.inp.runner: ステップ Steady 完了: converged=True, 反復 226, 3.01 s → cavity-nc-1.npz, cavity-nc-1.vtk, cavity-nc-1.yaml
