===== flat r1 U=2.0 variant L_floor0.1 =====
[newton] it=0 |R|=1.2911e+02 (u=1.15e+02 v=0.00e+00 p=5.77e+01) cfl=0.5
[newton] it=1 |R|=8.0517e+02 rel=6.236e+00 (u=7.88e+02 v=1.44e+02 p=8.13e+01) cfl=0.0802 gmres=11 (gmres not converged)
[newton] it=2 |R|=5.1406e+02 rel=3.982e+00 (u=4.96e+02 v=1.33e+02 p=1.18e+01) cfl=0.126 gmres=3
[newton] it=3 |R|=4.5273e+02 rel=3.507e+00 (u=4.38e+02 v=1.13e+02 p=6.63e+00) cfl=0.143 gmres=3
[newton] it=4 |R|=4.3450e+02 rel=3.365e+00 (u=4.21e+02 v=1.07e+02 p=1.64e+01) cfl=0.149 gmres=4
[newton] it=5 |R|=4.5230e+02 rel=3.503e+00 (u=4.39e+02 v=1.03e+02 p=3.05e+01) cfl=0.143 gmres=4
[newton] it=6 |R|=4.0300e+02 rel=3.121e+00 (u=3.92e+02 v=9.15e+01 p=7.07e+00) cfl=0.16 gmres=4
[newton] it=7 |R|=3.6895e+02 rel=2.858e+00 (u=3.59e+02 v=8.52e+01 p=2.24e+00) cfl=0.175 gmres=4
[newton] it=8 |R|=3.3586e+02 rel=2.601e+00 (u=3.27e+02 v=7.86e+01 p=1.30e+00) cfl=0.192 gmres=4
[newton] it=9 |R|=3.0171e+02 rel=2.337e+00 (u=2.93e+02 v=7.14e+01 p=6.40e-01) cfl=0.214 gmres=3
[newton] it=10 |R|=2.6641e+02 rel=2.063e+00 (u=2.59e+02 v=6.39e+01 p=4.92e-01) cfl=0.242 gmres=4
[newton] it=11 |R|=2.2953e+02 rel=1.778e+00 (u=2.23e+02 v=5.63e+01 p=4.24e-01) cfl=0.281 gmres=3
[newton] it=12 |R|=1.9231e+02 rel=1.490e+00 (u=1.86e+02 v=4.91e+01 p=4.99e-01) cfl=0.336 gmres=3
[newton] it=13 |R|=1.5530e+02 rel=1.203e+00 (u=1.49e+02 v=4.26e+01 p=2.54e+00) cfl=0.416 gmres=4
[newton] it=14 |R|=1.1944e+02 rel=9.251e-01 (u=1.13e+02 v=3.74e+01 p=1.09e+00) cfl=0.54 gmres=4
[newton] it=15 |R|=8.6929e+01 rel=6.733e-01 (u=8.06e+01 v=3.27e+01 p=6.25e-01) cfl=0.743 gmres=4
[newton] it=16 |R|=6.0733e+01 rel=4.704e-01 (u=5.32e+01 v=2.93e+01 p=4.35e-01) cfl=1.06 gmres=5
[newton] it=17 |R|=4.2180e+01 rel=3.267e-01 (u=3.36e+01 v=2.55e+01 p=6.34e-01) cfl=1.53 gmres=6
[newton] it=18 |R|=3.0101e+01 rel=2.331e-01 (u=2.14e+01 v=2.10e+01 p=2.03e+00) cfl=2.14 gmres=5
[newton] it=19 |R|=2.2120e+01 rel=1.713e-01 (u=1.43e+01 v=1.67e+01 p=2.39e+00) cfl=2.92 gmres=7
[newton] it=20 |R|=1.9015e+01 rel=1.473e-01 (u=1.29e+01 v=1.34e+01 p=3.99e+00) cfl=3.39 gmres=6
[newton] it=21 |R|=1.8735e+01 rel=1.451e-01 (u=1.38e+01 v=1.24e+01 p=2.32e+00) cfl=3.45 gmres=7
[newton] it=22 |R|=1.1255e+01 rel=8.717e-02 (u=7.42e+00 v=8.43e+00 p=7.92e-01) cfl=5.74 gmres=5
[newton] it=23 |R|=8.2211e+00 rel=6.368e-02 (u=5.28e+00 v=6.29e+00 p=3.81e-01) cfl=7.85 gmres=7
[newton] it=24 |R|=6.5788e+00 rel=5.096e-02 (u=4.27e+00 v=4.98e+00 p=4.07e-01) cfl=9.81 gmres=6
[newton] it=25 |R|=5.4105e+00 rel=4.191e-02 (u=3.55e+00 v=4.08e+00 p=1.28e-01) cfl=11.9 gmres=7
[newton] it=26 |R|=4.5004e+00 rel=3.486e-02 (u=2.95e+00 v=3.39e+00 p=2.02e-01) cfl=14.3 gmres=6
[newton] it=27 |R|=3.7286e+00 rel=2.888e-02 (u=2.42e+00 v=2.83e+00 p=3.42e-02) cfl=17.3 gmres=8
[newton] it=28 |R|=3.0894e+00 rel=2.393e-02 (u=1.97e+00 v=2.37e+00 p=1.59e-01) cfl=20.9 gmres=5
[newton] it=29 |R|=2.5290e+00 rel=1.959e-02 (u=1.58e+00 v=1.97e+00 p=1.26e-02) cfl=25.5 gmres=6
[newton] it=30 |R|=2.0485e+00 rel=1.587e-02 (u=1.25e+00 v=1.62e+00 p=7.43e-03) cfl=31.5 gmres=6
[newton] it=31 |R|=1.6329e+00 rel=1.265e-02 (u=9.75e-01 v=1.31e+00 p=4.12e-03) cfl=39.5 gmres=6
[newton] it=32 |R|=1.2791e+00 rel=9.907e-03 (u=7.46e-01 v=1.04e+00 p=2.23e-03) cfl=50.5 gmres=5
[newton] it=33 |R|=9.8525e-01 rel=7.631e-03 (u=5.61e-01 v=8.10e-01 p=1.01e-03) cfl=65.5 gmres=5
[newton] it=34 |R|=7.4403e-01 rel=5.763e-03 (u=4.17e-01 v=6.16e-01 p=4.61e-04) cfl=86.8 gmres=6
[newton] it=35 |R|=5.5232e-01 rel=4.278e-03 (u=3.07e-01 v=4.59e-01 p=2.28e-04) cfl=117 gmres=6
[newton] it=36 |R|=4.0413e-01 rel=3.130e-03 (u=2.25e-01 v=3.36e-01 p=1.09e-04) cfl=160 gmres=7
[newton] it=37 |R|=2.9243e-01 rel=2.265e-03 (u=1.64e-01 v=2.42e-01 p=2.52e-03) cfl=221 gmres=7
[newton] it=38 |R|=2.0988e-01 rel=1.626e-03 (u=1.19e-01 v=1.73e-01 p=3.51e-05) cfl=308 gmres=7
[newton] it=39 |R|=1.4997e-01 rel=1.162e-03 (u=8.57e-02 v=1.23e-01 p=1.83e-05) cfl=430 gmres=8
[newton] it=40 |R|=1.0697e-01 rel=8.285e-04 (u=6.16e-02 v=8.75e-02 p=1.21e-05) cfl=603 gmres=8
[newton] it=41 |R|=7.6431e-02 rel=5.920e-04 (u=4.40e-02 v=6.25e-02 p=8.68e-06) cfl=845 gmres=8
[newton] it=42 |R|=5.4954e-02 rel=4.256e-04 (u=3.14e-02 v=4.51e-02 p=6.98e-06) cfl=1.17e+03 gmres=7
[newton] it=43 |R|=3.9859e-02 rel=3.087e-04 (u=2.25e-02 v=3.29e-02 p=5.36e-06) cfl=1.62e+03 gmres=7
[newton] it=44 |R|=2.9304e-02 rel=2.270e-04 (u=1.62e-02 v=2.44e-02 p=4.12e-06) cfl=2.2e+03 gmres=7
[newton] it=45 |R|=2.1890e-02 rel=1.695e-04 (u=1.18e-02 v=1.84e-02 p=3.20e-06) cfl=2.95e+03 gmres=7
[newton] it=46 |R|=1.6622e-02 rel=1.287e-04 (u=8.71e-03 v=1.42e-02 p=2.92e-06) cfl=3.88e+03 gmres=5
[newton] it=47 |R|=1.2813e-02 rel=9.924e-05 (u=6.55e-03 v=1.10e-02 p=2.04e-06) cfl=5.04e+03 gmres=7
[newton] it=48 |R|=9.9947e-03 rel=7.741e-05 (u=5.01e-03 v=8.65e-03 p=1.60e-06) cfl=6.46e+03 gmres=7
[newton] it=49 |R|=7.8578e-03 rel=6.086e-05 (u=3.88e-03 v=6.83e-03 p=1.25e-06) cfl=8.22e+03 gmres=7
[newton] it=50 |R|=6.2019e-03 rel=4.804e-05 (u=3.03e-03 v=5.41e-03 p=9.66e-07) cfl=1.04e+04 gmres=7
[newton] it=51 |R|=4.8970e-03 rel=3.793e-05 (u=2.38e-03 v=4.28e-03 p=7.31e-07) cfl=1.32e+04 gmres=7
[newton] it=52 |R|=3.8576e-03 rel=2.988e-05 (u=1.87e-03 v=3.37e-03 p=5.38e-07) cfl=1.67e+04 gmres=7
[newton] it=53 |R|=3.0255e-03 rel=2.343e-05 (u=1.47e-03 v=2.65e-03 p=4.03e-07) cfl=2.13e+04 gmres=7
[newton] it=54 |R|=2.3591e-03 rel=1.827e-05 (u=1.15e-03 v=2.06e-03 p=3.24e-07) cfl=2.74e+04 gmres=8
[newton] it=55 |R|=1.8271e-03 rel=1.415e-05 (u=8.90e-04 v=1.60e-03 p=2.28e-07) cfl=3.53e+04 gmres=8
[newton] it=56 |R|=1.4046e-03 rel=1.088e-05 (u=6.87e-04 v=1.23e-03 p=1.65e-07) cfl=4.6e+04 gmres=8
[newton] it=57 |R|=1.0714e-03 rel=8.298e-06 (u=5.27e-04 v=9.33e-04 p=1.16e-07) cfl=6.03e+04 gmres=8
[newton] it=58 |R|=8.1051e-04 rel=6.278e-06 (u=4.02e-04 v=7.04e-04 p=8.24e-08) cfl=7.96e+04 gmres=8
[newton] it=59 |R|=6.0798e-04 rel=4.709e-06 (u=3.04e-04 v=5.27e-04 p=5.62e-08) cfl=1.06e+05 gmres=8
[newton] it=60 |R|=4.5206e-04 rel=3.501e-06 (u=2.28e-04 v=3.90e-04 p=3.98e-08) cfl=1.43e+05 gmres=8
[newton] it=61 |R|=3.3309e-04 rel=2.580e-06 (u=1.70e-04 v=2.86e-04 p=2.58e-08) cfl=1.94e+05 gmres=7
[newton] it=62 |R|=2.4314e-04 rel=1.883e-06 (u=1.26e-04 v=2.08e-04 p=1.78e-08) cfl=2.66e+05 gmres=7
[newton] it=63 |R|=1.7577e-04 rel=1.361e-06 (u=9.26e-05 v=1.49e-04 p=1.16e-08) cfl=3.67e+05 gmres=7
[newton] it=64 |R|=1.2582e-04 rel=9.745e-07 (u=6.75e-05 v=1.06e-04 p=7.81e-09) cfl=5.13e+05 gmres=7
[newton] done converged=True reason='' it=64 m_in=2.0000e+02 m_out=2.0000e+02 |R_steady|/|R0|=9.745e-07 elapsed=56.1s
--> L_floor0.1: {'converged': True, 'reason': '', 'n_newton': 64, 'rel_final': 9.745421172789628e-07, 'rel_min': 9.745421172789628e-07, 'first_step_ratio': 6.236302201589482, 'steady_residual_ratio': 9.745421172789628e-07, 'mass_in': 199.99999999999997, 'mass_out': 200.00000000004908, 'elapsed': 56.1297718980004}
===== flat r1 U=2.0 variant L_nofloor =====
[newton] it=0 |R|=1.2911e+02 (u=1.15e+02 v=0.00e+00 p=5.77e+01) cfl=0.5
[newton] it=1 |R|=6.5565e+03 rel=5.078e+01 (u=6.54e+03 v=3.00e+02 p=3.00e+02) cfl=0.05 gmres=7
[newton] it=2 |R|=2.6701e+03 rel=2.068e+01 (u=2.65e+03 v=2.95e+02 p=1.10e+01) cfl=0.1 gmres=2
[newton] it=3 |R|=2.9595e+03 rel=2.292e+01 (u=2.95e+03 v=2.86e+02 p=2.45e+01) cfl=0.0902 gmres=4
[newton] it=4 |R|=3.1912e+03 rel=2.472e+01 (u=3.17e+03 v=4.02e+02 p=3.15e+01) cfl=0.0837 gmres=5
[newton] it=5 |R|=3.8570e+03 rel=2.987e+01 (u=3.82e+03 v=5.15e+02 p=1.37e+02) cfl=0.0692 gmres=8
[newton] it=6 |R|=6.0994e+03 rel=4.724e+01 (u=6.02e+03 v=8.38e+02 p=5.04e+02) cfl=0.0438 gmres=9
[newton] it=7 |R|=3.6700e+03 rel=2.843e+01 (u=3.62e+03 v=5.78e+02 p=1.41e+01) cfl=0.0728 gmres=5
[newton] it=8 |R|=4.3675e+03 rel=3.383e+01 (u=4.33e+03 v=5.64e+02 p=1.05e+02) cfl=0.0611 gmres=5
[newton] it=9 |R|=6.9756e+03 rel=5.403e+01 (u=6.92e+03 v=8.10e+02 p=3.46e+02) cfl=0.0383 gmres=7
[newton] it=10 |R|=4.2683e+03 rel=3.306e+01 (u=4.21e+03 v=7.26e+02 p=5.27e+01) cfl=0.0626 gmres=3
[newton] it=11 |R|=4.1907e+03 rel=3.246e+01 (u=4.13e+03 v=6.95e+02 p=8.89e+01) cfl=0.0637 gmres=5
[newton] it=12 |R|=4.1567e+03 rel=3.220e+01 (u=4.11e+03 v=6.12e+02 p=5.44e+00) cfl=0.0642 gmres=4
[newton] it=13 |R|=4.1788e+03 rel=3.237e+01 (u=4.13e+03 v=6.37e+02 p=3.34e+01) cfl=0.0639 gmres=5
[newton] it=14 |R|=4.1321e+03 rel=3.200e+01 (u=4.09e+03 v=5.87e+02 p=4.60e+00) cfl=0.0646 gmres=4
[newton] it=15 |R|=4.1106e+03 rel=3.184e+01 (u=4.07e+03 v=5.94e+02 p=2.43e+00) cfl=0.065 gmres=5
[newton] it=16 |R|=4.0849e+03 rel=3.164e+01 (u=4.04e+03 v=6.14e+02 p=1.73e+01) cfl=0.0654 gmres=5
[newton] it=17 |R|=4.0410e+03 rel=3.130e+01 (u=3.99e+03 v=6.09e+02 p=3.77e+01) cfl=0.0661 gmres=5
[newton] it=18 |R|=3.9918e+03 rel=3.092e+01 (u=3.95e+03 v=5.91e+02 p=3.34e+01) cfl=0.0669 gmres=5
[newton] it=19 |R|=3.8678e+03 rel=2.996e+01 (u=3.83e+03 v=5.06e+02 p=8.45e+00) cfl=0.069 gmres=6
[newton] it=20 |R|=3.7432e+03 rel=2.899e+01 (u=3.71e+03 v=5.23e+02 p=4.02e+00) cfl=0.0713 gmres=5
[newton] it=21 |R|=3.6060e+03 rel=2.793e+01 (u=3.57e+03 v=5.31e+02 p=2.30e+00) cfl=0.074 gmres=4
[newton] it=22 |R|=3.4566e+03 rel=2.677e+01 (u=3.42e+03 v=5.29e+02 p=1.63e+00) cfl=0.0772 gmres=4
[newton] it=23 |R|=3.2966e+03 rel=2.553e+01 (u=3.25e+03 v=5.25e+02 p=9.45e+00) cfl=0.081 gmres=5
[newton] it=24 |R|=3.1291e+03 rel=2.424e+01 (u=3.09e+03 v=4.90e+02 p=1.24e+01) cfl=0.0853 gmres=6
[newton] it=25 |R|=2.9587e+03 rel=2.292e+01 (u=2.92e+03 v=4.99e+02 p=6.96e+00) cfl=0.0902 gmres=4
[newton] it=26 |R|=2.7969e+03 rel=2.166e+01 (u=2.75e+03 v=4.95e+02 p=1.53e+00) cfl=0.0955 gmres=5
[newton] it=27 |R|=2.6233e+03 rel=2.032e+01 (u=2.58e+03 v=4.76e+02 p=2.45e+00) cfl=0.102 gmres=6
[newton] it=28 |R|=2.4472e+03 rel=1.895e+01 (u=2.40e+03 v=4.55e+02 p=3.39e+00) cfl=0.109 gmres=6
[newton] it=29 |R|=2.2716e+03 rel=1.759e+01 (u=2.23e+03 v=4.27e+02 p=4.85e+01) cfl=0.118 gmres=5
[newton] it=30 |R|=2.1533e+03 rel=1.668e+01 (u=2.10e+03 v=4.66e+02 p=9.63e+00) cfl=0.124 gmres=5
[newton] it=31 |R|=1.9758e+03 rel=1.530e+01 (u=1.93e+03 v=4.16e+02 p=3.56e+00) cfl=0.135 gmres=8
[newton] it=32 |R|=1.8209e+03 rel=1.410e+01 (u=1.78e+03 v=3.90e+02 p=7.79e+00) cfl=0.147 gmres=5
[newton] it=33 |R|=1.6640e+03 rel=1.289e+01 (u=1.63e+03 v=3.58e+02 p=1.53e+01) cfl=0.16 gmres=5
[newton] it=34 |R|=1.5313e+03 rel=1.186e+01 (u=1.49e+03 v=3.42e+02 p=3.24e+00) cfl=0.174 gmres=5
[newton] it=35 |R|=1.3785e+03 rel=1.068e+01 (u=1.34e+03 v=3.02e+02 p=1.07e+01) cfl=0.194 gmres=8
[newton] it=36 |R|=1.2254e+03 rel=9.491e+00 (u=1.19e+03 v=2.78e+02 p=2.92e+00) cfl=0.218 gmres=5
[newton] it=37 |R|=1.0468e+03 rel=8.107e+00 (u=1.02e+03 v=2.44e+02 p=1.98e+00) cfl=0.255 gmres=4
[newton] it=38 |R|=8.7476e+02 rel=6.775e+00 (u=8.48e+02 v=2.16e+02 p=2.34e+00) cfl=0.305 gmres=5
[newton] it=39 |R|=7.3059e+02 rel=5.659e+00 (u=7.04e+02 v=1.94e+02 p=7.57e+00) cfl=0.365 gmres=5
[newton] it=40 |R|=5.9397e+02 rel=4.600e+00 (u=5.67e+02 v=1.78e+02 p=3.11e+00) cfl=0.45 gmres=5
[newton] it=41 |R|=4.8203e+02 rel=3.733e+00 (u=4.54e+02 v=1.62e+02 p=5.61e+00) cfl=0.554 gmres=5
[newton] it=42 |R|=3.9819e+02 rel=3.084e+00 (u=3.71e+02 v=1.40e+02 p=3.49e+01) cfl=0.671 gmres=6
[newton] it=43 |R|=2.9714e+02 rel=2.301e+00 (u=2.68e+02 v=1.26e+02 p=1.75e+01) cfl=0.899 gmres=6
[newton] it=44 |R|=2.2643e+02 rel=1.754e+00 (u=1.93e+02 v=1.14e+02 p=3.30e+01) cfl=1.18 gmres=7
[newton] it=45 |R|=1.7234e+02 rel=1.335e+00 (u=1.47e+02 v=9.06e+01 p=3.90e+00) cfl=1.55 gmres=7
[newton] it=46 |R|=1.3320e+02 rel=1.032e+00 (u=1.09e+02 v=7.62e+01 p=4.77e+00) cfl=2 gmres=6
[newton] it=47 |R|=9.8421e+01 rel=7.623e-01 (u=7.54e+01 v=6.32e+01 p=2.28e+00) cfl=2.71 gmres=8
[newton] it=48 |R|=7.6645e+01 rel=5.936e-01 (u=5.70e+01 v=5.11e+01 p=3.42e+00) cfl=3.48 gmres=7
[newton] it=49 |R|=5.9719e+01 rel=4.625e-01 (u=4.47e+01 v=3.95e+01 p=2.33e+00) cfl=4.47 gmres=8
[newton] it=50 |R|=4.6635e+01 rel=3.612e-01 (u=3.51e+01 v=3.06e+01 p=2.79e+00) cfl=5.73 gmres=8
[newton] it=51 |R|=3.7829e+01 rel=2.930e-01 (u=2.93e+01 v=2.38e+01 p=3.20e+00) cfl=7.06 gmres=8
[newton] it=52 |R|=3.1250e+01 rel=2.420e-01 (u=2.46e+01 v=1.90e+01 p=3.61e+00) cfl=8.54 gmres=8
[newton] it=53 |R|=2.5566e+01 rel=1.980e-01 (u=2.07e+01 v=1.48e+01 p=2.01e+00) cfl=10.4 gmres=8
[newton] it=54 |R|=2.1190e+01 rel=1.641e-01 (u=1.75e+01 v=1.18e+01 p=1.51e+00) cfl=12.6 gmres=8
[newton] it=55 |R|=1.7319e+01 rel=1.341e-01 (u=1.44e+01 v=9.45e+00 p=1.43e+00) cfl=15.4 gmres=8
[newton] it=56 |R|=1.4027e+01 rel=1.086e-01 (u=1.18e+01 v=7.61e+00 p=8.89e-01) cfl=19 gmres=9
[newton] it=57 |R|=1.1317e+01 rel=8.765e-02 (u=9.60e+00 v=5.97e+00 p=5.02e-01) cfl=23.6 gmres=8
[newton] it=58 |R|=9.0879e+00 rel=7.039e-02 (u=7.75e+00 v=4.75e+00 p=1.74e-01) cfl=29.4 gmres=8
[newton] it=59 |R|=7.3864e+00 rel=5.721e-02 (u=6.29e+00 v=3.88e+00 p=5.90e-02) cfl=36.1 gmres=7
[newton] it=60 |R|=6.0230e+00 rel=4.665e-02 (u=5.06e+00 v=3.27e+00 p=1.96e-02) cfl=44.3 gmres=7
[newton] it=61 |R|=4.9610e+00 rel=3.842e-02 (u=4.07e+00 v=2.84e+00 p=9.05e-03) cfl=53.8 gmres=6
[newton] it=62 |R|=4.0955e+00 rel=3.172e-02 (u=3.25e+00 v=2.50e+00 p=5.49e-03) cfl=65.2 gmres=6
[newton] it=63 |R|=3.3671e+00 rel=2.608e-02 (u=2.56e+00 v=2.19e+00 p=4.00e-03) cfl=79.3 gmres=6
[newton] it=64 |R|=2.7342e+00 rel=2.118e-02 (u=2.00e+00 v=1.87e+00 p=1.90e-03) cfl=97.7 gmres=6
[newton] it=65 |R|=2.1829e+00 rel=1.691e-02 (u=1.54e+00 v=1.55e+00 p=1.14e-03) cfl=122 gmres=5
[newton] it=66 |R|=1.7037e+00 rel=1.320e-02 (u=1.18e+00 v=1.23e+00 p=7.76e-04) cfl=157 gmres=5
[newton] it=67 |R|=1.2997e+00 rel=1.007e-02 (u=8.93e-01 v=9.44e-01 p=4.71e-04) cfl=205 gmres=5
[newton] it=68 |R|=9.6975e-01 rel=7.511e-03 (u=6.75e-01 v=6.97e-01 p=2.93e-04) cfl=275 gmres=5
[newton] it=69 |R|=7.1724e-01 rel=5.555e-03 (u=5.13e-01 v=5.01e-01 p=1.38e-04) cfl=372 gmres=6
[newton] it=70 |R|=5.2512e-01 rel=4.067e-03 (u=3.81e-01 v=3.62e-01 p=8.29e-05) cfl=508 gmres=6
[newton] it=71 |R|=3.8907e-01 rel=3.013e-03 (u=2.83e-01 v=2.67e-01 p=5.07e-05) cfl=686 gmres=6
[newton] it=72 |R|=2.9236e-01 rel=2.264e-03 (u=2.09e-01 v=2.04e-01 p=3.03e-05) cfl=913 gmres=8
[newton] it=73 |R|=2.2277e-01 rel=1.725e-03 (u=1.55e-01 v=1.60e-01 p=2.67e-05) cfl=1.2e+03 gmres=8
[newton] it=74 |R|=1.7164e-01 rel=1.329e-03 (u=1.16e-01 v=1.26e-01 p=2.94e-04) cfl=1.56e+03 gmres=8
[newton] it=75 |R|=1.3426e-01 rel=1.040e-03 (u=8.87e-02 v=1.01e-01 p=7.02e-06) cfl=1.99e+03 gmres=8
[newton] it=76 |R|=1.0760e-01 rel=8.334e-04 (u=6.87e-02 v=8.28e-02 p=4.96e-06) cfl=2.48e+03 gmres=8
[newton] it=77 |R|=8.8807e-02 rel=6.878e-04 (u=5.40e-02 v=7.05e-02 p=1.07e-05) cfl=3.01e+03 gmres=7
[newton] it=78 |R|=7.5041e-02 rel=5.812e-04 (u=4.28e-02 v=6.16e-02 p=5.83e-06) cfl=3.56e+03 gmres=7
[newton] it=79 |R|=6.3974e-02 rel=4.955e-04 (u=3.40e-02 v=5.42e-02 p=3.73e-06) cfl=4.17e+03 gmres=7
[newton] it=80 |R|=5.4213e-02 rel=4.199e-04 (u=2.68e-02 v=4.71e-02 p=2.98e-06) cfl=4.93e+03 gmres=7
[newton] done converged=False reason='max_iter' it=80 m_in=2.0000e+02 m_out=2.0000e+02 |R_steady|/|R0|=4.199e-04 elapsed=70.7s
--> L_nofloor: {'converged': False, 'reason': 'max_iter', 'n_newton': 80, 'rel_final': 0.00041990068080174323, 'rel_min': 0.00041990068080174323, 'first_step_ratio': 50.781868463006376, 'steady_residual_ratio': 0.00041990068080174323, 'mass_in': 199.99999999999997, 'mass_out': 199.99999999958953, 'elapsed': 70.66153683999983}
===== flat r1 U=2.0 variant L_rc_floor0.1 =====
[newton] it=0 |R|=1.2911e+02 (u=1.15e+02 v=0.00e+00 p=5.77e+01) cfl=0.5
[newton] it=1 |R|=6.2724e+02 rel=4.858e+00 (u=6.12e+02 v=1.27e+02 p=5.33e+01) cfl=0.103 gmres=11 (gmres not converged)
[newton] it=2 |R|=7.0712e+02 rel=5.477e+00 (u=6.68e+02 v=2.31e+02 p=8.48e-01) cfl=0.0971 gmres=3
[newton] it=3 |R|=6.2882e+02 rel=4.870e+00 (u=6.01e+02 v=1.85e+02 p=8.86e-02) cfl=0.111 gmres=3
[newton] it=4 |R|=5.2476e+02 rel=4.064e+00 (u=5.06e+02 v=1.41e+02 p=9.32e-02) cfl=0.131 gmres=3
[newton] it=5 |R|=4.6127e+02 rel=3.573e+00 (u=4.45e+02 v=1.21e+02 p=6.36e-02) cfl=0.148 gmres=3
[newton] it=6 |R|=4.0295e+02 rel=3.121e+00 (u=3.90e+02 v=1.02e+02 p=5.59e-02) cfl=0.17 gmres=3
[newton] it=7 |R|=3.4246e+02 rel=2.652e+00 (u=3.32e+02 v=8.50e+01 p=6.19e-02) cfl=0.199 gmres=3
[newton] it=8 |R|=2.8197e+02 rel=2.184e+00 (u=2.73e+02 v=7.13e+01 p=6.17e-02) cfl=0.239 gmres=3
[newton] it=9 |R|=2.2456e+02 rel=1.739e+00 (u=2.16e+02 v=6.17e+01 p=6.88e-02) cfl=0.296 gmres=3
[newton] it=10 |R|=1.7215e+02 rel=1.333e+00 (u=1.63e+02 v=5.50e+01 p=5.32e-02) cfl=0.379 gmres=3
[newton] it=11 |R|=1.2698e+02 rel=9.835e-01 (u=1.17e+02 v=4.98e+01 p=6.83e-02) cfl=0.503 gmres=3
[newton] it=12 |R|=9.0416e+01 rel=7.003e-01 (u=7.88e+01 v=4.43e+01 p=1.56e-01) cfl=0.693 gmres=4
[newton] it=13 |R|=6.3646e+01 rel=4.930e-01 (u=5.17e+01 v=3.71e+01 p=5.90e-01) cfl=0.97 gmres=6
[newton] it=14 |R|=4.5425e+01 rel=3.518e-01 (u=3.38e+01 v=3.04e+01 p=5.46e-01) cfl=1.35 gmres=6
[newton] it=15 |R|=3.3433e+01 rel=2.589e-01 (u=2.27e+01 v=2.45e+01 p=1.86e-01) cfl=1.82 gmres=5
[newton] it=16 |R|=2.5313e+01 rel=1.961e-01 (u=1.64e+01 v=1.93e+01 p=4.32e-01) cfl=2.4 gmres=6
[newton] it=17 |R|=1.9265e+01 rel=1.492e-01 (u=1.22e+01 v=1.49e+01 p=5.90e-01) cfl=3.15 gmres=6
[newton] it=18 |R|=1.4738e+01 rel=1.142e-01 (u=9.23e+00 v=1.15e+01 p=4.64e-01) cfl=4.12 gmres=7
[newton] it=19 |R|=1.1497e+01 rel=8.905e-02 (u=7.28e+00 v=8.89e+00 p=3.28e-01) cfl=5.28 gmres=7
[newton] it=20 |R|=9.1593e+00 rel=7.094e-02 (u=5.88e+00 v=7.00e+00 p=5.92e-01) cfl=6.64 gmres=7
[newton] it=21 |R|=7.4551e+00 rel=5.774e-02 (u=4.86e+00 v=5.64e+00 p=3.40e-01) cfl=8.16 gmres=7
[newton] it=22 |R|=6.1734e+00 rel=4.782e-02 (u=4.06e+00 v=4.63e+00 p=3.90e-01) cfl=9.86 gmres=6
[newton] it=23 |R|=5.1276e+00 rel=3.971e-02 (u=3.39e+00 v=3.85e+00 p=8.80e-02) cfl=11.9 gmres=7
[newton] it=24 |R|=4.2748e+00 rel=3.311e-02 (u=2.81e+00 v=3.22e+00 p=5.59e-02) cfl=14.3 gmres=8
[newton] it=25 |R|=3.5427e+00 rel=2.744e-02 (u=2.30e+00 v=2.70e+00 p=3.06e-02) cfl=17.3 gmres=5
[newton] it=26 |R|=2.9203e+00 rel=2.262e-02 (u=1.86e+00 v=2.25e+00 p=5.79e-02) cfl=21 gmres=5
[newton] it=27 |R|=2.3808e+00 rel=1.844e-02 (u=1.48e+00 v=1.86e+00 p=1.05e-02) cfl=25.9 gmres=6
[newton] it=28 |R|=1.9149e+00 rel=1.483e-02 (u=1.17e+00 v=1.52e+00 p=6.39e-03) cfl=32.3 gmres=6
[newton] it=29 |R|=1.5139e+00 rel=1.173e-02 (u=9.01e-01 v=1.22e+00 p=3.45e-03) cfl=41 gmres=8
[newton] it=30 |R|=1.1760e+00 rel=9.108e-03 (u=6.84e-01 v=9.56e-01 p=1.79e-03) cfl=53.1 gmres=5
[newton] it=31 |R|=8.9663e-01 rel=6.945e-03 (u=5.11e-01 v=7.37e-01 p=8.03e-04) cfl=70 gmres=6
[newton] it=32 |R|=6.6930e-01 rel=5.184e-03 (u=3.77e-01 v=5.53e-01 p=3.76e-04) cfl=94.5 gmres=6
[newton] it=33 |R|=4.9139e-01 rel=3.806e-03 (u=2.76e-01 v=4.06e-01 p=1.78e-04) cfl=130 gmres=10
[newton] it=34 |R|=3.5611e-01 rel=2.758e-03 (u=2.01e-01 v=2.94e-01 p=1.59e-04) cfl=181 gmres=8
[newton] it=35 |R|=2.5509e-01 rel=1.976e-03 (u=1.46e-01 v=2.09e-01 p=5.14e-05) cfl=254 gmres=8
[newton] it=36 |R|=1.8165e-01 rel=1.407e-03 (u=1.05e-01 v=1.48e-01 p=2.71e-05) cfl=360 gmres=8
[newton] it=37 |R|=1.2898e-01 rel=9.990e-04 (u=7.58e-02 v=1.04e-01 p=1.59e-05) cfl=512 gmres=8
[newton] it=38 |R|=9.1600e-02 rel=7.095e-04 (u=5.43e-02 v=7.38e-02 p=9.98e-06) cfl=727 gmres=8
[newton] it=39 |R|=6.5286e-02 rel=5.057e-04 (u=3.88e-02 v=5.25e-02 p=6.89e-06) cfl=1.03e+03 gmres=8
[newton] it=40 |R|=4.6818e-02 rel=3.626e-04 (u=2.76e-02 v=3.78e-02 p=5.20e-06) cfl=1.45e+03 gmres=7
[newton] it=41 |R|=3.3900e-02 rel=2.626e-04 (u=1.97e-02 v=2.76e-02 p=4.00e-06) cfl=2.01e+03 gmres=7
[newton] it=42 |R|=2.4853e-02 rel=1.925e-04 (u=1.41e-02 v=2.05e-02 p=3.24e-06) cfl=2.76e+03 gmres=7
[newton] it=43 |R|=1.8484e-02 rel=1.432e-04 (u=1.02e-02 v=1.54e-02 p=2.69e-06) cfl=3.74e+03 gmres=7
[newton] it=44 |R|=1.3958e-02 rel=1.081e-04 (u=7.48e-03 v=1.18e-02 p=2.27e-06) cfl=4.98e+03 gmres=5
[newton] it=45 |R|=1.0697e-02 rel=8.285e-05 (u=5.59e-03 v=9.12e-03 p=1.68e-06) cfl=6.53e+03 gmres=7
[newton] it=46 |R|=8.3053e-03 rel=6.433e-05 (u=4.24e-03 v=7.14e-03 p=1.33e-06) cfl=8.44e+03 gmres=7
[newton] it=47 |R|=6.5152e-03 rel=5.046e-05 (u=3.28e-03 v=5.63e-03 p=1.04e-06) cfl=1.08e+04 gmres=7
[newton] it=48 |R|=5.1478e-03 rel=3.987e-05 (u=2.56e-03 v=4.47e-03 p=8.12e-07) cfl=1.37e+04 gmres=7
[newton] it=49 |R|=4.0836e-03 rel=3.163e-05 (u=2.01e-03 v=3.55e-03 p=6.30e-07) cfl=1.73e+04 gmres=7
[newton] it=50 |R|=3.2426e-03 rel=2.512e-05 (u=1.59e-03 v=2.83e-03 p=4.65e-07) cfl=2.19e+04 gmres=7
[newton] it=51 |R|=2.5707e-03 rel=1.991e-05 (u=1.26e-03 v=2.24e-03 p=3.51e-07) cfl=2.77e+04 gmres=7
[newton] it=52 |R|=2.0304e-03 rel=1.573e-05 (u=9.90e-04 v=1.77e-03 p=2.76e-07) cfl=3.52e+04 gmres=8
[newton] it=53 |R|=1.5950e-03 rel=1.235e-05 (u=7.76e-04 v=1.39e-03 p=2.01e-07) cfl=4.49e+04 gmres=8
[newton] it=54 |R|=1.2446e-03 rel=9.640e-06 (u=6.05e-04 v=1.09e-03 p=1.49e-07) cfl=5.76e+04 gmres=8
[newton] it=55 |R|=9.6366e-04 rel=7.464e-06 (u=4.69e-04 v=8.42e-04 p=1.08e-07) cfl=7.46e+04 gmres=8
[newton] it=56 |R|=7.3985e-04 rel=5.730e-06 (u=3.61e-04 v=6.46e-04 p=7.81e-08) cfl=9.74e+04 gmres=8
[newton] it=57 |R|=5.6290e-04 rel=4.360e-06 (u=2.76e-04 v=4.91e-04 p=5.71e-08) cfl=1.28e+05 gmres=8
[newton] it=58 |R|=4.2422e-04 rel=3.286e-06 (u=2.09e-04 v=3.69e-04 p=3.83e-08) cfl=1.71e+05 gmres=8
[newton] it=59 |R|=3.1658e-04 rel=2.452e-06 (u=1.57e-04 v=2.75e-04 p=3.15e-08) cfl=2.29e+05 gmres=7
[newton] it=60 |R|=2.3388e-04 rel=1.812e-06 (u=1.17e-04 v=2.02e-04 p=2.30e-08) cfl=3.11e+05 gmres=7
[newton] it=61 |R|=1.7104e-04 rel=1.325e-06 (u=8.70e-05 v=1.47e-04 p=1.85e-08) cfl=4.27e+05 gmres=7
[newton] it=62 |R|=1.2380e-04 rel=9.589e-07 (u=6.41e-05 v=1.06e-04 p=1.46e-08) cfl=5.91e+05 gmres=7
[newton] done converged=True reason='' it=62 m_in=2.0000e+02 m_out=2.0000e+02 |R_steady|/|R0|=9.976e-07 elapsed=58.0s
--> L_rc_floor0.1: {'converged': True, 'reason': '', 'n_newton': 62, 'rel_final': 9.588962796449792e-07, 'rel_min': 9.588962796449792e-07, 'first_step_ratio': 4.858142994426007, 'steady_residual_ratio': 9.97587807594966e-07, 'mass_in': 199.99999999999997, 'mass_out': 199.99999999998326, 'elapsed': 57.978488332999405}
===== flat r1 U=2.0 variant L_rc_nofloor =====
[newton] it=0 |R|=1.2911e+02 (u=1.15e+02 v=0.00e+00 p=5.77e+01) cfl=0.5
[newton] it=1 |R|=6.5563e+03 rel=5.078e+01 (u=6.54e+03 v=3.00e+02 p=3.00e+02) cfl=0.05 gmres=1
[newton] it=2 |R|=1.9840e+04 rel=1.537e+02 (u=1.88e+04 v=6.33e+03 p=1.63e+01) cfl=0.0174 gmres=2
[newton] it=3 |R|=4.5467e+04 rel=3.522e+02 (u=4.29e+04 v=1.50e+04 p=6.06e-01) cfl=0.00779 gmres=2
[newton] it=4 |R|=7.7874e+04 rel=6.032e+02 (u=7.37e+04 v=2.52e+04 p=1.32e-01) cfl=0.00459 gmres=1
[newton] it=5 |R|=1.0964e+05 rel=8.492e+02 (u=1.04e+05 v=3.56e+04 p=1.41e-01) cfl=0.00328 gmres=1
[newton] it=6 |R|=1.2874e+05 rel=9.971e+02 (u=1.22e+05 v=4.22e+04 p=2.97e-01) cfl=0.0028 gmres=2
[newton] it=7 |R|=1.1244e+05 rel=8.709e+02 (u=1.02e+05 v=4.68e+04 p=8.76e-02) cfl=0.0032 gmres=2
[newton] it=8 |R|=7.1264e+04 rel=5.520e+02 (u=6.69e+04 v=2.46e+04 p=3.85e-02) cfl=0.00505 gmres=1
[newton] it=9 |R|=4.0371e+04 rel=3.127e+02 (u=3.69e+04 v=1.65e+04 p=9.08e-01) cfl=0.0089 gmres=2
[newton] it=10 |R|=2.0647e+04 rel=1.599e+02 (u=1.93e+04 v=7.39e+03 p=5.25e-02) cfl=0.0173 gmres=1
[newton] it=11 |R|=1.0495e+04 rel=8.129e+01 (u=9.94e+03 v=3.38e+03 p=1.04e-01) cfl=0.034 gmres=1
[newton] it=12 |R|=5.9366e+03 rel=4.598e+01 (u=5.72e+03 v=1.60e+03 p=2.24e-01) cfl=0.0594 gmres=2
[newton] it=13 |R|=4.1816e+03 rel=3.239e+01 (u=4.04e+03 v=1.06e+03 p=5.04e-01) cfl=0.0832 gmres=2
[newton] it=14 |R|=3.5394e+03 rel=2.741e+01 (u=3.41e+03 v=9.32e+02 p=5.00e-01) cfl=0.0971 gmres=2
[newton] it=15 |R|=3.2341e+03 rel=2.505e+01 (u=3.11e+03 v=8.71e+02 p=1.88e-01) cfl=0.105 gmres=2
[newton] it=16 |R|=3.0229e+03 rel=2.341e+01 (u=2.91e+03 v=8.08e+02 p=1.86e-01) cfl=0.112 gmres=3
[newton] it=17 |R|=2.8547e+03 rel=2.211e+01 (u=2.75e+03 v=7.51e+02 p=2.52e-01) cfl=0.118 gmres=3
[newton] it=18 |R|=2.6933e+03 rel=2.086e+01 (u=2.60e+03 v=6.88e+02 p=3.07e-01) cfl=0.124 gmres=3
[newton] it=19 |R|=2.5331e+03 rel=1.962e+01 (u=2.45e+03 v=6.32e+02 p=1.31e-01) cfl=0.131 gmres=3
[newton] it=20 |R|=2.3723e+03 rel=1.837e+01 (u=2.30e+03 v=5.89e+02 p=1.01e-01) cfl=0.139 gmres=3
[newton] it=21 |R|=2.2121e+03 rel=1.713e+01 (u=2.14e+03 v=5.57e+02 p=1.10e-01) cfl=0.148 gmres=3
[newton] it=22 |R|=2.0417e+03 rel=1.581e+01 (u=1.97e+03 v=5.32e+02 p=1.94e-01) cfl=0.158 gmres=3
[newton] it=23 |R|=1.8667e+03 rel=1.446e+01 (u=1.80e+03 v=4.97e+02 p=5.42e-01) cfl=0.171 gmres=3
[newton] it=24 |R|=1.6838e+03 rel=1.304e+01 (u=1.62e+03 v=4.62e+02 p=8.50e-01) cfl=0.188 gmres=3
[newton] it=25 |R|=1.5000e+03 rel=1.162e+01 (u=1.44e+03 v=4.31e+02 p=3.97e-01) cfl=0.209 gmres=3
[newton] it=26 |R|=1.3147e+03 rel=1.018e+01 (u=1.25e+03 v=4.12e+02 p=1.40e+00) cfl=0.234 gmres=3
[newton] it=27 |R|=1.1260e+03 rel=8.721e+00 (u=1.05e+03 v=3.97e+02 p=2.90e+00) cfl=0.265 gmres=3
[newton] it=28 |R|=9.5111e+02 rel=7.367e+00 (u=8.84e+02 v=3.50e+02 p=4.09e+00) cfl=0.312 gmres=3
[newton] it=29 |R|=7.6129e+02 rel=5.896e+00 (u=7.04e+02 v=2.90e+02 p=6.49e-01) cfl=0.382 gmres=3
[newton] it=30 |R|=5.9131e+02 rel=4.580e+00 (u=5.40e+02 v=2.41e+02 p=1.31e+00) cfl=0.476 gmres=5
[newton] it=31 |R|=4.3563e+02 rel=3.374e+00 (u=3.88e+02 v=1.99e+02 p=1.65e+00) cfl=0.609 gmres=4
[newton] it=32 |R|=3.0935e+02 rel=2.396e+00 (u=2.71e+02 v=1.49e+02 p=9.01e-01) cfl=0.854 gmres=5
[newton] it=33 |R|=2.0948e+02 rel=1.623e+00 (u=1.77e+02 v=1.11e+02 p=1.75e+00) cfl=1.25 gmres=6
[newton] it=34 |R|=1.3856e+02 rel=1.073e+00 (u=1.11e+02 v=8.28e+01 p=2.06e+00) cfl=1.86 gmres=7
[newton] it=35 |R|=9.8978e+01 rel=7.666e-01 (u=7.66e+01 v=6.26e+01 p=2.29e+00) cfl=2.58 gmres=7
[newton] it=36 |R|=7.9694e+01 rel=6.173e-01 (u=5.83e+01 v=5.24e+01 p=1.43e+01) cfl=3.19 gmres=8
[newton] it=37 |R|=5.9823e+01 rel=4.633e-01 (u=4.40e+01 v=4.03e+01 p=4.98e+00) cfl=4.24 gmres=10
[newton] it=38 |R|=4.6210e+01 rel=3.579e-01 (u=3.47e+01 v=3.03e+01 p=3.97e+00) cfl=5.48 gmres=7
[newton] it=39 |R|=3.8696e+01 rel=2.997e-01 (u=2.88e+01 v=2.49e+01 p=6.95e+00) cfl=6.54 gmres=8
[newton] it=40 |R|=3.0786e+01 rel=2.385e-01 (u=2.28e+01 v=2.02e+01 p=4.78e+00) cfl=8.23 gmres=9
[newton] it=41 |R|=2.3816e+01 rel=1.845e-01 (u=1.77e+01 v=1.56e+01 p=3.28e+00) cfl=10.9 gmres=8
[newton] it=42 |R|=1.8887e+01 rel=1.463e-01 (u=1.39e+01 v=1.24e+01 p=3.12e+00) cfl=13.7 gmres=9
[newton] it=43 |R|=1.4403e+01 rel=1.116e-01 (u=1.09e+01 v=9.29e+00 p=1.44e+00) cfl=18 gmres=7
[newton] it=44 |R|=1.0912e+01 rel=8.451e-02 (u=8.54e+00 v=6.75e+00 p=6.70e-01) cfl=23.8 gmres=8
[newton] it=45 |R|=8.1902e+00 rel=6.344e-02 (u=6.59e+00 v=4.86e+00 p=3.21e-01) cfl=31.7 gmres=7
[newton] it=46 |R|=6.1330e+00 rel=4.750e-02 (u=5.09e+00 v=3.42e+00 p=1.35e-01) cfl=42.4 gmres=7
[newton] it=47 |R|=4.6163e+00 rel=3.575e-02 (u=3.91e+00 v=2.46e+00 p=7.28e-02) cfl=56.3 gmres=6
[newton] it=48 |R|=3.5118e+00 rel=2.720e-02 (u=3.01e+00 v=1.81e+00 p=2.05e-02) cfl=74.1 gmres=6
[newton] it=49 |R|=2.7135e+00 rel=2.102e-02 (u=2.32e+00 v=1.41e+00 p=6.86e-03) cfl=95.9 gmres=6
[newton] it=50 |R|=2.1108e+00 rel=1.635e-02 (u=1.79e+00 v=1.12e+00 p=2.98e-03) cfl=123 gmres=6
[newton] it=51 |R|=1.6371e+00 rel=1.268e-02 (u=1.37e+00 v=8.97e-01 p=1.58e-03) cfl=159 gmres=5
[newton] it=52 |R|=1.2574e+00 rel=9.739e-03 (u=1.04e+00 v=7.03e-01 p=8.97e-04) cfl=207 gmres=7
[newton] it=53 |R|=9.5647e-01 rel=7.408e-03 (u=7.90e-01 v=5.39e-01 p=4.03e-04) cfl=272 gmres=7
[newton] it=54 |R|=7.2721e-01 rel=5.633e-03 (u=5.98e-01 v=4.14e-01 p=2.09e-04) cfl=358 gmres=11
[newton] it=55 |R|=5.5762e-01 rel=4.319e-03 (u=4.52e-01 v=3.27e-01 p=1.29e-04) cfl=466 gmres=7
[newton] it=56 |R|=4.3316e-01 rel=3.355e-03 (u=3.42e-01 v=2.66e-01 p=6.74e-05) cfl=600 gmres=7
[newton] it=57 |R|=3.3980e-01 rel=2.632e-03 (u=2.58e-01 v=2.21e-01 p=4.43e-05) cfl=765 gmres=6
[newton] it=58 |R|=2.6720e-01 rel=2.070e-03 (u=1.95e-01 v=1.83e-01 p=4.31e-05) cfl=973 gmres=6
[newton] it=59 |R|=2.0954e-01 rel=1.623e-03 (u=1.47e-01 v=1.49e-01 p=3.47e-05) cfl=1.24e+03 gmres=6
[newton] it=60 |R|=1.6376e-01 rel=1.268e-03 (u=1.12e-01 v=1.20e-01 p=1.95e-05) cfl=1.59e+03 gmres=5
[newton] it=61 |R|=1.2804e-01 rel=9.917e-04 (u=8.51e-02 v=9.57e-02 p=1.62e-05) cfl=2.03e+03 gmres=5
[newton] it=62 |R|=1.0084e-01 rel=7.810e-04 (u=6.54e-02 v=7.68e-02 p=1.51e-05) cfl=2.58e+03 gmres=7
[newton] it=63 |R|=8.0543e-02 rel=6.238e-04 (u=5.09e-02 v=6.24e-02 p=1.04e-05) cfl=3.23e+03 gmres=7
[newton] it=64 |R|=6.5484e-02 rel=5.072e-04 (u=4.01e-02 v=5.18e-02 p=8.08e-06) cfl=3.98e+03 gmres=8
[newton] it=65 |R|=5.4139e-02 rel=4.193e-04 (u=3.19e-02 v=4.38e-02 p=6.52e-06) cfl=4.81e+03 gmres=8
[newton] it=66 |R|=4.5282e-02 rel=3.507e-04 (u=2.56e-02 v=3.74e-02 p=4.74e-06) cfl=5.75e+03 gmres=8
[newton] it=67 |R|=3.8057e-02 rel=2.948e-04 (u=2.06e-02 v=3.20e-02 p=3.32e-06) cfl=6.85e+03 gmres=7
[newton] it=68 |R|=3.1926e-02 rel=2.473e-04 (u=1.65e-02 v=2.73e-02 p=2.48e-06) cfl=8.17e+03 gmres=7
[newton] it=69 |R|=2.6593e-02 rel=2.060e-04 (u=1.32e-02 v=2.31e-02 p=1.97e-06) cfl=9.8e+03 gmres=7
[newton] it=70 |R|=2.1907e-02 rel=1.697e-04 (u=1.05e-02 v=1.92e-02 p=1.45e-06) cfl=1.19e+04 gmres=7
[newton] it=71 |R|=1.7797e-02 rel=1.378e-04 (u=8.22e-03 v=1.58e-02 p=1.11e-06) cfl=1.47e+04 gmres=7
[newton] it=72 |R|=1.4229e-02 rel=1.102e-04 (u=6.39e-03 v=1.27e-02 p=8.41e-07) cfl=1.83e+04 gmres=7
[newton] it=73 |R|=1.1179e-02 rel=8.659e-05 (u=4.91e-03 v=1.00e-02 p=6.75e-07) cfl=2.33e+04 gmres=7
[newton] it=74 |R|=8.6225e-03 rel=6.678e-05 (u=3.73e-03 v=7.77e-03 p=5.38e-07) cfl=3.02e+04 gmres=7
[newton] it=75 |R|=6.5241e-03 rel=5.053e-05 (u=2.80e-03 v=5.89e-03 p=4.63e-07) cfl=4e+04 gmres=7
[newton] it=76 |R|=4.8416e-03 rel=3.750e-05 (u=2.09e-03 v=4.37e-03 p=2.20e-07) cfl=5.39e+04 gmres=8
[newton] it=77 |R|=3.5263e-03 rel=2.731e-05 (u=1.55e-03 v=3.17e-03 p=1.67e-07) cfl=7.4e+04 gmres=8
[newton] it=78 |R|=2.5253e-03 rel=1.956e-05 (u=1.14e-03 v=2.25e-03 p=1.39e-07) cfl=1.03e+05 gmres=8
[newton] it=79 |R|=1.7857e-03 rel=1.383e-05 (u=8.44e-04 v=1.57e-03 p=1.17e-07) cfl=1.46e+05 gmres=8
[newton] it=80 |R|=1.2567e-03 rel=9.733e-06 (u=6.26e-04 v=1.09e-03 p=1.82e-07) cfl=2.07e+05 gmres=7
[newton] done converged=False reason='max_iter' it=80 m_in=2.0000e+02 m_out=2.0000e+02 |R_steady|/|R0|=9.751e-06 elapsed=64.6s
--> L_rc_nofloor: {'converged': False, 'reason': 'max_iter', 'n_newton': 80, 'rel_final': 9.733253435699413e-06, 'rel_min': 9.733253435699413e-06, 'first_step_ratio': 50.780316328071386, 'steady_residual_ratio': 9.750607622749011e-06, 'mass_in': 199.99999999999997, 'mass_out': 199.99999999978402, 'elapsed': 64.63535232899994}
===== flat r1 U=2.0 variant G_floor0.1 =====
[newton] it=0 |R|=1.2911e+02 (u=1.15e+02 v=0.00e+00 p=5.77e+01) cfl=0.5
[newton] it=1 |R|=8.0517e+02 rel=6.236e+00 (u=7.88e+02 v=1.44e+02 p=8.13e+01) cfl=0.0802 gmres=11 (gmres not converged)
[newton] it=2 |R|=6.0113e+02 rel=4.656e+00 (u=5.39e+02 v=2.67e+02 p=2.84e+00) cfl=0.107 gmres=2
[newton] it=3 |R|=4.8403e+02 rel=3.749e+00 (u=4.59e+02 v=1.54e+02 p=1.14e-01) cfl=0.133 gmres=2
[newton] it=4 |R|=4.3871e+02 rel=3.398e+00 (u=4.23e+02 v=1.17e+02 p=1.37e-01) cfl=0.147 gmres=3
[newton] it=5 |R|=4.0892e+02 rel=3.167e+00 (u=3.96e+02 v=1.00e+02 p=1.32e-01) cfl=0.158 gmres=3
[newton] it=6 |R|=3.8312e+02 rel=2.967e+00 (u=3.72e+02 v=9.10e+01 p=1.23e-01) cfl=0.168 gmres=3
[newton] it=7 |R|=3.5832e+02 rel=2.775e+00 (u=3.48e+02 v=8.42e+01 p=1.17e-01) cfl=0.18 gmres=3
[newton] it=8 |R|=3.3378e+02 rel=2.585e+00 (u=3.24e+02 v=7.88e+01 p=1.16e-01) cfl=0.193 gmres=3
[newton] it=9 |R|=3.0995e+02 rel=2.401e+00 (u=3.01e+02 v=7.41e+01 p=1.13e-01) cfl=0.208 gmres=3
[newton] it=10 |R|=2.8561e+02 rel=2.212e+00 (u=2.77e+02 v=6.98e+01 p=1.08e-01) cfl=0.226 gmres=5
[newton] it=11 |R|=2.6023e+02 rel=2.016e+00 (u=2.52e+02 v=6.54e+01 p=1.07e-01) cfl=0.248 gmres=5
[newton] it=12 |R|=2.3377e+02 rel=1.811e+00 (u=2.26e+02 v=6.12e+01 p=1.05e-01) cfl=0.276 gmres=5
[newton] it=13 |R|=2.0675e+02 rel=1.601e+00 (u=1.99e+02 v=5.71e+01 p=1.03e-01) cfl=0.312 gmres=3
[newton] it=14 |R|=1.8025e+02 rel=1.396e+00 (u=1.72e+02 v=5.28e+01 p=9.69e-02) cfl=0.358 gmres=3
[newton] it=15 |R|=1.5475e+02 rel=1.199e+00 (u=1.47e+02 v=4.86e+01 p=9.76e-02) cfl=0.417 gmres=3
[newton] it=16 |R|=1.3048e+02 rel=1.011e+00 (u=1.23e+02 v=4.44e+01 p=1.40e-01) cfl=0.495 gmres=3
[newton] it=17 |R|=1.0791e+02 rel=8.358e-01 (u=1.00e+02 v=4.04e+01 p=1.12e-01) cfl=0.598 gmres=3
[newton] it=18 |R|=8.7596e+01 rel=6.785e-01 (u=7.95e+01 v=3.68e+01 p=1.24e-01) cfl=0.737 gmres=5
[newton] it=19 |R|=6.9789e+01 rel=5.405e-01 (u=6.13e+01 v=3.34e+01 p=1.81e-01) cfl=0.925 gmres=5
[newton] it=20 |R|=5.5163e+01 rel=4.273e-01 (u=4.62e+01 v=3.01e+01 p=2.25e-01) cfl=1.17 gmres=4
[newton] it=21 |R|=4.3284e+01 rel=3.353e-01 (u=3.41e+01 v=2.67e+01 p=9.79e-01) cfl=1.49 gmres=4
[newton] it=22 |R|=3.4291e+01 rel=2.656e-01 (u=2.49e+01 v=2.35e+01 p=4.15e-01) cfl=1.88 gmres=4
[newton] it=23 |R|=2.7585e+01 rel=2.137e-01 (u=1.87e+01 v=2.03e+01 p=7.01e-01) cfl=2.34 gmres=7
[newton] it=24 |R|=2.2777e+01 rel=1.764e-01 (u=1.49e+01 v=1.72e+01 p=8.50e-01) cfl=2.83 gmres=6
[newton] it=25 |R|=1.9522e+01 rel=1.512e-01 (u=1.24e+01 v=1.46e+01 p=3.46e+00) cfl=3.31 gmres=6
[newton] it=26 |R|=1.6294e+01 rel=1.262e-01 (u=1.01e+01 v=1.27e+01 p=1.53e+00) cfl=3.96 gmres=5
[newton] it=27 |R|=1.3831e+01 rel=1.071e-01 (u=8.50e+00 v=1.09e+01 p=3.84e-01) cfl=4.67 gmres=6
[newton] it=28 |R|=1.1960e+01 rel=9.264e-02 (u=7.67e+00 v=9.18e+00 p=1.42e-01) cfl=5.4 gmres=6
[newton] it=29 |R|=1.0479e+01 rel=8.116e-02 (u=6.94e+00 v=7.85e+00 p=2.92e-01) cfl=6.16 gmres=6
[newton] it=30 |R|=9.2120e+00 rel=7.135e-02 (u=6.15e+00 v=6.85e+00 p=2.11e-01) cfl=7.01 gmres=7
[newton] it=31 |R|=8.1161e+00 rel=6.286e-02 (u=5.48e+00 v=5.97e+00 p=3.70e-01) cfl=7.95 gmres=5
[newton] it=32 |R|=7.1112e+00 rel=5.508e-02 (u=4.86e+00 v=5.19e+00 p=1.24e-01) cfl=9.08 gmres=6
[newton] it=33 |R|=6.2086e+00 rel=4.809e-02 (u=4.24e+00 v=4.53e+00 p=7.39e-02) cfl=10.4 gmres=5
[newton] it=34 |R|=5.3973e+00 rel=4.180e-02 (u=3.68e+00 v=3.95e+00 p=7.62e-02) cfl=12 gmres=5
[newton] it=35 |R|=4.6568e+00 rel=3.607e-02 (u=3.15e+00 v=3.42e+00 p=1.17e-01) cfl=13.9 gmres=6
[newton] it=36 |R|=3.9805e+00 rel=3.083e-02 (u=2.67e+00 v=2.95e+00 p=7.34e-02) cfl=16.2 gmres=5
[newton] it=37 |R|=3.3688e+00 rel=2.609e-02 (u=2.23e+00 v=2.52e+00 p=3.98e-02) cfl=19.2 gmres=5
[newton] it=38 |R|=2.8160e+00 rel=2.181e-02 (u=1.84e+00 v=2.13e+00 p=8.48e-02) cfl=22.9 gmres=5
[newton] it=39 |R|=2.3222e+00 rel=1.799e-02 (u=1.50e+00 v=1.77e+00 p=1.15e-02) cfl=27.8 gmres=5
[newton] it=40 |R|=1.8855e+00 rel=1.460e-02 (u=1.20e+00 v=1.45e+00 p=7.91e-03) cfl=34.2 gmres=6
[newton] it=41 |R|=1.5046e+00 rel=1.165e-02 (u=9.50e-01 v=1.17e+00 p=6.31e-03) cfl=42.9 gmres=5
[newton] it=42 |R|=1.1812e+00 rel=9.149e-03 (u=7.42e-01 v=9.19e-01 p=2.89e-03) cfl=54.7 gmres=5
[newton] it=43 |R|=9.1058e-01 rel=7.053e-03 (u=5.72e-01 v=7.08e-01 p=1.59e-03) cfl=70.9 gmres=6
[newton] it=44 |R|=6.9148e-01 rel=5.356e-03 (u=4.38e-01 v=5.35e-01 p=8.85e-04) cfl=93.4 gmres=6
[newton] it=45 |R|=5.1839e-01 rel=4.015e-03 (u=3.33e-01 v=3.98e-01 p=4.50e-04) cfl=125 gmres=6
[newton] it=46 |R|=3.8478e-01 rel=2.980e-03 (u=2.52e-01 v=2.91e-01 p=2.17e-04) cfl=168 gmres=7
[newton] it=47 |R|=2.8376e-01 rel=2.198e-03 (u=1.89e-01 v=2.11e-01 p=1.81e-03) cfl=228 gmres=7
[newton] it=48 |R|=2.0859e-01 rel=1.616e-03 (u=1.42e-01 v=1.53e-01 p=4.98e-05) cfl=309 gmres=8
[newton] it=49 |R|=1.5319e-01 rel=1.187e-03 (u=1.06e-01 v=1.11e-01 p=2.68e-05) cfl=421 gmres=8
[newton] it=50 |R|=1.1271e-01 rel=8.730e-04 (u=7.85e-02 v=8.08e-02 p=1.45e-05) cfl=573 gmres=8
[newton] it=51 |R|=8.3217e-02 rel=6.445e-04 (u=5.81e-02 v=5.96e-02 p=7.82e-06) cfl=776 gmres=8
[newton] it=52 |R|=6.1737e-02 rel=4.782e-04 (u=4.28e-02 v=4.44e-02 p=4.72e-06) cfl=1.05e+03 gmres=8
[newton] it=53 |R|=4.6062e-02 rel=3.568e-04 (u=3.15e-02 v=3.36e-02 p=4.85e-06) cfl=1.4e+03 gmres=7
[newton] it=54 |R|=3.4574e-02 rel=2.678e-04 (u=2.32e-02 v=2.56e-02 p=3.51e-06) cfl=1.87e+03 gmres=7
[newton] it=55 |R|=2.6096e-02 rel=2.021e-04 (u=1.70e-02 v=1.98e-02 p=2.53e-06) cfl=2.47e+03 gmres=7
[newton] it=56 |R|=1.9790e-02 rel=1.533e-04 (u=1.25e-02 v=1.53e-02 p=1.88e-06) cfl=3.26e+03 gmres=7
[newton] it=57 |R|=1.5058e-02 rel=1.166e-04 (u=9.23e-03 v=1.19e-02 p=1.70e-06) cfl=4.29e+03 gmres=7
[newton] it=58 |R|=1.1478e-02 rel=8.890e-05 (u=6.80e-03 v=9.25e-03 p=1.37e-06) cfl=5.62e+03 gmres=7
[newton] it=59 |R|=8.7504e-03 rel=6.777e-05 (u=5.01e-03 v=7.17e-03 p=1.09e-06) cfl=7.38e+03 gmres=7
[newton] it=60 |R|=6.6615e-03 rel=5.160e-05 (u=3.70e-03 v=5.54e-03 p=8.22e-07) cfl=9.69e+03 gmres=7
[newton] it=61 |R|=5.0582e-03 rel=3.918e-05 (u=2.73e-03 v=4.26e-03 p=6.45e-07) cfl=1.28e+04 gmres=7
[newton] it=62 |R|=3.8280e-03 rel=2.965e-05 (u=2.02e-03 v=3.25e-03 p=5.26e-07) cfl=1.69e+04 gmres=7
[newton] it=63 |R|=2.8870e-03 rel=2.236e-05 (u=1.49e-03 v=2.47e-03 p=4.09e-07) cfl=2.24e+04 gmres=7
[newton] it=64 |R|=2.1705e-03 rel=1.681e-05 (u=1.11e-03 v=1.87e-03 p=3.28e-07) cfl=2.97e+04 gmres=7
[newton] it=65 |R|=1.6287e-03 rel=1.261e-05 (u=8.22e-04 v=1.41e-03 p=2.64e-07) cfl=3.96e+04 gmres=7
[newton] it=66 |R|=1.2220e-03 rel=9.465e-06 (u=6.14e-04 v=1.06e-03 p=2.07e-07) cfl=5.28e+04 gmres=7
[newton] it=67 |R|=9.1898e-04 rel=7.118e-06 (u=4.61e-04 v=7.95e-04 p=1.62e-07) cfl=7.02e+04 gmres=7
[newton] it=68 |R|=6.9467e-04 rel=5.380e-06 (u=3.49e-04 v=6.01e-04 p=1.32e-07) cfl=9.29e+04 gmres=7
[newton] it=69 |R|=5.2916e-04 rel=4.099e-06 (u=2.67e-04 v=4.57e-04 p=9.90e-08) cfl=1.22e+05 gmres=7
[newton] it=70 |R|=4.0690e-04 rel=3.152e-06 (u=2.05e-04 v=3.51e-04 p=7.93e-08) cfl=1.59e+05 gmres=5
[newton] it=71 |R|=3.1594e-04 rel=2.447e-06 (u=1.59e-04 v=2.73e-04 p=6.43e-08) cfl=2.04e+05 gmres=5
[newton] it=72 |R|=2.4741e-04 rel=1.916e-06 (u=1.24e-04 v=2.14e-04 p=4.54e-08) cfl=2.61e+05 gmres=7
[newton] it=73 |R|=1.9491e-04 rel=1.510e-06 (u=9.74e-05 v=1.69e-04 p=3.47e-08) cfl=3.31e+05 gmres=7
[newton] it=74 |R|=1.5401e-04 rel=1.193e-06 (u=7.64e-05 v=1.34e-04 p=2.57e-08) cfl=4.19e+05 gmres=7
[newton] it=75 |R|=1.2168e-04 rel=9.425e-07 (u=5.99e-05 v=1.06e-04 p=1.91e-08) cfl=5.31e+05 gmres=7
[newton] done converged=True reason='' it=75 m_in=2.0000e+02 m_out=2.0000e+02 |R_steady|/|R0|=9.425e-07 elapsed=60.5s
--> G_floor0.1: {'converged': True, 'reason': '', 'n_newton': 75, 'rel_final': 9.424504900631429e-07, 'rel_min': 9.424504900631429e-07, 'first_step_ratio': 6.236302201589482, 'steady_residual_ratio': 9.424504900631429e-07, 'mass_in': 199.99999999999997, 'mass_out': 199.9999999999656, 'elapsed': 60.569605298999704}
===== flat r1 U=2.0 variant G_rc_floor0.1 =====
[newton] it=0 |R|=1.2911e+02 (u=1.15e+02 v=0.00e+00 p=5.77e+01) cfl=0.5
[newton] it=1 |R|=6.2724e+02 rel=4.858e+00 (u=6.12e+02 v=1.27e+02 p=5.33e+01) cfl=0.103 gmres=11 (gmres not converged)
[newton] it=2 |R|=1.8215e+03 rel=1.411e+01 (u=1.73e+03 v=5.66e+02 p=7.35e-02) cfl=0.0382 gmres=3
[newton] it=3 |R|=2.7273e+03 rel=2.112e+01 (u=2.60e+03 v=8.15e+02 p=6.14e-03) cfl=0.0262 gmres=2
[newton] it=4 |R|=2.7376e+03 rel=2.120e+01 (u=2.61e+03 v=8.18e+02 p=8.11e-04) cfl=0.0262 gmres=2
[newton] it=5 |R|=2.0807e+03 rel=1.612e+01 (u=1.99e+03 v=6.15e+02 p=6.30e-04) cfl=0.0345 gmres=2
[newton] it=6 |R|=1.2961e+03 rel=1.004e+01 (u=1.24e+03 v=3.66e+02 p=1.26e-03) cfl=0.0551 gmres=2
[newton] it=7 |R|=7.3431e+02 rel=5.687e+00 (u=7.10e+02 v=1.87e+02 p=2.06e-03) cfl=0.0962 gmres=2
[newton] it=8 |R|=4.4538e+02 rel=3.450e+00 (u=4.33e+02 v=1.04e+02 p=3.06e-03) cfl=0.155 gmres=2
[newton] it=9 |R|=3.2448e+02 rel=2.513e+00 (u=3.14e+02 v=8.27e+01 p=3.79e-03) cfl=0.206 gmres=2
[newton] it=10 |R|=2.6784e+02 rel=2.075e+00 (u=2.57e+02 v=7.71e+01 p=3.48e-03) cfl=0.244 gmres=2
[newton] it=11 |R|=2.2895e+02 rel=1.773e+00 (u=2.17e+02 v=7.32e+01 p=2.91e-03) cfl=0.282 gmres=3
[newton] it=12 |R|=1.9553e+02 rel=1.514e+00 (u=1.83e+02 v=6.89e+01 p=3.10e-03) cfl=0.326 gmres=3
[newton] it=13 |R|=1.6488e+02 rel=1.277e+00 (u=1.52e+02 v=6.39e+01 p=3.70e-03) cfl=0.382 gmres=3
[newton] it=14 |R|=1.3672e+02 rel=1.059e+00 (u=1.24e+02 v=5.82e+01 p=4.56e-03) cfl=0.456 gmres=3
[newton] it=15 |R|=1.1231e+02 rel=8.699e-01 (u=9.93e+01 v=5.24e+01 p=5.15e-03) cfl=0.55 gmres=3
[newton] it=16 |R|=9.1418e+01 rel=7.081e-01 (u=7.84e+01 v=4.70e+01 p=5.73e-03) cfl=0.671 gmres=3
[newton] it=17 |R|=7.4151e+01 rel=5.743e-01 (u=6.11e+01 v=4.20e+01 p=7.50e-03) cfl=0.822 gmres=3
[newton] it=18 |R|=6.0392e+01 rel=4.678e-01 (u=4.73e+01 v=3.75e+01 p=9.79e-03) cfl=1 gmres=4
[newton] it=19 |R|=4.9165e+01 rel=3.808e-01 (u=3.64e+01 v=3.30e+01 p=1.36e-02) cfl=1.23 gmres=4
[newton] it=20 |R|=4.0076e+01 rel=3.104e-01 (u=2.81e+01 v=2.86e+01 p=2.04e-02) cfl=1.51 gmres=4
[newton] it=21 |R|=3.3289e+01 rel=2.578e-01 (u=2.22e+01 v=2.48e+01 p=2.90e-02) cfl=1.81 gmres=4
[newton] it=22 |R|=2.7958e+01 rel=2.165e-01 (u=1.81e+01 v=2.13e+01 p=1.19e-01) cfl=2.15 gmres=5
[newton] it=23 |R|=2.3672e+01 rel=1.833e-01 (u=1.51e+01 v=1.83e+01 p=8.28e-02) cfl=2.54 gmres=6
[newton] it=24 |R|=2.0271e+01 rel=1.570e-01 (u=1.27e+01 v=1.58e+01 p=3.43e-02) cfl=2.96 gmres=5
[newton] it=25 |R|=1.7560e+01 rel=1.360e-01 (u=1.11e+01 v=1.36e+01 p=1.01e-01) cfl=3.41 gmres=6
[newton] it=26 |R|=1.5346e+01 rel=1.189e-01 (u=9.81e+00 v=1.18e+01 p=6.78e-02) cfl=3.9 gmres=7
[newton] it=27 |R|=1.3445e+01 rel=1.041e-01 (u=8.71e+00 v=1.02e+01 p=5.78e-02) cfl=4.45 gmres=7
[newton] it=28 |R|=1.1810e+01 rel=9.147e-02 (u=7.79e+00 v=8.88e+00 p=4.25e-02) cfl=5.08 gmres=4
[newton] it=29 |R|=1.0393e+01 rel=8.049e-02 (u=6.95e+00 v=7.72e+00 p=3.72e-02) cfl=5.78 gmres=7
[newton] it=30 |R|=9.1419e+00 rel=7.081e-02 (u=6.20e+00 v=6.72e+00 p=3.07e-02) cfl=6.59 gmres=5
[newton] it=31 |R|=8.0443e+00 rel=6.231e-02 (u=5.48e+00 v=5.89e+00 p=3.31e-02) cfl=7.51 gmres=6
[newton] it=32 |R|=7.0736e+00 rel=5.479e-02 (u=4.84e+00 v=5.16e+00 p=4.87e-02) cfl=8.56 gmres=7
[newton] it=33 |R|=6.1926e+00 rel=4.796e-02 (u=4.22e+00 v=4.53e+00 p=3.13e-02) cfl=9.81 gmres=5
[newton] it=34 |R|=5.3952e+00 rel=4.179e-02 (u=3.66e+00 v=3.96e+00 p=6.15e-02) cfl=11.3 gmres=5
[newton] it=35 |R|=4.6639e+00 rel=3.612e-02 (u=3.15e+00 v=3.44e+00 p=2.42e-02) cfl=13.1 gmres=6
[newton] it=36 |R|=3.9922e+00 rel=3.092e-02 (u=2.67e+00 v=2.97e+00 p=1.65e-02) cfl=15.4 gmres=5
[newton] it=37 |R|=3.3851e+00 rel=2.622e-02 (u=2.24e+00 v=2.54e+00 p=2.81e-02) cfl=18.3 gmres=5
[newton] it=38 |R|=2.8343e+00 rel=2.195e-02 (u=1.85e+00 v=2.14e+00 p=1.15e-02) cfl=22.1 gmres=5
[newton] it=39 |R|=2.3388e+00 rel=1.812e-02 (u=1.51e+00 v=1.78e+00 p=9.30e-03) cfl=27.2 gmres=6
[newton] it=40 |R|=1.8987e+00 rel=1.471e-02 (u=1.21e+00 v=1.46e+00 p=7.78e-03) cfl=34.1 gmres=5
[newton] it=41 |R|=1.5135e+00 rel=1.172e-02 (u=9.59e-01 v=1.17e+00 p=7.19e-03) cfl=44.1 gmres=5
[newton] it=42 |R|=1.1883e+00 rel=9.204e-03 (u=7.47e-01 v=9.21e-01 p=7.97e-02) cfl=58.5 gmres=9
[newton] it=43 |R|=9.0893e-01 rel=7.040e-03 (u=5.73e-01 v=7.06e-01 p=2.80e-03) cfl=79.7 gmres=6
[newton] it=44 |R|=6.8653e-01 rel=5.317e-03 (u=4.36e-01 v=5.31e-01 p=2.56e-03) cfl=114 gmres=7
[newton] it=45 |R|=5.1190e-01 rel=3.965e-03 (u=3.29e-01 v=3.92e-01 p=2.36e-03) cfl=170 gmres=7
[newton] it=46 |R|=3.7779e-01 rel=2.926e-03 (u=2.47e-01 v=2.86e-01 p=3.41e-03) cfl=261 gmres=7
[newton] it=47 |R|=2.7708e-01 rel=2.146e-03 (u=1.84e-01 v=2.07e-01 p=1.31e-03) cfl=405 gmres=8
[newton] it=48 |R|=2.0257e-01 rel=1.569e-03 (u=1.37e-01 v=1.49e-01 p=7.60e-04) cfl=626 gmres=8
[newton] it=49 |R|=1.4804e-01 rel=1.147e-03 (u=1.01e-01 v=1.08e-01 p=3.78e-04) cfl=947 gmres=8
[newton] it=50 |R|=1.0851e-01 rel=8.405e-04 (u=7.40e-02 v=7.93e-02 p=1.69e-04) cfl=1.4e+03 gmres=8
[newton] it=51 |R|=7.9659e-02 rel=6.170e-04 (u=5.41e-02 v=5.85e-02 p=3.42e-05) cfl=2.02e+03 gmres=8
[newton] it=52 |R|=5.8848e-02 rel=4.558e-04 (u=3.94e-02 v=4.37e-02 p=2.04e-05) cfl=2.87e+03 gmres=8
[newton] it=53 |R|=4.3721e-02 rel=3.386e-04 (u=2.86e-02 v=3.31e-02 p=9.20e-06) cfl=4.02e+03 gmres=8
[newton] it=54 |R|=3.2655e-02 rel=2.529e-04 (u=2.08e-02 v=2.52e-02 p=4.52e-06) cfl=5.57e+03 gmres=7
[newton] it=55 |R|=2.4500e-02 rel=1.898e-04 (u=1.51e-02 v=1.93e-02 p=3.44e-06) cfl=7.65e+03 gmres=7
[newton] it=56 |R|=1.8436e-02 rel=1.428e-04 (u=1.09e-02 v=1.48e-02 p=3.53e-06) cfl=1.04e+04 gmres=7
[newton] it=57 |R|=1.3890e-02 rel=1.076e-04 (u=7.94e-03 v=1.14e-02 p=3.27e-06) cfl=1.42e+04 gmres=7
[newton] it=58 |R|=1.0458e-02 rel=8.100e-05 (u=5.76e-03 v=8.73e-03 p=2.71e-06) cfl=1.93e+04 gmres=7
[newton] it=59 |R|=7.8579e-03 rel=6.086e-05 (u=4.19e-03 v=6.65e-03 p=1.24e-06) cfl=2.62e+04 gmres=7
[newton] it=60 |R|=5.8850e-03 rel=4.558e-05 (u=3.05e-03 v=5.03e-03 p=9.41e-07) cfl=3.57e+04 gmres=7
[newton] it=61 |R|=4.3917e-03 rel=3.402e-05 (u=2.22e-03 v=3.79e-03 p=7.42e-07) cfl=4.89e+04 gmres=7
[newton] it=62 |R|=3.2671e-03 rel=2.530e-05 (u=1.62e-03 v=2.84e-03 p=5.74e-07) cfl=6.71e+04 gmres=7
[newton] it=63 |R|=2.4261e-03 rel=1.879e-05 (u=1.19e-03 v=2.12e-03 p=4.58e-07) cfl=9.22e+04 gmres=7
[newton] it=64 |R|=1.8026e-03 rel=1.396e-05 (u=8.76e-04 v=1.58e-03 p=3.56e-07) cfl=1.26e+05 gmres=7
[newton] it=65 |R|=1.3443e-03 rel=1.041e-05 (u=6.53e-04 v=1.18e-03 p=2.71e-07) cfl=1.73e+05 gmres=7
[newton] it=66 |R|=1.0100e-03 rel=7.823e-06 (u=4.92e-04 v=8.82e-04 p=2.20e-07) cfl=2.34e+05 gmres=9
[newton] it=67 |R|=7.6727e-04 rel=5.943e-06 (u=3.75e-04 v=6.69e-04 p=1.81e-07) cfl=3.13e+05 gmres=5
[newton] it=68 |R|=5.9066e-04 rel=4.575e-06 (u=2.90e-04 v=5.14e-04 p=1.20e-07) cfl=4.12e+05 gmres=10
[newton] it=69 |R|=4.6093e-04 rel=3.570e-06 (u=2.27e-04 v=4.01e-04 p=9.39e-08) cfl=5.35e+05 gmres=7
[newton] it=70 |R|=3.6392e-04 rel=2.819e-06 (u=1.79e-04 v=3.17e-04 p=6.99e-08) cfl=6.85e+05 gmres=7
[newton] it=71 |R|=2.8966e-04 rel=2.244e-06 (u=1.42e-04 v=2.52e-04 p=5.35e-08) cfl=8.68e+05 gmres=7
[newton] it=72 |R|=2.3147e-04 rel=1.793e-06 (u=1.13e-04 v=2.02e-04 p=4.03e-08) cfl=1e+06 gmres=7
[newton] it=73 |R|=1.8495e-04 rel=1.433e-06 (u=8.98e-05 v=1.62e-04 p=2.86e-08) cfl=1e+06 gmres=7
[newton] it=74 |R|=1.4731e-04 rel=1.141e-06 (u=7.12e-05 v=1.29e-04 p=2.20e-08) cfl=1e+06 gmres=7
[newton] it=75 |R|=1.1667e-04 rel=9.036e-07 (u=5.61e-05 v=1.02e-04 p=1.56e-08) cfl=1e+06 gmres=7
[newton] done converged=True reason='' it=75 m_in=2.0000e+02 m_out=2.0000e+02 |R_steady|/|R0|=1.281e-06 elapsed=62.1s
--> G_rc_floor0.1: {'converged': True, 'reason': '', 'n_newton': 75, 'rel_final': 9.03609072141459e-07, 'rel_min': 9.03609072141459e-07, 'first_step_ratio': 4.858142994426007, 'steady_residual_ratio': 1.2814027022490793e-06, 'mass_in': 199.99999999999997, 'mass_out': 199.99999999998238, 'elapsed': 62.073076798999864}
===== flat r1 U=2.0 variant L_floor0.1_cfl5 =====
[newton] it=0 |R|=1.2911e+02 (u=1.15e+02 v=0.00e+00 p=5.77e+01) cfl=5
[newton] it=1 |R|=4.4603e+03 rel=3.455e+01 (u=4.45e+03 v=2.18e+02 p=2.41e+02) cfl=0.5 gmres=11 (gmres not converged)
[newton] it=2 |R|=5.3955e+03 rel=4.179e+01 (u=5.37e+03 v=4.24e+02 p=2.16e+02) cfl=0.413 gmres=5
[newton] it=3 |R|=1.5842e+04 rel=1.227e+02 (u=1.58e+04 v=1.21e+03 p=5.20e+02) cfl=0.141 gmres=26
[newton] it=4 |R|=1.7787e+04 rel=1.378e+02 (u=1.77e+04 v=1.71e+03 p=4.02e+02) cfl=0.125 gmres=13
[newton] it=5 |R|=1.1895e+04 rel=9.213e+01 (u=1.18e+04 v=1.53e+03 p=2.12e+02) cfl=0.187 gmres=4
[newton] it=6 |R|=9.7178e+03 rel=7.527e+01 (u=9.64e+03 v=1.22e+03 p=1.76e+02) cfl=0.229 gmres=5
[newton] it=7 |R|=8.1615e+03 rel=6.321e+01 (u=8.12e+03 v=8.54e+02 p=6.74e+01) cfl=0.273 gmres=5
[newton] it=8 |R|=6.7160e+03 rel=5.202e+01 (u=6.66e+03 v=8.88e+02 p=1.05e+02) cfl=0.332 gmres=6
[newton] it=9 |R|=5.4185e+03 rel=4.197e+01 (u=5.35e+03 v=8.21e+02 p=1.23e+02) cfl=0.412 gmres=7
[newton] it=10 |R|=4.2017e+03 rel=3.254e+01 (u=4.15e+03 v=6.48e+02 p=1.47e+02) cfl=0.531 gmres=9
[newton] it=11 |R|=3.2874e+03 rel=2.546e+01 (u=3.24e+03 v=5.38e+02 p=9.68e+01) cfl=0.678 gmres=8
[newton] it=12 |R|=2.5666e+03 rel=1.988e+01 (u=2.51e+03 v=4.71e+02 p=2.52e+02) cfl=0.869 gmres=8
[newton] it=13 |R|=1.5027e+06 rel=1.164e+04 (u=1.30e+06 v=7.49e+05 p=4.91e+03) cfl=0.0869 gmres=26
[newton] it=14 |R|=6.2942e+07 rel=4.875e+05 (u=5.83e+07 v=2.36e+07 p=2.44e+05) cfl=0.00869 gmres=7
[newton] it=15 |R|=5.0847e+06 rel=3.938e+04 (u=4.34e+06 v=2.65e+06 p=1.14e+04) cfl=0.0174 gmres=46 (gmres not converged)
[newton] it=16 |R|=4.7966e+06 rel=3.715e+04 (u=4.12e+06 v=2.45e+06 p=1.27e+05) cfl=0.0184 gmres=143 (gmres not converged)
[newton] it=17 |R|=1.0748e+08 rel=8.325e+05 (u=1.00e+08 v=3.89e+07 p=1.54e+06) cfl=0.00184 gmres=200 (gmres not converged)
[newton] it=18 |R|=2.9700e+08 rel=2.300e+06 (u=1.97e+08 v=2.22e+08 p=3.46e+06) cfl=0.000667 gmres=118 (gmres not converged)
[newton] done converged=False reason='diverged' it=18 m_in=2.0000e+02 m_out=-1.4342e+04 |R_steady|/|R0|=2.300e+06 elapsed=122.5s
--> L_floor0.1_cfl5: {'converged': False, 'reason': 'diverged', 'n_newton': 18, 'rel_final': 2300366.0944528515, 'rel_min': 1.0, 'first_step_ratio': 34.54663250872916, 'steady_residual_ratio': 2300366.0944528515, 'mass_in': 199.99999999999997, 'mass_out': -14342.126163970519, 'elapsed': 122.46255069900053}
===== flat r1 U=2.0 variant G_floor0.1_cfl5 =====
[newton] it=0 |R|=1.2911e+02 (u=1.15e+02 v=0.00e+00 p=5.77e+01) cfl=5
[newton] it=1 |R|=4.4603e+03 rel=3.455e+01 (u=4.45e+03 v=2.18e+02 p=2.41e+02) cfl=0.5 gmres=11 (gmres not converged)
[newton] it=2 |R|=1.7733e+03 rel=1.374e+01 (u=1.76e+03 v=1.99e+02 p=8.54e+00) cfl=1 gmres=3
[newton] it=3 |R|=1.5262e+03 rel=1.182e+01 (u=1.52e+03 v=1.64e+02 p=1.91e+01) cfl=1.16 gmres=5
[newton] it=4 |R|=8.2172e+03 rel=6.365e+01 (u=8.18e+03 v=5.22e+02 p=6.43e+02) cfl=0.216 gmres=8
[newton] it=5 |R|=2.6193e+03 rel=2.029e+01 (u=2.56e+03 v=5.33e+02 p=8.93e+01) cfl=0.432 gmres=5
[newton] it=6 |R|=2.5127e+03 rel=1.946e+01 (u=2.48e+03 v=4.16e+02 p=1.78e+01) cfl=0.45 gmres=5
[newton] it=7 |R|=1.8391e+03 rel=1.424e+01 (u=1.82e+03 v=2.56e+02 p=5.19e+00) cfl=0.615 gmres=4
[newton] it=8 |R|=1.3181e+03 rel=1.021e+01 (u=1.31e+03 v=1.80e+02 p=8.39e+00) cfl=0.858 gmres=5
[newton] it=9 |R|=9.7520e+02 rel=7.553e+00 (u=9.63e+02 v=1.47e+02 p=5.14e+01) cfl=1.16 gmres=6
[newton] it=10 |R|=6.2364e+02 rel=4.830e+00 (u=6.15e+02 v=1.04e+02 p=1.45e+01) cfl=1.81 gmres=6
[newton] it=11 |R|=3.6685e+02 rel=2.841e+00 (u=3.60e+02 v=7.19e+01 p=8.12e+00) cfl=3.08 gmres=7
[newton] it=12 |R|=2.0596e+02 rel=1.595e+00 (u=1.98e+02 v=5.47e+01 p=1.18e+01) cfl=5.49 gmres=8
[newton] it=13 |R|=1.5996e+02 rel=1.239e+00 (u=1.50e+02 v=4.42e+01 p=3.35e+01) cfl=7.07 gmres=7
[newton] it=14 |R|=1.2581e+02 rel=9.744e-01 (u=1.15e+02 v=4.77e+01 p=1.96e+01) cfl=8.99 gmres=8
[newton] it=15 |R|=5.2446e+01 rel=4.062e-01 (u=4.54e+01 v=2.40e+01 p=1.06e+01) cfl=18 gmres=9
[newton] it=16 |R|=2.6642e+01 rel=2.064e-01 (u=2.19e+01 v=1.47e+01 p=3.34e+00) cfl=35.4 gmres=13
[newton] it=17 |R|=1.6742e+01 rel=1.297e-01 (u=1.34e+01 v=9.86e+00 p=1.80e+00) cfl=56.3 gmres=9
[newton] it=18 |R|=1.1829e+01 rel=9.162e-02 (u=9.48e+00 v=6.92e+00 p=1.49e+00) cfl=79.7 gmres=8
[newton] it=19 |R|=8.3225e+00 rel=6.446e-02 (u=6.16e+00 v=5.54e+00 p=7.38e-01) cfl=113 gmres=9
[newton] it=20 |R|=6.3416e+00 rel=4.912e-02 (u=4.47e+00 v=4.49e+00 p=2.73e-01) cfl=149 gmres=9
[newton] it=21 |R|=4.8884e+00 rel=3.786e-02 (u=3.35e+00 v=3.56e+00 p=1.31e-01) cfl=193 gmres=9
[newton] it=22 |R|=3.8021e+00 rel=2.945e-02 (u=2.55e+00 v=2.81e+00 p=2.27e-01) cfl=248 gmres=9
[newton] it=23 |R|=2.8829e+00 rel=2.233e-02 (u=1.92e+00 v=2.15e+00 p=2.55e-02) cfl=327 gmres=6
[newton] it=24 |R|=2.1609e+00 rel=1.674e-02 (u=1.43e+00 v=1.62e+00 p=1.06e-02) cfl=436 gmres=6
[newton] it=25 |R|=1.6343e+00 rel=1.266e-02 (u=1.05e+00 v=1.25e+00 p=4.32e-03) cfl=577 gmres=6
[newton] it=26 |R|=1.2195e+00 rel=9.445e-03 (u=7.69e-01 v=9.47e-01 p=1.60e-03) cfl=773 gmres=6
[newton] it=27 |R|=8.9456e-01 rel=6.929e-03 (u=5.57e-01 v=7.00e-01 p=6.87e-04) cfl=1.05e+03 gmres=7
[newton] it=28 |R|=6.4164e-01 rel=4.970e-03 (u=4.01e-01 v=5.01e-01 p=3.22e-04) cfl=1.47e+03 gmres=9
[newton] it=29 |R|=4.5320e-01 rel=3.510e-03 (u=2.88e-01 v=3.50e-01 p=8.46e-04) cfl=2.08e+03 gmres=7
[newton] it=30 |R|=3.1673e-01 rel=2.453e-03 (u=2.08e-01 v=2.39e-01 p=7.57e-05) cfl=2.98e+03 gmres=8
[newton] it=31 |R|=2.2107e-01 rel=1.712e-03 (u=1.49e-01 v=1.63e-01 p=3.45e-05) cfl=4.26e+03 gmres=8
[newton] it=32 |R|=1.5584e-01 rel=1.207e-03 (u=1.08e-01 v=1.13e-01 p=1.61e-05) cfl=6.05e+03 gmres=7
[newton] it=33 |R|=1.1240e-01 rel=8.705e-04 (u=7.76e-02 v=8.13e-02 p=1.02e-05) cfl=8.39e+03 gmres=6
[newton] it=34 |R|=8.3685e-02 rel=6.482e-04 (u=5.61e-02 v=6.21e-02 p=5.76e-06) cfl=1.13e+04 gmres=7
[newton] it=35 |R|=6.4132e-02 rel=4.967e-04 (u=4.06e-02 v=4.96e-02 p=4.44e-06) cfl=1.47e+04 gmres=7
[newton] it=36 |R|=4.9974e-02 rel=3.871e-04 (u=2.95e-02 v=4.03e-02 p=3.47e-06) cfl=1.89e+04 gmres=8
[newton] it=37 |R|=3.8976e-02 rel=3.019e-04 (u=2.15e-02 v=3.25e-02 p=2.42e-06) cfl=2.42e+04 gmres=7
[newton] it=38 |R|=3.0060e-02 rel=2.328e-04 (u=1.57e-02 v=2.56e-02 p=1.84e-06) cfl=3.14e+04 gmres=7
[newton] it=39 |R|=2.2755e-02 rel=1.762e-04 (u=1.15e-02 v=1.97e-02 p=1.51e-06) cfl=4.14e+04 gmres=7
[newton] it=40 |R|=1.6856e-02 rel=1.306e-04 (u=8.40e-03 v=1.46e-02 p=1.24e-06) cfl=5.59e+04 gmres=7
[newton] it=41 |R|=1.2223e-02 rel=9.467e-05 (u=6.15e-03 v=1.06e-02 p=9.99e-07) cfl=7.71e+04 gmres=7
[newton] it=42 |R|=8.7056e-03 rel=6.743e-05 (u=4.50e-03 v=7.45e-03 p=7.70e-07) cfl=1.08e+05 gmres=7
[newton] it=43 |R|=6.1267e-03 rel=4.745e-05 (u=3.29e-03 v=5.17e-03 p=6.18e-07) cfl=1.54e+05 gmres=8
[newton] it=44 |R|=4.2968e-03 rel=3.328e-05 (u=2.41e-03 v=3.56e-03 p=4.58e-07) cfl=2.19e+05 gmres=8
[newton] it=45 |R|=3.0326e-03 rel=2.349e-05 (u=1.77e-03 v=2.47e-03 p=3.27e-07) cfl=3.11e+05 gmres=8
[newton] it=46 |R|=2.1737e-03 rel=1.684e-05 (u=1.30e-03 v=1.74e-03 p=2.31e-07) cfl=4.34e+05 gmres=8
[newton] it=47 |R|=1.5918e-03 rel=1.233e-05 (u=9.66e-04 v=1.27e-03 p=1.58e-07) cfl=5.92e+05 gmres=8
[newton] it=48 |R|=1.1922e-03 rel=9.234e-06 (u=7.23e-04 v=9.48e-04 p=1.14e-07) cfl=7.91e+05 gmres=7
[newton] it=49 |R|=9.1014e-04 rel=7.049e-06 (u=5.46e-04 v=7.28e-04 p=7.76e-08) cfl=1e+06 gmres=7
[newton] it=50 |R|=7.0374e-04 rel=5.451e-06 (u=4.15e-04 v=5.68e-04 p=5.35e-08) cfl=1e+06 gmres=7
[newton] it=51 |R|=5.4716e-04 rel=4.238e-06 (u=3.17e-04 v=4.46e-04 p=3.48e-08) cfl=1e+06 gmres=7
[newton] it=52 |R|=4.2495e-04 rel=3.291e-06 (u=2.41e-04 v=3.50e-04 p=2.58e-08) cfl=1e+06 gmres=7
[newton] it=53 |R|=3.2794e-04 rel=2.540e-06 (u=1.84e-04 v=2.72e-04 p=1.83e-08) cfl=1e+06 gmres=7
[newton] it=54 |R|=2.5057e-04 rel=1.941e-06 (u=1.39e-04 v=2.09e-04 p=1.40e-08) cfl=1e+06 gmres=7
[newton] it=55 |R|=1.8914e-04 rel=1.465e-06 (u=1.04e-04 v=1.58e-04 p=1.08e-08) cfl=1e+06 gmres=7
[newton] it=56 |R|=1.4093e-04 rel=1.092e-06 (u=7.74e-05 v=1.18e-04 p=8.42e-09) cfl=1e+06 gmres=7
[newton] it=57 |R|=1.0366e-04 rel=8.029e-07 (u=5.71e-05 v=8.65e-05 p=5.49e-09) cfl=1e+06 gmres=8
[newton] done converged=True reason='' it=57 m_in=2.0000e+02 m_out=2.0000e+02 |R_steady|/|R0|=8.029e-07 elapsed=34.2s
--> G_floor0.1_cfl5: {'converged': True, 'reason': '', 'n_newton': 57, 'rel_final': 8.029071433191411e-07, 'rel_min': 8.029071433191411e-07, 'first_step_ratio': 34.54663250872916, 'steady_residual_ratio': 8.029071433191411e-07, 'mass_in': 199.99999999999997, 'mass_out': 200.00000000001143, 'elapsed': 34.18115825899986}

==== summary ====
L_floor0.1         conv=True  reason=           it= 64 step1=6.24e+00 rel_final=9.75e-07 rel_min=9.75e-07 steady=9.75e-07 m_out/m_in=1.0000
L_nofloor          conv=False reason=max_iter   it= 80 step1=5.08e+01 rel_final=4.20e-04 rel_min=4.20e-04 steady=4.20e-04 m_out/m_in=1.0000
L_rc_floor0.1      conv=True  reason=           it= 62 step1=4.86e+00 rel_final=9.59e-07 rel_min=9.59e-07 steady=9.98e-07 m_out/m_in=1.0000
L_rc_nofloor       conv=False reason=max_iter   it= 80 step1=5.08e+01 rel_final=9.73e-06 rel_min=9.73e-06 steady=9.75e-06 m_out/m_in=1.0000
G_floor0.1         conv=True  reason=           it= 75 step1=6.24e+00 rel_final=9.42e-07 rel_min=9.42e-07 steady=9.42e-07 m_out/m_in=1.0000
G_rc_floor0.1      conv=True  reason=           it= 75 step1=4.86e+00 rel_final=9.04e-07 rel_min=9.04e-07 steady=1.28e-06 m_out/m_in=1.0000
L_floor0.1_cfl5    conv=False reason=diverged   it= 18 step1=3.45e+01 rel_final=2.30e+06 rel_min=1.00e+00 steady=2.30e+06 m_out/m_in=-71.7106
G_floor0.1_cfl5    conv=True  reason=           it= 57 step1=3.45e+01 rel_final=8.03e-07 rel_min=8.03e-07 steady=8.03e-07 m_out/m_in=1.0000
[ProcessDiagnostics] レポート出力: /home/user/ykep-cae/docs/generated/process_usage_report.md
