===== uturn r1 U=2.0 variant L_floor0.1 =====
[newton] it=0 |R|=1.2911e+02 (u=1.15e+02 v=0.00e+00 p=5.77e+01) cfl=0.5
[newton] it=1 |R|=3.4367e+03 rel=2.662e+01 (u=1.42e+03 v=3.10e+03 p=4.10e+02) cfl=0.05 gmres=11 (gmres not converged)
[newton] it=2 |R|=2.2151e+04 rel=1.716e+02 (u=5.00e+03 v=2.16e+04 p=7.66e+02) cfl=0.00776 gmres=15 (gmres not converged)
[newton] it=3 |R|=1.2684e+04 rel=9.824e+01 (u=2.73e+03 v=1.24e+04 p=5.70e+01) cfl=0.0135 gmres=3
[newton] it=4 |R|=1.0285e+04 rel=7.966e+01 (u=1.64e+03 v=1.02e+04 p=2.66e+01) cfl=0.0167 gmres=4
[newton] it=5 |R|=8.6337e+03 rel=6.687e+01 (u=1.19e+03 v=8.55e+03 p=4.42e+00) cfl=0.0199 gmres=3
[newton] it=6 |R|=7.1969e+03 rel=5.574e+01 (u=1.01e+03 v=7.13e+03 p=1.93e+00) cfl=0.0239 gmres=3
[newton] it=7 |R|=6.0383e+03 rel=4.677e+01 (u=8.91e+02 v=5.97e+03 p=1.50e+00) cfl=0.0285 gmres=3
[newton] it=8 |R|=5.1424e+03 rel=3.983e+01 (u=8.00e+02 v=5.08e+03 p=1.73e+00) cfl=0.0334 gmres=3
[newton] it=9 |R|=4.4222e+03 rel=3.425e+01 (u=7.21e+02 v=4.36e+03 p=1.21e+00) cfl=0.0389 gmres=3
[newton] it=10 |R|=3.8175e+03 rel=2.957e+01 (u=6.52e+02 v=3.76e+03 p=1.09e+00) cfl=0.045 gmres=3
[newton] it=11 |R|=3.2948e+03 rel=2.552e+01 (u=5.91e+02 v=3.24e+03 p=1.20e+00) cfl=0.0522 gmres=3
[newton] it=12 |R|=2.8342e+03 rel=2.195e+01 (u=5.40e+02 v=2.78e+03 p=1.29e+00) cfl=0.0606 gmres=3
[newton] it=13 |R|=2.4222e+03 rel=1.876e+01 (u=4.94e+02 v=2.37e+03 p=9.59e-01) cfl=0.0709 gmres=3
[newton] it=14 |R|=2.0545e+03 rel=1.591e+01 (u=4.55e+02 v=2.00e+03 p=1.19e+00) cfl=0.0836 gmres=3
[newton] it=15 |R|=1.7260e+03 rel=1.337e+01 (u=4.21e+02 v=1.67e+03 p=1.68e+00) cfl=0.0996 gmres=3
[newton] it=16 |R|=1.4340e+03 rel=1.111e+01 (u=3.89e+02 v=1.38e+03 p=1.00e+00) cfl=0.12 gmres=3
[newton] it=17 |R|=1.1766e+03 rel=9.113e+00 (u=3.59e+02 v=1.12e+03 p=1.16e+00) cfl=0.146 gmres=3
[newton] it=18 |R|=9.5452e+02 rel=7.393e+00 (u=3.29e+02 v=8.96e+02 p=2.38e+00) cfl=0.18 gmres=3
[newton] it=19 |R|=7.6636e+02 rel=5.936e+00 (u=2.98e+02 v=7.06e+02 p=4.02e+00) cfl=0.224 gmres=3
[newton] it=20 |R|=6.1121e+02 rel=4.734e+00 (u=2.63e+02 v=5.52e+02 p=1.29e+00) cfl=0.281 gmres=3
[newton] it=21 |R|=4.7667e+02 rel=3.692e+00 (u=2.26e+02 v=4.20e+02 p=1.71e+00) cfl=0.36 gmres=4
[newton] it=22 |R|=3.6542e+02 rel=2.830e+00 (u=1.84e+02 v=3.15e+02 p=2.44e+00) cfl=0.47 gmres=4
[newton] it=23 |R|=2.7880e+02 rel=2.159e+00 (u=1.42e+02 v=2.40e+02 p=9.29e-01) cfl=0.616 gmres=5
[newton] it=24 |R|=2.0417e+02 rel=1.581e+00 (u=1.01e+02 v=1.78e+02 p=1.04e+00) cfl=0.842 gmres=4
[newton] it=25 |R|=1.4385e+02 rel=1.114e+00 (u=6.64e+01 v=1.28e+02 p=1.33e+00) cfl=1.19 gmres=5
[newton] it=26 |R|=9.9010e+01 rel=7.669e-01 (u=4.27e+01 v=8.93e+01 p=7.58e-01) cfl=1.74 gmres=5
[newton] it=27 |R|=6.8457e+01 rel=5.302e-01 (u=2.96e+01 v=6.17e+01 p=7.13e-01) cfl=2.51 gmres=7
[newton] it=28 |R|=4.8915e+01 rel=3.789e-01 (u=2.30e+01 v=4.31e+01 p=1.41e+00) cfl=3.51 gmres=7
[newton] it=29 |R|=3.6040e+01 rel=2.791e-01 (u=1.94e+01 v=3.03e+01 p=1.45e+00) cfl=4.77 gmres=7
[newton] it=30 |R|=2.7069e+01 rel=2.097e-01 (u=1.59e+01 v=2.18e+01 p=2.05e+00) cfl=6.35 gmres=8
[newton] it=31 |R|=2.1208e+01 rel=1.643e-01 (u=1.32e+01 v=1.66e+01 p=9.98e-01) cfl=8.1 gmres=9
[newton] it=32 |R|=1.6833e+01 rel=1.304e-01 (u=1.08e+01 v=1.29e+01 p=5.31e-01) cfl=10.2 gmres=8
[newton] it=33 |R|=1.3797e+01 rel=1.069e-01 (u=9.12e+00 v=1.03e+01 p=6.93e-01) cfl=12.5 gmres=7
[newton] it=34 |R|=1.1476e+01 rel=8.889e-02 (u=7.81e+00 v=8.40e+00 p=3.59e-01) cfl=15 gmres=6
[newton] it=35 |R|=9.6748e+00 rel=7.493e-02 (u=6.75e+00 v=6.93e+00 p=2.84e-01) cfl=17.8 gmres=7
[newton] it=36 |R|=8.2573e+00 rel=6.396e-02 (u=5.84e+00 v=5.81e+00 p=4.92e-01) cfl=20.8 gmres=8
[newton] it=37 |R|=7.0682e+00 rel=5.475e-02 (u=5.05e+00 v=4.94e+00 p=2.30e-01) cfl=24.3 gmres=8
[newton] it=38 |R|=5.9140e+00 rel=4.581e-02 (u=4.29e+00 v=4.05e+00 p=3.12e-01) cfl=29.1 gmres=9
[newton] it=39 |R|=4.9725e+00 rel=3.851e-02 (u=3.65e+00 v=3.34e+00 p=4.92e-01) cfl=34.6 gmres=8
[newton] it=40 |R|=4.1659e+00 rel=3.227e-02 (u=3.15e+00 v=2.70e+00 p=3.41e-01) cfl=41.2 gmres=9
[newton] it=41 |R|=3.5384e+00 rel=2.741e-02 (u=2.70e+00 v=2.23e+00 p=4.85e-01) cfl=48.6 gmres=8
[newton] it=42 |R|=2.8705e+00 rel=2.223e-02 (u=2.31e+00 v=1.71e+00 p=3.53e-02) cfl=59.9 gmres=7
[newton] it=43 |R|=2.3840e+00 rel=1.846e-02 (u=1.98e+00 v=1.32e+00 p=1.48e-02) cfl=72.1 gmres=7
[newton] it=44 |R|=1.9926e+00 rel=1.543e-02 (u=1.71e+00 v=1.02e+00 p=6.61e-03) cfl=86.2 gmres=6
[newton] it=45 |R|=1.6769e+00 rel=1.299e-02 (u=1.48e+00 v=7.94e-01 p=7.17e-03) cfl=102 gmres=7
[newton] it=46 |R|=1.4221e+00 rel=1.101e-02 (u=1.28e+00 v=6.19e-01 p=1.43e-03) cfl=121 gmres=7
[newton] it=47 |R|=1.2122e+00 rel=9.389e-03 (u=1.11e+00 v=4.85e-01 p=9.01e-04) cfl=142 gmres=8
[newton] it=48 |R|=1.0381e+00 rel=8.040e-03 (u=9.65e-01 v=3.84e-01 p=5.39e-04) cfl=166 gmres=8
[newton] it=49 |R|=8.9253e-01 rel=6.913e-03 (u=8.39e-01 v=3.05e-01 p=3.45e-04) cfl=193 gmres=8
[newton] it=50 |R|=7.7004e-01 rel=5.964e-03 (u=7.30e-01 v=2.45e-01 p=3.75e-04) cfl=223 gmres=8
[newton] it=51 |R|=6.6640e-01 rel=5.162e-03 (u=6.36e-01 v=1.98e-01 p=1.79e-04) cfl=258 gmres=7
[newton] it=52 |R|=5.7802e-01 rel=4.477e-03 (u=5.55e-01 v=1.62e-01 p=1.58e-04) cfl=297 gmres=7
[newton] it=53 |R|=5.0229e-01 rel=3.890e-03 (u=4.85e-01 v=1.32e-01 p=1.08e-04) cfl=342 gmres=7
[newton] it=54 |R|=4.3702e-01 rel=3.385e-03 (u=4.23e-01 v=1.09e-01 p=7.38e-05) cfl=393 gmres=7
[newton] it=55 |R|=3.8057e-01 rel=2.948e-03 (u=3.70e-01 v=9.01e-02 p=5.54e-05) cfl=452 gmres=7
[newton] it=56 |R|=3.3149e-01 rel=2.568e-03 (u=3.23e-01 v=7.46e-02 p=4.51e-05) cfl=518 gmres=7
[newton] it=57 |R|=2.8872e-01 rel=2.236e-03 (u=2.82e-01 v=6.19e-02 p=1.65e-04) cfl=595 gmres=7
[newton] it=58 |R|=2.5129e-01 rel=1.946e-03 (u=2.46e-01 v=5.14e-02 p=2.37e-05) cfl=684 gmres=7
[newton] it=59 |R|=2.1843e-01 rel=1.692e-03 (u=2.14e-01 v=4.28e-02 p=2.21e-05) cfl=787 gmres=6
[newton] it=60 |R|=1.8949e-01 rel=1.468e-03 (u=1.86e-01 v=3.58e-02 p=1.52e-05) cfl=907 gmres=4
[newton] it=61 |R|=1.6393e-01 rel=1.270e-03 (u=1.61e-01 v=3.00e-02 p=9.15e-05) cfl=1.05e+03 gmres=4
[newton] it=62 |R|=1.4130e-01 rel=1.094e-03 (u=1.39e-01 v=2.54e-02 p=7.81e-06) cfl=1.22e+03 gmres=7
[newton] it=63 |R|=1.2124e-01 rel=9.391e-04 (u=1.19e-01 v=2.16e-02 p=5.62e-06) cfl=1.42e+03 gmres=7
[newton] it=64 |R|=1.0347e-01 rel=8.014e-04 (u=1.02e-01 v=1.86e-02 p=4.71e-06) cfl=1.66e+03 gmres=6
[newton] it=65 |R|=8.7774e-02 rel=6.798e-04 (u=8.63e-02 v=1.62e-02 p=8.38e-06) cfl=1.96e+03 gmres=6
[newton] it=66 |R|=7.3960e-02 rel=5.728e-04 (u=7.26e-02 v=1.43e-02 p=2.53e-06) cfl=2.32e+03 gmres=6
[newton] it=67 |R|=6.1882e-02 rel=4.793e-04 (u=6.06e-02 v=1.26e-02 p=2.49e-06) cfl=2.78e+03 gmres=6
[newton] it=68 |R|=5.1413e-02 rel=3.982e-04 (u=5.02e-02 v=1.12e-02 p=2.63e-06) cfl=3.34e+03 gmres=6
[newton] it=69 |R|=4.2425e-02 rel=3.286e-04 (u=4.13e-02 v=9.83e-03 p=6.39e-07) cfl=4.05e+03 gmres=7
[newton] it=70 |R|=3.4794e-02 rel=2.695e-04 (u=3.37e-02 v=8.58e-03 p=5.27e-06) cfl=4.94e+03 gmres=7
[newton] it=71 |R|=2.8393e-02 rel=2.199e-04 (u=2.74e-02 v=7.42e-03 p=8.10e-07) cfl=6.05e+03 gmres=7
[newton] it=72 |R|=2.3089e-02 rel=1.788e-04 (u=2.22e-02 v=6.34e-03 p=2.95e-07) cfl=7.44e+03 gmres=7
[newton] it=73 |R|=1.8742e-02 rel=1.452e-04 (u=1.80e-02 v=5.38e-03 p=2.46e-07) cfl=9.17e+03 gmres=7
[newton] it=74 |R|=1.5217e-02 rel=1.179e-04 (u=1.45e-02 v=4.53e-03 p=2.32e-07) cfl=1.13e+04 gmres=7
[newton] it=75 |R|=1.2378e-02 rel=9.587e-05 (u=1.18e-02 v=3.80e-03 p=6.85e-07) cfl=1.39e+04 gmres=6
[newton] it=76 |R|=1.0102e-02 rel=7.824e-05 (u=9.59e-03 v=3.18e-03 p=3.63e-07) cfl=1.7e+04 gmres=6
[newton] it=77 |R|=8.2766e-03 rel=6.410e-05 (u=7.83e-03 v=2.67e-03 p=4.78e-07) cfl=2.08e+04 gmres=6
[newton] it=78 |R|=6.8079e-03 rel=5.273e-05 (u=6.43e-03 v=2.24e-03 p=4.88e-07) cfl=2.52e+04 gmres=6
[newton] it=79 |R|=5.6178e-03 rel=4.351e-05 (u=5.30e-03 v=1.87e-03 p=4.37e-07) cfl=3.06e+04 gmres=6
[newton] it=80 |R|=4.6453e-03 rel=3.598e-05 (u=4.38e-03 v=1.56e-03 p=3.77e-07) cfl=3.7e+04 gmres=6
[newton] done converged=False reason='max_iter' it=80 m_in=2.0000e+02 m_out=2.0000e+02 |R_steady|/|R0|=3.598e-05 elapsed=62.0s
--> L_floor0.1: {'converged': False, 'reason': 'max_iter', 'n_newton': 80, 'rel_final': 3.59796791768446e-05, 'rel_min': 3.59796791768446e-05, 'first_step_ratio': 26.61855762815728, 'steady_residual_ratio': 3.59796791768446e-05, 'mass_in': 199.99999999999997, 'mass_out': 199.99999999992568, 'elapsed': 62.04193768699952}
===== uturn r1 U=2.0 variant L_nofloor =====
[newton] it=0 |R|=1.2911e+02 (u=1.15e+02 v=0.00e+00 p=5.77e+01) cfl=0.5
[newton] it=1 |R|=5.3608e+03 rel=4.152e+01 (u=5.28e+03 v=8.73e+02 p=3.07e+02) cfl=0.05 gmres=16 (gmres not converged)
[newton] it=2 |R|=7.4145e+03 rel=5.743e+01 (u=5.32e+03 v=5.16e+03 p=2.56e+02) cfl=0.0362 gmres=3
[newton] it=3 |R|=3.0309e+03 rel=2.347e+01 (u=1.50e+03 v=2.63e+03 p=8.69e+01) cfl=0.0723 gmres=3
[newton] it=4 |R|=3.3499e+03 rel=2.595e+01 (u=2.80e+03 v=1.84e+03 p=8.30e+01) cfl=0.0654 gmres=4
[newton] it=5 |R|=6.7229e+03 rel=5.207e+01 (u=6.54e+03 v=1.50e+03 p=3.58e+02) cfl=0.0326 gmres=5
[newton] it=6 |R|=4.1212e+04 rel=3.192e+02 (u=4.10e+04 v=4.23e+03 p=1.49e+03) cfl=0.00532 gmres=6
[newton] it=7 |R|=9.8671e+03 rel=7.642e+01 (u=9.24e+03 v=3.47e+03 p=1.72e+02) cfl=0.0106 gmres=3
[newton] it=8 |R|=1.4624e+04 rel=1.133e+02 (u=1.44e+04 v=2.65e+03 p=6.74e+02) cfl=0.00718 gmres=8
[newton] it=9 |R|=8.8160e+03 rel=6.828e+01 (u=8.24e+03 v=2.87e+03 p=1.28e+03) cfl=0.0119 gmres=7
[newton] it=10 |R|=8.3462e+03 rel=6.464e+01 (u=8.05e+03 v=2.19e+03 p=1.25e+02) cfl=0.0126 gmres=6
[newton] it=11 |R|=8.2546e+03 rel=6.393e+01 (u=7.98e+03 v=2.11e+03 p=4.98e+00) cfl=0.0127 gmres=4
[newton] it=12 |R|=8.1463e+03 rel=6.310e+01 (u=7.89e+03 v=2.03e+03 p=4.33e+00) cfl=0.0129 gmres=4
[newton] it=13 |R|=8.0481e+03 rel=6.234e+01 (u=7.80e+03 v=1.96e+03 p=8.47e+00) cfl=0.013 gmres=4
[newton] it=14 |R|=7.9570e+03 rel=6.163e+01 (u=7.72e+03 v=1.91e+03 p=2.64e+01) cfl=0.0132 gmres=4
[newton] it=15 |R|=7.7982e+03 rel=6.040e+01 (u=7.59e+03 v=1.80e+03 p=1.39e+02) cfl=0.0135 gmres=4
[newton] it=16 |R|=7.7472e+03 rel=6.000e+01 (u=7.52e+03 v=1.85e+03 p=3.24e+01) cfl=0.0135 gmres=5
[newton] it=17 |R|=7.7094e+03 rel=5.971e+01 (u=7.48e+03 v=1.85e+03 p=3.45e+00) cfl=0.0136 gmres=4
[newton] it=18 |R|=7.6453e+03 rel=5.922e+01 (u=7.43e+03 v=1.81e+03 p=6.73e+00) cfl=0.0137 gmres=6
[newton] it=19 |R|=7.5519e+03 rel=5.849e+01 (u=7.34e+03 v=1.77e+03 p=5.62e+00) cfl=0.0139 gmres=6
[newton] it=20 |R|=7.4686e+03 rel=5.785e+01 (u=7.27e+03 v=1.72e+03 p=4.82e+00) cfl=0.014 gmres=6
[newton] it=21 |R|=7.3900e+03 rel=5.724e+01 (u=7.20e+03 v=1.67e+03 p=2.93e+00) cfl=0.0142 gmres=7
[newton] it=22 |R|=7.3115e+03 rel=5.663e+01 (u=7.13e+03 v=1.63e+03 p=2.87e+01) cfl=0.0144 gmres=7
[newton] it=23 |R|=7.2441e+03 rel=5.611e+01 (u=7.07e+03 v=1.58e+03 p=5.10e+00) cfl=0.0145 gmres=4
[newton] it=24 |R|=7.1898e+03 rel=5.569e+01 (u=7.02e+03 v=1.55e+03 p=8.90e+00) cfl=0.0146 gmres=4
[newton] it=25 |R|=7.4947e+03 rel=5.805e+01 (u=7.34e+03 v=1.52e+03 p=1.36e+02) cfl=0.014 gmres=4
[newton] it=26 |R|=7.1035e+03 rel=5.502e+01 (u=6.94e+03 v=1.52e+03 p=2.38e+00) cfl=0.0148 gmres=3
[newton] it=27 |R|=7.0464e+03 rel=5.458e+01 (u=6.89e+03 v=1.49e+03 p=1.13e+00) cfl=0.0149 gmres=3
[newton] it=28 |R|=7.0068e+03 rel=5.427e+01 (u=6.85e+03 v=1.46e+03 p=3.94e+01) cfl=0.015 gmres=5
[newton] it=29 |R|=6.9220e+03 rel=5.361e+01 (u=6.75e+03 v=1.53e+03 p=1.52e+01) cfl=0.0152 gmres=6
[newton] it=30 |R|=7.0612e+03 rel=5.469e+01 (u=6.79e+03 v=1.93e+03 p=2.64e+01) cfl=0.0149 gmres=5
[newton] it=31 |R|=6.8849e+03 rel=5.333e+01 (u=6.72e+03 v=1.52e+03 p=2.26e+00) cfl=0.0152 gmres=3
[newton] it=32 |R|=6.8257e+03 rel=5.287e+01 (u=6.68e+03 v=1.42e+03 p=9.57e-01) cfl=0.0154 gmres=3
[newton] it=33 |R|=6.7767e+03 rel=5.249e+01 (u=6.64e+03 v=1.36e+03 p=3.84e-01) cfl=0.0155 gmres=5
[newton] it=34 |R|=6.7310e+03 rel=5.213e+01 (u=6.60e+03 v=1.31e+03 p=3.55e-01) cfl=0.0156 gmres=5
[newton] it=35 |R|=6.6838e+03 rel=5.177e+01 (u=6.57e+03 v=1.24e+03 p=1.84e+00) cfl=0.0157 gmres=3
[newton] it=36 |R|=6.6450e+03 rel=5.147e+01 (u=6.53e+03 v=1.21e+03 p=6.49e-01) cfl=0.0158 gmres=3
[newton] it=37 |R|=6.6066e+03 rel=5.117e+01 (u=6.50e+03 v=1.18e+03 p=1.60e-01) cfl=0.0159 gmres=4
[newton] it=38 |R|=6.5679e+03 rel=5.087e+01 (u=6.47e+03 v=1.16e+03 p=1.61e-01) cfl=0.016 gmres=4
[newton] it=39 |R|=6.5291e+03 rel=5.057e+01 (u=6.43e+03 v=1.13e+03 p=2.45e-01) cfl=0.0161 gmres=4
[newton] it=40 |R|=6.4902e+03 rel=5.027e+01 (u=6.40e+03 v=1.10e+03 p=4.52e-01) cfl=0.0162 gmres=4
[newton] it=41 |R|=6.4518e+03 rel=4.997e+01 (u=6.36e+03 v=1.08e+03 p=2.24e-01) cfl=0.0163 gmres=4
[newton] it=42 |R|=6.4129e+03 rel=4.967e+01 (u=6.33e+03 v=1.06e+03 p=1.68e-01) cfl=0.0164 gmres=4
[newton] it=43 |R|=6.3742e+03 rel=4.937e+01 (u=6.29e+03 v=1.03e+03 p=1.65e-01) cfl=0.0165 gmres=4
[newton] it=44 |R|=6.3355e+03 rel=4.907e+01 (u=6.25e+03 v=1.01e+03 p=1.66e-01) cfl=0.0166 gmres=4
[newton] it=45 |R|=6.2967e+03 rel=4.877e+01 (u=6.22e+03 v=9.88e+02 p=1.79e-01) cfl=0.0167 gmres=4
[newton] it=46 |R|=6.2577e+03 rel=4.847e+01 (u=6.18e+03 v=9.66e+02 p=1.77e-01) cfl=0.0168 gmres=4
[newton] it=47 |R|=6.2189e+03 rel=4.817e+01 (u=6.15e+03 v=9.45e+02 p=8.38e-01) cfl=0.0169 gmres=4
[newton] it=48 |R|=6.1779e+03 rel=4.785e+01 (u=6.11e+03 v=9.22e+02 p=1.28e+00) cfl=0.017 gmres=4
[newton] it=49 |R|=6.1374e+03 rel=4.754e+01 (u=6.07e+03 v=8.98e+02 p=3.29e-01) cfl=0.0171 gmres=4
[newton] it=50 |R|=6.0958e+03 rel=4.721e+01 (u=6.03e+03 v=8.77e+02 p=1.91e-01) cfl=0.0172 gmres=4
[newton] it=51 |R|=6.0524e+03 rel=4.688e+01 (u=5.99e+03 v=8.56e+02 p=1.48e-01) cfl=0.0173 gmres=4
[newton] it=52 |R|=6.0090e+03 rel=4.654e+01 (u=5.95e+03 v=8.36e+02 p=2.20e-01) cfl=0.0175 gmres=4
[newton] it=53 |R|=5.9658e+03 rel=4.621e+01 (u=5.91e+03 v=8.18e+02 p=3.35e+00) cfl=0.0176 gmres=7
[newton] it=54 |R|=5.9202e+03 rel=4.585e+01 (u=5.87e+03 v=8.06e+02 p=1.78e-01) cfl=0.0177 gmres=5
[newton] it=55 |R|=5.8738e+03 rel=4.549e+01 (u=5.82e+03 v=7.93e+02 p=1.17e-01) cfl=0.0179 gmres=4
[newton] it=56 |R|=5.8263e+03 rel=4.513e+01 (u=5.77e+03 v=7.81e+02 p=1.13e-01) cfl=0.018 gmres=4
[newton] it=57 |R|=5.7780e+03 rel=4.475e+01 (u=5.73e+03 v=7.69e+02 p=1.11e-01) cfl=0.0182 gmres=4
[newton] it=58 |R|=5.7272e+03 rel=4.436e+01 (u=5.68e+03 v=7.59e+02 p=6.75e-01) cfl=0.0183 gmres=4
[newton] it=59 |R|=5.6866e+03 rel=4.404e+01 (u=5.64e+03 v=7.61e+02 p=1.87e-01) cfl=0.0185 gmres=4
[newton] it=60 |R|=5.6407e+03 rel=4.369e+01 (u=5.59e+03 v=7.60e+02 p=1.30e-01) cfl=0.0186 gmres=4
[newton] it=61 |R|=5.5928e+03 rel=4.332e+01 (u=5.54e+03 v=7.58e+02 p=1.62e+00) cfl=0.0188 gmres=4
[newton] it=62 |R|=5.5440e+03 rel=4.294e+01 (u=5.49e+03 v=7.63e+02 p=3.99e-01) cfl=0.0189 gmres=6
[newton] it=63 |R|=5.4932e+03 rel=4.255e+01 (u=5.44e+03 v=7.61e+02 p=3.86e-01) cfl=0.0191 gmres=4
[newton] it=64 |R|=5.4408e+03 rel=4.214e+01 (u=5.39e+03 v=7.57e+02 p=3.01e-01) cfl=0.0193 gmres=4
[newton] it=65 |R|=5.3868e+03 rel=4.172e+01 (u=5.33e+03 v=7.53e+02 p=2.59e-01) cfl=0.0195 gmres=4
[newton] it=66 |R|=5.3313e+03 rel=4.129e+01 (u=5.28e+03 v=7.47e+02 p=2.24e-01) cfl=0.0197 gmres=4
[newton] it=67 |R|=5.2746e+03 rel=4.085e+01 (u=5.22e+03 v=7.42e+02 p=2.19e-01) cfl=0.0199 gmres=4
[newton] it=68 |R|=5.2168e+03 rel=4.041e+01 (u=5.16e+03 v=7.36e+02 p=2.33e-01) cfl=0.0201 gmres=4
[newton] it=69 |R|=5.1580e+03 rel=3.995e+01 (u=5.11e+03 v=7.31e+02 p=2.55e-01) cfl=0.0203 gmres=4
[newton] it=70 |R|=5.0991e+03 rel=3.949e+01 (u=5.05e+03 v=7.25e+02 p=6.31e+00) cfl=0.0206 gmres=4
[newton] it=71 |R|=5.0381e+03 rel=3.902e+01 (u=4.99e+03 v=7.15e+02 p=3.30e-01) cfl=0.0208 gmres=4
[newton] it=72 |R|=4.9754e+03 rel=3.854e+01 (u=4.93e+03 v=7.03e+02 p=5.72e-01) cfl=0.0211 gmres=4
[newton] it=73 |R|=4.9295e+03 rel=3.818e+01 (u=4.88e+03 v=6.91e+02 p=5.14e-01) cfl=0.0213 gmres=4
[newton] it=74 |R|=4.8894e+03 rel=3.787e+01 (u=4.84e+03 v=6.80e+02 p=4.63e-01) cfl=0.0215 gmres=5
[newton] it=75 |R|=4.8456e+03 rel=3.753e+01 (u=4.80e+03 v=6.72e+02 p=4.08e-01) cfl=0.0217 gmres=3
[newton] it=76 |R|=4.7938e+03 rel=3.713e+01 (u=4.75e+03 v=6.64e+02 p=6.99e+00) cfl=0.0219 gmres=5
[newton] it=77 |R|=4.7441e+03 rel=3.674e+01 (u=4.70e+03 v=6.49e+02 p=2.95e-01) cfl=0.0221 gmres=3
[newton] it=78 |R|=4.6872e+03 rel=3.630e+01 (u=4.64e+03 v=6.39e+02 p=3.09e-01) cfl=0.0224 gmres=3
[newton] it=79 |R|=4.6257e+03 rel=3.583e+01 (u=4.58e+03 v=6.28e+02 p=3.51e-01) cfl=0.0227 gmres=3
[newton] it=80 |R|=4.5592e+03 rel=3.531e+01 (u=4.52e+03 v=6.17e+02 p=5.22e-01) cfl=0.023 gmres=3
[newton] done converged=False reason='max_iter' it=80 m_in=2.0000e+02 m_out=2.0000e+02 |R_steady|/|R0|=3.531e+01 elapsed=57.1s
--> L_nofloor: {'converged': False, 'reason': 'max_iter', 'n_newton': 80, 'rel_final': 35.31277201912567, 'rel_min': 1.0, 'first_step_ratio': 41.52100879538919, 'steady_residual_ratio': 35.31277201912567, 'mass_in': 199.99999999999997, 'mass_out': 199.99998959349924, 'elapsed': 57.13951793599972}
===== uturn r1 U=2.0 variant L_rc_floor0.1 =====
[newton] it=0 |R|=1.2911e+02 (u=1.15e+02 v=0.00e+00 p=5.77e+01) cfl=0.5
[newton] it=1 |R|=1.1467e+03 rel=8.881e+00 (u=7.65e+02 v=8.41e+02 p=1.51e+02) cfl=0.0563 gmres=8
[newton] it=2 |R|=1.2796e+04 rel=9.911e+01 (u=1.31e+03 v=1.27e+04 p=3.12e+00) cfl=0.00563 gmres=16 (gmres not converged)
[newton] it=3 |R|=2.5534e+04 rel=1.978e+02 (u=7.98e+03 v=2.43e+04 p=7.42e-02) cfl=0.00283 gmres=2
[newton] it=4 |R|=2.2552e+04 rel=1.747e+02 (u=7.25e+03 v=2.14e+04 p=1.95e-02) cfl=0.0032 gmres=2
[newton] it=5 |R|=1.4173e+04 rel=1.098e+02 (u=5.89e+03 v=1.29e+04 p=1.17e-02) cfl=0.00509 gmres=2
[newton] it=6 |R|=7.7446e+03 rel=5.998e+01 (u=3.64e+03 v=6.84e+03 p=4.02e-02) cfl=0.00931 gmres=2
[newton] it=7 |R|=3.9448e+03 rel=3.055e+01 (u=2.09e+03 v=3.34e+03 p=7.55e-02) cfl=0.0182 gmres=2
[newton] it=8 |R|=2.0493e+03 rel=1.587e+01 (u=1.29e+03 v=1.59e+03 p=1.04e-01) cfl=0.0349 gmres=2
[newton] it=9 |R|=1.2209e+03 rel=9.457e+00 (u=8.57e+02 v=8.69e+02 p=1.53e-01) cfl=0.0577 gmres=2
[newton] it=10 |R|=8.8574e+02 rel=6.860e+00 (u=6.29e+02 v=6.24e+02 p=1.16e-01) cfl=0.0783 gmres=2
[newton] it=11 |R|=6.8628e+02 rel=5.315e+00 (u=5.09e+02 v=4.61e+02 p=3.74e-02) cfl=0.1 gmres=2
[newton] it=12 |R|=5.3236e+02 rel=4.123e+00 (u=4.23e+02 v=3.23e+02 p=2.56e-02) cfl=0.128 gmres=2
[newton] it=13 |R|=4.1020e+02 rel=3.177e+00 (u=3.48e+02 v=2.17e+02 p=2.42e-02) cfl=0.163 gmres=2
[newton] it=14 |R|=3.1429e+02 rel=2.434e+00 (u=2.81e+02 v=1.41e+02 p=2.56e-02) cfl=0.208 gmres=2
[newton] it=15 |R|=2.3773e+02 rel=1.841e+00 (u=2.19e+02 v=9.21e+01 p=2.85e-02) cfl=0.269 gmres=3
[newton] it=16 |R|=1.7544e+02 rel=1.359e+00 (u=1.63e+02 v=6.39e+01 p=2.97e-02) cfl=0.353 gmres=3
[newton] it=17 |R|=1.2490e+02 rel=9.674e-01 (u=1.15e+02 v=4.90e+01 p=3.38e-02) cfl=0.477 gmres=4
[newton] it=18 |R|=8.5922e+01 rel=6.655e-01 (u=7.60e+01 v=4.01e+01 p=4.11e-02) cfl=0.666 gmres=5
[newton] it=19 |R|=5.9701e+01 rel=4.624e-01 (u=4.91e+01 v=3.40e+01 p=5.20e-02) cfl=0.923 gmres=5
[newton] it=20 |R|=4.4837e+01 rel=3.473e-01 (u=3.40e+01 v=2.92e+01 p=5.01e-02) cfl=1.2 gmres=5
[newton] it=21 |R|=3.6942e+01 rel=2.861e-01 (u=2.69e+01 v=2.53e+01 p=3.87e-02) cfl=1.44 gmres=6
[newton] it=22 |R|=3.1889e+01 rel=2.470e-01 (u=2.30e+01 v=2.21e+01 p=8.25e-02) cfl=1.66 gmres=7
[newton] it=23 |R|=2.8477e+01 rel=2.206e-01 (u=2.00e+01 v=2.02e+01 p=3.81e-01) cfl=1.85 gmres=6
[newton] it=24 |R|=2.5908e+01 rel=2.007e-01 (u=1.82e+01 v=1.84e+01 p=2.21e+00) cfl=2.03 gmres=5
[newton] it=25 |R|=2.2859e+01 rel=1.771e-01 (u=1.64e+01 v=1.59e+01 p=3.36e-01) cfl=2.29 gmres=7
[newton] it=26 |R|=2.0749e+01 rel=1.607e-01 (u=1.48e+01 v=1.45e+01 p=1.60e+00) cfl=2.52 gmres=6
[newton] it=27 |R|=1.8502e+01 rel=1.433e-01 (u=1.33e+01 v=1.29e+01 p=3.92e-01) cfl=2.82 gmres=7
[newton] it=28 |R|=1.6429e+01 rel=1.273e-01 (u=1.17e+01 v=1.15e+01 p=2.28e-01) cfl=3.17 gmres=6
[newton] it=29 |R|=1.4622e+01 rel=1.133e-01 (u=1.04e+01 v=1.03e+01 p=4.35e-01) cfl=3.56 gmres=7
[newton] it=30 |R|=1.3004e+01 rel=1.007e-01 (u=9.32e+00 v=9.06e+00 p=1.01e-01) cfl=4 gmres=10
[newton] it=31 |R|=1.1608e+01 rel=8.991e-02 (u=8.40e+00 v=8.01e+00 p=1.36e-01) cfl=4.48 gmres=6
[newton] it=32 |R|=1.0353e+01 rel=8.019e-02 (u=7.55e+00 v=7.08e+00 p=1.77e-01) cfl=5.01 gmres=7
[newton] it=33 |R|=9.2570e+00 rel=7.170e-02 (u=6.74e+00 v=6.34e+00 p=1.32e-01) cfl=5.61 gmres=8
[newton] it=34 |R|=8.3430e+00 rel=6.462e-02 (u=6.01e+00 v=5.78e+00 p=3.01e-01) cfl=6.22 gmres=7
[newton] it=35 |R|=7.2972e+00 rel=5.652e-02 (u=5.35e+00 v=4.97e+00 p=1.28e-01) cfl=7.11 gmres=8
[newton] it=36 |R|=6.3540e+00 rel=4.921e-02 (u=4.73e+00 v=4.25e+00 p=1.22e-01) cfl=8.2 gmres=7
[newton] it=37 |R|=5.5320e+00 rel=4.285e-02 (u=4.15e+00 v=3.65e+00 p=1.65e-01) cfl=9.45 gmres=8
[newton] it=38 |R|=4.7745e+00 rel=3.698e-02 (u=3.65e+00 v=3.08e+00 p=1.01e-01) cfl=11 gmres=7
[newton] it=39 |R|=4.2116e+00 rel=3.262e-02 (u=3.21e+00 v=2.59e+00 p=8.67e-01) cfl=12.6 gmres=8
[newton] it=40 |R|=3.4926e+00 rel=2.705e-02 (u=2.78e+00 v=2.11e+00 p=7.60e-02) cfl=15.3 gmres=8
[newton] it=41 |R|=2.9642e+00 rel=2.296e-02 (u=2.43e+00 v=1.70e+00 p=2.82e-02) cfl=18.3 gmres=8
[newton] it=42 |R|=2.5065e+00 rel=1.941e-02 (u=2.11e+00 v=1.35e+00 p=1.18e-02) cfl=22 gmres=7
[newton] it=43 |R|=2.1244e+00 rel=1.645e-02 (u=1.84e+00 v=1.07e+00 p=1.18e-02) cfl=26.3 gmres=7
[newton] it=44 |R|=1.8076e+00 rel=1.400e-02 (u=1.60e+00 v=8.46e-01 p=6.58e-03) cfl=31.4 gmres=7
[newton] it=45 |R|=1.5430e+00 rel=1.195e-02 (u=1.39e+00 v=6.71e-01 p=1.03e-02) cfl=37.2 gmres=7
[newton] it=46 |R|=1.3241e+00 rel=1.026e-02 (u=1.21e+00 v=5.33e-01 p=9.44e-04) cfl=43.9 gmres=8
[newton] it=47 |R|=1.1395e+00 rel=8.826e-03 (u=1.06e+00 v=4.27e-01 p=5.82e-04) cfl=51.6 gmres=8
[newton] it=48 |R|=9.8355e-01 rel=7.618e-03 (u=9.22e-01 v=3.44e-01 p=1.07e-03) cfl=60.4 gmres=8
[newton] it=49 |R|=8.5120e-01 rel=6.593e-03 (u=8.04e-01 v=2.79e-01 p=3.84e-04) cfl=70.5 gmres=8
[newton] it=50 |R|=7.3851e-01 rel=5.720e-03 (u=7.03e-01 v=2.28e-01 p=4.96e-04) cfl=82 gmres=8
[newton] it=51 |R|=6.4194e-01 rel=4.972e-03 (u=6.14e-01 v=1.87e-01 p=1.55e-04) cfl=95.2 gmres=7
[newton] it=52 |R|=5.5885e-01 rel=4.328e-03 (u=5.37e-01 v=1.55e-01 p=1.20e-04) cfl=110 gmres=7
[newton] it=53 |R|=4.8699e-01 rel=3.772e-03 (u=4.70e-01 v=1.29e-01 p=1.17e-04) cfl=128 gmres=7
[newton] it=54 |R|=4.2463e-01 rel=3.289e-03 (u=4.11e-01 v=1.07e-01 p=7.77e-05) cfl=148 gmres=7
[newton] it=55 |R|=3.7029e-01 rel=2.868e-03 (u=3.59e-01 v=9.01e-02 p=5.15e-05) cfl=171 gmres=7
[newton] it=56 |R|=3.2279e-01 rel=2.500e-03 (u=3.14e-01 v=7.57e-02 p=2.55e-04) cfl=198 gmres=6
[newton] it=57 |R|=2.8116e-01 rel=2.178e-03 (u=2.74e-01 v=6.38e-02 p=5.99e-05) cfl=229 gmres=6
[newton] it=58 |R|=2.4458e-01 rel=1.894e-03 (u=2.39e-01 v=5.39e-02 p=3.20e-05) cfl=266 gmres=4
[newton] it=59 |R|=2.1232e-01 rel=1.644e-03 (u=2.07e-01 v=4.57e-02 p=1.82e-05) cfl=310 gmres=7
[newton] it=60 |R|=1.8381e-01 rel=1.424e-03 (u=1.80e-01 v=3.87e-02 p=4.78e-05) cfl=362 gmres=7
[newton] it=61 |R|=1.5857e-01 rel=1.228e-03 (u=1.55e-01 v=3.28e-02 p=1.13e-05) cfl=424 gmres=7
[newton] it=62 |R|=1.3621e-01 rel=1.055e-03 (u=1.33e-01 v=2.79e-02 p=9.28e-06) cfl=500 gmres=7
[newton] it=63 |R|=1.1639e-01 rel=9.015e-04 (u=1.14e-01 v=2.37e-02 p=7.71e-06) cfl=593 gmres=7
[newton] it=64 |R|=9.8869e-02 rel=7.658e-04 (u=9.68e-02 v=2.02e-02 p=5.98e-06) cfl=708 gmres=7
[newton] it=65 |R|=8.3446e-02 rel=6.463e-04 (u=8.16e-02 v=1.73e-02 p=1.45e-05) cfl=852 gmres=6
[newton] it=66 |R|=6.9942e-02 rel=5.417e-04 (u=6.83e-02 v=1.49e-02 p=4.85e-06) cfl=1.03e+03 gmres=6
[newton] it=67 |R|=5.8215e-02 rel=4.509e-04 (u=5.68e-02 v=1.27e-02 p=2.94e-06) cfl=1.26e+03 gmres=6
[newton] it=68 |R|=4.8133e-02 rel=3.728e-04 (u=4.69e-02 v=1.09e-02 p=2.13e-06) cfl=1.56e+03 gmres=6
[newton] it=69 |R|=3.9552e-02 rel=3.063e-04 (u=3.84e-02 v=9.28e-03 p=1.23e-06) cfl=1.93e+03 gmres=6
[newton] it=70 |R|=3.2331e-02 rel=2.504e-04 (u=3.14e-02 v=7.82e-03 p=8.00e-07) cfl=2.4e+03 gmres=6
[newton] it=71 |R|=2.6324e-02 rel=2.039e-04 (u=2.55e-02 v=6.52e-03 p=4.73e-07) cfl=3.01e+03 gmres=6
[newton] it=72 |R|=2.1379e-02 rel=1.656e-04 (u=2.07e-02 v=5.36e-03 p=2.44e-06) cfl=3.78e+03 gmres=4
[newton] it=73 |R|=1.7340e-02 rel=1.343e-04 (u=1.68e-02 v=4.35e-03 p=6.72e-07) cfl=4.74e+03 gmres=5
[newton] it=74 |R|=1.4065e-02 rel=1.089e-04 (u=1.36e-02 v=3.49e-03 p=5.35e-07) cfl=5.95e+03 gmres=5
[newton] it=75 |R|=1.1418e-02 rel=8.844e-05 (u=1.11e-02 v=2.77e-03 p=4.65e-07) cfl=7.45e+03 gmres=5
[newton] it=76 |R|=9.2809e-03 rel=7.188e-05 (u=9.02e-03 v=2.18e-03 p=4.80e-07) cfl=9.31e+03 gmres=5
[newton] it=77 |R|=7.5513e-03 rel=5.849e-05 (u=7.35e-03 v=1.72e-03 p=5.11e-07) cfl=1.16e+04 gmres=5
[newton] it=78 |R|=6.1455e-03 rel=4.760e-05 (u=5.99e-03 v=1.35e-03 p=4.79e-07) cfl=1.45e+04 gmres=5
[newton] it=79 |R|=4.9972e-03 rel=3.871e-05 (u=4.88e-03 v=1.07e-03 p=4.06e-07) cfl=1.81e+04 gmres=5
[newton] it=80 |R|=4.0548e-03 rel=3.141e-05 (u=3.96e-03 v=8.52e-04 p=3.13e-07) cfl=2.26e+04 gmres=5
[newton] done converged=False reason='max_iter' it=80 m_in=2.0000e+02 m_out=2.0000e+02 |R_steady|/|R0|=3.904e-05 elapsed=68.5s
--> L_rc_floor0.1: {'converged': False, 'reason': 'max_iter', 'n_newton': 80, 'rel_final': 3.140537458278569e-05, 'rel_min': 3.140537458278569e-05, 'first_step_ratio': 8.881217126604247, 'steady_residual_ratio': 3.903633723633969e-05, 'mass_in': 199.99999999999997, 'mass_out': 199.99999999995688, 'elapsed': 68.50007423399984}
===== uturn r1 U=2.0 variant L_rc_nofloor =====
[newton] it=0 |R|=1.2911e+02 (u=1.15e+02 v=0.00e+00 p=5.77e+01) cfl=0.5
[newton] it=1 |R|=5.3594e+03 rel=4.151e+01 (u=5.28e+03 v=8.72e+02 p=3.07e+02) cfl=0.05 gmres=11 (gmres not converged)
[newton] it=2 |R|=2.9390e+04 rel=2.276e+02 (u=1.85e+04 v=2.29e+04 p=7.30e+00) cfl=0.0115 gmres=3
[newton] it=3 |R|=7.3896e+04 rel=5.723e+02 (u=6.96e+04 v=2.48e+04 p=3.88e-01) cfl=0.00464 gmres=2
[newton] it=4 |R|=1.3381e+05 rel=1.036e+03 (u=1.28e+05 v=3.96e+04 p=4.51e-02) cfl=0.00258 gmres=1
[newton] it=5 |R|=1.9654e+05 rel=1.522e+03 (u=1.89e+05 v=5.36e+04 p=4.64e-02) cfl=0.00176 gmres=1
[newton] it=6 |R|=2.3770e+05 rel=1.841e+03 (u=2.30e+05 v=5.92e+04 p=1.42e-02) cfl=0.00146 gmres=2
[newton] it=7 |R|=2.1413e+05 rel=1.658e+03 (u=2.09e+05 v=4.63e+04 p=2.03e-02) cfl=0.00162 gmres=2
[newton] it=8 |R|=1.6358e+05 rel=1.267e+03 (u=1.58e+05 v=4.10e+04 p=1.21e+00) cfl=0.00212 gmres=2
[newton] it=9 |R|=1.3124e+05 rel=1.016e+03 (u=1.06e+05 v=7.67e+04 p=1.60e-01) cfl=0.00263 gmres=2
[newton] it=10 |R|=7.5222e+04 rel=5.826e+02 (u=6.49e+04 v=3.80e+04 p=1.02e+00) cfl=0.0046 gmres=2
[newton] it=11 |R|=3.8673e+04 rel=2.995e+02 (u=3.45e+04 v=1.75e+04 p=4.38e-02) cfl=0.00894 gmres=2
[newton] it=12 |R|=2.0208e+04 rel=1.565e+02 (u=1.85e+04 v=8.02e+03 p=2.44e-02) cfl=0.0171 gmres=2
[newton] it=13 |R|=1.1470e+04 rel=8.884e+01 (u=1.03e+04 v=5.06e+03 p=3.52e-02) cfl=0.03 gmres=2
[newton] it=14 |R|=6.9492e+03 rel=5.382e+01 (u=6.07e+03 v=3.38e+03 p=5.43e-02) cfl=0.0492 gmres=2
[newton] it=15 |R|=4.6366e+03 rel=3.591e+01 (u=4.01e+03 v=2.32e+03 p=8.62e-02) cfl=0.0729 gmres=2
[newton] it=16 |R|=3.4195e+03 rel=2.649e+01 (u=3.05e+03 v=1.54e+03 p=9.34e-02) cfl=0.0972 gmres=2
[newton] it=17 |R|=2.7549e+03 rel=2.134e+01 (u=2.57e+03 v=9.81e+02 p=9.60e-02) cfl=0.118 gmres=2
[newton] it=18 |R|=2.3744e+03 rel=1.839e+01 (u=2.29e+03 v=6.13e+02 p=1.19e-01) cfl=0.134 gmres=2
[newton] it=19 |R|=2.1297e+03 rel=1.650e+01 (u=2.09e+03 v=3.88e+02 p=1.16e-01) cfl=0.146 gmres=2
[newton] it=20 |R|=1.9410e+03 rel=1.503e+01 (u=1.92e+03 v=2.62e+02 p=2.70e-01) cfl=0.156 gmres=2
[newton] it=21 |R|=1.7711e+03 rel=1.372e+01 (u=1.76e+03 v=2.00e+02 p=7.47e-01) cfl=0.166 gmres=2
[newton] it=22 |R|=1.6326e+03 rel=1.264e+01 (u=1.62e+03 v=1.87e+02 p=1.14e+00) cfl=0.177 gmres=2
[newton] it=23 |R|=1.4914e+03 rel=1.155e+01 (u=1.48e+03 v=1.57e+02 p=4.57e-02) cfl=0.191 gmres=2
[newton] it=24 |R|=1.3480e+03 rel=1.044e+01 (u=1.34e+03 v=1.50e+02 p=7.47e-02) cfl=0.207 gmres=3
[newton] it=25 |R|=1.1911e+03 rel=9.225e+00 (u=1.18e+03 v=1.40e+02 p=3.90e-01) cfl=0.227 gmres=3
[newton] it=26 |R|=1.0292e+03 rel=7.972e+00 (u=1.02e+03 v=1.32e+02 p=5.98e+00) cfl=0.251 gmres=3
[newton] it=27 |R|=8.8695e+02 rel=6.870e+00 (u=8.81e+02 v=1.03e+02 p=7.91e-01) cfl=0.282 gmres=3
[newton] it=28 |R|=7.4734e+02 rel=5.788e+00 (u=7.42e+02 v=9.17e+01 p=1.09e+00) cfl=0.326 gmres=3
[newton] it=29 |R|=6.1021e+02 rel=4.726e+00 (u=6.04e+02 v=8.82e+01 p=2.18e+00) cfl=0.383 gmres=3
[newton] it=30 |R|=4.7664e+02 rel=3.692e+00 (u=4.70e+02 v=7.67e+01 p=5.40e-01) cfl=0.472 gmres=3
[newton] it=31 |R|=3.4749e+02 rel=2.691e+00 (u=3.41e+02 v=6.91e+01 p=2.14e+00) cfl=0.608 gmres=6
[newton] it=32 |R|=2.3827e+02 rel=1.845e+00 (u=2.30e+02 v=6.08e+01 p=1.04e+00) cfl=0.862 gmres=4
[newton] it=33 |R|=1.5003e+02 rel=1.162e+00 (u=1.41e+02 v=5.16e+01 p=8.45e-01) cfl=1.29 gmres=4
[newton] it=34 |R|=1.0022e+02 rel=7.762e-01 (u=8.98e+01 v=4.45e+01 p=1.42e+00) cfl=1.84 gmres=5
[newton] it=35 |R|=6.1923e+01 rel=4.796e-01 (u=5.02e+01 v=3.62e+01 p=2.69e+00) cfl=2.89 gmres=7
[newton] it=36 |R|=3.6878e+01 rel=2.856e-01 (u=2.79e+01 v=2.41e+01 p=6.70e-01) cfl=4.72 gmres=7
[newton] it=37 |R|=2.6663e+01 rel=2.065e-01 (u=1.98e+01 v=1.77e+01 p=2.33e+00) cfl=6.49 gmres=9
[newton] it=38 |R|=2.0697e+01 rel=1.603e-01 (u=1.53e+01 v=1.39e+01 p=7.91e-01) cfl=8.34 gmres=8
[newton] it=39 |R|=1.6635e+01 rel=1.288e-01 (u=1.22e+01 v=1.12e+01 p=6.85e-01) cfl=10.4 gmres=13
[newton] it=40 |R|=1.3791e+01 rel=1.068e-01 (u=1.02e+01 v=9.28e+00 p=2.25e-01) cfl=12.5 gmres=7
[newton] it=41 |R|=1.1591e+01 rel=8.978e-02 (u=8.61e+00 v=7.75e+00 p=3.66e-01) cfl=14.8 gmres=7
[newton] it=42 |R|=9.8944e+00 rel=7.664e-02 (u=7.35e+00 v=6.62e+00 p=2.82e-01) cfl=17.3 gmres=7
[newton] it=43 |R|=8.7178e+00 rel=6.752e-02 (u=6.59e+00 v=5.69e+00 p=4.55e-01) cfl=19.6 gmres=10
[newton] it=44 |R|=7.3218e+00 rel=5.671e-02 (u=5.45e+00 v=4.89e+00 p=2.10e-01) cfl=23.3 gmres=9
[newton] it=45 |R|=6.0875e+00 rel=4.715e-02 (u=4.59e+00 v=3.99e+00 p=2.69e-01) cfl=28 gmres=12
[newton] it=46 |R|=5.1558e+00 rel=3.993e-02 (u=3.90e+00 v=3.34e+00 p=4.79e-01) cfl=33 gmres=8
[newton] it=47 |R|=4.3232e+00 rel=3.348e-02 (u=3.35e+00 v=2.71e+00 p=3.55e-01) cfl=39.4 gmres=9
[newton] it=48 |R|=3.6836e+00 rel=2.853e-02 (u=2.87e+00 v=2.24e+00 p=5.67e-01) cfl=46.3 gmres=8
[newton] it=49 |R|=2.9821e+00 rel=2.310e-02 (u=2.45e+00 v=1.71e+00 p=3.73e-02) cfl=57.2 gmres=8
[newton] it=50 |R|=2.4795e+00 rel=1.920e-02 (u=2.10e+00 v=1.31e+00 p=1.53e-02) cfl=68.9 gmres=7
[newton] it=51 |R|=2.0743e+00 rel=1.607e-02 (u=1.81e+00 v=1.02e+00 p=6.74e-03) cfl=82.5 gmres=7
[newton] it=52 |R|=1.7476e+00 rel=1.354e-02 (u=1.56e+00 v=7.86e-01 p=5.59e-03) cfl=98.1 gmres=7
[newton] it=53 |R|=1.4826e+00 rel=1.148e-02 (u=1.35e+00 v=6.11e-01 p=1.53e-03) cfl=116 gmres=7
[newton] it=54 |R|=1.2640e+00 rel=9.790e-03 (u=1.17e+00 v=4.78e-01 p=8.76e-04) cfl=136 gmres=8
[newton] it=55 |R|=1.0828e+00 rel=8.386e-03 (u=1.01e+00 v=3.77e-01 p=5.82e-04) cfl=159 gmres=8
[newton] it=56 |R|=9.3117e-01 rel=7.212e-03 (u=8.82e-01 v=3.00e-01 p=3.71e-04) cfl=185 gmres=8
[newton] it=57 |R|=8.0352e-01 rel=6.224e-03 (u=7.67e-01 v=2.41e-01 p=4.14e-04) cfl=215 gmres=8
[newton] it=58 |R|=6.9539e-01 rel=5.386e-03 (u=6.68e-01 v=1.95e-01 p=4.79e-04) cfl=248 gmres=8
[newton] it=59 |R|=6.0315e-01 rel=4.672e-03 (u=5.82e-01 v=1.59e-01 p=1.42e-04) cfl=286 gmres=7
[newton] it=60 |R|=5.2403e-01 rel=4.059e-03 (u=5.07e-01 v=1.31e-01 p=1.12e-04) cfl=330 gmres=7
[newton] it=61 |R|=4.5583e-01 rel=3.531e-03 (u=4.43e-01 v=1.08e-01 p=9.52e-05) cfl=380 gmres=7
[newton] it=62 |R|=3.9677e-01 rel=3.073e-03 (u=3.86e-01 v=9.00e-02 p=6.14e-05) cfl=437 gmres=7
[newton] it=63 |R|=3.4541e-01 rel=2.675e-03 (u=3.37e-01 v=7.50e-02 p=5.72e-05) cfl=502 gmres=5
[newton] it=64 |R|=3.0060e-01 rel=2.328e-03 (u=2.94e-01 v=6.28e-02 p=3.66e-05) cfl=578 gmres=6
[newton] it=65 |R|=2.6134e-01 rel=2.024e-03 (u=2.56e-01 v=5.27e-02 p=3.18e-05) cfl=666 gmres=6
[newton] it=66 |R|=2.2684e-01 rel=1.757e-03 (u=2.22e-01 v=4.43e-02 p=2.44e-05) cfl=769 gmres=6
[newton] it=67 |R|=1.9645e-01 rel=1.522e-03 (u=1.93e-01 v=3.73e-02 p=1.77e-05) cfl=889 gmres=4
[newton] it=68 |R|=1.6961e-01 rel=1.314e-03 (u=1.67e-01 v=3.14e-02 p=8.36e-05) cfl=1.03e+03 gmres=6
[newton] it=69 |R|=1.4588e-01 rel=1.130e-03 (u=1.43e-01 v=2.65e-02 p=8.88e-06) cfl=1.2e+03 gmres=6
[newton] it=70 |R|=1.2489e-01 rel=9.673e-04 (u=1.23e-01 v=2.24e-02 p=6.88e-06) cfl=1.41e+03 gmres=6
[newton] it=71 |R|=1.0634e-01 rel=8.236e-04 (u=1.05e-01 v=1.90e-02 p=5.25e-06) cfl=1.66e+03 gmres=6
[newton] it=72 |R|=9.0001e-02 rel=6.971e-04 (u=8.85e-02 v=1.62e-02 p=7.11e-06) cfl=1.97e+03 gmres=6
[newton] it=73 |R|=7.5673e-02 rel=5.861e-04 (u=7.44e-02 v=1.40e-02 p=8.29e-06) cfl=2.35e+03 gmres=5
[newton] it=74 |R|=6.3177e-02 rel=4.893e-04 (u=6.20e-02 v=1.20e-02 p=6.26e-06) cfl=2.82e+03 gmres=5
[newton] it=75 |R|=5.2379e-02 rel=4.057e-04 (u=5.13e-02 v=1.04e-02 p=4.62e-06) cfl=3.42e+03 gmres=5
[newton] it=76 |R|=4.3130e-02 rel=3.341e-04 (u=4.22e-02 v=9.05e-03 p=3.43e-06) cfl=4.17e+03 gmres=5
[newton] it=77 |R|=3.5292e-02 rel=2.733e-04 (u=3.44e-02 v=7.79e-03 p=2.47e-06) cfl=5.11e+03 gmres=5
[newton] it=78 |R|=2.8723e-02 rel=2.225e-04 (u=2.79e-02 v=6.63e-03 p=1.85e-06) cfl=6.31e+03 gmres=5
[newton] it=79 |R|=2.3280e-02 rel=1.803e-04 (u=2.26e-02 v=5.57e-03 p=1.26e-06) cfl=7.82e+03 gmres=5
[newton] it=80 |R|=1.8817e-02 rel=1.457e-04 (u=1.82e-02 v=4.61e-03 p=2.82e-07) cfl=9.72e+03 gmres=8
[newton] done converged=False reason='max_iter' it=80 m_in=2.0000e+02 m_out=2.0000e+02 |R_steady|/|R0|=1.560e-04 elapsed=63.2s
--> L_rc_nofloor: {'converged': False, 'reason': 'max_iter', 'n_newton': 80, 'rel_final': 0.0001457471850458586, 'rel_min': 0.0001457471850458586, 'first_step_ratio': 41.51034003108211, 'steady_residual_ratio': 0.00015598572857111742, 'mass_in': 199.99999999999997, 'mass_out': 200.0000000002986, 'elapsed': 63.15550327799974}
===== uturn r1 U=2.0 variant G_floor0.1 =====
[newton] it=0 |R|=1.2911e+02 (u=1.15e+02 v=0.00e+00 p=5.77e+01) cfl=0.5
[newton] it=1 |R|=3.4367e+03 rel=2.662e+01 (u=1.42e+03 v=3.10e+03 p=4.10e+02) cfl=0.05 gmres=11 (gmres not converged)
[newton] it=2 |R|=4.5268e+04 rel=3.506e+02 (u=1.20e+04 v=4.36e+04 p=8.12e+01) cfl=0.005 gmres=17 (gmres not converged)
[newton] it=3 |R|=3.0575e+04 rel=2.368e+02 (u=6.55e+03 v=2.99e+04 p=7.18e+00) cfl=0.0074 gmres=4
[newton] it=4 |R|=2.7757e+04 rel=2.150e+02 (u=5.49e+03 v=2.72e+04 p=3.66e+00) cfl=0.00815 gmres=4
[newton] it=5 |R|=2.4757e+04 rel=1.918e+02 (u=4.62e+03 v=2.43e+04 p=2.74e+00) cfl=0.00914 gmres=4
[newton] it=6 |R|=2.1981e+04 rel=1.702e+02 (u=3.91e+03 v=2.16e+04 p=2.04e+00) cfl=0.0103 gmres=4
[newton] it=7 |R|=1.9460e+04 rel=1.507e+02 (u=3.33e+03 v=1.92e+04 p=1.51e+00) cfl=0.0116 gmres=4
[newton] it=8 |R|=1.7195e+04 rel=1.332e+02 (u=2.84e+03 v=1.70e+04 p=1.40e+00) cfl=0.0132 gmres=3
[newton] it=9 |R|=1.5200e+04 rel=1.177e+02 (u=2.45e+03 v=1.50e+04 p=1.04e+00) cfl=0.0149 gmres=3
[newton] it=10 |R|=1.3469e+04 rel=1.043e+02 (u=2.13e+03 v=1.33e+04 p=8.13e-01) cfl=0.0168 gmres=3
[newton] it=11 |R|=1.1989e+04 rel=9.286e+01 (u=1.87e+03 v=1.18e+04 p=6.33e-01) cfl=0.0189 gmres=3
[newton] it=12 |R|=1.0724e+04 rel=8.306e+01 (u=1.66e+03 v=1.06e+04 p=5.22e-01) cfl=0.0211 gmres=3
[newton] it=13 |R|=9.6279e+03 rel=7.457e+01 (u=1.48e+03 v=9.51e+03 p=1.70e+00) cfl=0.0235 gmres=3
[newton] it=14 |R|=8.6732e+03 rel=6.718e+01 (u=1.33e+03 v=8.57e+03 p=2.40e+00) cfl=0.0261 gmres=3
[newton] it=15 |R|=7.8097e+03 rel=6.049e+01 (u=1.19e+03 v=7.72e+03 p=1.58e+00) cfl=0.029 gmres=3
[newton] it=16 |R|=7.0113e+03 rel=5.431e+01 (u=1.08e+03 v=6.93e+03 p=2.50e+00) cfl=0.0323 gmres=3
[newton] it=17 |R|=6.2765e+03 rel=4.861e+01 (u=9.73e+02 v=6.20e+03 p=1.70e+00) cfl=0.0361 gmres=3
[newton] it=18 |R|=5.5841e+03 rel=4.325e+01 (u=8.86e+02 v=5.51e+03 p=1.21e+00) cfl=0.0405 gmres=3
[newton] it=19 |R|=4.9336e+03 rel=3.821e+01 (u=8.12e+02 v=4.87e+03 p=1.03e+00) cfl=0.0459 gmres=3
[newton] it=20 |R|=4.3276e+03 rel=3.352e+01 (u=7.46e+02 v=4.26e+03 p=3.96e-01) cfl=0.0523 gmres=3
[newton] it=21 |R|=3.7721e+03 rel=2.922e+01 (u=6.90e+02 v=3.71e+03 p=8.70e-01) cfl=0.06 gmres=3
[newton] it=22 |R|=3.2711e+03 rel=2.534e+01 (u=6.37e+02 v=3.21e+03 p=4.20e-01) cfl=0.0692 gmres=3
[newton] it=23 |R|=2.8251e+03 rel=2.188e+01 (u=5.88e+02 v=2.76e+03 p=4.54e-01) cfl=0.0801 gmres=3
[newton] it=24 |R|=2.4311e+03 rel=1.883e+01 (u=5.42e+02 v=2.37e+03 p=8.66e-01) cfl=0.0931 gmres=3
[newton] it=25 |R|=2.0817e+03 rel=1.612e+01 (u=4.96e+02 v=2.02e+03 p=5.46e-01) cfl=0.109 gmres=3
[newton] it=26 |R|=1.7687e+03 rel=1.370e+01 (u=4.51e+02 v=1.71e+03 p=5.83e-01) cfl=0.128 gmres=3
[newton] it=27 |R|=1.4858e+03 rel=1.151e+01 (u=4.09e+02 v=1.43e+03 p=6.85e-01) cfl=0.152 gmres=3
[newton] it=28 |R|=1.2291e+03 rel=9.520e+00 (u=3.68e+02 v=1.17e+03 p=7.30e-01) cfl=0.184 gmres=3
[newton] it=29 |R|=9.9607e+02 rel=7.715e+00 (u=3.30e+02 v=9.40e+02 p=7.83e-01) cfl=0.227 gmres=3
[newton] it=30 |R|=7.8706e+02 rel=6.096e+00 (u=2.93e+02 v=7.31e+02 p=9.39e-01) cfl=0.288 gmres=3
[newton] it=31 |R|=6.0354e+02 rel=4.675e+00 (u=2.55e+02 v=5.47e+02 p=1.09e+00) cfl=0.375 gmres=3
[newton] it=32 |R|=4.5285e+02 rel=3.507e+00 (u=2.16e+02 v=3.98e+02 p=8.77e-01) cfl=0.5 gmres=3
[newton] it=33 |R|=3.3337e+02 rel=2.582e+00 (u=1.77e+02 v=2.83e+02 p=9.40e-01) cfl=0.679 gmres=3
[newton] it=34 |R|=2.3991e+02 rel=1.858e+00 (u=1.37e+02 v=1.97e+02 p=8.54e-01) cfl=0.943 gmres=5
[newton] it=35 |R|=1.6701e+02 rel=1.294e+00 (u=9.97e+01 v=1.34e+02 p=5.61e-01) cfl=1.36 gmres=5
[newton] it=36 |R|=1.1220e+02 rel=8.690e-01 (u=6.76e+01 v=8.95e+01 p=3.04e-01) cfl=2.02 gmres=5
[newton] it=37 |R|=7.3689e+01 rel=5.707e-01 (u=4.41e+01 v=5.90e+01 p=2.81e-01) cfl=3.07 gmres=6
[newton] it=38 |R|=4.9663e+01 rel=3.847e-01 (u=2.97e+01 v=3.98e+01 p=2.58e-01) cfl=4.56 gmres=7
[newton] it=39 |R|=3.6367e+01 rel=2.817e-01 (u=2.26e+01 v=2.85e+01 p=3.02e-01) cfl=6.22 gmres=7
[newton] it=40 |R|=2.8805e+01 rel=2.231e-01 (u=1.87e+01 v=2.19e+01 p=7.05e-01) cfl=7.86 gmres=8
[newton] it=41 |R|=2.4198e+01 rel=1.874e-01 (u=1.62e+01 v=1.79e+01 p=2.14e+00) cfl=9.35 gmres=8
[newton] it=42 |R|=2.0293e+01 rel=1.572e-01 (u=1.40e+01 v=1.46e+01 p=1.25e+00) cfl=11.2 gmres=7
[newton] it=43 |R|=1.7466e+01 rel=1.353e-01 (u=1.22e+01 v=1.23e+01 p=2.42e+00) cfl=13 gmres=7
[newton] it=44 |R|=1.4766e+01 rel=1.144e-01 (u=1.04e+01 v=1.05e+01 p=4.79e-01) cfl=15.3 gmres=8
[newton] it=45 |R|=1.2617e+01 rel=9.772e-02 (u=8.98e+00 v=8.84e+00 p=5.89e-01) cfl=17.9 gmres=7
[newton] it=46 |R|=1.0807e+01 rel=8.371e-02 (u=7.82e+00 v=7.45e+00 p=1.75e-01) cfl=20.9 gmres=6
[newton] it=47 |R|=9.3292e+00 rel=7.226e-02 (u=6.80e+00 v=6.37e+00 p=4.21e-01) cfl=24.3 gmres=7
[newton] it=48 |R|=8.1367e+00 rel=6.302e-02 (u=6.06e+00 v=5.42e+00 p=2.41e-01) cfl=27.8 gmres=8
[newton] it=49 |R|=7.0887e+00 rel=5.490e-02 (u=5.27e+00 v=4.74e+00 p=2.79e-01) cfl=31.9 gmres=10
[newton] it=50 |R|=6.0889e+00 rel=4.716e-02 (u=4.61e+00 v=3.97e+00 p=2.40e-01) cfl=37.2 gmres=8
[newton] it=51 |R|=5.2469e+00 rel=4.064e-02 (u=3.99e+00 v=3.39e+00 p=3.51e-01) cfl=43.1 gmres=9
[newton] it=52 |R|=4.4774e+00 rel=3.468e-02 (u=3.46e+00 v=2.81e+00 p=4.42e-01) cfl=50.6 gmres=8
[newton] it=53 |R|=3.8366e+00 rel=2.972e-02 (u=3.02e+00 v=2.36e+00 p=2.18e-01) cfl=59 gmres=7
[newton] it=54 |R|=3.2713e+00 rel=2.534e-02 (u=2.63e+00 v=1.93e+00 p=1.95e-01) cfl=69.2 gmres=8
[newton] it=55 |R|=2.7601e+00 rel=2.138e-02 (u=2.28e+00 v=1.56e+00 p=3.24e-02) cfl=82 gmres=7
[newton] it=56 |R|=2.3368e+00 rel=1.810e-02 (u=1.98e+00 v=1.24e+00 p=1.67e-02) cfl=96.9 gmres=7
[newton] it=57 |R|=1.9816e+00 rel=1.535e-02 (u=1.73e+00 v=9.74e-01 p=1.64e-02) cfl=114 gmres=7
[newton] it=58 |R|=1.6868e+00 rel=1.306e-02 (u=1.50e+00 v=7.65e-01 p=1.00e-02) cfl=134 gmres=7
[newton] it=59 |R|=1.4410e+00 rel=1.116e-02 (u=1.31e+00 v=6.02e-01 p=1.04e-02) cfl=157 gmres=7
[newton] it=60 |R|=1.2364e+00 rel=9.577e-03 (u=1.14e+00 v=4.74e-01 p=1.04e-03) cfl=183 gmres=8
[newton] it=61 |R|=1.0638e+00 rel=8.240e-03 (u=9.96e-01 v=3.75e-01 p=6.13e-04) cfl=213 gmres=8
[newton] it=62 |R|=9.1795e-01 rel=7.110e-03 (u=8.68e-01 v=2.98e-01 p=3.96e-04) cfl=247 gmres=8
[newton] it=63 |R|=7.9424e-01 rel=6.152e-03 (u=7.57e-01 v=2.39e-01 p=3.97e-04) cfl=285 gmres=7
[newton] it=64 |R|=6.8884e-01 rel=5.335e-03 (u=6.61e-01 v=1.93e-01 p=2.02e-04) cfl=329 gmres=7
[newton] it=65 |R|=5.9866e-01 rel=4.637e-03 (u=5.77e-01 v=1.58e-01 p=1.57e-04) cfl=378 gmres=8
[newton] it=66 |R|=5.2108e-01 rel=4.036e-03 (u=5.05e-01 v=1.30e-01 p=1.13e-04) cfl=434 gmres=8
[newton] it=67 |R|=4.5408e-01 rel=3.517e-03 (u=4.41e-01 v=1.08e-01 p=9.58e-05) cfl=498 gmres=8
[newton] it=68 |R|=3.9593e-01 rel=3.067e-03 (u=3.86e-01 v=9.03e-02 p=8.43e-05) cfl=572 gmres=5
[newton] it=69 |R|=3.4531e-01 rel=2.675e-03 (u=3.37e-01 v=7.57e-02 p=5.55e-05) cfl=655 gmres=5
[newton] it=70 |R|=3.0106e-01 rel=2.332e-03 (u=2.94e-01 v=6.37e-02 p=4.34e-05) cfl=752 gmres=5
[newton] it=71 |R|=2.6225e-01 rel=2.031e-03 (u=2.57e-01 v=5.36e-02 p=7.54e-05) cfl=863 gmres=6
[newton] it=72 |R|=2.2810e-01 rel=1.767e-03 (u=2.24e-01 v=4.51e-02 p=2.68e-05) cfl=992 gmres=6
[newton] it=73 |R|=1.9796e-01 rel=1.533e-03 (u=1.94e-01 v=3.80e-02 p=1.66e-05) cfl=1.14e+03 gmres=6
[newton] it=74 |R|=1.7128e-01 rel=1.327e-03 (u=1.68e-01 v=3.19e-02 p=3.90e-05) cfl=1.32e+03 gmres=5
[newton] it=75 |R|=1.4763e-01 rel=1.143e-03 (u=1.45e-01 v=2.68e-02 p=1.00e-05) cfl=1.53e+03 gmres=5
[newton] it=76 |R|=1.2663e-01 rel=9.808e-04 (u=1.25e-01 v=2.25e-02 p=8.67e-06) cfl=1.79e+03 gmres=4
[newton] it=77 |R|=1.0800e-01 rel=8.365e-04 (u=1.06e-01 v=1.88e-02 p=6.73e-06) cfl=2.1e+03 gmres=4
[newton] it=78 |R|=9.1495e-02 rel=7.087e-04 (u=9.01e-02 v=1.59e-02 p=5.12e-06) cfl=2.47e+03 gmres=4
[newton] it=79 |R|=7.6939e-02 rel=5.959e-04 (u=7.58e-02 v=1.35e-02 p=1.26e-05) cfl=2.94e+03 gmres=4
[newton] it=80 |R|=6.4174e-02 rel=4.970e-04 (u=6.31e-02 v=1.15e-02 p=2.91e-06) cfl=3.53e+03 gmres=4
[newton] done converged=False reason='max_iter' it=80 m_in=2.0000e+02 m_out=2.0000e+02 |R_steady|/|R0|=4.970e-04 elapsed=62.3s
--> G_floor0.1: {'converged': False, 'reason': 'max_iter', 'n_newton': 80, 'rel_final': 0.000497048771203939, 'rel_min': 0.000497048771203939, 'first_step_ratio': 26.61855762815728, 'steady_residual_ratio': 0.000497048771203939, 'mass_in': 199.99999999999997, 'mass_out': 200.00000000220714, 'elapsed': 62.331121336999786}
===== uturn r1 U=2.0 variant G_rc_floor0.1 =====
[newton] it=0 |R|=1.2911e+02 (u=1.15e+02 v=0.00e+00 p=5.77e+01) cfl=0.5
[newton] it=1 |R|=1.1467e+03 rel=8.881e+00 (u=7.65e+02 v=8.41e+02 p=1.51e+02) cfl=0.0563 gmres=8
[newton] it=2 |R|=2.7791e+04 rel=2.153e+02 (u=4.99e+03 v=2.73e+04 p=3.30e-01) cfl=0.00563 gmres=17 (gmres not converged)
[newton] it=3 |R|=4.5796e+04 rel=3.547e+02 (u=1.78e+04 v=4.22e+04 p=2.60e-02) cfl=0.00342 gmres=1
[newton] it=4 |R|=3.3247e+04 rel=2.575e+02 (u=1.80e+04 v=2.80e+04 p=3.34e-02) cfl=0.00471 gmres=2
[newton] it=5 |R|=1.6690e+04 rel=1.293e+02 (u=9.49e+03 v=1.37e+04 p=1.42e-02) cfl=0.00938 gmres=2
[newton] it=6 |R|=7.8669e+03 rel=6.093e+01 (u=4.08e+03 v=6.72e+03 p=6.53e-03) cfl=0.0188 gmres=2
[newton] it=7 |R|=3.9066e+03 rel=3.026e+01 (u=2.02e+03 v=3.34e+03 p=1.42e-03) cfl=0.0375 gmres=1
[newton] it=8 |R|=1.9894e+03 rel=1.541e+01 (u=1.18e+03 v=1.61e+03 p=5.96e-03) cfl=0.0736 gmres=2
[newton] it=9 |R|=1.1760e+03 rel=9.108e+00 (u=7.63e+02 v=8.94e+02 p=1.40e-02) cfl=0.124 gmres=2
[newton] it=10 |R|=8.5473e+02 rel=6.620e+00 (u=5.20e+02 v=6.79e+02 p=1.80e-02) cfl=0.17 gmres=2
[newton] it=11 |R|=6.4419e+02 rel=4.989e+00 (u=3.72e+02 v=5.26e+02 p=1.46e-02) cfl=0.224 gmres=2
[newton] it=12 |R|=4.7481e+02 rel=3.678e+00 (u=2.75e+02 v=3.87e+02 p=1.02e-02) cfl=0.302 gmres=2
[newton] it=13 |R|=3.3917e+02 rel=2.627e+00 (u=2.07e+02 v=2.69e+02 p=8.96e-03) cfl=0.42 gmres=2
[newton] it=14 |R|=2.3391e+02 rel=1.812e+00 (u=1.56e+02 v=1.74e+02 p=7.51e-03) cfl=0.601 gmres=4
[newton] it=15 |R|=1.5595e+02 rel=1.208e+00 (u=1.15e+02 v=1.05e+02 p=9.39e-03) cfl=0.883 gmres=3
[newton] it=16 |R|=1.0169e+02 rel=7.876e-01 (u=8.04e+01 v=6.22e+01 p=1.73e-02) cfl=1.32 gmres=4
[newton] it=17 |R|=6.7036e+01 rel=5.192e-01 (u=5.38e+01 v=4.00e+01 p=3.07e-02) cfl=1.93 gmres=5
[newton] it=18 |R|=4.8080e+01 rel=3.724e-01 (u=3.71e+01 v=3.06e+01 p=4.81e-02) cfl=2.62 gmres=6
[newton] it=19 |R|=3.8520e+01 rel=2.983e-01 (u=2.87e+01 v=2.57e+01 p=3.15e-02) cfl=3.24 gmres=7
[newton] it=20 |R|=3.3024e+01 rel=2.558e-01 (u=2.39e+01 v=2.28e+01 p=4.98e-02) cfl=3.76 gmres=8
[newton] it=21 |R|=2.9262e+01 rel=2.266e-01 (u=2.09e+01 v=2.04e+01 p=6.22e-02) cfl=4.22 gmres=7
[newton] it=22 |R|=2.6057e+01 rel=2.018e-01 (u=1.84e+01 v=1.84e+01 p=1.09e-01) cfl=4.72 gmres=7
[newton] it=23 |R|=2.3285e+01 rel=1.804e-01 (u=1.65e+01 v=1.64e+01 p=1.84e-01) cfl=5.27 gmres=7
[newton] it=24 |R|=2.0771e+01 rel=1.609e-01 (u=1.47e+01 v=1.47e+01 p=3.35e-01) cfl=5.89 gmres=7
[newton] it=25 |R|=1.8528e+01 rel=1.435e-01 (u=1.32e+01 v=1.30e+01 p=2.61e-01) cfl=6.59 gmres=6
[newton] it=26 |R|=1.6442e+01 rel=1.273e-01 (u=1.18e+01 v=1.15e+01 p=3.27e-01) cfl=7.41 gmres=6
[newton] it=27 |R|=1.4479e+01 rel=1.121e-01 (u=1.04e+01 v=1.01e+01 p=6.65e-02) cfl=8.41 gmres=7
[newton] it=28 |R|=1.2743e+01 rel=9.870e-02 (u=9.25e+00 v=8.76e+00 p=1.25e-01) cfl=9.55 gmres=8
[newton] it=29 |R|=1.1196e+01 rel=8.672e-02 (u=8.23e+00 v=7.59e+00 p=4.79e-02) cfl=10.9 gmres=7
[newton] it=30 |R|=9.8355e+00 rel=7.618e-02 (u=7.31e+00 v=6.58e+00 p=6.69e-02) cfl=12.3 gmres=7
[newton] it=31 |R|=8.6895e+00 rel=6.730e-02 (u=6.53e+00 v=5.74e+00 p=5.39e-02) cfl=13.9 gmres=7
[newton] it=32 |R|=7.6385e+00 rel=5.916e-02 (u=5.79e+00 v=4.98e+00 p=5.63e-02) cfl=15.8 gmres=9
[newton] it=33 |R|=6.7150e+00 rel=5.201e-02 (u=5.17e+00 v=4.29e+00 p=5.35e-02) cfl=18 gmres=7
[newton] it=34 |R|=5.8498e+00 rel=4.531e-02 (u=4.57e+00 v=3.65e+00 p=5.60e-02) cfl=20.6 gmres=7
[newton] it=35 |R|=5.1226e+00 rel=3.968e-02 (u=4.01e+00 v=3.19e+00 p=4.53e-02) cfl=23.6 gmres=9
[newton] it=36 |R|=4.4254e+00 rel=3.428e-02 (u=3.54e+00 v=2.66e+00 p=4.03e-02) cfl=27.4 gmres=7
[newton] it=37 |R|=3.8658e+00 rel=2.994e-02 (u=3.12e+00 v=2.27e+00 p=1.26e-01) cfl=31.6 gmres=8
[newton] it=38 |R|=3.3348e+00 rel=2.583e-02 (u=2.74e+00 v=1.88e+00 p=2.18e-01) cfl=36.9 gmres=9
[newton] it=39 |R|=2.8620e+00 rel=2.217e-02 (u=2.41e+00 v=1.55e+00 p=2.37e-02) cfl=43.4 gmres=7
[newton] it=40 |R|=2.4615e+00 rel=1.906e-02 (u=2.12e+00 v=1.26e+00 p=1.57e-02) cfl=51.2 gmres=6
[newton] it=41 |R|=2.1161e+00 rel=1.639e-02 (u=1.85e+00 v=1.02e+00 p=1.11e-02) cfl=60.4 gmres=7
[newton] it=42 |R|=1.8205e+00 rel=1.410e-02 (u=1.63e+00 v=8.19e-01 p=4.16e-03) cfl=71.3 gmres=7
[newton] it=43 |R|=1.5688e+00 rel=1.215e-02 (u=1.42e+00 v=6.59e-01 p=2.74e-03) cfl=84 gmres=7
[newton] it=44 |R|=1.3537e+00 rel=1.048e-02 (u=1.25e+00 v=5.29e-01 p=7.53e-03) cfl=98.8 gmres=7
[newton] it=45 |R|=1.1713e+00 rel=9.072e-03 (u=1.09e+00 v=4.26e-01 p=8.50e-04) cfl=116 gmres=8
[newton] it=46 |R|=1.0148e+00 rel=7.860e-03 (u=9.55e-01 v=3.44e-01 p=5.93e-04) cfl=135 gmres=8
[newton] it=47 |R|=8.8063e-01 rel=6.821e-03 (u=8.35e-01 v=2.79e-01 p=4.97e-04) cfl=158 gmres=8
[newton] it=48 |R|=7.6570e-01 rel=5.931e-03 (u=7.31e-01 v=2.29e-01 p=3.28e-04) cfl=184 gmres=8
[newton] it=49 |R|=6.6663e-01 rel=5.163e-03 (u=6.39e-01 v=1.89e-01 p=3.44e-04) cfl=214 gmres=8
[newton] it=50 |R|=5.8114e-01 rel=4.501e-03 (u=5.60e-01 v=1.57e-01 p=1.87e-04) cfl=248 gmres=8
[newton] it=51 |R|=5.0696e-01 rel=3.927e-03 (u=4.90e-01 v=1.31e-01 p=5.45e-04) cfl=288 gmres=8
[newton] it=52 |R|=4.4251e-01 rel=3.427e-03 (u=4.28e-01 v=1.11e-01 p=1.10e-04) cfl=334 gmres=8
[newton] it=53 |R|=3.8632e-01 rel=2.992e-03 (u=3.75e-01 v=9.37e-02 p=8.18e-05) cfl=387 gmres=8
[newton] it=54 |R|=3.3713e-01 rel=2.611e-03 (u=3.28e-01 v=7.96e-02 p=6.94e-05) cfl=449 gmres=8
[newton] it=55 |R|=2.9392e-01 rel=2.277e-03 (u=2.86e-01 v=6.75e-02 p=1.77e-04) cfl=521 gmres=5
[newton] it=56 |R|=2.5595e-01 rel=1.982e-03 (u=2.49e-01 v=5.76e-02 p=9.76e-05) cfl=606 gmres=5
[newton] it=57 |R|=2.2245e-01 rel=1.723e-03 (u=2.17e-01 v=4.91e-02 p=3.61e-05) cfl=706 gmres=5
[newton] it=58 |R|=1.9271e-01 rel=1.493e-03 (u=1.88e-01 v=4.15e-02 p=2.58e-05) cfl=827 gmres=6
[newton] it=59 |R|=1.6641e-01 rel=1.289e-03 (u=1.63e-01 v=3.52e-02 p=5.41e-05) cfl=971 gmres=6
[newton] it=60 |R|=1.4307e-01 rel=1.108e-03 (u=1.40e-01 v=2.99e-02 p=1.44e-05) cfl=1.15e+03 gmres=6
[newton] it=61 |R|=1.2233e-01 rel=9.475e-04 (u=1.20e-01 v=2.54e-02 p=4.38e-05) cfl=1.36e+03 gmres=7
[newton] it=62 |R|=1.0395e-01 rel=8.051e-04 (u=1.02e-01 v=2.16e-02 p=8.21e-06) cfl=1.63e+03 gmres=7
[newton] it=63 |R|=8.7703e-02 rel=6.793e-04 (u=8.57e-02 v=1.84e-02 p=9.90e-06) cfl=1.97e+03 gmres=5
[newton] it=64 |R|=7.3416e-02 rel=5.686e-04 (u=7.17e-02 v=1.58e-02 p=8.56e-06) cfl=2.4e+03 gmres=5
[newton] it=65 |R|=6.0931e-02 rel=4.719e-04 (u=5.94e-02 v=1.35e-02 p=7.48e-06) cfl=2.95e+03 gmres=5
[newton] it=66 |R|=5.0133e-02 rel=3.883e-04 (u=4.88e-02 v=1.16e-02 p=6.57e-06) cfl=3.67e+03 gmres=5
[newton] it=67 |R|=4.0880e-02 rel=3.166e-04 (u=3.97e-02 v=9.89e-03 p=5.51e-06) cfl=4.6e+03 gmres=5
[newton] it=68 |R|=3.3045e-02 rel=2.559e-04 (u=3.20e-02 v=8.39e-03 p=4.59e-06) cfl=5.83e+03 gmres=5
[newton] it=69 |R|=2.6495e-02 rel=2.052e-04 (u=2.55e-02 v=7.05e-03 p=3.71e-06) cfl=7.46e+03 gmres=5
[newton] it=70 |R|=2.1088e-02 rel=1.633e-04 (u=2.03e-02 v=5.83e-03 p=2.96e-06) cfl=9.61e+03 gmres=5
[newton] it=71 |R|=1.6683e-02 rel=1.292e-04 (u=1.60e-02 v=4.76e-03 p=2.32e-06) cfl=1.25e+04 gmres=5
[newton] it=72 |R|=1.3135e-02 rel=1.017e-04 (u=1.26e-02 v=3.82e-03 p=1.78e-06) cfl=1.62e+04 gmres=5
[newton] it=73 |R|=1.0310e-02 rel=7.985e-05 (u=9.86e-03 v=3.01e-03 p=1.36e-06) cfl=2.12e+04 gmres=5
[newton] it=74 |R|=8.0801e-03 rel=6.258e-05 (u=7.73e-03 v=2.34e-03 p=9.99e-07) cfl=2.77e+04 gmres=5
[newton] it=75 |R|=6.3330e-03 rel=4.905e-05 (u=6.07e-03 v=1.80e-03 p=7.24e-07) cfl=3.61e+04 gmres=5
[newton] it=76 |R|=4.9700e-03 rel=3.849e-05 (u=4.78e-03 v=1.36e-03 p=5.11e-07) cfl=4.7e+04 gmres=5
[newton] it=77 |R|=3.9089e-03 rel=3.028e-05 (u=3.77e-03 v=1.03e-03 p=3.65e-07) cfl=6.1e+04 gmres=5
[newton] it=78 |R|=3.0829e-03 rel=2.388e-05 (u=2.98e-03 v=7.72e-04 p=2.60e-07) cfl=7.87e+04 gmres=5
[newton] it=79 |R|=2.4380e-03 rel=1.888e-05 (u=2.37e-03 v=5.81e-04 p=1.89e-07) cfl=1.01e+05 gmres=5
[newton] it=80 |R|=1.9322e-03 rel=1.497e-05 (u=1.88e-03 v=4.40e-04 p=1.43e-07) cfl=1.3e+05 gmres=5
[newton] done converged=False reason='max_iter' it=80 m_in=2.0000e+02 m_out=2.0000e+02 |R_steady|/|R0|=1.890e-05 elapsed=67.2s
--> G_rc_floor0.1: {'converged': False, 'reason': 'max_iter', 'n_newton': 80, 'rel_final': 1.4965426745260933e-05, 'rel_min': 1.4965426745260933e-05, 'first_step_ratio': 8.881217126604247, 'steady_residual_ratio': 1.8896028042260757e-05, 'mass_in': 199.99999999999997, 'mass_out': 200.00000000000088, 'elapsed': 67.24243488999946}
===== uturn r1 U=2.0 variant L_floor0.1_cfl5 =====
[newton] it=0 |R|=1.2911e+02 (u=1.15e+02 v=0.00e+00 p=5.77e+01) cfl=5
[newton] it=1 |R|=4.0040e+03 rel=3.101e+01 (u=3.84e+03 v=1.10e+03 p=3.03e+02) cfl=0.5 gmres=16 (gmres not converged)
[newton] it=2 |R|=5.4710e+03 rel=4.237e+01 (u=4.91e+03 v=2.39e+03 p=2.78e+02) cfl=0.366 gmres=6
[newton] it=3 |R|=1.6876e+08 rel=1.307e+06 (u=1.65e+08 v=3.32e+07 p=8.19e+04) cfl=0.0366 gmres=69 (gmres not converged)
[newton] done converged=False reason='diverged' it=3 m_in=2.0000e+02 m_out=1.9987e+02 |R_steady|/|R0|=1.307e+06 elapsed=12.7s
--> L_floor0.1_cfl5: {'converged': False, 'reason': 'diverged', 'n_newton': 3, 'rel_final': 1307124.9963903949, 'rel_min': 1.0, 'first_step_ratio': 31.01232258047389, 'steady_residual_ratio': 1307124.9963903949, 'mass_in': 199.99999999999997, 'mass_out': 199.8711186210966, 'elapsed': 12.697716335000223}
===== uturn r1 U=2.0 variant G_floor0.1_cfl5 =====
[newton] it=0 |R|=1.2911e+02 (u=1.15e+02 v=0.00e+00 p=5.77e+01) cfl=5
[newton] it=1 |R|=4.0040e+03 rel=3.101e+01 (u=3.84e+03 v=1.10e+03 p=3.03e+02) cfl=0.5 gmres=16 (gmres not converged)
[newton] it=2 |R|=6.7178e+03 rel=5.203e+01 (u=3.50e+03 v=5.73e+03 p=1.91e+02) cfl=0.298 gmres=4
[newton] it=3 |R|=2.6892e+03 rel=2.083e+01 (u=1.39e+03 v=2.30e+03 p=5.40e+01) cfl=0.596 gmres=4
[newton] it=4 |R|=2.2186e+03 rel=1.718e+01 (u=1.74e+03 v=1.37e+03 p=1.05e+02) cfl=0.722 gmres=15
[newton] it=5 |R|=2.3813e+03 rel=1.844e+01 (u=2.20e+03 v=9.13e+02 p=1.30e+02) cfl=0.673 gmres=12
[newton] it=6 |R|=1.6741e+03 rel=1.297e+01 (u=1.55e+03 v=6.40e+02 p=3.48e+01) cfl=0.957 gmres=5
[newton] it=7 |R|=1.3055e+03 rel=1.011e+01 (u=1.23e+03 v=4.39e+02 p=1.35e+01) cfl=1.23 gmres=8
[newton] it=8 |R|=9.3854e+02 rel=7.269e+00 (u=8.92e+02 v=2.92e+02 p=1.16e+01) cfl=1.71 gmres=6
[newton] it=9 |R|=6.1565e+02 rel=4.768e+00 (u=5.87e+02 v=1.85e+02 p=1.03e+01) cfl=2.6 gmres=5
[newton] it=10 |R|=8.2335e+02 rel=6.377e+00 (u=7.84e+02 v=2.41e+02 p=6.94e+01) cfl=1.95 gmres=10
[newton] it=11 |R|=4.7709e+02 rel=3.695e+00 (u=4.45e+02 v=1.54e+02 p=7.80e+01) cfl=3.36 gmres=7
[newton] it=12 |R|=2.8090e+02 rel=2.176e+00 (u=2.66e+02 v=8.83e+01 p=1.48e+01) cfl=5.71 gmres=7
[newton] it=13 |R|=1.6860e+02 rel=1.306e+00 (u=1.54e+02 v=5.73e+01 p=3.58e+01) cfl=9.51 gmres=10
[newton] it=14 |R|=1.7469e+02 rel=1.353e+00 (u=1.60e+02 v=4.64e+01 p=5.15e+01) cfl=9.18 gmres=10
[newton] it=15 |R|=2.2741e+02 rel=1.761e+00 (u=2.14e+02 v=6.27e+01 p=4.39e+01) cfl=7.05 gmres=15
[newton] it=16 |R|=9.7405e+01 rel=7.544e-01 (u=8.86e+01 v=3.69e+01 p=1.69e+01) cfl=14.1 gmres=8
[newton] it=17 |R|=1.9472e+02 rel=1.508e+00 (u=1.89e+02 v=4.09e+01 p=2.48e+01) cfl=7.05 gmres=9
[newton] it=18 |R|=9.4811e+01 rel=7.343e-01 (u=9.03e+01 v=2.87e+01 p=3.53e+00) cfl=14.1 gmres=7
[newton] it=19 |R|=9.4615e+01 rel=7.328e-01 (u=9.16e+01 v=1.91e+01 p=1.41e+01) cfl=14.1 gmres=9
[newton] it=20 |R|=4.5348e+01 rel=3.512e-01 (u=4.28e+01 v=1.49e+01 p=1.63e+00) cfl=28.3 gmres=8
[newton] it=21 |R|=3.6694e+01 rel=2.842e-01 (u=3.37e+01 v=1.46e+01 p=7.94e-01) cfl=34.9 gmres=9
[newton] it=22 |R|=2.1703e+01 rel=1.681e-01 (u=1.97e+01 v=9.11e+00 p=4.78e-01) cfl=59.1 gmres=8
[newton] it=23 |R|=1.2069e+01 rel=9.348e-02 (u=1.01e+01 v=6.54e+00 p=4.04e-01) cfl=106 gmres=8
[newton] it=24 |R|=8.6842e+00 rel=6.726e-02 (u=6.99e+00 v=5.14e+00 p=3.30e-01) cfl=148 gmres=9
[newton] it=25 |R|=6.6699e+00 rel=5.166e-02 (u=5.43e+00 v=3.86e+00 p=2.55e-01) cfl=192 gmres=9
[newton] it=26 |R|=5.3988e+00 rel=4.182e-02 (u=4.38e+00 v=3.13e+00 p=3.90e-01) cfl=237 gmres=8
[newton] it=27 |R|=4.4349e+00 rel=3.435e-02 (u=3.65e+00 v=2.52e+00 p=2.23e-01) cfl=289 gmres=7
[newton] it=28 |R|=3.7234e+00 rel=2.884e-02 (u=3.07e+00 v=2.08e+00 p=2.89e-01) cfl=344 gmres=8
[newton] it=29 |R|=3.0515e+00 rel=2.363e-02 (u=2.60e+00 v=1.60e+00 p=3.40e-02) cfl=420 gmres=7
[newton] it=30 |R|=2.5412e+00 rel=1.968e-02 (u=2.21e+00 v=1.25e+00 p=1.53e-02) cfl=504 gmres=7
[newton] it=31 |R|=2.1284e+00 rel=1.648e-02 (u=1.90e+00 v=9.68e-01 p=1.65e-02) cfl=602 gmres=7
[newton] it=32 |R|=1.7964e+00 rel=1.391e-02 (u=1.63e+00 v=7.53e-01 p=6.55e-03) cfl=714 gmres=7
[newton] it=33 |R|=1.5246e+00 rel=1.181e-02 (u=1.41e+00 v=5.86e-01 p=1.50e-03) cfl=841 gmres=6
[newton] it=34 |R|=1.3000e+00 rel=1.007e-02 (u=1.22e+00 v=4.58e-01 p=8.45e-04) cfl=986 gmres=8
[newton] it=35 |R|=1.1136e+00 rel=8.625e-03 (u=1.05e+00 v=3.60e-01 p=5.78e-04) cfl=1.15e+03 gmres=8
[newton] it=36 |R|=9.5725e-01 rel=7.414e-03 (u=9.14e-01 v=2.85e-01 p=3.54e-04) cfl=1.34e+03 gmres=8
[newton] it=37 |R|=8.2549e-01 rel=6.394e-03 (u=7.93e-01 v=2.28e-01 p=2.48e-04) cfl=1.55e+03 gmres=8
[newton] it=38 |R|=7.1391e-01 rel=5.529e-03 (u=6.90e-01 v=1.85e-01 p=1.85e-04) cfl=1.8e+03 gmres=8
[newton] it=39 |R|=6.1882e-01 rel=4.793e-03 (u=6.00e-01 v=1.51e-01 p=1.31e-04) cfl=2.07e+03 gmres=8
[newton] it=40 |R|=5.3735e-01 rel=4.162e-03 (u=5.23e-01 v=1.24e-01 p=1.06e-04) cfl=2.39e+03 gmres=8
[newton] it=41 |R|=4.6721e-01 rel=3.619e-03 (u=4.56e-01 v=1.03e-01 p=8.08e-05) cfl=2.74e+03 gmres=8
[newton] it=42 |R|=4.0655e-01 rel=3.149e-03 (u=3.97e-01 v=8.64e-02 p=5.60e-05) cfl=3.15e+03 gmres=8
[newton] it=43 |R|=3.5386e-01 rel=2.741e-03 (u=3.46e-01 v=7.25e-02 p=4.41e-05) cfl=3.62e+03 gmres=8
[newton] it=44 |R|=3.0786e-01 rel=2.384e-03 (u=3.02e-01 v=6.10e-02 p=4.33e-05) cfl=4.16e+03 gmres=7
[newton] it=45 |R|=2.6755e-01 rel=2.072e-03 (u=2.63e-01 v=5.13e-02 p=2.42e-05) cfl=4.79e+03 gmres=7
[newton] it=46 |R|=2.3210e-01 rel=1.798e-03 (u=2.28e-01 v=4.33e-02 p=2.39e-05) cfl=5.52e+03 gmres=6
[newton] it=47 |R|=2.0084e-01 rel=1.556e-03 (u=1.98e-01 v=3.65e-02 p=1.45e-05) cfl=6.38e+03 gmres=6
[newton] it=48 |R|=1.7318e-01 rel=1.341e-03 (u=1.70e-01 v=3.08e-02 p=7.39e-05) cfl=7.4e+03 gmres=6
[newton] it=49 |R|=1.4870e-01 rel=1.152e-03 (u=1.46e-01 v=2.61e-02 p=8.12e-06) cfl=8.62e+03 gmres=6
[newton] it=50 |R|=1.2707e-01 rel=9.842e-04 (u=1.25e-01 v=2.23e-02 p=6.23e-06) cfl=1.01e+04 gmres=6
[newton] it=51 |R|=1.0802e-01 rel=8.366e-04 (u=1.06e-01 v=1.93e-02 p=4.18e-06) cfl=1.19e+04 gmres=7
[newton] it=52 |R|=9.1268e-02 rel=7.069e-04 (u=8.97e-02 v=1.68e-02 p=6.53e-06) cfl=1.4e+04 gmres=7
[newton] it=53 |R|=7.6616e-02 rel=5.934e-04 (u=7.52e-02 v=1.49e-02 p=2.04e-06) cfl=1.67e+04 gmres=7
[newton] it=54 |R|=6.3873e-02 rel=4.947e-04 (u=6.25e-02 v=1.33e-02 p=1.47e-06) cfl=2.01e+04 gmres=7
[newton] it=55 |R|=5.2873e-02 rel=4.095e-04 (u=5.15e-02 v=1.19e-02 p=1.07e-06) cfl=2.42e+04 gmres=7
[newton] it=56 |R|=4.3462e-02 rel=3.366e-04 (u=4.21e-02 v=1.06e-02 p=8.12e-07) cfl=2.95e+04 gmres=7
[newton] it=57 |R|=3.5495e-02 rel=2.749e-04 (u=3.42e-02 v=9.49e-03 p=6.15e-07) cfl=3.61e+04 gmres=7
[newton] it=58 |R|=2.8828e-02 rel=2.233e-04 (u=2.76e-02 v=8.42e-03 p=8.34e-07) cfl=4.45e+04 gmres=6
[newton] it=59 |R|=2.3312e-02 rel=1.806e-04 (u=2.21e-02 v=7.41e-03 p=7.16e-07) cfl=5.5e+04 gmres=6
[newton] it=60 |R|=1.8799e-02 rel=1.456e-04 (u=1.77e-02 v=6.47e-03 p=7.59e-07) cfl=6.82e+04 gmres=6
[newton] it=61 |R|=1.5143e-02 rel=1.173e-04 (u=1.41e-02 v=5.60e-03 p=1.88e-07) cfl=8.46e+04 gmres=7
[newton] it=62 |R|=1.2205e-02 rel=9.453e-05 (u=1.12e-02 v=4.82e-03 p=1.53e-07) cfl=1.05e+05 gmres=7
[newton] it=63 |R|=9.8585e-03 rel=7.636e-05 (u=8.95e-03 v=4.13e-03 p=6.55e-07) cfl=1.3e+05 gmres=7
[newton] it=64 |R|=7.9895e-03 rel=6.188e-05 (u=7.18e-03 v=3.51e-03 p=1.24e-07) cfl=1.6e+05 gmres=7
[newton] it=65 |R|=6.5014e-03 rel=5.036e-05 (u=5.79e-03 v=2.96e-03 p=1.38e-07) cfl=1.97e+05 gmres=7
[newton] it=66 |R|=5.3140e-03 rel=4.116e-05 (u=4.70e-03 v=2.49e-03 p=1.19e-07) cfl=2.41e+05 gmres=8
[newton] it=67 |R|=4.3627e-03 rel=3.379e-05 (u=3.84e-03 v=2.08e-03 p=9.47e-08) cfl=2.94e+05 gmres=8
[newton] it=68 |R|=3.5962e-03 rel=2.785e-05 (u=3.16e-03 v=1.72e-03 p=6.90e-08) cfl=3.56e+05 gmres=8
[newton] it=69 |R|=2.9742e-03 rel=2.304e-05 (u=2.62e-03 v=1.41e-03 p=4.95e-08) cfl=4.31e+05 gmres=8
[newton] it=70 |R|=2.4661e-03 rel=1.910e-05 (u=2.18e-03 v=1.15e-03 p=3.90e-08) cfl=5.2e+05 gmres=8
[newton] it=71 |R|=2.0487e-03 rel=1.587e-05 (u=1.82e-03 v=9.32e-04 p=3.10e-08) cfl=6.26e+05 gmres=8
[newton] it=72 |R|=1.7045e-03 rel=1.320e-05 (u=1.53e-03 v=7.47e-04 p=2.58e-08) cfl=7.52e+05 gmres=8
[newton] it=73 |R|=1.4203e-03 rel=1.100e-05 (u=1.29e-03 v=5.93e-04 p=2.48e-08) cfl=9.02e+05 gmres=8
[newton] it=74 |R|=1.1858e-03 rel=9.185e-06 (u=1.09e-03 v=4.67e-04 p=5.26e-08) cfl=1e+06 gmres=7
[newton] it=75 |R|=9.9280e-04 rel=7.690e-06 (u=9.23e-04 v=3.65e-04 p=1.66e-07) cfl=1e+06 gmres=6
[newton] it=76 |R|=8.3433e-04 rel=6.462e-06 (u=7.84e-04 v=2.85e-04 p=1.62e-08) cfl=1e+06 gmres=7
[newton] it=77 |R|=7.0448e-04 rel=5.456e-06 (u=6.69e-04 v=2.22e-04 p=1.71e-08) cfl=1e+06 gmres=7
[newton] it=78 |R|=5.9809e-04 rel=4.632e-06 (u=5.72e-04 v=1.74e-04 p=3.23e-08) cfl=1e+06 gmres=7
[newton] it=79 |R|=5.1071e-04 rel=3.956e-06 (u=4.92e-04 v=1.37e-04 p=3.40e-08) cfl=1e+06 gmres=7
[newton] it=80 |R|=4.3857e-04 rel=3.397e-06 (u=4.25e-04 v=1.10e-04 p=3.09e-08) cfl=1e+06 gmres=7
[newton] done converged=False reason='max_iter' it=80 m_in=2.0000e+02 m_out=2.0000e+02 |R_steady|/|R0|=3.397e-06 elapsed=81.9s
--> G_floor0.1_cfl5: {'converged': False, 'reason': 'max_iter', 'n_newton': 80, 'rel_final': 3.3968488146955962e-06, 'rel_min': 3.3968488146955962e-06, 'first_step_ratio': 31.01232258047389, 'steady_residual_ratio': 3.3968488146955962e-06, 'mass_in': 199.99999999999997, 'mass_out': 200.0000000000101, 'elapsed': 81.92748802200003}

==== summary ====
L_floor0.1         conv=False reason=max_iter   it= 80 step1=2.66e+01 rel_final=3.60e-05 rel_min=3.60e-05 steady=3.60e-05 m_out/m_in=1.0000
L_nofloor          conv=False reason=max_iter   it= 80 step1=4.15e+01 rel_final=3.53e+01 rel_min=1.00e+00 steady=3.53e+01 m_out/m_in=1.0000
L_rc_floor0.1      conv=False reason=max_iter   it= 80 step1=8.88e+00 rel_final=3.14e-05 rel_min=3.14e-05 steady=3.90e-05 m_out/m_in=1.0000
L_rc_nofloor       conv=False reason=max_iter   it= 80 step1=4.15e+01 rel_final=1.46e-04 rel_min=1.46e-04 steady=1.56e-04 m_out/m_in=1.0000
G_floor0.1         conv=False reason=max_iter   it= 80 step1=2.66e+01 rel_final=4.97e-04 rel_min=4.97e-04 steady=4.97e-04 m_out/m_in=1.0000
G_rc_floor0.1      conv=False reason=max_iter   it= 80 step1=8.88e+00 rel_final=1.50e-05 rel_min=1.50e-05 steady=1.89e-05 m_out/m_in=1.0000
L_floor0.1_cfl5    conv=False reason=diverged   it=  3 step1=3.10e+01 rel_final=1.31e+06 rel_min=1.00e+00 steady=1.31e+06 m_out/m_in=0.9994
G_floor0.1_cfl5    conv=False reason=max_iter   it= 80 step1=3.10e+01 rel_final=3.40e-06 rel_min=3.40e-06 steady=3.40e-06 m_out/m_in=1.0000
[ProcessDiagnostics] レポート出力: /home/user/ykep-cae/docs/generated/process_usage_report.md
