===== uturn r2 U=1.0 variant L_floor0.1 =====
[newton] it=0 |R|=2.8873e+01 (u=2.04e+01 v=0.00e+00 p=2.04e+01) cfl=0.5
[newton] it=1 |R|=5.9622e+02 rel=2.065e+01 (u=2.37e+02 v=5.29e+02 p=1.40e+02) cfl=0.05 gmres=7
[newton] it=2 |R|=3.7627e+03 rel=1.303e+02 (u=6.47e+02 v=3.70e+03 p=1.94e+02) cfl=0.00792 gmres=16 (gmres not converged)
[newton] it=3 |R|=2.2845e+03 rel=7.912e+01 (u=4.97e+02 v=2.23e+03 p=2.55e+01) cfl=0.013 gmres=3
[newton] it=4 |R|=1.7881e+03 rel=6.193e+01 (u=2.31e+02 v=1.77e+03 p=9.38e+00) cfl=0.0167 gmres=3
[newton] it=5 |R|=1.5081e+03 rel=5.223e+01 (u=1.84e+02 v=1.50e+03 p=1.11e+00) cfl=0.0198 gmres=3
[newton] it=6 |R|=1.2556e+03 rel=4.348e+01 (u=1.62e+02 v=1.25e+03 p=5.78e-01) cfl=0.0237 gmres=3
[newton] it=7 |R|=1.0538e+03 rel=3.650e+01 (u=1.44e+02 v=1.04e+03 p=6.04e-01) cfl=0.0283 gmres=3
[newton] it=8 |R|=8.9533e+02 rel=3.101e+01 (u=1.29e+02 v=8.86e+02 p=4.25e-01) cfl=0.0333 gmres=3
[newton] it=9 |R|=7.6481e+02 rel=2.649e+01 (u=1.15e+02 v=7.56e+02 p=4.03e-01) cfl=0.039 gmres=3
[newton] it=10 |R|=6.5362e+02 rel=2.264e+01 (u=1.04e+02 v=6.45e+02 p=3.73e-01) cfl=0.0456 gmres=3
[newton] it=11 |R|=5.5723e+02 rel=1.930e+01 (u=9.50e+01 v=5.49e+02 p=4.69e-01) cfl=0.0535 gmres=3
[newton] it=12 |R|=4.7245e+02 rel=1.636e+01 (u=8.71e+01 v=4.64e+02 p=3.20e-01) cfl=0.0631 gmres=3
[newton] it=13 |R|=3.9726e+02 rel=1.376e+01 (u=8.06e+01 v=3.89e+02 p=3.70e-01) cfl=0.075 gmres=3
[newton] it=14 |R|=3.3085e+02 rel=1.146e+01 (u=7.49e+01 v=3.22e+02 p=4.17e-01) cfl=0.0901 gmres=3
[newton] it=15 |R|=2.7253e+02 rel=9.439e+00 (u=6.98e+01 v=2.63e+02 p=4.38e-01) cfl=0.109 gmres=3
[newton] it=16 |R|=2.2148e+02 rel=7.671e+00 (u=6.50e+01 v=2.12e+02 p=4.05e-01) cfl=0.135 gmres=3
[newton] it=17 |R|=1.7774e+02 rel=6.156e+00 (u=6.00e+01 v=1.67e+02 p=5.63e-01) cfl=0.168 gmres=3
[newton] it=18 |R|=1.4103e+02 rel=4.885e+00 (u=5.47e+01 v=1.30e+02 p=1.21e+00) cfl=0.211 gmres=3
[newton] it=19 |R|=1.1171e+02 rel=3.869e+00 (u=4.87e+01 v=1.01e+02 p=6.41e-01) cfl=0.267 gmres=3
[newton] it=20 |R|=8.6644e+01 rel=3.001e+00 (u=4.20e+01 v=7.58e+01 p=3.35e-01) cfl=0.344 gmres=3
[newton] it=21 |R|=6.6129e+01 rel=2.290e+00 (u=3.47e+01 v=5.63e+01 p=1.01e+00) cfl=0.451 gmres=4
[newton] it=22 |R|=5.0135e+01 rel=1.736e+00 (u=2.67e+01 v=4.24e+01 p=3.35e-01) cfl=0.595 gmres=5
[newton] it=23 |R|=3.6480e+01 rel=1.263e+00 (u=1.90e+01 v=3.12e+01 p=2.67e-01) cfl=0.817 gmres=5
[newton] it=24 |R|=2.5526e+01 rel=8.841e-01 (u=1.24e+01 v=2.23e+01 p=5.02e-01) cfl=1.17 gmres=5
[newton] it=25 |R|=1.7446e+01 rel=6.042e-01 (u=7.83e+00 v=1.56e+01 p=2.50e-01) cfl=1.71 gmres=6
[newton] it=26 |R|=1.2120e+01 rel=4.198e-01 (u=5.44e+00 v=1.08e+01 p=3.34e-01) cfl=2.46 gmres=7
[newton] it=27 |R|=9.0490e+00 rel=3.134e-01 (u=4.49e+00 v=7.73e+00 p=1.39e+00) cfl=3.29 gmres=7
[newton] it=28 |R|=7.5837e+00 rel=2.627e-01 (u=4.28e+00 v=5.77e+00 p=2.43e+00) cfl=3.93 gmres=8
[newton] it=29 |R|=5.8881e+00 rel=2.039e-01 (u=3.63e+00 v=4.57e+00 p=7.74e-01) cfl=5.06 gmres=8
[newton] it=30 |R|=4.7579e+00 rel=1.648e-01 (u=3.11e+00 v=3.57e+00 p=4.25e-01) cfl=6.27 gmres=6
[newton] it=31 |R|=4.1443e+00 rel=1.435e-01 (u=2.82e+00 v=3.02e+00 p=2.95e-01) cfl=7.19 gmres=8
[newton] it=32 |R|=4.0444e+00 rel=1.401e-01 (u=3.04e+00 v=2.64e+00 p=3.47e-01) cfl=7.37 gmres=8
[newton] it=33 |R|=3.3387e+00 rel=1.156e-01 (u=2.38e+00 v=2.29e+00 p=4.62e-01) cfl=8.93 gmres=8
[newton] it=34 |R|=3.1044e+00 rel=1.075e-01 (u=2.25e+00 v=2.10e+00 p=3.82e-01) cfl=9.6 gmres=10
[newton] it=35 |R|=2.9399e+00 rel=1.018e-01 (u=2.10e+00 v=1.97e+00 p=5.95e-01) cfl=10.1 gmres=9
[newton] it=36 |R|=2.5588e+00 rel=8.862e-02 (u=1.80e+00 v=1.78e+00 p=4.01e-01) cfl=11.7 gmres=9
[newton] it=37 |R|=2.2861e+00 rel=7.918e-02 (u=1.62e+00 v=1.60e+00 p=1.92e-01) cfl=13 gmres=7
[newton] it=38 |R|=2.0783e+00 rel=7.198e-02 (u=1.48e+00 v=1.46e+00 p=1.33e-01) cfl=14.3 gmres=9
[newton] it=39 |R|=1.9197e+00 rel=6.649e-02 (u=1.35e+00 v=1.35e+00 p=2.06e-01) cfl=15.5 gmres=9
[newton] it=40 |R|=1.8534e+00 rel=6.419e-02 (u=1.24e+00 v=1.37e+00 p=1.11e-01) cfl=16.1 gmres=12
[newton] it=41 |R|=1.6029e+00 rel=5.552e-02 (u=1.12e+00 v=1.14e+00 p=1.49e-01) cfl=18.6 gmres=8
[newton] it=42 |R|=1.4359e+00 rel=4.973e-02 (u=1.01e+00 v=1.02e+00 p=7.11e-02) cfl=20.8 gmres=9
[newton] it=43 |R|=1.2960e+00 rel=4.489e-02 (u=9.06e-01 v=9.21e-01 p=1.03e-01) cfl=23 gmres=8
[newton] it=44 |R|=1.1896e+00 rel=4.120e-02 (u=8.15e-01 v=8.41e-01 p=2.11e-01) cfl=25.1 gmres=9
[newton] it=45 |R|=1.0535e+00 rel=3.649e-02 (u=7.38e-01 v=7.46e-01 p=8.98e-02) cfl=28.3 gmres=9
[newton] it=46 |R|=9.4231e-01 rel=3.264e-02 (u=6.45e-01 v=6.77e-01 p=1.16e-01) cfl=31.6 gmres=9
[newton] it=47 |R|=8.5306e-01 rel=2.954e-02 (u=5.70e-01 v=5.89e-01 p=2.37e-01) cfl=34.9 gmres=8
[newton] it=48 |R|=7.3399e-01 rel=2.542e-02 (u=5.00e-01 v=5.13e-01 p=1.58e-01) cfl=40.6 gmres=8
[newton] it=49 |R|=6.3209e-01 rel=2.189e-02 (u=4.37e-01 v=4.45e-01 p=1.02e-01) cfl=47.2 gmres=7
[newton] it=50 |R|=5.8824e-01 rel=2.037e-02 (u=3.83e-01 v=3.81e-01 p=2.32e-01) cfl=50.7 gmres=7
[newton] it=51 |R|=4.6420e-01 rel=1.608e-02 (u=3.33e-01 v=3.23e-01 p=9.21e-03) cfl=64.2 gmres=7
[newton] it=52 |R|=3.9784e-01 rel=1.378e-02 (u=2.91e-01 v=2.71e-01 p=6.58e-03) cfl=74.9 gmres=7
[newton] it=53 |R|=3.4006e-01 rel=1.178e-02 (u=2.54e-01 v=2.26e-01 p=3.57e-03) cfl=87.7 gmres=6
[newton] it=54 |R|=2.9007e-01 rel=1.005e-02 (u=2.22e-01 v=1.86e-01 p=1.09e-03) cfl=103 gmres=6
[newton] it=55 |R|=2.4712e-01 rel=8.559e-03 (u=1.95e-01 v=1.52e-01 p=6.26e-04) cfl=121 gmres=6
[newton] it=56 |R|=2.1063e-01 rel=7.295e-03 (u=1.71e-01 v=1.24e-01 p=1.60e-03) cfl=142 gmres=7
[newton] it=57 |R|=1.7992e-01 rel=6.231e-03 (u=1.49e-01 v=1.00e-01 p=1.13e-03) cfl=166 gmres=8
[newton] it=58 |R|=1.5430e-01 rel=5.344e-03 (u=1.31e-01 v=8.16e-02 p=3.68e-04) cfl=193 gmres=7
[newton] it=59 |R|=1.3285e-01 rel=4.601e-03 (u=1.15e-01 v=6.69e-02 p=1.56e-04) cfl=224 gmres=7
[newton] it=60 |R|=1.1468e-01 rel=3.972e-03 (u=1.00e-01 v=5.54e-02 p=1.25e-04) cfl=260 gmres=7
[newton] it=61 |R|=9.9175e-02 rel=3.435e-03 (u=8.77e-02 v=4.64e-02 p=1.11e-04) cfl=301 gmres=7
[newton] it=62 |R|=8.5832e-02 rel=2.973e-03 (u=7.64e-02 v=3.91e-02 p=6.51e-05) cfl=347 gmres=7
[newton] it=63 |R|=7.4290e-02 rel=2.573e-03 (u=6.65e-02 v=3.31e-02 p=3.11e-04) cfl=401 gmres=7
[newton] it=64 |R|=6.4283e-02 rel=2.226e-03 (u=5.78e-02 v=2.81e-02 p=3.13e-05) cfl=464 gmres=7
[newton] it=65 |R|=5.5622e-02 rel=1.926e-03 (u=5.03e-02 v=2.38e-02 p=3.04e-05) cfl=536 gmres=7
[newton] it=66 |R|=4.8151e-02 rel=1.668e-03 (u=4.37e-02 v=2.02e-02 p=1.40e-05) cfl=619 gmres=7
[newton] it=67 |R|=4.1723e-02 rel=1.445e-03 (u=3.81e-02 v=1.71e-02 p=8.96e-06) cfl=714 gmres=7
[newton] it=68 |R|=3.6200e-02 rel=1.254e-03 (u=3.32e-02 v=1.44e-02 p=7.43e-06) cfl=823 gmres=7
[newton] it=69 |R|=3.1462e-02 rel=1.090e-03 (u=2.90e-02 v=1.22e-02 p=8.38e-06) cfl=948 gmres=6
[newton] it=70 |R|=2.7389e-02 rel=9.486e-04 (u=2.54e-02 v=1.03e-02 p=5.62e-06) cfl=1.09e+03 gmres=7
[newton] it=71 |R|=2.3878e-02 rel=8.270e-04 (u=2.22e-02 v=8.73e-03 p=2.81e-06) cfl=1.25e+03 gmres=7
[newton] it=72 |R|=2.0844e-02 rel=7.219e-04 (u=1.95e-02 v=7.39e-03 p=2.64e-06) cfl=1.43e+03 gmres=7
[newton] it=73 |R|=1.8211e-02 rel=6.307e-04 (u=1.71e-02 v=6.26e-03 p=1.80e-05) cfl=1.64e+03 gmres=7
[newton] it=74 |R|=1.5918e-02 rel=5.513e-04 (u=1.50e-02 v=5.31e-03 p=2.59e-06) cfl=1.87e+03 gmres=6
[newton] it=75 |R|=1.3915e-02 rel=4.819e-04 (u=1.32e-02 v=4.50e-03 p=5.99e-06) cfl=2.14e+03 gmres=6
[newton] it=76 |R|=1.2163e-02 rel=4.213e-04 (u=1.15e-02 v=3.82e-03 p=1.30e-06) cfl=2.45e+03 gmres=6
[newton] it=77 |R|=1.0630e-02 rel=3.682e-04 (u=1.01e-02 v=3.25e-03 p=8.34e-07) cfl=2.8e+03 gmres=6
[newton] it=78 |R|=9.2870e-03 rel=3.216e-04 (u=8.87e-03 v=2.77e-03 p=5.78e-07) cfl=3.21e+03 gmres=6
[newton] it=79 |R|=8.1118e-03 rel=2.809e-04 (u=7.76e-03 v=2.36e-03 p=1.32e-06) cfl=3.68e+03 gmres=5
[newton] it=80 |R|=7.0841e-03 rel=2.454e-04 (u=6.79e-03 v=2.02e-03 p=6.91e-07) cfl=4.21e+03 gmres=5
[newton] done converged=False reason='max_iter' it=80 m_in=1.0000e+02 m_out=1.0000e+02 |R_steady|/|R0|=2.454e-04 elapsed=228.7s
--> L_floor0.1: {'converged': False, 'reason': 'max_iter', 'n_newton': 80, 'rel_final': 0.00024535163083285036, 'rel_min': 0.00024535163083285036, 'first_step_ratio': 20.649412214570077, 'steady_residual_ratio': 0.00024535163083285036, 'mass_in': 100.0, 'mass_out': 100.00000000005863, 'elapsed': 228.80747144399993}
===== uturn r2 U=1.0 variant L_nofloor =====
[newton] it=0 |R|=2.8873e+01 (u=2.04e+01 v=0.00e+00 p=2.04e+01) cfl=0.5
[newton] it=1 |R|=8.5989e+02 rel=2.978e+01 (u=8.43e+02 v=1.39e+02 p=9.90e+01) cfl=0.05 gmres=11 (gmres not converged)
[newton] it=2 |R|=1.0723e+03 rel=3.714e+01 (u=5.81e+02 v=9.00e+02 p=4.31e+01) cfl=0.0401 gmres=3
[newton] it=3 |R|=5.8830e+02 rel=2.038e+01 (u=3.80e+02 v=4.48e+02 p=2.55e+01) cfl=0.0731 gmres=4
[newton] it=4 |R|=5.2475e+02 rel=1.817e+01 (u=4.25e+02 v=3.06e+02 p=2.31e+01) cfl=0.0819 gmres=4
[newton] it=5 |R|=1.1486e+03 rel=3.978e+01 (u=1.12e+03 v=2.31e+02 p=1.05e+02) cfl=0.0374 gmres=10
[newton] it=6 |R|=6.6179e+02 rel=2.292e+01 (u=6.25e+02 v=2.12e+02 p=5.00e+01) cfl=0.065 gmres=23
[newton] it=7 |R|=2.4035e+03 rel=8.324e+01 (u=2.37e+03 v=2.38e+02 p=3.46e+02) cfl=0.0179 gmres=32
[newton] it=8 |R|=7.8007e+02 rel=2.702e+01 (u=7.42e+02 v=2.32e+02 p=6.61e+01) cfl=0.0358 gmres=6
[newton] it=9 |R|=1.2611e+03 rel=4.368e+01 (u=1.24e+03 v=1.97e+02 p=1.23e+02) cfl=0.0221 gmres=8
[newton] it=10 |R|=8.3333e+02 rel=2.886e+01 (u=8.11e+02 v=1.90e+02 p=1.79e+01) cfl=0.0335 gmres=5
[newton] it=11 |R|=9.0896e+02 rel=3.148e+01 (u=8.90e+02 v=1.84e+02 p=1.05e+01) cfl=0.0307 gmres=5
[newton] it=12 |R|=9.3084e+02 rel=3.224e+01 (u=9.13e+02 v=1.80e+02 p=3.74e+00) cfl=0.03 gmres=6
[newton] it=13 |R|=9.2931e+02 rel=3.219e+01 (u=9.12e+02 v=1.79e+02 p=1.10e+01) cfl=0.03 gmres=5
[newton] it=14 |R|=9.3140e+02 rel=3.226e+01 (u=9.15e+02 v=1.75e+02 p=2.24e+00) cfl=0.03 gmres=5
[newton] it=15 |R|=9.1759e+02 rel=3.178e+01 (u=9.00e+02 v=1.76e+02 p=1.64e+01) cfl=0.0304 gmres=7
[newton] it=16 |R|=8.9901e+02 rel=3.114e+01 (u=8.83e+02 v=1.68e+02 p=1.95e+01) cfl=0.031 gmres=5
[newton] it=17 |R|=9.0406e+02 rel=3.131e+01 (u=8.90e+02 v=1.59e+02 p=1.99e+01) cfl=0.0309 gmres=4
[newton] it=18 |R|=8.8710e+02 rel=3.072e+01 (u=8.73e+02 v=1.55e+02 p=4.09e+00) cfl=0.0315 gmres=5
[newton] it=19 |R|=8.7743e+02 rel=3.039e+01 (u=8.64e+02 v=1.52e+02 p=9.62e+00) cfl=0.0318 gmres=5
[newton] it=20 |R|=8.4402e+02 rel=2.923e+01 (u=8.27e+02 v=1.62e+02 p=4.60e+01) cfl=0.0331 gmres=6
[newton] it=21 |R|=8.3927e+02 rel=2.907e+01 (u=8.26e+02 v=1.47e+02 p=2.39e+00) cfl=0.0333 gmres=5
[newton] it=22 |R|=8.1993e+02 rel=2.840e+01 (u=8.08e+02 v=1.40e+02 p=6.84e-01) cfl=0.034 gmres=4
[newton] it=23 |R|=8.0044e+02 rel=2.772e+01 (u=7.89e+02 v=1.37e+02 p=2.42e+00) cfl=0.0349 gmres=5
[newton] it=24 |R|=7.8159e+02 rel=2.707e+01 (u=7.70e+02 v=1.33e+02 p=5.99e-01) cfl=0.0357 gmres=5
[newton] it=25 |R|=7.6246e+02 rel=2.641e+01 (u=7.51e+02 v=1.29e+02 p=9.00e-01) cfl=0.0366 gmres=5
[newton] it=26 |R|=7.4448e+02 rel=2.578e+01 (u=7.34e+02 v=1.26e+02 p=2.58e-01) cfl=0.0375 gmres=5
[newton] it=27 |R|=7.2835e+02 rel=2.523e+01 (u=7.18e+02 v=1.23e+02 p=3.39e-01) cfl=0.0383 gmres=4
[newton] it=28 |R|=7.1846e+02 rel=2.488e+01 (u=7.08e+02 v=1.21e+02 p=1.55e+00) cfl=0.0388 gmres=6
[newton] it=29 |R|=7.0475e+02 rel=2.441e+01 (u=6.95e+02 v=1.17e+02 p=6.29e-01) cfl=0.0396 gmres=5
[newton] it=30 |R|=6.9010e+02 rel=2.390e+01 (u=6.81e+02 v=1.13e+02 p=1.47e+00) cfl=0.0404 gmres=5
[newton] it=31 |R|=6.7401e+02 rel=2.334e+01 (u=6.65e+02 v=1.09e+02 p=8.73e-01) cfl=0.0414 gmres=8
[newton] it=32 |R|=6.5779e+02 rel=2.278e+01 (u=6.49e+02 v=1.05e+02 p=1.39e+01) cfl=0.0424 gmres=5
[newton] it=33 |R|=6.4012e+02 rel=2.217e+01 (u=6.31e+02 v=1.09e+02 p=1.28e+00) cfl=0.0436 gmres=7
[newton] it=34 |R|=6.2311e+02 rel=2.158e+01 (u=6.14e+02 v=1.04e+02 p=3.20e-01) cfl=0.0448 gmres=5
[newton] it=35 |R|=6.0658e+02 rel=2.101e+01 (u=5.98e+02 v=1.00e+02 p=4.01e-01) cfl=0.046 gmres=5
[newton] it=36 |R|=5.9061e+02 rel=2.046e+01 (u=5.83e+02 v=9.59e+01 p=2.31e-01) cfl=0.0473 gmres=5
[newton] it=37 |R|=5.7529e+02 rel=1.992e+01 (u=5.68e+02 v=9.18e+01 p=2.53e-01) cfl=0.0485 gmres=5
[newton] it=38 |R|=5.6076e+02 rel=1.942e+01 (u=5.54e+02 v=8.74e+01 p=4.78e+00) cfl=0.0498 gmres=6
[newton] it=39 |R|=5.5515e+02 rel=1.923e+01 (u=5.45e+02 v=1.06e+02 p=4.57e+00) cfl=0.0503 gmres=9
[newton] it=40 |R|=5.5341e+02 rel=1.917e+01 (u=5.41e+02 v=1.16e+02 p=9.34e+00) cfl=0.0504 gmres=5
[newton] it=41 |R|=5.2719e+02 rel=1.826e+01 (u=5.20e+02 v=8.55e+01 p=3.44e+00) cfl=0.0529 gmres=4
[newton] it=42 |R|=5.1007e+02 rel=1.767e+01 (u=5.03e+02 v=8.22e+01 p=3.73e-01) cfl=0.0547 gmres=5
[newton] it=43 |R|=4.9228e+02 rel=1.705e+01 (u=4.86e+02 v=7.60e+01 p=8.37e-01) cfl=0.0567 gmres=4
[newton] it=44 |R|=4.7434e+02 rel=1.643e+01 (u=4.69e+02 v=7.20e+01 p=2.10e+00) cfl=0.0588 gmres=5
[newton] it=45 |R|=4.6110e+02 rel=1.597e+01 (u=4.54e+02 v=7.84e+01 p=1.77e+01) cfl=0.0605 gmres=6
[newton] it=46 |R|=4.3370e+02 rel=1.502e+01 (u=4.28e+02 v=6.82e+01 p=7.06e+00) cfl=0.0643 gmres=4
[newton] it=47 |R|=4.1658e+02 rel=1.443e+01 (u=4.12e+02 v=6.00e+01 p=9.24e+00) cfl=0.067 gmres=5
[newton] it=48 |R|=3.9848e+02 rel=1.380e+01 (u=3.94e+02 v=5.64e+01 p=2.65e+00) cfl=0.07 gmres=6
[newton] it=49 |R|=3.8013e+02 rel=1.317e+01 (u=3.77e+02 v=5.17e+01 p=4.74e-01) cfl=0.0734 gmres=6
[newton] it=50 |R|=3.6154e+02 rel=1.252e+01 (u=3.58e+02 v=4.86e+01 p=4.34e-01) cfl=0.0772 gmres=5
[newton] it=51 |R|=3.4251e+02 rel=1.186e+01 (u=3.39e+02 v=4.57e+01 p=9.61e-01) cfl=0.0815 gmres=6
[newton] it=52 |R|=3.2446e+02 rel=1.124e+01 (u=3.22e+02 v=4.35e+01 p=2.93e+00) cfl=0.086 gmres=6
[newton] it=53 |R|=3.2339e+02 rel=1.120e+01 (u=3.18e+02 v=5.61e+01 p=8.77e+00) cfl=0.0863 gmres=7
[newton] it=54 |R|=2.9818e+02 rel=1.033e+01 (u=2.94e+02 v=4.77e+01 p=1.89e+00) cfl=0.0936 gmres=6
[newton] it=55 |R|=2.8658e+02 rel=9.925e+00 (u=2.83e+02 v=4.77e+01 p=2.93e+00) cfl=0.0974 gmres=6
[newton] it=56 |R|=2.6823e+02 rel=9.290e+00 (u=2.65e+02 v=4.17e+01 p=5.20e+00) cfl=0.104 gmres=5
[newton] it=57 |R|=2.4698e+02 rel=8.554e+00 (u=2.44e+02 v=3.81e+01 p=1.05e+00) cfl=0.113 gmres=5
[newton] it=58 |R|=2.2967e+02 rel=7.954e+00 (u=2.26e+02 v=3.70e+01 p=1.48e+01) cfl=0.122 gmres=5
[newton] it=59 |R|=2.0820e+02 rel=7.211e+00 (u=2.05e+02 v=3.41e+01 p=1.40e+00) cfl=0.134 gmres=4
[newton] it=60 |R|=1.8877e+02 rel=6.538e+00 (u=1.86e+02 v=3.30e+01 p=1.54e+00) cfl=0.148 gmres=5
[newton] it=61 |R|=1.7157e+02 rel=5.942e+00 (u=1.69e+02 v=3.17e+01 p=1.75e+00) cfl=0.163 gmres=5
[newton] it=62 |R|=1.5570e+02 rel=5.392e+00 (u=1.53e+02 v=3.00e+01 p=1.10e+00) cfl=0.179 gmres=5
[newton] it=63 |R|=1.3881e+02 rel=4.808e+00 (u=1.35e+02 v=2.91e+01 p=1.04e+01) cfl=0.201 gmres=5
[newton] it=64 |R|=1.2177e+02 rel=4.218e+00 (u=1.19e+02 v=2.74e+01 p=2.04e+00) cfl=0.229 gmres=5
[newton] it=65 |R|=1.0632e+02 rel=3.682e+00 (u=1.03e+02 v=2.50e+01 p=4.58e+00) cfl=0.262 gmres=5
[newton] it=66 |R|=9.2133e+01 rel=3.191e+00 (u=8.90e+01 v=2.37e+01 p=3.90e+00) cfl=0.303 gmres=5
[newton] it=67 |R|=8.0116e+01 rel=2.775e+00 (u=7.70e+01 v=2.22e+01 p=1.16e+00) cfl=0.348 gmres=5
[newton] it=68 |R|=7.3043e+01 rel=2.530e+00 (u=6.97e+01 v=2.14e+01 p=3.85e+00) cfl=0.382 gmres=5
[newton] it=69 |R|=7.6256e+01 rel=2.641e+00 (u=7.24e+01 v=2.26e+01 p=7.99e+00) cfl=0.366 gmres=5
[newton] it=70 |R|=7.5435e+01 rel=2.613e+00 (u=7.18e+01 v=2.12e+01 p=9.30e+00) cfl=0.37 gmres=5
[newton] it=71 |R|=6.0508e+01 rel=2.096e+00 (u=5.70e+01 v=1.89e+01 p=7.37e+00) cfl=0.461 gmres=5
[newton] it=72 |R|=4.9904e+01 rel=1.728e+00 (u=4.69e+01 v=1.66e+01 p=3.51e+00) cfl=0.559 gmres=6
[newton] it=73 |R|=3.9371e+01 rel=1.364e+00 (u=3.66e+01 v=1.36e+01 p=4.95e+00) cfl=0.709 gmres=5
[newton] it=74 |R|=3.0732e+01 rel=1.064e+00 (u=2.86e+01 v=1.10e+01 p=2.56e+00) cfl=0.908 gmres=6
[newton] it=75 |R|=2.3883e+01 rel=8.272e-01 (u=2.18e+01 v=9.42e+00 p=2.44e+00) cfl=1.17 gmres=7
[newton] it=76 |R|=1.8543e+01 rel=6.422e-01 (u=1.67e+01 v=7.77e+00 p=1.74e+00) cfl=1.51 gmres=7
[newton] it=77 |R|=1.4299e+01 rel=4.952e-01 (u=1.27e+01 v=6.49e+00 p=9.73e-01) cfl=1.95 gmres=7
[newton] it=78 |R|=1.1220e+01 rel=3.886e-01 (u=9.81e+00 v=5.44e+00 p=2.71e-01) cfl=2.49 gmres=7
[newton] it=79 |R|=9.0061e+00 rel=3.119e-01 (u=7.83e+00 v=4.45e+00 p=2.22e-01) cfl=3.1 gmres=9
[newton] it=80 |R|=7.2638e+00 rel=2.516e-01 (u=6.25e+00 v=3.68e+00 p=4.74e-01) cfl=3.84 gmres=9
[newton] done converged=False reason='max_iter' it=80 m_in=1.0000e+02 m_out=1.0000e+02 |R_steady|/|R0|=2.516e-01 elapsed=219.8s
--> L_nofloor: {'converged': False, 'reason': 'max_iter', 'n_newton': 80, 'rel_final': 0.25157535527675173, 'rel_min': 0.25157535527675173, 'first_step_ratio': 29.781181622118726, 'steady_residual_ratio': 0.25157535527675173, 'mass_in': 100.0, 'mass_out': 99.99999990590865, 'elapsed': 219.84468158799973}
===== uturn r2 U=1.0 variant L_rc_floor0.1 =====
[newton] it=0 |R|=2.8873e+01 (u=2.04e+01 v=0.00e+00 p=2.04e+01) cfl=0.5
[newton] it=1 |R|=2.4910e+02 rel=8.627e+00 (u=1.46e+02 v=1.95e+02 p=5.19e+01) cfl=0.058 gmres=11
[newton] it=2 |R|=2.1571e+03 rel=7.471e+01 (u=2.19e+02 v=2.15e+03 p=7.87e-01) cfl=0.007 gmres=16 (gmres not converged)
[newton] it=3 |R|=3.4338e+03 rel=1.189e+02 (u=9.44e+02 v=3.30e+03 p=2.52e-02) cfl=0.00441 gmres=2
[newton] it=4 |R|=2.5425e+03 rel=8.806e+01 (u=6.93e+02 v=2.45e+03 p=9.72e-03) cfl=0.00595 gmres=2
[newton] it=5 |R|=1.3490e+03 rel=4.672e+01 (u=4.78e+02 v=1.26e+03 p=8.54e-03) cfl=0.0112 gmres=2
[newton] it=6 |R|=6.3851e+02 rel=2.211e+01 (u=2.80e+02 v=5.74e+02 p=5.76e-02) cfl=0.0224 gmres=1
[newton] it=7 |R|=3.2061e+02 rel=1.110e+01 (u=1.83e+02 v=2.63e+02 p=7.75e-02) cfl=0.0445 gmres=2
[newton] it=8 |R|=1.9084e+02 rel=6.609e+00 (u=1.29e+02 v=1.41e+02 p=6.32e-02) cfl=0.074 gmres=2
[newton] it=9 |R|=1.3665e+02 rel=4.733e+00 (u=9.75e+01 v=9.57e+01 p=5.02e-02) cfl=0.102 gmres=2
[newton] it=10 |R|=1.0378e+02 rel=3.594e+00 (u=8.08e+01 v=6.51e+01 p=1.37e-02) cfl=0.132 gmres=2
[newton] it=11 |R|=7.9024e+01 rel=2.737e+00 (u=6.70e+01 v=4.19e+01 p=1.26e-02) cfl=0.171 gmres=2
[newton] it=12 |R|=6.0190e+01 rel=2.085e+00 (u=5.42e+01 v=2.61e+01 p=1.38e-02) cfl=0.221 gmres=2
[newton] it=13 |R|=4.5416e+01 rel=1.573e+00 (u=4.23e+01 v=1.64e+01 p=1.44e-02) cfl=0.285 gmres=4
[newton] it=14 |R|=3.3342e+01 rel=1.155e+00 (u=3.14e+01 v=1.12e+01 p=1.69e-02) cfl=0.377 gmres=3
[newton] it=15 |R|=2.3490e+01 rel=8.135e-01 (u=2.19e+01 v=8.60e+00 p=1.53e-02) cfl=0.516 gmres=4
[newton] it=16 |R|=1.5956e+01 rel=5.526e-01 (u=1.43e+01 v=7.15e+00 p=1.54e-02) cfl=0.728 gmres=5
[newton] it=17 |R|=1.1036e+01 rel=3.822e-01 (u=9.13e+00 v=6.20e+00 p=1.82e-02) cfl=1.01 gmres=6
[newton] it=18 |R|=8.4138e+00 rel=2.914e-01 (u=6.39e+00 v=5.48e+00 p=1.75e-02) cfl=1.3 gmres=6
[newton] it=19 |R|=7.1474e+00 rel=2.475e-01 (u=5.25e+00 v=4.85e+00 p=1.72e-02) cfl=1.52 gmres=6
[newton] it=20 |R|=6.4148e+00 rel=2.222e-01 (u=4.59e+00 v=4.48e+00 p=1.55e-01) cfl=1.69 gmres=7
[newton] it=21 |R|=6.1925e+00 rel=2.145e-01 (u=4.36e+00 v=4.24e+00 p=1.17e+00) cfl=1.75 gmres=8
[newton] it=22 |R|=5.6998e+00 rel=1.974e-01 (u=4.05e+00 v=3.80e+00 p=1.28e+00) cfl=1.9 gmres=7
[newton] it=23 |R|=5.1970e+00 rel=1.800e-01 (u=3.82e+00 v=3.52e+00 p=1.79e-01) cfl=2.09 gmres=7
[newton] it=24 |R|=4.7315e+00 rel=1.639e-01 (u=3.47e+00 v=3.21e+00 p=1.30e-01) cfl=2.29 gmres=6
[newton] it=25 |R|=4.3463e+00 rel=1.505e-01 (u=3.16e+00 v=2.98e+00 p=1.35e-01) cfl=2.49 gmres=7
[newton] it=26 |R|=4.0545e+00 rel=1.404e-01 (u=2.94e+00 v=2.79e+00 p=6.99e-02) cfl=2.66 gmres=7
[newton] it=27 |R|=3.8020e+00 rel=1.317e-01 (u=2.76e+00 v=2.61e+00 p=2.02e-01) cfl=2.84 gmres=6
[newton] it=28 |R|=3.7135e+00 rel=1.286e-01 (u=2.70e+00 v=2.43e+00 p=7.97e-01) cfl=2.91 gmres=7
[newton] it=29 |R|=3.3171e+00 rel=1.149e-01 (u=2.41e+00 v=2.27e+00 p=1.64e-01) cfl=3.27 gmres=8
[newton] it=30 |R|=3.1610e+00 rel=1.095e-01 (u=2.30e+00 v=2.16e+00 p=1.90e-01) cfl=3.43 gmres=8
[newton] it=31 |R|=2.9773e+00 rel=1.031e-01 (u=2.15e+00 v=2.05e+00 p=1.57e-01) cfl=3.64 gmres=8
[newton] it=32 |R|=2.7805e+00 rel=9.630e-02 (u=1.99e+00 v=1.94e+00 p=1.51e-01) cfl=3.9 gmres=8
[newton] it=33 |R|=2.5995e+00 rel=9.003e-02 (u=1.85e+00 v=1.82e+00 p=9.33e-02) cfl=4.16 gmres=8
[newton] it=34 |R|=2.4399e+00 rel=8.450e-02 (u=1.74e+00 v=1.70e+00 p=1.46e-01) cfl=4.42 gmres=7
[newton] it=35 |R|=2.2814e+00 rel=7.901e-02 (u=1.63e+00 v=1.59e+00 p=1.15e-01) cfl=4.72 gmres=8
[newton] it=36 |R|=2.1207e+00 rel=7.345e-02 (u=1.51e+00 v=1.49e+00 p=8.45e-02) cfl=5.07 gmres=8
[newton] it=37 |R|=1.9828e+00 rel=6.867e-02 (u=1.41e+00 v=1.39e+00 p=7.46e-02) cfl=5.41 gmres=8
[newton] it=38 |R|=1.8392e+00 rel=6.370e-02 (u=1.31e+00 v=1.29e+00 p=6.89e-02) cfl=5.83 gmres=6
[newton] it=39 |R|=1.7207e+00 rel=5.960e-02 (u=1.21e+00 v=1.21e+00 p=1.55e-01) cfl=6.22 gmres=8
[newton] it=40 |R|=1.5959e+00 rel=5.527e-02 (u=1.12e+00 v=1.13e+00 p=6.38e-02) cfl=6.7 gmres=9
[newton] it=41 |R|=1.4574e+00 rel=5.048e-02 (u=1.03e+00 v=1.03e+00 p=5.09e-02) cfl=7.33 gmres=8
[newton] it=42 |R|=1.3377e+00 rel=4.633e-02 (u=9.38e-01 v=9.52e-01 p=6.11e-02) cfl=8 gmres=9
[newton] it=43 |R|=1.2432e+00 rel=4.306e-02 (u=8.57e-01 v=8.95e-01 p=9.87e-02) cfl=8.61 gmres=12
[newton] it=44 |R|=1.1131e+00 rel=3.855e-02 (u=7.76e-01 v=7.96e-01 p=5.85e-02) cfl=9.62 gmres=8
[newton] it=45 |R|=1.0134e+00 rel=3.510e-02 (u=7.02e-01 v=7.27e-01 p=7.76e-02) cfl=10.6 gmres=9
[newton] it=46 |R|=9.4935e-01 rel=3.288e-02 (u=6.33e-01 v=6.50e-01 p=2.78e-01) cfl=11.4 gmres=7
[newton] it=47 |R|=8.0833e-01 rel=2.800e-02 (u=5.63e-01 v=5.78e-01 p=5.59e-02) cfl=13.4 gmres=8
[newton] it=48 |R|=7.1446e-01 rel=2.474e-02 (u=4.99e-01 v=5.09e-01 p=4.84e-02) cfl=15.4 gmres=7
[newton] it=49 |R|=6.6916e-01 rel=2.318e-02 (u=4.43e-01 v=4.44e-01 p=2.34e-01) cfl=16.6 gmres=7
[newton] it=50 |R|=5.4625e-01 rel=1.892e-02 (u=3.90e-01 v=3.82e-01 p=1.79e-02) cfl=20.4 gmres=10
[newton] it=51 |R|=4.7427e-01 rel=1.643e-02 (u=3.44e-01 v=3.26e-01 p=8.23e-03) cfl=24.1 gmres=7
[newton] it=52 |R|=4.0884e-01 rel=1.416e-02 (u=3.03e-01 v=2.75e-01 p=3.57e-03) cfl=28.3 gmres=6
[newton] it=53 |R|=3.5152e-01 rel=1.217e-02 (u=2.66e-01 v=2.29e-01 p=1.76e-03) cfl=33.5 gmres=6
[newton] it=54 |R|=3.0136e-01 rel=1.044e-02 (u=2.34e-01 v=1.90e-01 p=9.62e-04) cfl=39.7 gmres=6
[newton] it=55 |R|=2.5805e-01 rel=8.937e-03 (u=2.06e-01 v=1.56e-01 p=7.44e-04) cfl=47.1 gmres=6
[newton] it=56 |R|=2.2109e-01 rel=7.657e-03 (u=1.81e-01 v=1.27e-01 p=5.51e-04) cfl=55.8 gmres=6
[newton] it=57 |R|=1.8983e-01 rel=6.575e-03 (u=1.59e-01 v=1.04e-01 p=5.62e-04) cfl=66 gmres=8
[newton] it=58 |R|=1.6352e-01 rel=5.663e-03 (u=1.40e-01 v=8.51e-02 p=5.23e-04) cfl=77.8 gmres=7
[newton] it=59 |R|=1.4126e-01 rel=4.892e-03 (u=1.22e-01 v=7.04e-02 p=1.60e-04) cfl=91.2 gmres=7
[newton] it=60 |R|=1.2224e-01 rel=4.234e-03 (u=1.07e-01 v=5.87e-02 p=1.33e-04) cfl=107 gmres=7
[newton] it=61 |R|=1.0588e-01 rel=3.667e-03 (u=9.37e-02 v=4.94e-02 p=9.87e-05) cfl=124 gmres=7
[newton] it=62 |R|=9.1728e-02 rel=3.177e-03 (u=8.17e-02 v=4.18e-02 p=3.85e-04) cfl=145 gmres=7
[newton] it=63 |R|=7.9411e-02 rel=2.750e-03 (u=7.11e-02 v=3.54e-02 p=6.02e-05) cfl=169 gmres=7
[newton] it=64 |R|=6.8723e-02 rel=2.380e-03 (u=6.18e-02 v=3.01e-02 p=3.36e-05) cfl=197 gmres=7
[newton] it=65 |R|=5.9461e-02 rel=2.059e-03 (u=5.37e-02 v=2.55e-02 p=3.67e-05) cfl=230 gmres=7
[newton] it=66 |R|=5.1463e-02 rel=1.782e-03 (u=4.67e-02 v=2.16e-02 p=1.30e-05) cfl=268 gmres=7
[newton] it=67 |R|=4.4577e-02 rel=1.544e-03 (u=4.06e-02 v=1.83e-02 p=9.68e-06) cfl=312 gmres=7
[newton] it=68 |R|=3.8660e-02 rel=1.339e-03 (u=3.54e-02 v=1.55e-02 p=6.90e-06) cfl=363 gmres=7
[newton] it=69 |R|=3.3578e-02 rel=1.163e-03 (u=3.09e-02 v=1.31e-02 p=6.80e-06) cfl=421 gmres=6
[newton] it=70 |R|=2.9208e-02 rel=1.012e-03 (u=2.70e-02 v=1.11e-02 p=7.12e-06) cfl=488 gmres=6
[newton] it=71 |R|=2.5441e-02 rel=8.811e-04 (u=2.36e-02 v=9.38e-03 p=4.73e-06) cfl=564 gmres=6
[newton] it=72 |R|=2.2184e-02 rel=7.683e-04 (u=2.07e-02 v=7.95e-03 p=4.27e-06) cfl=652 gmres=6
[newton] it=73 |R|=1.9360e-02 rel=6.705e-04 (u=1.81e-02 v=6.74e-03 p=1.26e-05) cfl=752 gmres=6
[newton] it=74 |R|=1.6903e-02 rel=5.854e-04 (u=1.59e-02 v=5.73e-03 p=2.70e-06) cfl=867 gmres=6
[newton] it=75 |R|=1.4760e-02 rel=5.112e-04 (u=1.39e-02 v=4.87e-03 p=4.25e-06) cfl=999 gmres=6
[newton] it=76 |R|=1.2889e-02 rel=4.464e-04 (u=1.22e-02 v=4.14e-03 p=1.10e-06) cfl=1.15e+03 gmres=6
[newton] it=77 |R|=1.1252e-02 rel=3.897e-04 (u=1.07e-02 v=3.53e-03 p=4.73e-07) cfl=1.33e+03 gmres=7
[newton] it=78 |R|=9.8220e-03 rel=3.402e-04 (u=9.35e-03 v=3.02e-03 p=9.59e-07) cfl=1.53e+03 gmres=5
[newton] it=79 |R|=8.5722e-03 rel=2.969e-04 (u=8.17e-03 v=2.58e-03 p=9.93e-07) cfl=1.77e+03 gmres=5
[newton] it=80 |R|=7.4810e-03 rel=2.591e-04 (u=7.14e-03 v=2.22e-03 p=6.51e-07) cfl=2.04e+03 gmres=5
[newton] done converged=False reason='max_iter' it=80 m_in=1.0000e+02 m_out=1.0000e+02 |R_steady|/|R0|=3.372e-04 elapsed=152.5s
--> L_rc_floor0.1: {'converged': False, 'reason': 'max_iter', 'n_newton': 80, 'rel_final': 0.00025909448872829305, 'rel_min': 0.00025909448872829305, 'first_step_ratio': 8.627404132767152, 'steady_residual_ratio': 0.000337219628703432, 'mass_in': 100.0, 'mass_out': 99.9999999995384, 'elapsed': 152.53048942499936}
===== uturn r2 U=1.0 variant L_rc_nofloor =====
[newton] it=0 |R|=2.8873e+01 (u=2.04e+01 v=0.00e+00 p=2.04e+01) cfl=0.5
[newton] it=1 |R|=8.5988e+02 rel=2.978e+01 (u=8.43e+02 v=1.39e+02 p=9.90e+01) cfl=0.05 gmres=11 (gmres not converged)
[newton] it=2 |R|=4.9130e+03 rel=1.702e+02 (u=3.20e+03 v=3.73e+03 p=2.81e+00) cfl=0.0122 gmres=2
[newton] it=3 |R|=1.2320e+04 rel=4.267e+02 (u=1.19e+04 v=3.36e+03 p=1.45e-01) cfl=0.00492 gmres=2
[newton] it=4 |R|=2.2643e+04 rel=7.842e+02 (u=2.21e+04 v=5.02e+03 p=1.78e-02) cfl=0.0027 gmres=2
[newton] it=5 |R|=3.4556e+04 rel=1.197e+03 (u=3.39e+04 v=6.72e+03 p=1.16e-02) cfl=0.00177 gmres=2
[newton] it=6 |R|=4.4140e+04 rel=1.529e+03 (u=4.34e+04 v=7.80e+03 p=5.66e-03) cfl=0.00139 gmres=2
[newton] it=7 |R|=4.1788e+04 rel=1.447e+03 (u=4.13e+04 v=6.46e+03 p=1.65e-02) cfl=0.00147 gmres=1
[newton] it=8 |R|=3.5896e+04 rel=1.243e+03 (u=3.54e+04 v=6.15e+03 p=4.09e+00) cfl=0.00171 gmres=2
[newton] it=9 |R|=8.0994e+04 rel=2.805e+03 (u=7.29e+04 v=3.53e+04 p=2.58e-01) cfl=0.000755 gmres=2
[newton] it=10 |R|=6.2429e+04 rel=2.162e+03 (u=5.61e+04 v=2.73e+04 p=5.41e-02) cfl=0.00098 gmres=2
[newton] it=11 |R|=3.7640e+04 rel=1.304e+03 (u=3.42e+04 v=1.56e+04 p=2.21e-02) cfl=0.00163 gmres=1
[newton] it=12 |R|=1.8663e+04 rel=6.464e+02 (u=1.78e+04 v=5.65e+03 p=1.45e-02) cfl=0.00325 gmres=2
[newton] it=13 |R|=9.2440e+03 rel=3.202e+02 (u=8.58e+03 v=3.43e+03 p=6.38e-02) cfl=0.0065 gmres=2
[newton] it=14 |R|=4.5612e+03 rel=1.580e+02 (u=4.19e+03 v=1.80e+03 p=2.70e-01) cfl=0.013 gmres=2
[newton] it=15 |R|=2.3272e+03 rel=8.060e+01 (u=2.17e+03 v=8.45e+02 p=1.44e-02) cfl=0.0254 gmres=2
[newton] it=16 |R|=1.2572e+03 rel=4.354e+01 (u=1.14e+03 v=5.33e+02 p=3.69e-02) cfl=0.0469 gmres=2
[newton] it=17 |R|=7.7059e+02 rel=2.669e+01 (u=6.85e+02 v=3.53e+02 p=1.22e-01) cfl=0.0758 gmres=2
[newton] it=18 |R|=5.4780e+02 rel=1.897e+01 (u=5.00e+02 v=2.24e+02 p=3.25e-01) cfl=0.104 gmres=2
[newton] it=19 |R|=4.4395e+02 rel=1.538e+01 (u=4.23e+02 v=1.36e+02 p=5.26e-02) cfl=0.126 gmres=2
[newton] it=20 |R|=3.8961e+02 rel=1.349e+01 (u=3.81e+02 v=8.26e+01 p=9.61e-02) cfl=0.14 gmres=2
[newton] it=21 |R|=3.5490e+02 rel=1.229e+01 (u=3.51e+02 v=5.20e+01 p=2.96e-02) cfl=0.151 gmres=2
[newton] it=22 |R|=3.2649e+02 rel=1.131e+01 (u=3.25e+02 v=3.57e+01 p=2.72e-02) cfl=0.161 gmres=2
[newton] it=23 |R|=3.0062e+02 rel=1.041e+01 (u=2.99e+02 v=2.77e+01 p=2.86e-02) cfl=0.172 gmres=2
[newton] it=24 |R|=2.7476e+02 rel=9.516e+00 (u=2.74e+02 v=2.40e+01 p=1.17e-01) cfl=0.185 gmres=3
[newton] it=25 |R|=2.4845e+02 rel=8.605e+00 (u=2.48e+02 v=2.13e+01 p=1.07e-01) cfl=0.199 gmres=3
[newton] it=26 |R|=2.2357e+02 rel=7.743e+00 (u=2.23e+02 v=2.07e+01 p=4.67e-02) cfl=0.217 gmres=3
[newton] it=27 |R|=1.9793e+02 rel=6.855e+00 (u=1.97e+02 v=1.97e+01 p=7.10e-02) cfl=0.238 gmres=3
[newton] it=28 |R|=1.7168e+02 rel=5.946e+00 (u=1.71e+02 v=1.73e+01 p=1.11e-01) cfl=0.267 gmres=3
[newton] it=29 |R|=1.4441e+02 rel=5.002e+00 (u=1.44e+02 v=1.52e+01 p=1.16e+00) cfl=0.301 gmres=4
[newton] it=30 |R|=1.2032e+02 rel=4.167e+00 (u=1.20e+02 v=1.36e+01 p=1.82e-01) cfl=0.351 gmres=3
[newton] it=31 |R|=9.5282e+01 rel=3.300e+00 (u=9.44e+01 v=1.27e+01 p=5.24e-01) cfl=0.411 gmres=5
[newton] it=32 |R|=7.1699e+01 rel=2.483e+00 (u=7.07e+01 v=1.19e+01 p=8.02e-01) cfl=0.512 gmres=5
[newton] it=33 |R|=5.1664e+01 rel=1.789e+00 (u=5.07e+01 v=1.00e+01 p=1.96e-01) cfl=0.709 gmres=5
[newton] it=34 |R|=3.3261e+01 rel=1.152e+00 (u=3.20e+01 v=8.92e+00 p=6.02e-01) cfl=1.05 gmres=4
[newton] it=35 |R|=1.9523e+01 rel=6.762e-01 (u=1.80e+01 v=7.58e+00 p=2.93e-01) cfl=1.72 gmres=6
[newton] it=36 |R|=1.1712e+01 rel=4.056e-01 (u=9.61e+00 v=6.57e+00 p=1.26e+00) cfl=2.76 gmres=7
[newton] it=37 |R|=7.7745e+00 rel=2.693e-01 (u=5.62e+00 v=5.03e+00 p=1.88e+00) cfl=4.02 gmres=8
[newton] it=38 |R|=5.8871e+00 rel=2.039e-01 (u=4.31e+00 v=3.99e+00 p=4.30e-01) cfl=5.29 gmres=8
[newton] it=39 |R|=4.9174e+00 rel=1.703e-01 (u=3.60e+00 v=3.33e+00 p=3.26e-01) cfl=6.32 gmres=9
[newton] it=40 |R|=4.3193e+00 rel=1.496e-01 (u=3.15e+00 v=2.94e+00 p=2.92e-01) cfl=7.18 gmres=9
[newton] it=41 |R|=3.8519e+00 rel=1.334e-01 (u=2.81e+00 v=2.61e+00 p=3.54e-01) cfl=8.05 gmres=7
[newton] it=42 |R|=3.8310e+00 rel=1.327e-01 (u=3.02e+00 v=2.35e+00 p=2.49e-01) cfl=8.08 gmres=9
[newton] it=43 |R|=3.2458e+00 rel=1.124e-01 (u=2.41e+00 v=2.15e+00 p=2.96e-01) cfl=9.54 gmres=10
[newton] it=44 |R|=2.9655e+00 rel=1.027e-01 (u=2.10e+00 v=2.03e+00 p=5.38e-01) cfl=10.4 gmres=9
[newton] it=45 |R|=2.6471e+00 rel=9.168e-02 (u=1.87e+00 v=1.84e+00 p=3.67e-01) cfl=11.7 gmres=7
[newton] it=46 |R|=2.3919e+00 rel=8.284e-02 (u=1.71e+00 v=1.67e+00 p=1.67e-01) cfl=13 gmres=8
[newton] it=47 |R|=2.1833e+00 rel=7.562e-02 (u=1.56e+00 v=1.52e+00 p=1.57e-01) cfl=14.2 gmres=9
[newton] it=48 |R|=2.0064e+00 rel=6.949e-02 (u=1.42e+00 v=1.40e+00 p=1.83e-01) cfl=15.4 gmres=9
[newton] it=49 |R|=1.9265e+00 rel=6.672e-02 (u=1.30e+00 v=1.42e+00 p=1.05e-01) cfl=16 gmres=8
[newton] it=50 |R|=1.6827e+00 rel=5.828e-02 (u=1.18e+00 v=1.19e+00 p=1.55e-01) cfl=18.3 gmres=9
[newton] it=51 |R|=1.5111e+00 rel=5.234e-02 (u=1.07e+00 v=1.06e+00 p=6.57e-02) cfl=20.4 gmres=8
[newton] it=52 |R|=1.3702e+00 rel=4.746e-02 (u=9.58e-01 v=9.76e-01 p=8.92e-02) cfl=22.5 gmres=8
[newton] it=53 |R|=1.2432e+00 rel=4.306e-02 (u=8.62e-01 v=8.80e-01 p=1.64e-01) cfl=24.8 gmres=9
[newton] it=54 |R|=1.1087e+00 rel=3.840e-02 (u=7.77e-01 v=7.84e-01 p=1.03e-01) cfl=27.7 gmres=9
[newton] it=55 |R|=9.8673e-01 rel=3.417e-02 (u=6.82e-01 v=7.08e-01 p=8.19e-02) cfl=31.2 gmres=8
[newton] it=56 |R|=9.0904e-01 rel=3.148e-02 (u=6.07e-01 v=6.23e-01 p=2.64e-01) cfl=33.9 gmres=8
[newton] it=57 |R|=7.7478e-01 rel=2.683e-02 (u=5.33e-01 v=5.50e-01 p=1.15e-01) cfl=39.8 gmres=9
[newton] it=58 |R|=6.6920e-01 rel=2.318e-02 (u=4.66e-01 v=4.74e-01 p=7.70e-02) cfl=46.2 gmres=7
[newton] it=59 |R|=6.1423e-01 rel=2.127e-02 (u=4.09e-01 v=4.07e-01 p=2.10e-01) cfl=50.4 gmres=7
[newton] it=60 |R|=4.9585e-01 rel=1.717e-02 (u=3.56e-01 v=3.45e-01 p=1.08e-02) cfl=62.5 gmres=7
[newton] it=61 |R|=4.2516e-01 rel=1.472e-02 (u=3.11e-01 v=2.90e-01 p=7.55e-03) cfl=73.2 gmres=7
[newton] it=62 |R|=3.6367e-01 rel=1.260e-02 (u=2.72e-01 v=2.42e-01 p=3.20e-03) cfl=85.8 gmres=7
[newton] it=63 |R|=3.1046e-01 rel=1.075e-02 (u=2.38e-01 v=2.00e-01 p=1.28e-03) cfl=101 gmres=6
[newton] it=64 |R|=2.6475e-01 rel=9.169e-03 (u=2.08e-01 v=1.63e-01 p=8.13e-04) cfl=119 gmres=6
[newton] it=65 |R|=2.2581e-01 rel=7.821e-03 (u=1.83e-01 v=1.33e-01 p=1.28e-03) cfl=139 gmres=6
[newton] it=66 |R|=1.9300e-01 rel=6.684e-03 (u=1.60e-01 v=1.08e-01 p=8.49e-04) cfl=164 gmres=7
[newton] it=67 |R|=1.6553e-01 rel=5.733e-03 (u=1.40e-01 v=8.77e-02 p=5.47e-04) cfl=191 gmres=7
[newton] it=68 |R|=1.4246e-01 rel=4.934e-03 (u=1.23e-01 v=7.17e-02 p=1.70e-04) cfl=223 gmres=7
[newton] it=69 |R|=1.2294e-01 rel=4.258e-03 (u=1.08e-01 v=5.93e-02 p=1.37e-04) cfl=259 gmres=7
[newton] it=70 |R|=1.0624e-01 rel=3.680e-03 (u=9.41e-02 v=4.94e-02 p=1.17e-04) cfl=300 gmres=7
[newton] it=71 |R|=9.1854e-02 rel=3.181e-03 (u=8.20e-02 v=4.14e-02 p=7.43e-05) cfl=348 gmres=7
[newton] it=72 |R|=7.9394e-02 rel=2.750e-03 (u=7.13e-02 v=3.49e-02 p=2.51e-04) cfl=403 gmres=7
[newton] it=73 |R|=6.8594e-02 rel=2.376e-03 (u=6.19e-02 v=2.95e-02 p=3.64e-05) cfl=467 gmres=7
[newton] it=74 |R|=5.9248e-02 rel=2.052e-03 (u=5.37e-02 v=2.50e-02 p=3.45e-05) cfl=542 gmres=7
[newton] it=75 |R|=5.1179e-02 rel=1.773e-03 (u=4.66e-02 v=2.11e-02 p=1.42e-05) cfl=628 gmres=7
[newton] it=76 |R|=4.4238e-02 rel=1.532e-03 (u=4.05e-02 v=1.78e-02 p=9.16e-06) cfl=728 gmres=7
[newton] it=77 |R|=3.8282e-02 rel=1.326e-03 (u=3.52e-02 v=1.50e-02 p=7.21e-06) cfl=842 gmres=7
[newton] it=78 |R|=3.3178e-02 rel=1.149e-03 (u=3.07e-02 v=1.27e-02 p=7.30e-06) cfl=973 gmres=6
[newton] it=79 |R|=2.8802e-02 rel=9.975e-04 (u=2.67e-02 v=1.07e-02 p=7.48e-06) cfl=1.12e+03 gmres=6
[newton] it=80 |R|=2.5041e-02 rel=8.673e-04 (u=2.34e-02 v=9.03e-03 p=4.65e-06) cfl=1.29e+03 gmres=6
[newton] done converged=False reason='max_iter' it=80 m_in=1.0000e+02 m_out=1.0000e+02 |R_steady|/|R0|=9.299e-04 elapsed=123.7s
--> L_rc_nofloor: {'converged': False, 'reason': 'max_iter', 'n_newton': 80, 'rel_final': 0.0008672749354992455, 'rel_min': 0.0008672749354992455, 'first_step_ratio': 29.780868154979057, 'steady_residual_ratio': 0.0009299470336213274, 'mass_in': 100.0, 'mass_out': 100.00000000083648, 'elapsed': 123.7233611900001}
===== uturn r2 U=1.0 variant G_floor0.1 =====
[newton] it=0 |R|=2.8873e+01 (u=2.04e+01 v=0.00e+00 p=2.04e+01) cfl=0.5
[newton] it=1 |R|=5.9622e+02 rel=2.065e+01 (u=2.37e+02 v=5.29e+02 p=1.40e+02) cfl=0.05 gmres=7
[newton] it=2 |R|=7.7864e+03 rel=2.697e+02 (u=1.71e+03 v=7.60e+03 p=2.63e+01) cfl=0.005 gmres=17 (gmres not converged)
[newton] it=3 |R|=4.9574e+03 rel=1.717e+02 (u=9.22e+02 v=4.87e+03 p=3.37e+00) cfl=0.00785 gmres=4
[newton] it=4 |R|=4.4732e+03 rel=1.549e+02 (u=7.10e+02 v=4.42e+03 p=2.00e+00) cfl=0.0087 gmres=3
[newton] it=5 |R|=4.0098e+03 rel=1.389e+02 (u=6.04e+02 v=3.96e+03 p=9.18e-01) cfl=0.00971 gmres=3
[newton] it=6 |R|=3.6180e+03 rel=1.253e+02 (u=5.24e+02 v=3.58e+03 p=4.53e-01) cfl=0.0108 gmres=4
[newton] it=7 |R|=3.2754e+03 rel=1.134e+02 (u=4.56e+02 v=3.24e+03 p=2.26e-01) cfl=0.0119 gmres=3
[newton] it=8 |R|=2.9669e+03 rel=1.028e+02 (u=3.99e+02 v=2.94e+03 p=1.73e-01) cfl=0.0131 gmres=3
[newton] it=9 |R|=2.6837e+03 rel=9.295e+01 (u=3.51e+02 v=2.66e+03 p=1.91e-01) cfl=0.0145 gmres=3
[newton] it=10 |R|=2.4218e+03 rel=8.388e+01 (u=3.12e+02 v=2.40e+03 p=1.76e-01) cfl=0.0161 gmres=3
[newton] it=11 |R|=2.1796e+03 rel=7.549e+01 (u=2.82e+02 v=2.16e+03 p=1.51e-01) cfl=0.0179 gmres=3
[newton] it=12 |R|=1.9569e+03 rel=6.778e+01 (u=2.57e+02 v=1.94e+03 p=1.25e-01) cfl=0.0199 gmres=3
[newton] it=13 |R|=1.7537e+03 rel=6.074e+01 (u=2.37e+02 v=1.74e+03 p=3.64e-01) cfl=0.0222 gmres=3
[newton] it=14 |R|=1.5711e+03 rel=5.441e+01 (u=2.21e+02 v=1.56e+03 p=6.54e-01) cfl=0.0248 gmres=3
[newton] it=15 |R|=1.4076e+03 rel=4.875e+01 (u=2.07e+02 v=1.39e+03 p=4.65e-01) cfl=0.0277 gmres=3
[newton] it=16 |R|=1.2597e+03 rel=4.363e+01 (u=1.94e+02 v=1.24e+03 p=1.15e+00) cfl=0.0309 gmres=3
[newton] it=17 |R|=1.1290e+03 rel=3.910e+01 (u=1.82e+02 v=1.11e+03 p=6.72e-01) cfl=0.0345 gmres=3
[newton] it=18 |R|=1.0088e+03 rel=3.494e+01 (u=1.71e+02 v=9.94e+02 p=3.72e-01) cfl=0.0386 gmres=3
[newton] it=19 |R|=8.9811e+02 rel=3.111e+01 (u=1.60e+02 v=8.84e+02 p=3.50e-01) cfl=0.0433 gmres=3
[newton] it=20 |R|=7.9625e+02 rel=2.758e+01 (u=1.49e+02 v=7.82e+02 p=1.53e-01) cfl=0.0489 gmres=3
[newton] it=21 |R|=7.0259e+02 rel=2.433e+01 (u=1.39e+02 v=6.89e+02 p=1.38e-01) cfl=0.0554 gmres=3
[newton] it=22 |R|=6.1693e+02 rel=2.137e+01 (u=1.28e+02 v=6.04e+02 p=2.23e-01) cfl=0.0631 gmres=3
[newton] it=23 |R|=5.3874e+02 rel=1.866e+01 (u=1.17e+02 v=5.26e+02 p=1.59e-01) cfl=0.0723 gmres=3
[newton] it=24 |R|=4.6747e+02 rel=1.619e+01 (u=1.06e+02 v=4.55e+02 p=1.78e-01) cfl=0.0833 gmres=3
[newton] it=25 |R|=4.0264e+02 rel=1.395e+01 (u=9.63e+01 v=3.91e+02 p=2.64e-01) cfl=0.0967 gmres=3
[newton] it=26 |R|=3.4347e+02 rel=1.190e+01 (u=8.65e+01 v=3.32e+02 p=1.96e-01) cfl=0.113 gmres=3
[newton] it=27 |R|=2.8957e+02 rel=1.003e+01 (u=7.76e+01 v=2.79e+02 p=2.15e-01) cfl=0.134 gmres=3
[newton] it=28 |R|=2.4063e+02 rel=8.334e+00 (u=6.95e+01 v=2.30e+02 p=2.66e-01) cfl=0.162 gmres=3
[newton] it=29 |R|=1.9622e+02 rel=6.796e+00 (u=6.22e+01 v=1.86e+02 p=2.55e-01) cfl=0.198 gmres=3
[newton] it=30 |R|=1.5787e+02 rel=5.468e+00 (u=5.57e+01 v=1.48e+02 p=2.64e-01) cfl=0.247 gmres=3
[newton] it=31 |R|=1.2589e+02 rel=4.360e+00 (u=5.00e+01 v=1.16e+02 p=2.77e-01) cfl=0.309 gmres=3
[newton] it=32 |R|=9.9390e+01 rel=3.442e+00 (u=4.45e+01 v=8.89e+01 p=2.34e-01) cfl=0.392 gmres=3
[newton] it=33 |R|=7.7509e+01 rel=2.684e+00 (u=3.88e+01 v=6.71e+01 p=2.10e-01) cfl=0.502 gmres=3
[newton] it=34 |R|=5.9637e+01 rel=2.065e+00 (u=3.29e+01 v=4.98e+01 p=2.35e-01) cfl=0.653 gmres=3
[newton] it=35 |R|=4.5162e+01 rel=1.564e+00 (u=2.68e+01 v=3.64e+01 p=2.41e-01) cfl=0.862 gmres=5
[newton] it=36 |R|=3.3434e+01 rel=1.158e+00 (u=2.07e+01 v=2.62e+01 p=1.47e-01) cfl=1.16 gmres=5
[newton] it=37 |R|=2.4017e+01 rel=8.318e-01 (u=1.52e+01 v=1.86e+01 p=8.15e-02) cfl=1.62 gmres=5
[newton] it=38 |R|=1.6822e+01 rel=5.826e-01 (u=1.06e+01 v=1.30e+01 p=7.09e-02) cfl=2.31 gmres=5
[newton] it=39 |R|=1.1752e+01 rel=4.070e-01 (u=7.30e+00 v=9.21e+00 p=8.29e-02) cfl=3.31 gmres=5
[newton] it=40 |R|=8.5531e+00 rel=2.962e-01 (u=5.30e+00 v=6.71e+00 p=1.17e-01) cfl=4.55 gmres=7
[newton] it=41 |R|=6.7510e+00 rel=2.338e-01 (u=4.34e+00 v=5.17e+00 p=2.21e-01) cfl=5.77 gmres=7
[newton] it=42 |R|=5.8427e+00 rel=2.024e-01 (u=3.87e+00 v=4.29e+00 p=8.62e-01) cfl=6.66 gmres=10
[newton] it=43 |R|=5.0878e+00 rel=1.762e-01 (u=3.56e+00 v=3.59e+00 p=5.60e-01) cfl=7.65 gmres=5
[newton] it=44 |R|=4.5597e+00 rel=1.579e-01 (u=3.23e+00 v=3.20e+00 p=3.06e-01) cfl=8.54 gmres=8
[newton] it=45 |R|=4.1427e+00 rel=1.435e-01 (u=2.95e+00 v=2.90e+00 p=2.29e-01) cfl=9.4 gmres=7
[newton] it=46 |R|=3.7963e+00 rel=1.315e-01 (u=2.72e+00 v=2.64e+00 p=2.39e-01) cfl=10.3 gmres=8
[newton] it=47 |R|=3.5529e+00 rel=1.231e-01 (u=2.49e+00 v=2.40e+00 p=8.22e-01) cfl=11 gmres=7
[newton] it=48 |R|=1.2038e+01 rel=4.169e-01 (u=5.68e+00 v=4.26e+00 p=9.72e+00) cfl=3.23 gmres=12
[newton] it=49 |R|=6.5967e+00 rel=2.285e-01 (u=4.75e+00 v=4.24e+00 p=1.72e+00) cfl=5.9 gmres=4
[newton] it=50 |R|=3.3047e+00 rel=1.145e-01 (u=2.39e+00 v=2.10e+00 p=9.07e-01) cfl=11.8 gmres=8
[newton] it=51 |R|=2.8230e+00 rel=9.777e-02 (u=2.02e+00 v=1.90e+00 p=5.18e-01) cfl=13.8 gmres=8
[newton] it=52 |R|=2.5378e+00 rel=8.789e-02 (u=1.82e+00 v=1.76e+00 p=1.13e-01) cfl=15.3 gmres=10
[newton] it=53 |R|=2.3291e+00 rel=8.067e-02 (u=1.67e+00 v=1.62e+00 p=9.37e-02) cfl=16.7 gmres=7
[newton] it=54 |R|=2.1782e+00 rel=7.544e-02 (u=1.56e+00 v=1.51e+00 p=1.47e-01) cfl=17.9 gmres=8
[newton] it=55 |R|=2.0527e+00 rel=7.109e-02 (u=1.43e+00 v=1.47e+00 p=1.05e-01) cfl=19 gmres=9
[newton] it=56 |R|=1.8462e+00 rel=6.394e-02 (u=1.30e+00 v=1.30e+00 p=1.54e-01) cfl=21.1 gmres=6
[newton] it=57 |R|=1.6883e+00 rel=5.847e-02 (u=1.20e+00 v=1.19e+00 p=6.50e-02) cfl=23.1 gmres=7
[newton] it=58 |R|=1.5616e+00 rel=5.408e-02 (u=1.10e+00 v=1.10e+00 p=7.88e-02) cfl=24.9 gmres=10
[newton] it=59 |R|=1.4210e+00 rel=4.921e-02 (u=1.00e+00 v=1.01e+00 p=4.64e-02) cfl=27.4 gmres=6
[newton] it=60 |R|=1.3007e+00 rel=4.505e-02 (u=9.17e-01 v=9.21e-01 p=6.22e-02) cfl=29.9 gmres=9
[newton] it=61 |R|=1.1885e+00 rel=4.116e-02 (u=8.31e-01 v=8.47e-01 p=7.61e-02) cfl=32.8 gmres=9
[newton] it=62 |R|=1.0798e+00 rel=3.740e-02 (u=7.58e-01 v=7.62e-01 p=1.03e-01) cfl=36.1 gmres=9
[newton] it=63 |R|=9.7254e-01 rel=3.368e-02 (u=6.78e-01 v=6.94e-01 p=6.07e-02) cfl=40 gmres=7
[newton] it=64 |R|=8.7530e-01 rel=3.032e-02 (u=6.13e-01 v=6.23e-01 p=4.57e-02) cfl=44.5 gmres=8
[newton] it=65 |R|=7.8634e-01 rel=2.723e-02 (u=5.49e-01 v=5.55e-01 p=9.35e-02) cfl=49.5 gmres=6
[newton] it=66 |R|=7.0245e-01 rel=2.433e-02 (u=4.88e-01 v=4.89e-01 p=1.27e-01) cfl=55.4 gmres=7
[newton] it=67 |R|=6.1423e-01 rel=2.127e-02 (u=4.34e-01 v=4.30e-01 p=6.40e-02) cfl=63.4 gmres=7
[newton] it=68 |R|=5.4874e-01 rel=1.901e-02 (u=3.84e-01 v=3.73e-01 p=1.21e-01) cfl=70.9 gmres=10
[newton] it=69 |R|=4.7627e-01 rel=1.650e-02 (u=3.39e-01 v=3.19e-01 p=1.01e-01) cfl=81.7 gmres=7
[newton] it=70 |R|=4.0360e-01 rel=1.398e-02 (u=2.99e-01 v=2.71e-01 p=8.91e-03) cfl=96.5 gmres=6
[newton] it=71 |R|=3.4900e-01 rel=1.209e-02 (u=2.64e-01 v=2.28e-01 p=2.78e-03) cfl=112 gmres=6
[newton] it=72 |R|=3.0090e-01 rel=1.042e-02 (u=2.33e-01 v=1.90e-01 p=1.49e-03) cfl=129 gmres=6
[newton] it=73 |R|=2.5909e-01 rel=8.973e-03 (u=2.06e-01 v=1.57e-01 p=7.92e-04) cfl=150 gmres=6
[newton] it=74 |R|=2.2288e-01 rel=7.719e-03 (u=1.82e-01 v=1.29e-01 p=1.06e-03) cfl=175 gmres=6
[newton] it=75 |R|=1.9196e-01 rel=6.648e-03 (u=1.60e-01 v=1.06e-01 p=4.47e-04) cfl=203 gmres=6
[newton] it=76 |R|=1.6564e-01 rel=5.737e-03 (u=1.41e-01 v=8.65e-02 p=1.35e-03) cfl=235 gmres=7
[newton] it=77 |R|=1.4320e-01 rel=4.960e-03 (u=1.24e-01 v=7.11e-02 p=2.19e-04) cfl=272 gmres=8
[newton] it=78 |R|=1.2396e-01 rel=4.293e-03 (u=1.09e-01 v=5.88e-02 p=1.36e-04) cfl=314 gmres=7
[newton] it=79 |R|=1.0733e-01 rel=3.717e-03 (u=9.55e-02 v=4.90e-02 p=1.07e-04) cfl=363 gmres=7
[newton] it=80 |R|=9.2911e-02 rel=3.218e-03 (u=8.34e-02 v=4.10e-02 p=9.92e-05) cfl=419 gmres=7
[newton] done converged=False reason='max_iter' it=80 m_in=1.0000e+02 m_out=1.0000e+02 |R_steady|/|R0|=3.218e-03 elapsed=121.5s
--> G_floor0.1: {'converged': False, 'reason': 'max_iter', 'n_newton': 80, 'rel_final': 0.0032178694052207857, 'rel_min': 0.0032178694052207857, 'first_step_ratio': 20.649412214570077, 'steady_residual_ratio': 0.0032178694052207857, 'mass_in': 100.0, 'mass_out': 99.99999999314781, 'elapsed': 121.55277007299992}
===== uturn r2 U=1.0 variant G_rc_floor0.1 =====
[newton] it=0 |R|=2.8873e+01 (u=2.04e+01 v=0.00e+00 p=2.04e+01) cfl=0.5
[newton] it=1 |R|=2.4910e+02 rel=8.627e+00 (u=1.46e+02 v=1.95e+02 p=5.19e+01) cfl=0.058 gmres=11
[newton] it=2 |R|=4.7004e+03 rel=1.628e+02 (u=8.36e+02 v=4.63e+03 p=1.06e-01) cfl=0.0058 gmres=13 (gmres not converged)
[newton] it=3 |R|=7.8656e+03 rel=2.724e+02 (u=3.19e+03 v=7.19e+03 p=7.57e-03) cfl=0.00347 gmres=2
[newton] it=4 |R|=6.6280e+03 rel=2.296e+02 (u=3.77e+03 v=5.45e+03 p=1.57e-02) cfl=0.00411 gmres=2
[newton] it=5 |R|=3.9342e+03 rel=1.363e+02 (u=2.44e+03 v=3.09e+03 p=2.70e-03) cfl=0.00693 gmres=2
[newton] it=6 |R|=2.0346e+03 rel=7.047e+01 (u=1.20e+03 v=1.64e+03 p=1.60e-03) cfl=0.0134 gmres=2
[newton] it=7 |R|=1.0418e+03 rel=3.608e+01 (u=5.65e+02 v=8.75e+02 p=7.25e-04) cfl=0.0262 gmres=2
[newton] it=8 |R|=5.3671e+02 rel=1.859e+01 (u=2.99e+02 v=4.46e+02 p=1.25e-03) cfl=0.0507 gmres=2
[newton] it=9 |R|=2.9075e+02 rel=1.007e+01 (u=1.84e+02 v=2.25e+02 p=3.43e-03) cfl=0.0935 gmres=2
[newton] it=10 |R|=1.8746e+02 rel=6.492e+00 (u=1.24e+02 v=1.40e+02 p=6.28e-03) cfl=0.144 gmres=2
[newton] it=11 |R|=1.4140e+02 rel=4.897e+00 (u=8.79e+01 v=1.11e+02 p=8.38e-03) cfl=0.191 gmres=11 (gmres not converged)
[newton] it=12 |R|=1.0800e+02 rel=3.740e+00 (u=6.47e+01 v=8.65e+01 p=6.75e-03) cfl=0.249 gmres=12 (gmres not converged)
[newton] it=13 |R|=8.0804e+01 rel=2.799e+00 (u=4.87e+01 v=6.45e+01 p=5.14e-03) cfl=0.33 gmres=3
[newton] it=14 |R|=5.8778e+01 rel=2.036e+00 (u=3.73e+01 v=4.54e+01 p=4.33e-03) cfl=0.451 gmres=4
[newton] it=15 |R|=4.1571e+01 rel=1.440e+00 (u=2.88e+01 v=3.00e+01 p=3.15e-03) cfl=0.629 gmres=3
[newton] it=16 |R|=2.8692e+01 rel=9.937e-01 (u=2.19e+01 v=1.86e+01 p=3.28e-03) cfl=0.894 gmres=4
[newton] it=17 |R|=1.9575e+01 rel=6.779e-01 (u=1.60e+01 v=1.13e+01 p=5.14e-03) cfl=1.28 gmres=5
[newton] it=18 |R|=1.3527e+01 rel=4.685e-01 (u=1.12e+01 v=7.57e+00 p=8.59e-03) cfl=1.8 gmres=5
[newton] it=19 |R|=9.9364e+00 rel=3.441e-01 (u=7.93e+00 v=5.99e+00 p=1.01e-02) cfl=2.39 gmres=5
[newton] it=20 |R|=7.9946e+00 rel=2.769e-01 (u=6.07e+00 v=5.20e+00 p=1.10e-02) cfl=2.94 gmres=7
[newton] it=21 |R|=6.9006e+00 rel=2.390e-01 (u=5.01e+00 v=4.74e+00 p=1.56e-02) cfl=3.39 gmres=7
[newton] it=22 |R|=6.1932e+00 rel=2.145e-01 (u=4.44e+00 v=4.32e+00 p=2.36e-02) cfl=3.76 gmres=5
[newton] it=23 |R|=5.6870e+00 rel=1.970e-01 (u=4.07e+00 v=3.98e+00 p=3.88e-02) cfl=4.08 gmres=7
[newton] it=24 |R|=5.2470e+00 rel=1.817e-01 (u=3.75e+00 v=3.67e+00 p=1.49e-01) cfl=4.42 gmres=6
[newton] it=25 |R|=4.8611e+00 rel=1.684e-01 (u=3.50e+00 v=3.37e+00 p=8.67e-02) cfl=4.76 gmres=7
[newton] it=26 |R|=4.5195e+00 rel=1.565e-01 (u=3.26e+00 v=3.13e+00 p=5.49e-02) cfl=5.12 gmres=7
[newton] it=27 |R|=4.2195e+00 rel=1.461e-01 (u=3.04e+00 v=2.93e+00 p=3.60e-02) cfl=5.48 gmres=8
[newton] it=28 |R|=3.9009e+00 rel=1.351e-01 (u=2.80e+00 v=2.72e+00 p=4.97e-02) cfl=5.92 gmres=6
[newton] it=29 |R|=3.6198e+00 rel=1.254e-01 (u=2.60e+00 v=2.52e+00 p=2.61e-02) cfl=6.38 gmres=6
[newton] it=30 |R|=3.3741e+00 rel=1.169e-01 (u=2.42e+00 v=2.35e+00 p=3.53e-02) cfl=6.83 gmres=6
[newton] it=31 |R|=3.1527e+00 rel=1.092e-01 (u=2.27e+00 v=2.19e+00 p=7.69e-02) cfl=7.31 gmres=7
[newton] it=32 |R|=2.9485e+00 rel=1.021e-01 (u=2.12e+00 v=2.04e+00 p=4.51e-02) cfl=7.81 gmres=7
[newton] it=33 |R|=2.7751e+00 rel=9.611e-02 (u=2.00e+00 v=1.92e+00 p=3.29e-02) cfl=8.29 gmres=7
[newton] it=34 |R|=2.6150e+00 rel=9.057e-02 (u=1.87e+00 v=1.82e+00 p=4.86e-02) cfl=8.79 gmres=8
[newton] it=35 |R|=2.4482e+00 rel=8.479e-02 (u=1.74e+00 v=1.72e+00 p=5.20e-02) cfl=9.38 gmres=7
[newton] it=36 |R|=2.2906e+00 rel=7.933e-02 (u=1.63e+00 v=1.61e+00 p=2.61e-02) cfl=10 gmres=7
[newton] it=37 |R|=2.1633e+00 rel=7.492e-02 (u=1.54e+00 v=1.52e+00 p=4.61e-02) cfl=10.6 gmres=8
[newton] it=38 |R|=2.0546e+00 rel=7.116e-02 (u=1.44e+00 v=1.46e+00 p=2.51e-02) cfl=11.1 gmres=8
[newton] it=39 |R|=1.8861e+00 rel=6.532e-02 (u=1.35e+00 v=1.32e+00 p=3.37e-02) cfl=12.1 gmres=7
[newton] it=40 |R|=1.7593e+00 rel=6.093e-02 (u=1.25e+00 v=1.23e+00 p=2.89e-02) cfl=13 gmres=6
[newton] it=41 |R|=1.6343e+00 rel=5.660e-02 (u=1.16e+00 v=1.15e+00 p=1.59e-02) cfl=14 gmres=8
[newton] it=42 |R|=1.5164e+00 rel=5.252e-02 (u=1.08e+00 v=1.07e+00 p=3.38e-02) cfl=15.1 gmres=8
[newton] it=43 |R|=1.4013e+00 rel=4.853e-02 (u=9.93e-01 v=9.88e-01 p=1.38e-02) cfl=16.4 gmres=6
[newton] it=44 |R|=1.2925e+00 rel=4.476e-02 (u=9.16e-01 v=9.12e-01 p=1.62e-02) cfl=17.8 gmres=9
[newton] it=45 |R|=1.1876e+00 rel=4.113e-02 (u=8.37e-01 v=8.42e-01 p=1.52e-02) cfl=19.4 gmres=6
[newton] it=46 |R|=1.0867e+00 rel=3.764e-02 (u=7.68e-01 v=7.68e-01 p=2.32e-02) cfl=21.2 gmres=9
[newton] it=47 |R|=9.8856e-01 rel=3.424e-02 (u=6.97e-01 v=7.01e-01 p=1.84e-02) cfl=23.4 gmres=8
[newton] it=48 |R|=8.9780e-01 rel=3.109e-02 (u=6.33e-01 v=6.37e-01 p=2.03e-02) cfl=25.9 gmres=8
[newton] it=49 |R|=8.0813e-01 rel=2.799e-02 (u=5.70e-01 v=5.72e-01 p=2.91e-02) cfl=29 gmres=8
[newton] it=50 |R|=7.2622e-01 rel=2.515e-02 (u=5.13e-01 v=5.11e-01 p=5.51e-02) cfl=32.6 gmres=8
[newton] it=51 |R|=6.4376e-01 rel=2.230e-02 (u=4.58e-01 v=4.51e-01 p=3.70e-02) cfl=37.2 gmres=6
[newton] it=52 |R|=5.7205e-01 rel=1.981e-02 (u=4.08e-01 v=3.95e-01 p=6.66e-02) cfl=42.8 gmres=10
[newton] it=53 |R|=5.1420e-01 rel=1.781e-02 (u=3.62e-01 v=3.43e-01 p=1.25e-01) cfl=48.7 gmres=6
[newton] it=54 |R|=4.3476e-01 rel=1.506e-02 (u=3.21e-01 v=2.93e-01 p=9.33e-03) cfl=58.5 gmres=6
[newton] it=55 |R|=3.7849e-01 rel=1.311e-02 (u=2.85e-01 v=2.49e-01 p=4.33e-03) cfl=71.1 gmres=6
[newton] it=56 |R|=3.2811e-01 rel=1.136e-02 (u=2.52e-01 v=2.10e-01 p=4.61e-03) cfl=87.5 gmres=6
[newton] it=57 |R|=2.8351e-01 rel=9.819e-03 (u=2.23e-01 v=1.75e-01 p=1.25e-03) cfl=109 gmres=6
[newton] it=58 |R|=2.4452e-01 rel=8.469e-03 (u=1.97e-01 v=1.44e-01 p=1.01e-03) cfl=137 gmres=6
[newton] it=59 |R|=2.1074e-01 rel=7.299e-03 (u=1.74e-01 v=1.19e-01 p=9.60e-04) cfl=172 gmres=6
[newton] it=60 |R|=1.8173e-01 rel=6.294e-03 (u=1.53e-01 v=9.74e-02 p=4.66e-04) cfl=214 gmres=8
[newton] it=61 |R|=1.5685e-01 rel=5.432e-03 (u=1.35e-01 v=7.99e-02 p=5.25e-04) cfl=264 gmres=7
[newton] it=62 |R|=1.3556e-01 rel=4.695e-03 (u=1.19e-01 v=6.58e-02 p=2.21e-04) cfl=322 gmres=7
[newton] it=63 |R|=1.1722e-01 rel=4.060e-03 (u=1.04e-01 v=5.45e-02 p=1.83e-04) cfl=390 gmres=7
[newton] it=64 |R|=1.0134e-01 rel=3.510e-03 (u=9.06e-02 v=4.53e-02 p=1.28e-04) cfl=468 gmres=7
[newton] it=65 |R|=8.7552e-02 rel=3.032e-03 (u=7.89e-02 v=3.79e-02 p=4.58e-04) cfl=559 gmres=7
[newton] it=66 |R|=7.5569e-02 rel=2.617e-03 (u=6.86e-02 v=3.17e-02 p=5.52e-05) cfl=667 gmres=7
[newton] it=67 |R|=6.5178e-02 rel=2.257e-03 (u=5.95e-02 v=2.65e-02 p=3.90e-05) cfl=795 gmres=7
[newton] it=68 |R|=5.6189e-02 rel=1.946e-03 (u=5.16e-02 v=2.22e-02 p=2.43e-05) cfl=946 gmres=6
[newton] it=69 |R|=4.8436e-02 rel=1.678e-03 (u=4.47e-02 v=1.86e-02 p=1.76e-05) cfl=1.12e+03 gmres=6
[newton] it=70 |R|=4.1775e-02 rel=1.447e-03 (u=3.88e-02 v=1.55e-02 p=1.11e-05) cfl=1.33e+03 gmres=6
[newton] it=71 |R|=3.6063e-02 rel=1.249e-03 (u=3.36e-02 v=1.30e-02 p=7.47e-06) cfl=1.58e+03 gmres=6
[newton] it=72 |R|=3.1171e-02 rel=1.080e-03 (u=2.92e-02 v=1.09e-02 p=6.83e-06) cfl=1.86e+03 gmres=6
[newton] it=73 |R|=2.6982e-02 rel=9.345e-04 (u=2.54e-02 v=9.18e-03 p=4.49e-06) cfl=2.19e+03 gmres=6
[newton] it=74 |R|=2.3390e-02 rel=8.101e-04 (u=2.21e-02 v=7.76e-03 p=4.05e-06) cfl=2.57e+03 gmres=6
[newton] it=75 |R|=2.0304e-02 rel=7.032e-04 (u=1.92e-02 v=6.58e-03 p=2.84e-06) cfl=3.01e+03 gmres=6
[newton] it=76 |R|=1.7647e-02 rel=6.112e-04 (u=1.67e-02 v=5.60e-03 p=1.57e-05) cfl=3.52e+03 gmres=5
[newton] it=77 |R|=1.5352e-02 rel=5.317e-04 (u=1.46e-02 v=4.77e-03 p=3.51e-06) cfl=4.11e+03 gmres=5
[newton] it=78 |R|=1.3366e-02 rel=4.629e-04 (u=1.27e-02 v=4.09e-03 p=6.04e-06) cfl=4.78e+03 gmres=5
[newton] it=79 |R|=1.1642e-02 rel=4.032e-04 (u=1.11e-02 v=3.51e-03 p=2.30e-06) cfl=5.56e+03 gmres=5
[newton] it=80 |R|=1.0145e-02 rel=3.514e-04 (u=9.69e-03 v=3.02e-03 p=7.02e-07) cfl=6.46e+03 gmres=6
[newton] done converged=False reason='max_iter' it=80 m_in=1.0000e+02 m_out=1.0000e+02 |R_steady|/|R0|=5.328e-04 elapsed=122.1s
--> G_rc_floor0.1: {'converged': False, 'reason': 'max_iter', 'n_newton': 80, 'rel_final': 0.00035137673523927856, 'rel_min': 0.00035137673523927856, 'first_step_ratio': 8.627404132767152, 'steady_residual_ratio': 0.0005328075552965374, 'mass_in': 100.0, 'mass_out': 99.99999999913426, 'elapsed': 122.14329507899947}
===== uturn r2 U=1.0 variant L_floor0.1_cfl5 =====
[newton] it=0 |R|=2.8873e+01 (u=2.04e+01 v=0.00e+00 p=2.04e+01) cfl=5
[newton] it=1 |R|=6.3782e+02 rel=2.209e+01 (u=6.03e+02 v=1.82e+02 p=9.92e+01) cfl=0.5 gmres=15 (gmres not converged)
[newton] it=2 |R|=9.8928e+02 rel=3.426e+01 (u=8.94e+02 v=4.10e+02 p=1.08e+02) cfl=0.322 gmres=7
[newton] it=3 |R|=3.0156e+03 rel=1.044e+02 (u=2.97e+03 v=3.50e+02 p=3.50e+02) cfl=0.106 gmres=15
[newton] it=4 |R|=6.7165e+03 rel=2.326e+02 (u=6.65e+03 v=9.14e+02 p=2.93e+02) cfl=0.0475 gmres=35
[newton] it=5 |R|=7.3964e+03 rel=2.562e+02 (u=7.18e+03 v=1.74e+03 p=3.59e+02) cfl=0.0431 gmres=6
[newton] it=6 |R|=6.9851e+03 rel=2.419e+02 (u=6.81e+03 v=1.56e+03 p=5.65e+01) cfl=0.0457 gmres=5
[newton] it=7 |R|=6.6727e+03 rel=2.311e+02 (u=6.48e+03 v=1.59e+03 p=2.86e+01) cfl=0.0478 gmres=5
[newton] it=8 |R|=6.3507e+03 rel=2.199e+02 (u=6.18e+03 v=1.47e+03 p=2.52e+01) cfl=0.0502 gmres=4
[newton] it=9 |R|=6.3054e+03 rel=2.184e+02 (u=6.08e+03 v=1.64e+03 p=2.94e+02) cfl=0.0506 gmres=5
[newton] it=10 |R|=5.7986e+03 rel=2.008e+02 (u=5.68e+03 v=1.15e+03 p=1.38e+01) cfl=0.055 gmres=7
[newton] it=11 |R|=5.4427e+03 rel=1.885e+02 (u=5.34e+03 v=1.05e+03 p=8.37e+00) cfl=0.0586 gmres=4
[newton] it=12 |R|=5.1016e+03 rel=1.767e+02 (u=5.01e+03 v=9.70e+02 p=3.03e+01) cfl=0.0625 gmres=4
[newton] it=13 |R|=4.7973e+03 rel=1.661e+02 (u=4.71e+03 v=8.98e+02 p=1.62e+01) cfl=0.0665 gmres=4
[newton] it=14 |R|=4.4929e+03 rel=1.556e+02 (u=4.41e+03 v=8.37e+02 p=9.38e+00) cfl=0.071 gmres=4
[newton] it=15 |R|=4.1891e+03 rel=1.451e+02 (u=4.12e+03 v=7.83e+02 p=1.54e+01) cfl=0.0761 gmres=5
[newton] it=16 |R|=3.8975e+03 rel=1.350e+02 (u=3.83e+03 v=7.35e+02 p=2.35e+01) cfl=0.0818 gmres=6
[newton] it=17 |R|=3.6124e+03 rel=1.251e+02 (u=3.54e+03 v=7.03e+02 p=4.69e+00) cfl=0.0883 gmres=4
[newton] it=18 |R|=3.3407e+03 rel=1.157e+02 (u=3.27e+03 v=6.80e+02 p=1.86e+00) cfl=0.0955 gmres=4
[newton] it=19 |R|=3.0794e+03 rel=1.067e+02 (u=3.01e+03 v=6.58e+02 p=9.12e-01) cfl=0.104 gmres=4
[newton] it=20 |R|=2.8271e+03 rel=9.791e+01 (u=2.75e+03 v=6.35e+02 p=8.28e-01) cfl=0.113 gmres=4
[newton] it=21 |R|=2.5933e+03 rel=8.982e+01 (u=2.52e+03 v=6.09e+02 p=7.43e+00) cfl=0.123 gmres=4
[newton] it=22 |R|=2.4001e+03 rel=8.312e+01 (u=2.33e+03 v=5.87e+02 p=3.81e+00) cfl=0.133 gmres=5
[newton] it=23 |R|=2.2010e+03 rel=7.623e+01 (u=2.13e+03 v=5.58e+02 p=2.58e+01) cfl=0.145 gmres=4
[newton] it=24 |R|=2.0020e+03 rel=6.934e+01 (u=1.93e+03 v=5.43e+02 p=8.87e+00) cfl=0.159 gmres=4
[newton] it=25 |R|=1.7889e+03 rel=6.196e+01 (u=1.71e+03 v=5.14e+02 p=3.79e+00) cfl=0.178 gmres=4
[newton] it=26 |R|=1.5702e+03 rel=5.438e+01 (u=1.50e+03 v=4.58e+02 p=3.29e+00) cfl=0.203 gmres=4
[newton] it=27 |R|=1.3785e+03 rel=4.774e+01 (u=1.31e+03 v=4.22e+02 p=4.01e+00) cfl=0.231 gmres=4
[newton] it=28 |R|=1.2174e+03 rel=4.216e+01 (u=1.16e+03 v=3.82e+02 p=6.60e+00) cfl=0.262 gmres=4
[newton] it=29 |R|=1.0817e+03 rel=3.746e+01 (u=1.02e+03 v=3.60e+02 p=2.22e+00) cfl=0.295 gmres=4
[newton] it=30 |R|=9.6298e+02 rel=3.335e+01 (u=9.03e+02 v=3.34e+02 p=8.97e-01) cfl=0.331 gmres=4
[newton] it=31 |R|=8.7293e+02 rel=3.023e+01 (u=8.18e+02 v=3.04e+02 p=6.08e+00) cfl=0.365 gmres=4
[newton] it=32 |R|=7.9302e+02 rel=2.747e+01 (u=7.46e+02 v=2.68e+02 p=1.28e+00) cfl=0.402 gmres=4
[newton] it=33 |R|=6.9423e+02 rel=2.404e+01 (u=6.48e+02 v=2.50e+02 p=2.22e+00) cfl=0.459 gmres=4
[newton] it=34 |R|=6.0417e+02 rel=2.092e+01 (u=5.62e+02 v=2.21e+02 p=5.64e+00) cfl=0.528 gmres=4
[newton] it=35 |R|=5.3837e+02 rel=1.865e+01 (u=5.01e+02 v=1.97e+02 p=2.44e+00) cfl=0.592 gmres=4
[newton] it=36 |R|=4.8610e+02 rel=1.684e+01 (u=4.50e+02 v=1.83e+02 p=3.40e+00) cfl=0.656 gmres=5
[newton] it=37 |R|=4.4006e+02 rel=1.524e+01 (u=4.07e+02 v=1.67e+02 p=2.81e+00) cfl=0.725 gmres=5
[newton] it=38 |R|=3.9739e+02 rel=1.376e+01 (u=3.67e+02 v=1.53e+02 p=3.82e+00) cfl=0.803 gmres=4
[newton] it=39 |R|=3.7120e+02 rel=1.286e+01 (u=3.41e+02 v=1.48e+02 p=3.75e+00) cfl=0.859 gmres=5
[newton] it=40 |R|=3.4316e+02 rel=1.188e+01 (u=3.19e+02 v=1.27e+02 p=2.77e+00) cfl=0.929 gmres=6
[newton] it=41 |R|=3.2150e+02 rel=1.113e+01 (u=2.99e+02 v=1.17e+02 p=4.42e+00) cfl=0.992 gmres=7
[newton] it=42 |R|=2.9954e+02 rel=1.037e+01 (u=2.80e+02 v=1.07e+02 p=3.47e+00) cfl=1.06 gmres=6
[newton] it=43 |R|=2.8070e+02 rel=9.722e+00 (u=2.61e+02 v=1.03e+02 p=4.01e+00) cfl=1.14 gmres=5
[newton] it=44 |R|=2.5481e+02 rel=8.825e+00 (u=2.36e+02 v=9.71e+01 p=3.23e+00) cfl=1.25 gmres=5
[newton] it=45 |R|=2.3629e+02 rel=8.183e+00 (u=2.13e+02 v=1.01e+02 p=3.04e+00) cfl=1.35 gmres=7
[newton] it=46 |R|=2.0859e+02 rel=7.224e+00 (u=1.84e+02 v=9.78e+01 p=2.00e+00) cfl=1.53 gmres=5
[newton] it=47 |R|=1.8798e+02 rel=6.510e+00 (u=1.60e+02 v=9.82e+01 p=2.67e+00) cfl=1.7 gmres=7
[newton] it=48 |R|=1.7271e+02 rel=5.982e+00 (u=1.43e+02 v=9.74e+01 p=2.81e+00) cfl=1.85 gmres=5
[newton] it=49 |R|=1.5788e+02 rel=5.468e+00 (u=1.25e+02 v=9.67e+01 p=2.23e+00) cfl=2.02 gmres=8
[newton] it=50 |R|=1.4717e+02 rel=5.097e+00 (u=1.12e+02 v=9.55e+01 p=2.93e+00) cfl=2.17 gmres=7
[newton] it=51 |R|=1.3774e+02 rel=4.771e+00 (u=1.02e+02 v=9.28e+01 p=2.46e+00) cfl=2.32 gmres=8
[newton] it=52 |R|=1.2779e+02 rel=4.426e+00 (u=8.91e+01 v=9.15e+01 p=2.06e+00) cfl=2.5 gmres=7
[newton] it=53 |R|=1.2065e+02 rel=4.179e+00 (u=8.36e+01 v=8.69e+01 p=3.12e+00) cfl=2.64 gmres=8
[newton] it=54 |R|=1.1344e+02 rel=3.929e+00 (u=7.83e+01 v=8.20e+01 p=4.12e+00) cfl=2.81 gmres=8
[newton] it=55 |R|=1.0390e+02 rel=3.598e+00 (u=6.83e+01 v=7.82e+01 p=4.83e+00) cfl=3.07 gmres=9
[newton] it=56 |R|=9.6056e+01 rel=3.327e+00 (u=6.19e+01 v=7.33e+01 p=5.21e+00) cfl=3.32 gmres=9
[newton] it=57 |R|=8.9078e+01 rel=3.085e+00 (u=5.53e+01 v=6.97e+01 p=4.57e+00) cfl=3.58 gmres=9
[newton] it=58 |R|=8.2949e+01 rel=2.873e+00 (u=5.09e+01 v=6.54e+01 p=4.24e+00) cfl=3.84 gmres=7
[newton] it=59 |R|=7.4683e+01 rel=2.587e+00 (u=4.39e+01 v=6.04e+01 p=3.06e+00) cfl=4.27 gmres=8
[newton] it=60 |R|=6.6999e+01 rel=2.320e+00 (u=3.94e+01 v=5.41e+01 p=3.13e+00) cfl=4.76 gmres=6
[newton] it=61 |R|=6.0457e+01 rel=2.094e+00 (u=3.50e+01 v=4.92e+01 p=3.08e+00) cfl=5.28 gmres=8
[newton] it=62 |R|=5.3363e+01 rel=1.848e+00 (u=3.13e+01 v=4.32e+01 p=1.99e+00) cfl=5.98 gmres=9
[newton] it=63 |R|=4.9034e+01 rel=1.698e+00 (u=3.07e+01 v=3.82e+01 p=2.05e+00) cfl=6.5 gmres=9
[newton] it=64 |R|=4.1743e+01 rel=1.446e+00 (u=2.51e+01 v=3.33e+01 p=1.62e+00) cfl=7.64 gmres=8
[newton] it=65 |R|=3.5276e+01 rel=1.222e+00 (u=2.09e+01 v=2.84e+01 p=1.18e+00) cfl=9.04 gmres=9
[newton] it=66 |R|=3.0327e+01 rel=1.050e+00 (u=1.80e+01 v=2.44e+01 p=9.02e-01) cfl=10.5 gmres=9
[newton] it=67 |R|=2.6649e+01 rel=9.230e-01 (u=1.69e+01 v=2.06e+01 p=6.44e-01) cfl=12 gmres=10
[newton] it=68 |R|=2.3465e+01 rel=8.127e-01 (u=1.62e+01 v=1.69e+01 p=6.98e-01) cfl=13.6 gmres=10
[newton] it=69 |R|=1.8322e+01 rel=6.346e-01 (u=1.18e+01 v=1.40e+01 p=4.65e-01) cfl=17.4 gmres=8
[newton] it=70 |R|=1.4958e+01 rel=5.181e-01 (u=9.48e+00 v=1.16e+01 p=3.30e-01) cfl=21.3 gmres=10
[newton] it=71 |R|=1.2373e+01 rel=4.285e-01 (u=8.10e+00 v=9.34e+00 p=4.46e-01) cfl=25.8 gmres=9
[newton] it=72 |R|=1.0655e+01 rel=3.690e-01 (u=7.53e+00 v=7.54e+00 p=2.75e-01) cfl=29.9 gmres=9
[newton] it=73 |R|=8.9718e+00 rel=3.107e-01 (u=6.62e+00 v=6.05e+00 p=1.90e-01) cfl=35.5 gmres=10
[newton] it=74 |R|=6.8761e+00 rel=2.381e-01 (u=4.86e+00 v=4.87e+00 p=1.31e-01) cfl=46.4 gmres=9
[newton] it=75 |R|=5.5629e+00 rel=1.927e-01 (u=3.97e+00 v=3.90e+00 p=6.63e-02) cfl=57.3 gmres=8
[newton] it=76 |R|=4.6104e+00 rel=1.597e-01 (u=3.38e+00 v=3.14e+00 p=3.60e-02) cfl=69.2 gmres=8
[newton] it=77 |R|=3.7594e+00 rel=1.302e-01 (u=2.78e+00 v=2.53e+00 p=3.01e-02) cfl=84.8 gmres=11
[newton] it=78 |R|=3.1554e+00 rel=1.093e-01 (u=2.41e+00 v=2.04e+00 p=2.30e-02) cfl=101 gmres=8
[newton] it=79 |R|=2.5858e+00 rel=8.956e-02 (u=1.99e+00 v=1.65e+00 p=2.23e-02) cfl=123 gmres=10
[newton] it=80 |R|=2.1294e+00 rel=7.375e-02 (u=1.65e+00 v=1.34e+00 p=1.25e-02) cfl=150 gmres=8
[newton] done converged=False reason='max_iter' it=80 m_in=1.0000e+02 m_out=1.0000e+02 |R_steady|/|R0|=7.375e-02 elapsed=122.6s
--> L_floor0.1_cfl5: {'converged': False, 'reason': 'max_iter', 'n_newton': 80, 'rel_final': 0.07374810681705812, 'rel_min': 0.07374810681705812, 'first_step_ratio': 22.090331612470816, 'steady_residual_ratio': 0.07374810681705812, 'mass_in': 100.0, 'mass_out': 100.00000012128504, 'elapsed': 122.6086486639997}
===== uturn r2 U=1.0 variant G_floor0.1_cfl5 =====
[newton] it=0 |R|=2.8873e+01 (u=2.04e+01 v=0.00e+00 p=2.04e+01) cfl=5
[newton] it=1 |R|=6.3782e+02 rel=2.209e+01 (u=6.03e+02 v=1.82e+02 p=9.92e+01) cfl=0.5 gmres=15 (gmres not converged)
[newton] it=2 |R|=1.1783e+03 rel=4.081e+01 (u=5.75e+02 v=1.03e+03 p=6.45e+01) cfl=0.271 gmres=16 (gmres not converged)
[newton] it=3 |R|=5.1599e+02 rel=1.787e+01 (u=2.89e+02 v=4.27e+02 p=2.41e+01) cfl=0.541 gmres=9
[newton] it=4 |R|=4.6801e+02 rel=1.621e+01 (u=3.88e+02 v=2.50e+02 p=7.78e+01) cfl=0.597 gmres=22
[newton] it=5 |R|=2.1576e+03 rel=7.473e+01 (u=2.12e+03 v=1.83e+02 p=3.85e+02) cfl=0.129 gmres=19
[newton] it=6 |R|=7.9052e+02 rel=2.738e+01 (u=7.61e+02 v=1.56e+02 p=1.48e+02) cfl=0.259 gmres=4
[newton] it=7 |R|=5.7512e+02 rel=1.992e+01 (u=5.52e+02 v=1.33e+02 p=8.97e+01) cfl=0.356 gmres=5
[newton] it=8 |R|=3.4915e+02 rel=1.209e+01 (u=3.31e+02 v=1.07e+02 p=3.12e+01) cfl=0.586 gmres=6
[newton] it=9 |R|=2.9924e+02 rel=1.036e+01 (u=2.87e+02 v=8.31e+01 p=1.44e+01) cfl=0.684 gmres=6
[newton] it=10 |R|=2.1091e+02 rel=7.305e+00 (u=2.01e+02 v=6.31e+01 p=8.63e+00) cfl=0.97 gmres=7
[newton] it=11 |R|=1.5753e+02 rel=5.456e+00 (u=1.51e+02 v=4.64e+01 p=2.76e+00) cfl=1.3 gmres=7
[newton] it=12 |R|=1.1373e+02 rel=3.939e+00 (u=1.09e+02 v=3.31e+01 p=4.35e+00) cfl=1.8 gmres=10
[newton] it=13 |R|=7.5782e+01 rel=2.625e+00 (u=7.22e+01 v=2.27e+01 p=4.41e+00) cfl=2.7 gmres=6
[newton] it=14 |R|=4.6831e+01 rel=1.622e+00 (u=4.39e+01 v=1.53e+01 p=5.79e+00) cfl=4.37 gmres=9
[newton] it=15 |R|=2.7802e+01 rel=9.629e-01 (u=2.56e+01 v=1.05e+01 p=2.81e+00) cfl=7.36 gmres=11
[newton] it=16 |R|=4.9141e+01 rel=1.702e+00 (u=4.39e+01 v=1.09e+01 p=1.92e+01) cfl=4.17 gmres=9
[newton] it=17 |R|=2.8760e+01 rel=9.961e-01 (u=2.64e+01 v=7.21e+00 p=8.80e+00) cfl=7.12 gmres=6
[newton] it=18 |R|=2.1852e+01 rel=7.568e-01 (u=2.08e+01 v=5.60e+00 p=3.65e+00) cfl=9.37 gmres=9
[newton] it=19 |R|=8.8151e+00 rel=3.053e-01 (u=7.61e+00 v=4.13e+00 p=1.68e+00) cfl=18.7 gmres=7
[newton] it=20 |R|=6.0615e+00 rel=2.099e-01 (u=4.94e+00 v=3.49e+00 p=3.66e-01) cfl=27.2 gmres=10
[newton] it=21 |R|=4.8233e+00 rel=1.670e-01 (u=3.84e+00 v=2.89e+00 p=4.13e-01) cfl=34.2 gmres=10
[newton] it=22 |R|=3.8820e+00 rel=1.344e-01 (u=2.99e+00 v=2.46e+00 p=3.46e-01) cfl=42.5 gmres=10
[newton] it=23 |R|=3.3681e+00 rel=1.167e-01 (u=2.54e+00 v=2.15e+00 p=5.20e-01) cfl=49 gmres=11
[newton] it=24 |R|=3.1143e+00 rel=1.079e-01 (u=2.39e+00 v=1.96e+00 p=3.74e-01) cfl=53 gmres=10
[newton] it=25 |R|=2.6973e+00 rel=9.342e-02 (u=1.97e+00 v=1.83e+00 p=2.60e-01) cfl=61.2 gmres=11
[newton] it=26 |R|=2.3803e+00 rel=8.244e-02 (u=1.74e+00 v=1.62e+00 p=1.65e-01) cfl=69.4 gmres=8
[newton] it=27 |R|=2.1916e+00 rel=7.590e-02 (u=1.57e+00 v=1.50e+00 p=2.90e-01) cfl=75.3 gmres=9
[newton] it=28 |R|=2.0008e+00 rel=6.929e-02 (u=1.43e+00 v=1.40e+00 p=1.40e-01) cfl=82.5 gmres=10
[newton] it=29 |R|=1.7684e+00 rel=6.125e-02 (u=1.27e+00 v=1.22e+00 p=1.16e-01) cfl=93.4 gmres=9
[newton] it=30 |R|=1.6013e+00 rel=5.546e-02 (u=1.14e+00 v=1.12e+00 p=1.18e-01) cfl=103 gmres=8
[newton] it=31 |R|=1.4452e+00 rel=5.005e-02 (u=1.03e+00 v=1.01e+00 p=7.60e-02) cfl=114 gmres=9
[newton] it=32 |R|=1.2988e+00 rel=4.498e-02 (u=9.18e-01 v=9.12e-01 p=1.09e-01) cfl=127 gmres=8
[newton] it=33 |R|=1.1885e+00 rel=4.116e-02 (u=8.20e-01 v=8.38e-01 p=1.95e-01) cfl=139 gmres=9
[newton] it=34 |R|=1.0648e+00 rel=3.688e-02 (u=7.50e-01 v=7.52e-01 p=8.02e-02) cfl=155 gmres=10
[newton] it=35 |R|=9.3452e-01 rel=3.237e-02 (u=6.48e-01 v=6.66e-01 p=9.90e-02) cfl=177 gmres=8
[newton] it=36 |R|=8.3201e-01 rel=2.882e-02 (u=5.70e-01 v=5.80e-01 p=1.75e-01) cfl=198 gmres=8
[newton] it=37 |R|=7.2772e-01 rel=2.520e-02 (u=4.99e-01 v=5.05e-01 p=1.59e-01) cfl=227 gmres=7
[newton] it=38 |R|=6.2714e-01 rel=2.172e-02 (u=4.37e-01 v=4.39e-01 p=9.58e-02) cfl=263 gmres=8
[newton] it=39 |R|=5.7922e-01 rel=2.006e-02 (u=3.83e-01 v=3.77e-01 p=2.18e-01) cfl=285 gmres=10
[newton] it=40 |R|=4.6133e-01 rel=1.598e-02 (u=3.33e-01 v=3.19e-01 p=8.86e-03) cfl=358 gmres=7
[newton] it=41 |R|=3.9588e-01 rel=1.371e-02 (u=2.92e-01 v=2.68e-01 p=4.80e-03) cfl=417 gmres=7
[newton] it=42 |R|=3.3896e-01 rel=1.174e-02 (u=2.55e-01 v=2.23e-01 p=2.77e-03) cfl=487 gmres=6
[newton] it=43 |R|=2.8980e-01 rel=1.004e-02 (u=2.24e-01 v=1.84e-01 p=1.14e-03) cfl=570 gmres=6
[newton] it=44 |R|=2.4752e-01 rel=8.572e-03 (u=1.96e-01 v=1.51e-01 p=8.18e-04) cfl=667 gmres=6
[newton] it=45 |R|=2.1153e-01 rel=7.326e-03 (u=1.72e-01 v=1.23e-01 p=1.33e-03) cfl=781 gmres=6
[newton] it=46 |R|=1.8115e-01 rel=6.274e-03 (u=1.51e-01 v=9.96e-02 p=7.54e-04) cfl=912 gmres=7
[newton] it=47 |R|=1.5563e-01 rel=5.390e-03 (u=1.33e-01 v=8.10e-02 p=4.51e-04) cfl=1.06e+03 gmres=7
[newton] it=48 |R|=1.3409e-01 rel=4.644e-03 (u=1.17e-01 v=6.62e-02 p=1.61e-04) cfl=1.23e+03 gmres=7
[newton] it=49 |R|=1.1577e-01 rel=4.010e-03 (u=1.02e-01 v=5.46e-02 p=1.23e-04) cfl=1.43e+03 gmres=7
[newton] it=50 |R|=1.0004e-01 rel=3.465e-03 (u=8.92e-02 v=4.53e-02 p=1.12e-04) cfl=1.65e+03 gmres=7
[newton] it=51 |R|=8.6462e-02 rel=2.995e-03 (u=7.77e-02 v=3.79e-02 p=6.89e-05) cfl=1.91e+03 gmres=7
[newton] it=52 |R|=7.4680e-02 rel=2.586e-03 (u=6.76e-02 v=3.18e-02 p=4.91e-05) cfl=2.21e+03 gmres=7
[newton] it=53 |R|=6.4467e-02 rel=2.233e-03 (u=5.87e-02 v=2.67e-02 p=3.54e-04) cfl=2.56e+03 gmres=7
[newton] it=54 |R|=5.5624e-02 rel=1.926e-03 (u=5.09e-02 v=2.25e-02 p=2.00e-05) cfl=2.97e+03 gmres=7
[newton] it=55 |R|=4.7996e-02 rel=1.662e-03 (u=4.41e-02 v=1.89e-02 p=1.38e-05) cfl=3.44e+03 gmres=7
[newton] it=56 |R|=4.1439e-02 rel=1.435e-03 (u=3.83e-02 v=1.59e-02 p=9.80e-06) cfl=3.99e+03 gmres=7
[newton] it=57 |R|=3.5813e-02 rel=1.240e-03 (u=3.32e-02 v=1.34e-02 p=8.35e-06) cfl=4.61e+03 gmres=6
[newton] it=58 |R|=3.0997e-02 rel=1.074e-03 (u=2.89e-02 v=1.13e-02 p=6.43e-06) cfl=5.33e+03 gmres=6
[newton] it=59 |R|=2.6871e-02 rel=9.306e-04 (u=2.51e-02 v=9.48e-03 p=9.76e-06) cfl=6.15e+03 gmres=6
[newton] it=60 |R|=2.3331e-02 rel=8.080e-04 (u=2.19e-02 v=8.01e-03 p=4.16e-06) cfl=7.08e+03 gmres=6
[newton] it=61 |R|=2.0288e-02 rel=7.026e-04 (u=1.91e-02 v=6.78e-03 p=3.27e-06) cfl=8.14e+03 gmres=6
[newton] it=62 |R|=1.7663e-02 rel=6.117e-04 (u=1.67e-02 v=5.75e-03 p=1.88e-05) cfl=9.35e+03 gmres=6
[newton] it=63 |R|=1.5389e-02 rel=5.330e-04 (u=1.46e-02 v=4.89e-03 p=2.02e-06) cfl=1.07e+04 gmres=6
[newton] it=64 |R|=1.3416e-02 rel=4.647e-04 (u=1.28e-02 v=4.16e-03 p=6.44e-06) cfl=1.23e+04 gmres=6
[newton] it=65 |R|=1.1700e-02 rel=4.052e-04 (u=1.11e-02 v=3.55e-03 p=9.35e-07) cfl=1.41e+04 gmres=6
[newton] it=66 |R|=1.0205e-02 rel=3.534e-04 (u=9.75e-03 v=3.03e-03 p=6.87e-07) cfl=1.62e+04 gmres=6
[newton] it=67 |R|=8.9017e-03 rel=3.083e-04 (u=8.52e-03 v=2.59e-03 p=3.33e-06) cfl=1.86e+04 gmres=4
[newton] it=68 |R|=7.7653e-03 rel=2.689e-04 (u=7.44e-03 v=2.22e-03 p=2.79e-06) cfl=2.13e+04 gmres=4
[newton] it=69 |R|=6.7748e-03 rel=2.346e-04 (u=6.50e-03 v=1.91e-03 p=2.05e-06) cfl=2.44e+04 gmres=4
[newton] it=70 |R|=5.9113e-03 rel=2.047e-04 (u=5.68e-03 v=1.64e-03 p=4.94e-07) cfl=2.79e+04 gmres=5
[newton] it=71 |R|=5.1590e-03 rel=1.787e-04 (u=4.96e-03 v=1.42e-03 p=4.06e-07) cfl=3.2e+04 gmres=5
[newton] it=72 |R|=4.5033e-03 rel=1.560e-04 (u=4.33e-03 v=1.23e-03 p=1.06e-06) cfl=3.67e+04 gmres=5
[newton] it=73 |R|=3.9319e-03 rel=1.362e-04 (u=3.78e-03 v=1.07e-03 p=2.87e-07) cfl=4.2e+04 gmres=5
[newton] it=74 |R|=3.4336e-03 rel=1.189e-04 (u=3.31e-03 v=9.26e-04 p=2.12e-07) cfl=4.81e+04 gmres=5
[newton] it=75 |R|=2.9988e-03 rel=1.039e-04 (u=2.89e-03 v=8.04e-04 p=1.83e-07) cfl=5.51e+04 gmres=5
[newton] it=76 |R|=2.6192e-03 rel=9.071e-05 (u=2.52e-03 v=6.99e-04 p=2.13e-06) cfl=6.3e+04 gmres=5
[newton] it=77 |R|=2.2877e-03 rel=7.923e-05 (u=2.21e-03 v=6.07e-04 p=1.16e-07) cfl=7.22e+04 gmres=5
[newton] it=78 |R|=1.9979e-03 rel=6.920e-05 (u=1.93e-03 v=5.26e-04 p=7.11e-08) cfl=8.27e+04 gmres=5
[newton] it=79 |R|=1.7445e-03 rel=6.042e-05 (u=1.68e-03 v=4.55e-04 p=5.65e-08) cfl=9.47e+04 gmres=5
[newton] it=80 |R|=1.5229e-03 rel=5.274e-05 (u=1.47e-03 v=3.93e-04 p=3.91e-08) cfl=1.08e+05 gmres=5
[newton] done converged=False reason='max_iter' it=80 m_in=1.0000e+02 m_out=1.0000e+02 |R_steady|/|R0|=5.274e-05 elapsed=125.8s
--> G_floor0.1_cfl5: {'converged': False, 'reason': 'max_iter', 'n_newton': 80, 'rel_final': 5.274403387826089e-05, 'rel_min': 5.274403387826089e-05, 'first_step_ratio': 22.090331612470816, 'steady_residual_ratio': 5.274403387826089e-05, 'mass_in': 100.0, 'mass_out': 99.99999999990726, 'elapsed': 125.78166687299927}

==== summary ====
L_floor0.1         conv=False reason=max_iter   it= 80 step1=2.06e+01 rel_final=2.45e-04 rel_min=2.45e-04 steady=2.45e-04 m_out/m_in=1.0000
L_nofloor          conv=False reason=max_iter   it= 80 step1=2.98e+01 rel_final=2.52e-01 rel_min=2.52e-01 steady=2.52e-01 m_out/m_in=1.0000
L_rc_floor0.1      conv=False reason=max_iter   it= 80 step1=8.63e+00 rel_final=2.59e-04 rel_min=2.59e-04 steady=3.37e-04 m_out/m_in=1.0000
L_rc_nofloor       conv=False reason=max_iter   it= 80 step1=2.98e+01 rel_final=8.67e-04 rel_min=8.67e-04 steady=9.30e-04 m_out/m_in=1.0000
G_floor0.1         conv=False reason=max_iter   it= 80 step1=2.06e+01 rel_final=3.22e-03 rel_min=3.22e-03 steady=3.22e-03 m_out/m_in=1.0000
G_rc_floor0.1      conv=False reason=max_iter   it= 80 step1=8.63e+00 rel_final=3.51e-04 rel_min=3.51e-04 steady=5.33e-04 m_out/m_in=1.0000
L_floor0.1_cfl5    conv=False reason=max_iter   it= 80 step1=2.21e+01 rel_final=7.37e-02 rel_min=7.37e-02 steady=7.37e-02 m_out/m_in=1.0000
G_floor0.1_cfl5    conv=False reason=max_iter   it= 80 step1=2.21e+01 rel_final=5.27e-05 rel_min=5.27e-05 steady=5.27e-05 m_out/m_in=1.0000
[ProcessDiagnostics] レポート出力: /home/user/ykep-cae/docs/generated/process_usage_report.md
