===== uturn r1 U=2.0 variant A_baseline =====
[newton] it=0 |R|=1.2911e+02 (u=1.15e+02 v=0.00e+00 p=5.77e+01) cfl=5
[newton] it=1 |R|=4.0030e+03 rel=3.100e+01 (u=3.84e+03 v=1.10e+03 p=3.03e+02) cfl=0.5 gmres=15 (gmres not converged)
[newton] it=2 |R|=5.4697e+03 rel=4.236e+01 (u=4.91e+03 v=2.39e+03 p=2.78e+02) cfl=0.366 gmres=6
[newton] it=3 |R|=2.5649e+06 rel=1.987e+04 (u=2.52e+06 v=5.01e+05 p=1.03e+04) cfl=0.0366 gmres=26
[newton] it=4 |R|=2.4048e+06 rel=1.863e+04 (u=2.24e+06 v=8.78e+05 p=3.92e+03) cfl=0.039 gmres=22 (gmres not converged)
[newton] it=5 |R|=2.2282e+06 rel=1.726e+04 (u=2.11e+06 v=7.12e+05 p=8.43e+03) cfl=0.0421 gmres=30 (gmres not converged)
[newton] it=6 |R|=2.0355e+06 rel=1.577e+04 (u=1.98e+06 v=4.64e+05 p=1.28e+04) cfl=0.0461 gmres=36 (gmres not converged)
[newton] it=7 |R|=1.9377e+06 rel=1.501e+04 (u=1.88e+06 v=4.58e+05 p=3.81e+03) cfl=0.0484 gmres=6
[newton] it=8 |R|=1.8660e+06 rel=1.445e+04 (u=1.82e+06 v=4.31e+05 p=5.60e+03) cfl=0.0503 gmres=13
[newton] it=9 |R|=1.8232e+06 rel=1.412e+04 (u=1.78e+06 v=4.04e+05 p=2.97e+04) cfl=0.0515 gmres=23
[newton] it=10 |R|=1.7251e+06 rel=1.336e+04 (u=1.68e+06 v=3.87e+05 p=4.90e+03) cfl=0.0544 gmres=13
[newton] it=11 |R|=1.6480e+06 rel=1.276e+04 (u=1.60e+06 v=3.80e+05 p=3.79e+03) cfl=0.057 gmres=15
[newton] it=12 |R|=1.5727e+06 rel=1.218e+04 (u=1.53e+06 v=3.71e+05 p=2.28e+03) cfl=0.0597 gmres=7
[newton] it=13 |R|=1.4990e+06 rel=1.161e+04 (u=1.46e+06 v=3.55e+05 p=4.33e+03) cfl=0.0626 gmres=6
[newton] it=14 |R|=3.1084e+06 rel=2.408e+04 (u=1.56e+06 v=2.69e+06 p=8.08e+03) cfl=0.0302 gmres=11
[newton] it=15 |R|=3.3018e+06 rel=2.557e+04 (u=1.81e+06 v=2.76e+06 p=9.95e+03) cfl=0.0284 gmres=36 (gmres not converged)
[newton] it=16 |R|=3.4519e+06 rel=2.674e+04 (u=2.08e+06 v=2.75e+06 p=9.01e+04) cfl=0.0272 gmres=114 (gmres not converged)
[newton] it=17 |R|=7.1281e+07 rel=5.521e+05 (u=2.09e+07 v=6.81e+07 p=1.67e+05) cfl=0.00272 gmres=165 (gmres not converged)
[newton] it=18 |R|=1.0793e+09 rel=8.360e+06 (u=2.14e+08 v=1.06e+09 p=1.12e+07) cfl=0.000272 gmres=78 (gmres not converged)
[newton] done converged=False reason='diverged' it=18 m_in=2.0000e+02 m_out=-3.8320e+03 elapsed=8.2s
--> A_baseline: {'converged': False, 'reason': 'diverged', 'n_newton': 18, 'rel_final': 8359902.268730309, 'rel_min': 1.0, 'elapsed': 8.222698815999934}
===== uturn r1 U=2.0 variant B_cfl0.5 =====
[newton] it=0 |R|=1.2911e+02 (u=1.15e+02 v=0.00e+00 p=5.77e+01) cfl=0.5
[newton] it=1 |R|=3.4367e+03 rel=2.662e+01 (u=1.42e+03 v=3.10e+03 p=4.10e+02) cfl=0.05 gmres=11 (gmres not converged)
[newton] it=2 |R|=2.2153e+04 rel=1.716e+02 (u=5.00e+03 v=2.16e+04 p=7.66e+02) cfl=0.00776 gmres=15 (gmres not converged)
[newton] it=3 |R|=1.2681e+04 rel=9.822e+01 (u=2.73e+03 v=1.24e+04 p=5.65e+01) cfl=0.0136 gmres=3
[newton] it=4 |R|=1.0284e+04 rel=7.965e+01 (u=1.64e+03 v=1.02e+04 p=2.63e+01) cfl=0.0167 gmres=4
[newton] it=5 |R|=8.6321e+03 rel=6.686e+01 (u=1.19e+03 v=8.55e+03 p=4.37e+00) cfl=0.0199 gmres=3
[newton] it=6 |R|=7.1964e+03 rel=5.574e+01 (u=1.01e+03 v=7.13e+03 p=1.93e+00) cfl=0.0239 gmres=3
[newton] it=7 |R|=6.0377e+03 rel=4.676e+01 (u=8.91e+02 v=5.97e+03 p=1.50e+00) cfl=0.0285 gmres=3
[newton] it=8 |R|=5.1421e+03 rel=3.983e+01 (u=8.00e+02 v=5.08e+03 p=1.73e+00) cfl=0.0334 gmres=3
[newton] it=9 |R|=4.4219e+03 rel=3.425e+01 (u=7.21e+02 v=4.36e+03 p=1.22e+00) cfl=0.0389 gmres=3
[newton] it=10 |R|=3.8173e+03 rel=2.957e+01 (u=6.52e+02 v=3.76e+03 p=1.09e+00) cfl=0.045 gmres=3
[newton] it=11 |R|=3.2946e+03 rel=2.552e+01 (u=5.91e+02 v=3.24e+03 p=1.19e+00) cfl=0.0522 gmres=3
[newton] it=12 |R|=2.8340e+03 rel=2.195e+01 (u=5.40e+02 v=2.78e+03 p=1.30e+00) cfl=0.0606 gmres=3
[newton] it=13 |R|=2.4221e+03 rel=1.876e+01 (u=4.94e+02 v=2.37e+03 p=9.59e-01) cfl=0.0709 gmres=3
[newton] it=14 |R|=2.0544e+03 rel=1.591e+01 (u=4.55e+02 v=2.00e+03 p=1.19e+00) cfl=0.0836 gmres=3
[newton] it=15 |R|=1.7259e+03 rel=1.337e+01 (u=4.21e+02 v=1.67e+03 p=1.64e+00) cfl=0.0996 gmres=3
[newton] it=16 |R|=1.4340e+03 rel=1.111e+01 (u=3.89e+02 v=1.38e+03 p=1.00e+00) cfl=0.12 gmres=3
[newton] it=17 |R|=1.1765e+03 rel=9.112e+00 (u=3.59e+02 v=1.12e+03 p=1.16e+00) cfl=0.146 gmres=3
[newton] it=18 |R|=9.5443e+02 rel=7.392e+00 (u=3.29e+02 v=8.96e+02 p=2.38e+00) cfl=0.18 gmres=3
[newton] it=19 |R|=7.6629e+02 rel=5.935e+00 (u=2.98e+02 v=7.06e+02 p=4.02e+00) cfl=0.224 gmres=3
[newton] it=20 |R|=6.1114e+02 rel=4.733e+00 (u=2.63e+02 v=5.52e+02 p=1.29e+00) cfl=0.281 gmres=3
[newton] it=21 |R|=4.7660e+02 rel=3.691e+00 (u=2.26e+02 v=4.20e+02 p=1.71e+00) cfl=0.361 gmres=4
[newton] it=22 |R|=3.6537e+02 rel=2.830e+00 (u=1.84e+02 v=3.15e+02 p=2.44e+00) cfl=0.47 gmres=4
[newton] it=23 |R|=2.7876e+02 rel=2.159e+00 (u=1.42e+02 v=2.40e+02 p=9.28e-01) cfl=0.616 gmres=5
[newton] it=24 |R|=2.0414e+02 rel=1.581e+00 (u=1.01e+02 v=1.78e+02 p=1.05e+00) cfl=0.842 gmres=4
[newton] it=25 |R|=1.4383e+02 rel=1.114e+00 (u=6.64e+01 v=1.28e+02 p=1.33e+00) cfl=1.19 gmres=5
[newton] it=26 |R|=9.8994e+01 rel=7.667e-01 (u=4.27e+01 v=8.93e+01 p=7.62e-01) cfl=1.74 gmres=5
[newton] it=27 |R|=6.8447e+01 rel=5.301e-01 (u=2.96e+01 v=6.17e+01 p=7.13e-01) cfl=2.51 gmres=7
[newton] it=28 |R|=4.8793e+01 rel=3.779e-01 (u=2.29e+01 v=4.31e+01 p=1.40e+00) cfl=3.52 gmres=7
[newton] it=29 |R|=3.5987e+01 rel=2.787e-01 (u=1.94e+01 v=3.03e+01 p=1.45e+00) cfl=4.77 gmres=7
[newton] it=30 |R|=2.7041e+01 rel=2.094e-01 (u=1.59e+01 v=2.18e+01 p=2.05e+00) cfl=6.35 gmres=8
[newton] it=31 |R|=2.1193e+01 rel=1.641e-01 (u=1.32e+01 v=1.66e+01 p=9.98e-01) cfl=8.11 gmres=7
[newton] it=32 |R|=1.6822e+01 rel=1.303e-01 (u=1.08e+01 v=1.29e+01 p=5.32e-01) cfl=10.2 gmres=8
[newton] it=33 |R|=1.3787e+01 rel=1.068e-01 (u=9.11e+00 v=1.03e+01 p=6.94e-01) cfl=12.5 gmres=7
[newton] it=34 |R|=1.1469e+01 rel=8.883e-02 (u=7.81e+00 v=8.39e+00 p=3.60e-01) cfl=15 gmres=6
[newton] it=35 |R|=9.6700e+00 rel=7.490e-02 (u=6.74e+00 v=6.93e+00 p=2.84e-01) cfl=17.8 gmres=7
[newton] it=36 |R|=8.2543e+00 rel=6.393e-02 (u=5.84e+00 v=5.81e+00 p=4.93e-01) cfl=20.8 gmres=8
[newton] it=37 |R|=7.0655e+00 rel=5.472e-02 (u=5.05e+00 v=4.94e+00 p=2.30e-01) cfl=24.3 gmres=8
[newton] it=38 |R|=5.9118e+00 rel=4.579e-02 (u=4.29e+00 v=4.05e+00 p=3.13e-01) cfl=29.1 gmres=9
[newton] it=39 |R|=4.9708e+00 rel=3.850e-02 (u=3.65e+00 v=3.34e+00 p=4.93e-01) cfl=34.6 gmres=8
[newton] it=40 |R|=4.1645e+00 rel=3.226e-02 (u=3.15e+00 v=2.70e+00 p=3.42e-01) cfl=41.3 gmres=9
[newton] it=41 |R|=3.5376e+00 rel=2.740e-02 (u=2.70e+00 v=2.23e+00 p=4.84e-01) cfl=48.6 gmres=8
[newton] it=42 |R|=2.8695e+00 rel=2.223e-02 (u=2.30e+00 v=1.71e+00 p=3.53e-02) cfl=59.9 gmres=7
[newton] it=43 |R|=2.3832e+00 rel=1.846e-02 (u=1.98e+00 v=1.32e+00 p=1.48e-02) cfl=72.1 gmres=7
[newton] it=44 |R|=1.9919e+00 rel=1.543e-02 (u=1.71e+00 v=1.02e+00 p=6.62e-03) cfl=86.3 gmres=6
[newton] it=45 |R|=1.6763e+00 rel=1.298e-02 (u=1.48e+00 v=7.94e-01 p=7.19e-03) cfl=103 gmres=7
[newton] it=46 |R|=1.4217e+00 rel=1.101e-02 (u=1.28e+00 v=6.19e-01 p=1.43e-03) cfl=121 gmres=7
[newton] it=47 |R|=1.2118e+00 rel=9.386e-03 (u=1.11e+00 v=4.85e-01 p=9.01e-04) cfl=142 gmres=8
[newton] it=48 |R|=1.0377e+00 rel=8.038e-03 (u=9.64e-01 v=3.83e-01 p=5.39e-04) cfl=166 gmres=8
[newton] it=49 |R|=8.9224e-01 rel=6.911e-03 (u=8.38e-01 v=3.05e-01 p=3.45e-04) cfl=193 gmres=8
[newton] it=50 |R|=7.6979e-01 rel=5.962e-03 (u=7.30e-01 v=2.45e-01 p=3.76e-04) cfl=223 gmres=8
[newton] it=51 |R|=6.6619e-01 rel=5.160e-03 (u=6.36e-01 v=1.98e-01 p=1.79e-04) cfl=258 gmres=7
[newton] it=52 |R|=5.7784e-01 rel=4.476e-03 (u=5.55e-01 v=1.61e-01 p=1.58e-04) cfl=297 gmres=7
[newton] it=53 |R|=5.0213e-01 rel=3.889e-03 (u=4.84e-01 v=1.32e-01 p=1.08e-04) cfl=342 gmres=7
[newton] it=54 |R|=4.3688e-01 rel=3.384e-03 (u=4.23e-01 v=1.09e-01 p=7.38e-05) cfl=393 gmres=7
[newton] it=55 |R|=3.8045e-01 rel=2.947e-03 (u=3.70e-01 v=9.01e-02 p=5.53e-05) cfl=452 gmres=7
[newton] it=56 |R|=3.3139e-01 rel=2.567e-03 (u=3.23e-01 v=7.46e-02 p=4.51e-05) cfl=519 gmres=7
[newton] it=57 |R|=2.8863e-01 rel=2.236e-03 (u=2.82e-01 v=6.19e-02 p=5.55e-05) cfl=595 gmres=7
[newton] it=58 |R|=2.5121e-01 rel=1.946e-03 (u=2.46e-01 v=5.14e-02 p=2.37e-05) cfl=684 gmres=7
[newton] it=59 |R|=2.1836e-01 rel=1.691e-03 (u=2.14e-01 v=4.28e-02 p=2.21e-05) cfl=787 gmres=6
[newton] it=60 |R|=1.8943e-01 rel=1.467e-03 (u=1.86e-01 v=3.58e-02 p=1.52e-05) cfl=907 gmres=4
[newton] it=61 |R|=1.6388e-01 rel=1.269e-03 (u=1.61e-01 v=3.00e-02 p=9.16e-05) cfl=1.05e+03 gmres=4
[newton] it=62 |R|=1.4126e-01 rel=1.094e-03 (u=1.39e-01 v=2.54e-02 p=7.79e-06) cfl=1.22e+03 gmres=7
[newton] it=63 |R|=1.2120e-01 rel=9.387e-04 (u=1.19e-01 v=2.16e-02 p=5.61e-06) cfl=1.42e+03 gmres=7
[newton] it=64 |R|=1.0344e-01 rel=8.011e-04 (u=1.02e-01 v=1.86e-02 p=4.69e-06) cfl=1.66e+03 gmres=6
[newton] it=65 |R|=8.7740e-02 rel=6.796e-04 (u=8.62e-02 v=1.62e-02 p=8.41e-06) cfl=1.96e+03 gmres=6
[newton] it=66 |R|=7.3930e-02 rel=5.726e-04 (u=7.25e-02 v=1.43e-02 p=2.54e-06) cfl=2.32e+03 gmres=6
[newton] it=67 |R|=6.1856e-02 rel=4.791e-04 (u=6.06e-02 v=1.26e-02 p=2.45e-06) cfl=2.78e+03 gmres=6
[newton] it=68 |R|=5.1390e-02 rel=3.980e-04 (u=5.02e-02 v=1.12e-02 p=2.58e-06) cfl=3.34e+03 gmres=6
[newton] it=69 |R|=4.2405e-02 rel=3.284e-04 (u=4.13e-02 v=9.82e-03 p=6.31e-07) cfl=4.05e+03 gmres=7
[newton] it=70 |R|=3.4777e-02 rel=2.694e-04 (u=3.37e-02 v=8.57e-03 p=5.29e-06) cfl=4.94e+03 gmres=7
[newton] it=71 |R|=2.8379e-02 rel=2.198e-04 (u=2.74e-02 v=7.41e-03 p=8.11e-07) cfl=6.06e+03 gmres=7
[newton] it=72 |R|=2.3076e-02 rel=1.787e-04 (u=2.22e-02 v=6.33e-03 p=2.95e-07) cfl=7.45e+03 gmres=7
[newton] it=73 |R|=1.8732e-02 rel=1.451e-04 (u=1.79e-02 v=5.37e-03 p=2.53e-07) cfl=9.17e+03 gmres=7
[newton] it=74 |R|=1.5208e-02 rel=1.178e-04 (u=1.45e-02 v=4.52e-03 p=2.31e-07) cfl=1.13e+04 gmres=7
[newton] it=75 |R|=1.2371e-02 rel=9.581e-05 (u=1.18e-02 v=3.79e-03 p=6.86e-07) cfl=1.39e+04 gmres=6
[newton] it=76 |R|=1.0095e-02 rel=7.819e-05 (u=9.58e-03 v=3.18e-03 p=3.63e-07) cfl=1.7e+04 gmres=6
[newton] it=77 |R|=8.2709e-03 rel=6.406e-05 (u=7.83e-03 v=2.66e-03 p=4.78e-07) cfl=2.08e+04 gmres=6
[newton] it=78 |R|=6.8028e-03 rel=5.269e-05 (u=6.43e-03 v=2.23e-03 p=4.87e-07) cfl=2.53e+04 gmres=6
[newton] it=79 |R|=5.6133e-03 rel=4.348e-05 (u=5.29e-03 v=1.87e-03 p=4.36e-07) cfl=3.06e+04 gmres=6
[newton] it=80 |R|=4.6413e-03 rel=3.595e-05 (u=4.37e-03 v=1.56e-03 p=3.75e-07) cfl=3.7e+04 gmres=6
[newton] done converged=False reason='max_iter' it=80 m_in=2.0000e+02 m_out=2.0000e+02 elapsed=19.3s
--> B_cfl0.5: {'converged': False, 'reason': 'max_iter', 'n_newton': 80, 'rel_final': 3.594829056201757e-05, 'rel_min': 3.594829056201757e-05, 'elapsed': 19.315062069000078}
===== uturn r1 U=2.0 variant C_linesearch =====
[newton] it=0 |R|=1.2911e+02 (u=1.15e+02 v=0.00e+00 p=5.77e+01) cfl=5
[newton] it=1 |R|=1.0072e+02 rel=7.801e-01 (u=8.07e+01 v=3.48e+01 p=4.92e+01) cfl=6.41 gmres=15 (gmres not converged)
[newton] it=2 |R|=9.9501e+01 rel=7.707e-01 (u=7.59e+01 v=4.45e+01 p=4.64e+01) cfl=6.49 gmres=55 (gmres not converged)
[newton] it=3 |R|=9.9836e+01 rel=7.733e-01 (u=7.57e+01 v=4.58e+01 p=4.62e+01) cfl=6.47 gmres=56 (gmres not converged)
[newton] it=4 |R|=1.0020e+02 rel=7.761e-01 (u=7.55e+01 v=4.71e+01 p=4.60e+01) cfl=6.44 gmres=57 (gmres not converged)
[newton] it=5 |R|=1.0058e+02 rel=7.791e-01 (u=7.53e+01 v=4.84e+01 p=4.58e+01) cfl=6.42 gmres=57 (gmres not converged)
[newton] it=6 |R|=1.0098e+02 rel=7.822e-01 (u=7.51e+01 v=4.97e+01 p=4.56e+01) cfl=6.39 gmres=55 (gmres not converged)
[newton] it=7 |R|=1.0142e+02 rel=7.856e-01 (u=7.50e+01 v=5.10e+01 p=4.55e+01) cfl=6.36 gmres=56 (gmres not converged)
[newton] it=8 |R|=1.0190e+02 rel=7.892e-01 (u=7.48e+01 v=5.23e+01 p=4.53e+01) cfl=6.34 gmres=52 (gmres not converged)
[newton] it=9 |R|=1.0240e+02 rel=7.931e-01 (u=7.46e+01 v=5.37e+01 p=4.51e+01) cfl=6.3 gmres=58 (gmres not converged)
[newton] it=10 |R|=1.0293e+02 rel=7.972e-01 (u=7.45e+01 v=5.50e+01 p=4.49e+01) cfl=6.27 gmres=57 (gmres not converged)
[newton] it=11 |R|=1.0349e+02 rel=8.016e-01 (u=7.44e+01 v=5.63e+01 p=4.48e+01) cfl=6.24 gmres=62 (gmres not converged)
[newton] it=12 |R|=1.0407e+02 rel=8.060e-01 (u=7.43e+01 v=5.77e+01 p=4.46e+01) cfl=6.2 gmres=65 (gmres not converged)
[newton] it=13 |R|=1.0451e+02 rel=8.095e-01 (u=7.40e+01 v=5.90e+01 p=4.44e+01) cfl=6.18 gmres=65 (gmres not converged)
[newton] it=14 |R|=1.0518e+02 rel=8.147e-01 (u=7.39e+01 v=6.04e+01 p=4.42e+01) cfl=6.14 gmres=71 (gmres not converged)
[newton] it=15 |R|=1.0576e+02 rel=8.191e-01 (u=7.37e+01 v=6.18e+01 p=4.40e+01) cfl=6.1 gmres=58 (gmres not converged)
[newton] it=16 |R|=1.0635e+02 rel=8.237e-01 (u=7.35e+01 v=6.31e+01 p=4.38e+01) cfl=6.07 gmres=59 (gmres not converged)
[newton] it=17 |R|=1.0703e+02 rel=8.290e-01 (u=7.34e+01 v=6.45e+01 p=4.36e+01) cfl=6.03 gmres=68 (gmres not converged)
[newton] it=18 |R|=1.0775e+02 rel=8.346e-01 (u=7.34e+01 v=6.59e+01 p=4.34e+01) cfl=5.99 gmres=72 (gmres not converged)
[newton] it=19 |R|=1.0849e+02 rel=8.403e-01 (u=7.33e+01 v=6.73e+01 p=4.32e+01) cfl=5.95 gmres=66 (gmres not converged)
[newton] it=20 |R|=1.0926e+02 rel=8.463e-01 (u=7.33e+01 v=6.87e+01 p=4.31e+01) cfl=5.91 gmres=71 (gmres not converged)
[newton] it=21 |R|=1.0895e+02 rel=8.439e-01 (u=7.00e+01 v=7.18e+01 p=4.25e+01) cfl=5.93 gmres=84 (gmres not converged)
[newton] it=22 |R|=1.0985e+02 rel=8.508e-01 (u=7.01e+01 v=7.32e+01 p=4.23e+01) cfl=5.88 gmres=41 (gmres not converged)
[newton] it=23 |R|=1.1077e+02 rel=8.579e-01 (u=7.02e+01 v=7.46e+01 p=4.22e+01) cfl=5.83 gmres=42 (gmres not converged)
[newton] it=24 |R|=1.1169e+02 rel=8.651e-01 (u=7.03e+01 v=7.60e+01 p=4.20e+01) cfl=5.78 gmres=41 (gmres not converged)
[newton] it=25 |R|=1.1265e+02 rel=8.725e-01 (u=7.04e+01 v=7.74e+01 p=4.18e+01) cfl=5.73 gmres=50 (gmres not converged)
[newton] it=26 |R|=1.1361e+02 rel=8.800e-01 (u=7.04e+01 v=7.88e+01 p=4.17e+01) cfl=5.68 gmres=41 (gmres not converged)
[newton] it=27 |R|=1.1459e+02 rel=8.875e-01 (u=7.05e+01 v=8.02e+01 p=4.15e+01) cfl=5.63 gmres=40 (gmres not converged)
[newton] it=28 |R|=1.1558e+02 rel=8.952e-01 (u=7.06e+01 v=8.16e+01 p=4.14e+01) cfl=5.59 gmres=41 (gmres not converged)
[newton] it=29 |R|=1.1659e+02 rel=9.030e-01 (u=7.07e+01 v=8.30e+01 p=4.12e+01) cfl=5.54 gmres=37 (gmres not converged)
[newton] it=30 |R|=1.1763e+02 rel=9.111e-01 (u=7.08e+01 v=8.45e+01 p=4.10e+01) cfl=5.49 gmres=39 (gmres not converged)
[newton] it=31 |R|=1.1865e+02 rel=9.190e-01 (u=7.09e+01 v=8.59e+01 p=4.09e+01) cfl=5.44 gmres=48 (gmres not converged)
[newton] it=32 |R|=1.1971e+02 rel=9.272e-01 (u=7.11e+01 v=8.73e+01 p=4.07e+01) cfl=5.39 gmres=49 (gmres not converged)
[newton] it=33 |R|=1.2079e+02 rel=9.355e-01 (u=7.12e+01 v=8.88e+01 p=4.05e+01) cfl=5.34 gmres=49 (gmres not converged)
[newton] it=34 |R|=1.2188e+02 rel=9.440e-01 (u=7.13e+01 v=9.02e+01 p=4.04e+01) cfl=5.3 gmres=49 (gmres not converged)
[newton] it=35 |R|=1.2299e+02 rel=9.526e-01 (u=7.15e+01 v=9.16e+01 p=4.02e+01) cfl=5.25 gmres=47 (gmres not converged)
[newton] it=36 |R|=1.2411e+02 rel=9.613e-01 (u=7.17e+01 v=9.31e+01 p=4.01e+01) cfl=5.2 gmres=45 (gmres not converged)
[newton] it=37 |R|=1.2525e+02 rel=9.701e-01 (u=7.18e+01 v=9.45e+01 p=3.99e+01) cfl=5.15 gmres=48 (gmres not converged)
[newton] it=38 |R|=1.2641e+02 rel=9.791e-01 (u=7.20e+01 v=9.60e+01 p=3.98e+01) cfl=5.11 gmres=50 (gmres not converged)
[newton] it=39 |R|=1.2758e+02 rel=9.882e-01 (u=7.22e+01 v=9.74e+01 p=3.96e+01) cfl=5.06 gmres=53 (gmres not converged)
[newton] it=40 |R|=1.2876e+02 rel=9.973e-01 (u=7.24e+01 v=9.89e+01 p=3.94e+01) cfl=5.01 gmres=47 (gmres not converged)
[newton] it=41 |R|=1.2996e+02 rel=1.007e+00 (u=7.27e+01 v=1.00e+02 p=3.93e+01) cfl=4.97 gmres=50 (gmres not converged)
[newton] it=42 |R|=1.3117e+02 rel=1.016e+00 (u=7.29e+01 v=1.02e+02 p=3.91e+01) cfl=4.92 gmres=49 (gmres not converged)
[newton] it=43 |R|=1.3239e+02 rel=1.025e+00 (u=7.31e+01 v=1.03e+02 p=3.90e+01) cfl=4.88 gmres=49 (gmres not converged)
[newton] it=44 |R|=1.3362e+02 rel=1.035e+00 (u=7.34e+01 v=1.05e+02 p=3.88e+01) cfl=4.83 gmres=49 (gmres not converged)
[newton] it=45 |R|=1.3487e+02 rel=1.045e+00 (u=7.36e+01 v=1.06e+02 p=3.87e+01) cfl=4.79 gmres=49 (gmres not converged)
[newton] it=46 |R|=1.3613e+02 rel=1.054e+00 (u=7.39e+01 v=1.08e+02 p=3.85e+01) cfl=4.74 gmres=48 (gmres not converged)
[newton] it=47 |R|=1.3740e+02 rel=1.064e+00 (u=7.42e+01 v=1.09e+02 p=3.84e+01) cfl=4.7 gmres=48 (gmres not converged)
[newton] it=48 |R|=1.3869e+02 rel=1.074e+00 (u=7.45e+01 v=1.11e+02 p=3.82e+01) cfl=4.65 gmres=44 (gmres not converged)
[newton] it=49 |R|=1.3999e+02 rel=1.084e+00 (u=7.48e+01 v=1.12e+02 p=3.81e+01) cfl=4.61 gmres=45 (gmres not converged)
[newton] it=50 |R|=1.4129e+02 rel=1.094e+00 (u=7.51e+01 v=1.14e+02 p=3.79e+01) cfl=4.57 gmres=44 (gmres not converged)
[newton] it=51 |R|=1.4261e+02 rel=1.105e+00 (u=7.54e+01 v=1.15e+02 p=3.78e+01) cfl=4.53 gmres=40 (gmres not converged)
[newton] it=52 |R|=1.4394e+02 rel=1.115e+00 (u=7.57e+01 v=1.16e+02 p=3.76e+01) cfl=4.48 gmres=41 (gmres not converged)
[newton] it=53 |R|=1.4528e+02 rel=1.125e+00 (u=7.61e+01 v=1.18e+02 p=3.75e+01) cfl=4.44 gmres=38 (gmres not converged)
[newton] it=54 |R|=1.4663e+02 rel=1.136e+00 (u=7.64e+01 v=1.19e+02 p=3.74e+01) cfl=4.4 gmres=38 (gmres not converged)
[newton] it=55 |R|=1.4798e+02 rel=1.146e+00 (u=7.68e+01 v=1.21e+02 p=3.72e+01) cfl=4.36 gmres=39 (gmres not converged)
[newton] it=56 |R|=1.4936e+02 rel=1.157e+00 (u=7.71e+01 v=1.22e+02 p=3.71e+01) cfl=4.32 gmres=42 (gmres not converged)
[newton] it=57 |R|=1.5074e+02 rel=1.168e+00 (u=7.75e+01 v=1.24e+02 p=3.69e+01) cfl=4.28 gmres=41 (gmres not converged)
[newton] it=58 |R|=1.5210e+02 rel=1.178e+00 (u=7.79e+01 v=1.25e+02 p=3.68e+01) cfl=4.24 gmres=33 (gmres not converged)
[newton] it=59 |R|=1.5342e+02 rel=1.188e+00 (u=7.81e+01 v=1.27e+02 p=3.66e+01) cfl=4.21 gmres=34 (gmres not converged)
[newton] it=60 |R|=1.5483e+02 rel=1.199e+00 (u=7.86e+01 v=1.28e+02 p=3.64e+01) cfl=4.17 gmres=37 (gmres not converged)
[newton] it=61 |R|=1.5624e+02 rel=1.210e+00 (u=7.90e+01 v=1.30e+02 p=3.63e+01) cfl=4.13 gmres=38 (gmres not converged)
[newton] it=62 |R|=1.5763e+02 rel=1.221e+00 (u=7.94e+01 v=1.31e+02 p=3.61e+01) cfl=4.1 gmres=41 (gmres not converged)
[newton] it=63 |R|=1.5902e+02 rel=1.232e+00 (u=7.97e+01 v=1.33e+02 p=3.60e+01) cfl=4.06 gmres=32 (gmres not converged)
[newton] it=64 |R|=1.6045e+02 rel=1.243e+00 (u=8.02e+01 v=1.34e+02 p=3.58e+01) cfl=4.02 gmres=36 (gmres not converged)
[newton] it=65 |R|=1.6187e+02 rel=1.254e+00 (u=8.06e+01 v=1.36e+02 p=3.56e+01) cfl=3.99 gmres=31 (gmres not converged)
[newton] it=66 |R|=1.6329e+02 rel=1.265e+00 (u=8.10e+01 v=1.37e+02 p=3.55e+01) cfl=3.95 gmres=29 (gmres not converged)
[newton] it=67 |R|=2.1698e+02 rel=1.681e+00 (u=1.61e+02 v=1.40e+02 p=3.98e+01) cfl=2.98 gmres=53 (gmres not converged)
[newton] it=68 |R|=2.1803e+02 rel=1.689e+00 (u=1.61e+02 v=1.42e+02 p=3.97e+01) cfl=2.96 gmres=54 (gmres not converged)
[newton] it=69 |R|=2.1909e+02 rel=1.697e+00 (u=1.61e+02 v=1.43e+02 p=3.95e+01) cfl=2.95 gmres=55 (gmres not converged)
[newton] it=70 |R|=2.2014e+02 rel=1.705e+00 (u=1.61e+02 v=1.45e+02 p=3.94e+01) cfl=2.93 gmres=54 (gmres not converged)
[newton] it=71 |R|=2.2126e+02 rel=1.714e+00 (u=1.61e+02 v=1.47e+02 p=3.92e+01) cfl=2.92 gmres=41 (gmres not converged)
[newton] it=72 |R|=2.2239e+02 rel=1.723e+00 (u=1.61e+02 v=1.48e+02 p=3.90e+01) cfl=2.9 gmres=37 (gmres not converged)
[newton] it=73 |R|=2.2335e+02 rel=1.730e+00 (u=1.61e+02 v=1.50e+02 p=3.89e+01) cfl=2.89 gmres=45 (gmres not converged)
[newton] it=74 |R|=2.2440e+02 rel=1.738e+00 (u=1.61e+02 v=1.52e+02 p=3.87e+01) cfl=2.88 gmres=40 (gmres not converged)
[newton] it=75 |R|=2.2549e+02 rel=1.747e+00 (u=1.61e+02 v=1.53e+02 p=3.86e+01) cfl=2.86 gmres=44 (gmres not converged)
[newton] it=76 |R|=2.2661e+02 rel=1.755e+00 (u=1.61e+02 v=1.55e+02 p=3.84e+01) cfl=2.85 gmres=43 (gmres not converged)
[newton] it=77 |R|=2.2770e+02 rel=1.764e+00 (u=1.61e+02 v=1.57e+02 p=3.83e+01) cfl=2.84 gmres=36 (gmres not converged)
[newton] it=78 |R|=2.2885e+02 rel=1.773e+00 (u=1.61e+02 v=1.58e+02 p=3.81e+01) cfl=2.82 gmres=42 (gmres not converged)
[newton] it=79 |R|=2.3001e+02 rel=1.782e+00 (u=1.61e+02 v=1.60e+02 p=3.80e+01) cfl=2.81 gmres=41 (gmres not converged)
[newton] it=80 |R|=2.3115e+02 rel=1.790e+00 (u=1.61e+02 v=1.62e+02 p=3.78e+01) cfl=2.79 gmres=36 (gmres not converged)
[newton] done converged=False reason='max_iter' it=80 m_in=2.0000e+02 m_out=7.5582e+01 elapsed=34.9s
--> C_linesearch: {'converged': False, 'reason': 'max_iter', 'n_newton': 80, 'rel_final': 1.7903579329021309, 'rel_min': 0.7706682813937207, 'elapsed': 34.864061725000056}
===== uturn r1 U=2.0 variant D_first_order =====
[newton] it=0 |R|=1.2911e+02 (u=1.15e+02 v=0.00e+00 p=5.77e+01) cfl=5
[newton] it=1 |R|=3.9735e+03 rel=3.078e+01 (u=3.81e+03 v=1.09e+03 p=3.03e+02) cfl=0.5 gmres=20 (gmres not converged)
[newton] it=2 |R|=5.3331e+03 rel=4.131e+01 (u=4.76e+03 v=2.39e+03 p=2.73e+02) cfl=0.373 gmres=4
[newton] it=3 |R|=1.0210e+04 rel=7.908e+01 (u=1.00e+04 v=1.12e+03 p=1.76e+03) cfl=0.195 gmres=7
[newton] it=4 |R|=6.7274e+03 rel=5.211e+01 (u=6.67e+03 v=8.79e+02 p=1.25e+02) cfl=0.295 gmres=5
[newton] it=5 |R|=5.4034e+03 rel=4.185e+01 (u=5.37e+03 v=6.09e+02 p=9.09e+01) cfl=0.368 gmres=14
[newton] it=6 |R|=2.7137e+04 rel=2.102e+02 (u=2.70e+04 v=2.15e+03 p=5.81e+02) cfl=0.0732 gmres=9
[newton] it=7 |R|=1.2294e+05 rel=9.522e+02 (u=1.23e+05 v=6.26e+03 p=5.42e+03) cfl=0.0162 gmres=5
[newton] it=8 |R|=3.1210e+04 rel=2.417e+02 (u=3.11e+04 v=2.81e+03 p=5.00e+01) cfl=0.0323 gmres=4
[newton] it=9 |R|=4.5058e+04 rel=3.490e+02 (u=4.42e+04 v=8.43e+03 p=1.12e+03) cfl=0.0224 gmres=7
[newton] it=10 |R|=3.8479e+04 rel=2.980e+02 (u=3.81e+04 v=5.35e+03 p=2.47e+02) cfl=0.0262 gmres=4
[newton] it=11 |R|=3.8063e+04 rel=2.948e+02 (u=3.78e+04 v=4.77e+03 p=4.04e+01) cfl=0.0265 gmres=4
[newton] it=12 |R|=3.7505e+04 rel=2.905e+02 (u=3.72e+04 v=4.78e+03 p=8.39e+00) cfl=0.0269 gmres=4
[newton] it=13 |R|=3.6732e+04 rel=2.845e+02 (u=3.64e+04 v=4.69e+03 p=4.11e+01) cfl=0.0275 gmres=4
[newton] it=14 |R|=3.5957e+04 rel=2.785e+02 (u=3.56e+04 v=5.05e+03 p=1.61e+01) cfl=0.0281 gmres=4
[newton] it=15 |R|=3.5070e+04 rel=2.716e+02 (u=3.47e+04 v=5.11e+03 p=1.43e+01) cfl=0.0288 gmres=4
[newton] it=16 |R|=3.4110e+04 rel=2.642e+02 (u=3.38e+04 v=4.94e+03 p=8.42e+00) cfl=0.0296 gmres=4
[newton] it=17 |R|=3.3117e+04 rel=2.565e+02 (u=3.28e+04 v=4.77e+03 p=4.64e+01) cfl=0.0305 gmres=4
[newton] it=18 |R|=3.2101e+04 rel=2.486e+02 (u=3.18e+04 v=4.59e+03 p=4.84e+01) cfl=0.0314 gmres=6
[newton] it=19 |R|=3.1012e+04 rel=2.402e+02 (u=3.07e+04 v=4.27e+03 p=4.36e+02) cfl=0.0325 gmres=5
[newton] it=20 |R|=2.9991e+04 rel=2.323e+02 (u=2.97e+04 v=4.22e+03 p=3.30e+01) cfl=0.0336 gmres=3
[newton] it=21 |R|=2.8904e+04 rel=2.239e+02 (u=2.86e+04 v=3.96e+03 p=5.74e+00) cfl=0.0349 gmres=4
[newton] it=22 |R|=2.7795e+04 rel=2.153e+02 (u=2.75e+04 v=3.70e+03 p=2.08e+00) cfl=0.0363 gmres=4
[newton] it=23 |R|=2.6653e+04 rel=2.064e+02 (u=2.64e+04 v=3.48e+03 p=5.68e+01) cfl=0.0378 gmres=3
[newton] it=24 |R|=2.5460e+04 rel=1.972e+02 (u=2.53e+04 v=3.23e+03 p=2.14e+01) cfl=0.0396 gmres=4
[newton] it=25 |R|=2.4274e+04 rel=1.880e+02 (u=2.41e+04 v=3.06e+03 p=4.43e+00) cfl=0.0416 gmres=4
[newton] it=26 |R|=2.3064e+04 rel=1.786e+02 (u=2.29e+04 v=2.89e+03 p=7.00e+00) cfl=0.0437 gmres=3
[newton] it=27 |R|=2.1904e+04 rel=1.697e+02 (u=2.17e+04 v=2.76e+03 p=1.22e+00) cfl=0.0461 gmres=4
[newton] it=28 |R|=2.0804e+04 rel=1.611e+02 (u=2.06e+04 v=2.66e+03 p=1.21e+00) cfl=0.0485 gmres=4
[newton] it=29 |R|=1.9734e+04 rel=1.528e+02 (u=1.96e+04 v=2.57e+03 p=2.55e+00) cfl=0.0511 gmres=4
[newton] it=30 |R|=1.8724e+04 rel=1.450e+02 (u=1.86e+04 v=2.50e+03 p=8.84e-01) cfl=0.0539 gmres=4
[newton] it=31 |R|=1.7753e+04 rel=1.375e+02 (u=1.76e+04 v=2.43e+03 p=8.68e-01) cfl=0.0568 gmres=4
[newton] it=32 |R|=1.6838e+04 rel=1.304e+02 (u=1.67e+04 v=2.36e+03 p=2.83e+00) cfl=0.0599 gmres=4
[newton] it=33 |R|=1.5957e+04 rel=1.236e+02 (u=1.58e+04 v=2.34e+03 p=2.53e+01) cfl=0.0632 gmres=4
[newton] it=34 |R|=1.5129e+04 rel=1.172e+02 (u=1.50e+04 v=2.29e+03 p=7.31e+01) cfl=0.0667 gmres=4
[newton] it=35 |R|=1.4356e+04 rel=1.112e+02 (u=1.42e+04 v=2.21e+03 p=5.01e+00) cfl=0.0703 gmres=3
[newton] it=36 |R|=1.3643e+04 rel=1.057e+02 (u=1.35e+04 v=2.18e+03 p=1.90e+00) cfl=0.0739 gmres=4
[newton] it=37 |R|=1.2984e+04 rel=1.006e+02 (u=1.28e+04 v=2.13e+03 p=1.46e+00) cfl=0.0777 gmres=4
[newton] it=38 |R|=1.2353e+04 rel=9.568e+01 (u=1.22e+04 v=2.08e+03 p=1.55e+00) cfl=0.0817 gmres=4
[newton] it=39 |R|=1.1730e+04 rel=9.085e+01 (u=1.16e+04 v=2.03e+03 p=1.97e+00) cfl=0.086 gmres=4
[newton] it=40 |R|=1.1124e+04 rel=8.616e+01 (u=1.10e+04 v=1.96e+03 p=1.40e+00) cfl=0.0907 gmres=3
[newton] it=41 |R|=1.0516e+04 rel=8.145e+01 (u=1.03e+04 v=1.89e+03 p=1.01e+00) cfl=0.0959 gmres=3
[newton] it=42 |R|=9.9096e+03 rel=7.675e+01 (u=9.74e+03 v=1.82e+03 p=7.72e-01) cfl=0.102 gmres=3
[newton] it=43 |R|=9.3019e+03 rel=7.205e+01 (u=9.14e+03 v=1.75e+03 p=2.10e+00) cfl=0.108 gmres=3
[newton] it=44 |R|=8.7187e+03 rel=6.753e+01 (u=8.55e+03 v=1.71e+03 p=3.14e+00) cfl=0.116 gmres=3
[newton] it=45 |R|=8.1296e+03 rel=6.297e+01 (u=7.96e+03 v=1.63e+03 p=4.45e+00) cfl=0.124 gmres=3
[newton] it=46 |R|=7.5469e+03 rel=5.845e+01 (u=7.38e+03 v=1.56e+03 p=1.19e+00) cfl=0.134 gmres=4
[newton] it=47 |R|=7.0018e+03 rel=5.423e+01 (u=6.85e+03 v=1.45e+03 p=4.36e+00) cfl=0.144 gmres=3
[newton] it=48 |R|=6.5114e+03 rel=5.043e+01 (u=6.36e+03 v=1.38e+03 p=8.25e-01) cfl=0.155 gmres=4
[newton] it=49 |R|=6.0677e+03 rel=4.700e+01 (u=5.93e+03 v=1.29e+03 p=1.53e+00) cfl=0.166 gmres=3
[newton] it=50 |R|=5.6492e+03 rel=4.375e+01 (u=5.52e+03 v=1.22e+03 p=1.68e+00) cfl=0.179 gmres=3
[newton] it=51 |R|=5.2533e+03 rel=4.069e+01 (u=5.13e+03 v=1.15e+03 p=1.64e+00) cfl=0.192 gmres=3
[newton] it=52 |R|=4.8830e+03 rel=3.782e+01 (u=4.76e+03 v=1.07e+03 p=2.97e+00) cfl=0.207 gmres=3
[newton] it=53 |R|=4.5432e+03 rel=3.519e+01 (u=4.44e+03 v=9.70e+02 p=4.06e+00) cfl=0.222 gmres=3
[newton] it=54 |R|=4.2176e+03 rel=3.267e+01 (u=4.12e+03 v=9.04e+02 p=2.16e+00) cfl=0.239 gmres=3
[newton] it=55 |R|=3.8940e+03 rel=3.016e+01 (u=3.80e+03 v=8.67e+02 p=5.34e+00) cfl=0.259 gmres=3
[newton] it=56 |R|=3.6057e+03 rel=2.793e+01 (u=3.51e+03 v=8.26e+02 p=1.11e+00) cfl=0.28 gmres=3
[newton] it=57 |R|=3.3403e+03 rel=2.587e+01 (u=3.25e+03 v=7.62e+02 p=3.36e+00) cfl=0.302 gmres=3
[newton] it=58 |R|=3.0914e+03 rel=2.394e+01 (u=3.01e+03 v=6.96e+02 p=2.33e+00) cfl=0.326 gmres=3
[newton] it=59 |R|=2.8543e+03 rel=2.211e+01 (u=2.78e+03 v=6.40e+02 p=2.65e+00) cfl=0.353 gmres=3
[newton] it=60 |R|=2.6318e+03 rel=2.038e+01 (u=2.56e+03 v=5.91e+02 p=4.36e+00) cfl=0.383 gmres=3
[newton] it=61 |R|=2.4223e+03 rel=1.876e+01 (u=2.36e+03 v=5.57e+02 p=2.37e+00) cfl=0.416 gmres=3
[newton] it=62 |R|=2.2277e+03 rel=1.725e+01 (u=2.17e+03 v=5.00e+02 p=2.27e+00) cfl=0.453 gmres=3
[newton] it=63 |R|=2.0485e+03 rel=1.587e+01 (u=2.00e+03 v=4.60e+02 p=2.86e+00) cfl=0.492 gmres=3
[newton] it=64 |R|=1.8684e+03 rel=1.447e+01 (u=1.82e+03 v=4.26e+02 p=2.64e+00) cfl=0.54 gmres=3
[newton] it=65 |R|=1.7047e+03 rel=1.320e+01 (u=1.66e+03 v=3.81e+02 p=2.72e+00) cfl=0.592 gmres=3
[newton] it=66 |R|=1.5491e+03 rel=1.200e+01 (u=1.51e+03 v=3.45e+02 p=1.79e+00) cfl=0.651 gmres=3
[newton] it=67 |R|=1.3990e+03 rel=1.084e+01 (u=1.36e+03 v=3.13e+02 p=2.35e+00) cfl=0.721 gmres=3
[newton] it=68 |R|=1.2673e+03 rel=9.815e+00 (u=1.24e+03 v=2.79e+02 p=3.62e+00) cfl=0.796 gmres=3
[newton] it=69 |R|=1.1362e+03 rel=8.800e+00 (u=1.11e+03 v=2.48e+02 p=5.48e+00) cfl=0.888 gmres=3
[newton] it=70 |R|=1.0107e+03 rel=7.828e+00 (u=9.85e+02 v=2.25e+02 p=4.22e+00) cfl=0.998 gmres=3
[newton] it=71 |R|=9.0016e+02 rel=6.972e+00 (u=8.78e+02 v=1.99e+02 p=4.24e+00) cfl=1.12 gmres=3
[newton] it=72 |R|=7.9706e+02 rel=6.173e+00 (u=7.77e+02 v=1.78e+02 p=6.76e+00) cfl=1.27 gmres=3
[newton] it=73 |R|=6.9929e+02 rel=5.416e+00 (u=6.82e+02 v=1.56e+02 p=1.22e+01) cfl=1.44 gmres=3
[newton] it=74 |R|=6.1921e+02 rel=4.796e+00 (u=6.04e+02 v=1.37e+02 p=9.91e+00) cfl=1.63 gmres=3
[newton] it=75 |R|=5.4528e+02 rel=4.223e+00 (u=5.31e+02 v=1.23e+02 p=9.89e+00) cfl=1.85 gmres=3
[newton] it=76 |R|=4.7853e+02 rel=3.706e+00 (u=4.66e+02 v=1.10e+02 p=8.24e+00) cfl=2.11 gmres=3
[newton] it=77 |R|=4.1750e+02 rel=3.234e+00 (u=4.05e+02 v=9.94e+01 p=1.02e+01) cfl=2.42 gmres=3
[newton] it=78 |R|=3.6725e+02 rel=2.844e+00 (u=3.55e+02 v=9.32e+01 p=7.04e+00) cfl=2.75 gmres=3
[newton] it=79 |R|=3.1958e+02 rel=2.475e+00 (u=3.08e+02 v=8.66e+01 p=8.01e+00) cfl=3.16 gmres=3
[newton] it=80 |R|=2.7777e+02 rel=2.151e+00 (u=2.65e+02 v=8.28e+01 p=1.05e+01) cfl=3.63 gmres=3
[newton] done converged=False reason='max_iter' it=80 m_in=2.0000e+02 m_out=2.0000e+02 elapsed=14.1s
--> D_first_order: {'converged': False, 'reason': 'max_iter', 'n_newton': 80, 'rel_final': 2.1514285439841445, 'rel_min': 1.0, 'elapsed': 14.158041053000034}
===== uturn r1 U=2.0 variant E_defect_correction =====
[newton] it=0 |R|=1.2911e+02 (u=1.15e+02 v=0.00e+00 p=5.77e+01) cfl=5
[newton] it=1 |R|=4.0045e+03 rel=3.102e+01 (u=3.84e+03 v=1.10e+03 p=3.03e+02) cfl=0.5 gmres=0
[newton] it=2 |R|=5.1641e+03 rel=4.000e+01 (u=4.56e+03 v=2.42e+03 p=2.53e+02) cfl=0.388 gmres=0
[newton] it=3 |R|=1.4189e+04 rel=1.099e+02 (u=1.40e+04 v=1.17e+03 p=1.63e+03) cfl=0.141 gmres=0
[newton] it=4 |R|=6.9612e+03 rel=5.392e+01 (u=6.88e+03 v=1.03e+03 p=1.43e+02) cfl=0.282 gmres=0
[newton] it=5 |R|=7.5179e+03 rel=5.823e+01 (u=7.47e+03 v=7.97e+02 p=3.17e+02) cfl=0.261 gmres=0
[newton] it=6 |R|=5.4358e+03 rel=4.210e+01 (u=5.38e+03 v=7.43e+02 p=5.79e+01) cfl=0.361 gmres=0
[newton] it=7 |R|=4.3492e+03 rel=3.369e+01 (u=4.30e+03 v=5.99e+02 p=2.10e+02) cfl=0.452 gmres=0
[newton] it=8 |R|=3.4616e+03 rel=2.681e+01 (u=3.43e+03 v=4.86e+02 p=6.14e+01) cfl=0.568 gmres=0
[newton] it=9 |R|=2.3815e+03 rel=1.845e+01 (u=2.35e+03 v=3.83e+02 p=3.51e+01) cfl=0.825 gmres=0
[newton] it=10 |R|=1.5426e+03 rel=1.195e+01 (u=1.52e+03 v=2.75e+02 p=2.51e+01) cfl=1.27 gmres=0
[newton] it=11 |R|=9.7645e+02 rel=7.563e+00 (u=9.60e+02 v=1.74e+02 p=3.35e+01) cfl=2.01 gmres=0
[newton] it=12 |R|=5.8833e+02 rel=4.557e+00 (u=5.73e+02 v=1.31e+02 p=2.90e+01) cfl=3.34 gmres=0
[newton] it=13 |R|=4.2914e+02 rel=3.324e+00 (u=3.91e+02 v=1.73e+02 p=3.97e+01) cfl=4.58 gmres=0
[newton] it=14 |R|=2.1478e+02 rel=1.664e+00 (u=1.95e+02 v=8.91e+01 p=1.47e+01) cfl=9.15 gmres=0
[newton] it=15 |R|=1.2283e+02 rel=9.513e-01 (u=1.06e+02 v=6.21e+01 p=7.57e+00) cfl=16 gmres=0
[newton] it=16 |R|=8.3361e+01 rel=6.457e-01 (u=6.80e+01 v=4.82e+01 p=3.29e+00) cfl=23.6 gmres=0
[newton] it=17 |R|=5.9450e+01 rel=4.605e-01 (u=4.87e+01 v=3.37e+01 p=4.75e+00) cfl=33 gmres=0
[newton] it=18 |R|=4.1255e+01 rel=3.195e-01 (u=3.40e+01 v=2.32e+01 p=2.67e+00) cfl=47.6 gmres=0
[newton] it=19 |R|=2.7736e+01 rel=2.148e-01 (u=2.28e+01 v=1.57e+01 p=1.25e+00) cfl=70.8 gmres=0
[newton] it=20 |R|=1.9165e+01 rel=1.484e-01 (u=1.57e+01 v=1.10e+01 p=1.02e+00) cfl=103 gmres=0
[newton] it=21 |R|=1.3939e+01 rel=1.080e-01 (u=1.14e+01 v=8.00e+00 p=9.39e-01) cfl=141 gmres=0
[newton] it=22 |R|=1.0687e+01 rel=8.278e-02 (u=8.66e+00 v=6.20e+00 p=9.39e-01) cfl=184 gmres=0
[newton] it=23 |R|=8.5160e+00 rel=6.596e-02 (u=6.89e+00 v=4.87e+00 p=1.13e+00) cfl=231 gmres=0
[newton] it=24 |R|=6.9808e+00 rel=5.407e-02 (u=5.56e+00 v=3.98e+00 p=1.41e+00) cfl=281 gmres=0
[newton] it=25 |R|=5.7815e+00 rel=4.478e-02 (u=4.52e+00 v=3.29e+00 p=1.48e+00) cfl=340 gmres=0
[newton] it=26 |R|=4.7015e+00 rel=3.641e-02 (u=3.74e+00 v=2.64e+00 p=1.10e+00) cfl=418 gmres=0
[newton] it=27 |R|=3.8113e+00 rel=2.952e-02 (u=3.08e+00 v=2.20e+00 p=4.60e-01) cfl=515 gmres=0
[newton] it=28 |R|=3.1036e+00 rel=2.404e-02 (u=2.59e+00 v=1.68e+00 p=3.22e-01) cfl=633 gmres=0
[newton] it=29 |R|=2.5415e+00 rel=1.968e-02 (u=2.17e+00 v=1.30e+00 p=2.09e-01) cfl=773 gmres=0
[newton] it=30 |R|=2.0990e+00 rel=1.626e-02 (u=1.83e+00 v=1.01e+00 p=1.48e-01) cfl=936 gmres=0
[newton] it=31 |R|=1.7447e+00 rel=1.351e-02 (u=1.55e+00 v=7.91e-01 p=1.08e-01) cfl=1.13e+03 gmres=0
[newton] it=32 |R|=1.4646e+00 rel=1.134e-02 (u=1.32e+00 v=6.27e-01 p=8.22e-02) cfl=1.34e+03 gmres=0
[newton] it=33 |R|=1.2365e+00 rel=9.577e-03 (u=1.13e+00 v=4.95e-01 p=6.52e-02) cfl=1.59e+03 gmres=0
[newton] it=34 |R|=1.0493e+00 rel=8.127e-03 (u=9.72e-01 v=3.92e-01 p=5.33e-02) cfl=1.87e+03 gmres=0
[newton] it=35 |R|=8.9483e-01 rel=6.931e-03 (u=8.38e-01 v=3.12e-01 p=4.44e-02) cfl=2.2e+03 gmres=0
[newton] it=36 |R|=7.6666e-01 rel=5.938e-03 (u=7.23e-01 v=2.51e-01 p=3.76e-02) cfl=2.56e+03 gmres=0
[newton] it=37 |R|=6.5922e-01 rel=5.106e-03 (u=6.26e-01 v=2.03e-01 p=3.23e-02) cfl=2.98e+03 gmres=0
[newton] it=38 |R|=5.6847e-01 rel=4.403e-03 (u=5.43e-01 v=1.66e-01 p=2.80e-02) cfl=3.46e+03 gmres=0
[newton] it=39 |R|=4.9131e-01 rel=3.805e-03 (u=4.71e-01 v=1.36e-01 p=2.44e-02) cfl=4e+03 gmres=0
[newton] it=40 |R|=4.2535e-01 rel=3.294e-03 (u=4.10e-01 v=1.13e-01 p=2.13e-02) cfl=4.62e+03 gmres=0
[newton] it=41 |R|=3.6866e-01 rel=2.855e-03 (u=3.56e-01 v=9.38e-02 p=1.86e-02) cfl=5.33e+03 gmres=0
[newton] it=42 |R|=3.1967e-01 rel=2.476e-03 (u=3.09e-01 v=7.84e-02 p=1.63e-02) cfl=6.15e+03 gmres=0
[newton] it=43 |R|=2.7717e-01 rel=2.147e-03 (u=2.69e-01 v=6.59e-02 p=1.42e-02) cfl=7.09e+03 gmres=0
[newton] it=44 |R|=2.4028e-01 rel=1.861e-03 (u=2.33e-01 v=5.58e-02 p=1.23e-02) cfl=8.18e+03 gmres=0
[newton] it=45 |R|=2.0821e-01 rel=1.613e-03 (u=2.02e-01 v=4.78e-02 p=1.06e-02) cfl=9.44e+03 gmres=0
[newton] it=46 |R|=1.8043e-01 rel=1.397e-03 (u=1.75e-01 v=4.17e-02 p=9.06e-03) cfl=1.09e+04 gmres=0
[newton] it=47 |R|=1.5642e-01 rel=1.211e-03 (u=1.52e-01 v=3.74e-02 p=7.72e-03) cfl=1.26e+04 gmres=0
[newton] it=48 |R|=1.3568e-01 rel=1.051e-03 (u=1.31e-01 v=3.45e-02 p=6.54e-03) cfl=1.45e+04 gmres=0
[newton] it=49 |R|=1.1779e-01 rel=9.123e-04 (u=1.13e-01 v=3.28e-02 p=5.53e-03) cfl=1.67e+04 gmres=0
[newton] it=50 |R|=1.0233e-01 rel=7.926e-04 (u=9.72e-02 v=3.18e-02 p=4.66e-03) cfl=1.92e+04 gmres=0
[newton] it=51 |R|=8.8914e-02 rel=6.887e-04 (u=8.32e-02 v=3.11e-02 p=3.94e-03) cfl=2.21e+04 gmres=0
[newton] it=52 |R|=7.7231e-02 rel=5.982e-04 (u=7.09e-02 v=3.04e-02 p=3.34e-03) cfl=2.54e+04 gmres=0
[newton] it=53 |R|=6.7036e-02 rel=5.192e-04 (u=6.01e-02 v=2.95e-02 p=2.85e-03) cfl=2.93e+04 gmres=0
[newton] it=54 |R|=5.8124e-02 rel=4.502e-04 (u=5.07e-02 v=2.84e-02 p=2.43e-03) cfl=3.38e+04 gmres=0
[newton] it=55 |R|=5.0333e-02 rel=3.898e-04 (u=4.25e-02 v=2.69e-02 p=2.07e-03) cfl=3.9e+04 gmres=0
[newton] it=56 |R|=4.3543e-02 rel=3.373e-04 (u=3.55e-02 v=2.52e-02 p=1.74e-03) cfl=4.51e+04 gmres=0
[newton] it=57 |R|=3.7665e-02 rel=2.917e-04 (u=2.95e-02 v=2.33e-02 p=1.44e-03) cfl=5.22e+04 gmres=0
[newton] it=58 |R|=3.2629e-02 rel=2.527e-04 (u=2.46e-02 v=2.14e-02 p=1.15e-03) cfl=6.02e+04 gmres=0
[newton] it=59 |R|=2.8377e-02 rel=2.198e-04 (u=2.06e-02 v=1.95e-02 p=8.99e-04) cfl=6.92e+04 gmres=0
[newton] it=60 |R|=2.4846e-02 rel=1.924e-04 (u=1.73e-02 v=1.78e-02 p=6.94e-04) cfl=7.91e+04 gmres=0
[newton] it=61 |R|=2.1963e-02 rel=1.701e-04 (u=1.48e-02 v=1.62e-02 p=5.69e-04) cfl=8.94e+04 gmres=0
[newton] it=62 |R|=1.9632e-02 rel=1.521e-04 (u=1.30e-02 v=1.47e-02 p=5.38e-04) cfl=1e+05 gmres=0
[newton] it=63 |R|=1.7743e-02 rel=1.374e-04 (u=1.16e-02 v=1.34e-02 p=5.73e-04) cfl=1.11e+05 gmres=0
[newton] it=64 |R|=1.6181e-02 rel=1.253e-04 (u=1.06e-02 v=1.22e-02 p=6.25e-04) cfl=1.21e+05 gmres=0
[newton] it=65 |R|=1.4838e-02 rel=1.149e-04 (u=9.83e-03 v=1.11e-02 p=6.64e-04) cfl=1.32e+05 gmres=0
[newton] it=66 |R|=1.3628e-02 rel=1.056e-04 (u=9.24e-03 v=1.00e-02 p=6.78e-04) cfl=1.44e+05 gmres=0
[newton] it=67 |R|=1.2492e-02 rel=9.675e-05 (u=8.72e-03 v=8.92e-03 p=6.63e-04) cfl=1.57e+05 gmres=0
[newton] it=68 |R|=1.1394e-02 rel=8.825e-05 (u=8.20e-03 v=7.88e-03 p=6.23e-04) cfl=1.72e+05 gmres=0
[newton] it=69 |R|=1.0323e-02 rel=7.995e-05 (u=7.67e-03 v=6.88e-03 p=5.65e-04) cfl=1.9e+05 gmres=0
[newton] it=70 |R|=9.2788e-03 rel=7.187e-05 (u=7.11e-03 v=5.94e-03 p=4.96e-04) cfl=2.12e+05 gmres=0
[newton] it=71 |R|=8.2741e-03 rel=6.409e-05 (u=6.53e-03 v=5.07e-03 p=4.23e-04) cfl=2.37e+05 gmres=0
[newton] it=72 |R|=7.3236e-03 rel=5.672e-05 (u=5.93e-03 v=4.28e-03 p=3.53e-04) cfl=2.68e+05 gmres=0
[newton] it=73 |R|=6.4422e-03 rel=4.990e-05 (u=5.34e-03 v=3.59e-03 p=2.89e-04) cfl=3.05e+05 gmres=0
[newton] it=74 |R|=5.6415e-03 rel=4.370e-05 (u=4.77e-03 v=3.00e-03 p=2.34e-04) cfl=3.48e+05 gmres=0
[newton] it=75 |R|=4.9288e-03 rel=3.818e-05 (u=4.25e-03 v=2.49e-03 p=1.89e-04) cfl=3.99e+05 gmres=0
[newton] it=76 |R|=4.3055e-03 rel=3.335e-05 (u=3.78e-03 v=2.06e-03 p=1.55e-04) cfl=4.56e+05 gmres=0
[newton] it=77 |R|=3.7678e-03 rel=2.918e-05 (u=3.36e-03 v=1.70e-03 p=1.28e-04) cfl=5.21e+05 gmres=0
[newton] it=78 |R|=3.3074e-03 rel=2.562e-05 (u=2.99e-03 v=1.40e-03 p=1.07e-04) cfl=5.94e+05 gmres=0
[newton] it=79 |R|=2.9133e-03 rel=2.256e-05 (u=2.67e-03 v=1.15e-03 p=8.98e-05) cfl=6.74e+05 gmres=0
[newton] it=80 |R|=2.5736e-03 rel=1.993e-05 (u=2.39e-03 v=9.48e-04 p=7.52e-05) cfl=7.63e+05 gmres=0
[newton] done converged=False reason='max_iter' it=80 m_in=2.0000e+02 m_out=2.0000e+02 elapsed=12.9s
--> E_defect_correction: {'converged': False, 'reason': 'max_iter', 'n_newton': 80, 'rel_final': 1.9933555831931693e-05, 'rel_min': 1.9933555831931693e-05, 'elapsed': 12.875614569000163}
===== uturn r1 U=2.0 variant G_floor1_cfl1 =====
[newton] it=0 |R|=1.2911e+02 (u=1.15e+02 v=0.00e+00 p=5.77e+01) cfl=1
[newton] it=1 |R|=7.7993e+03 rel=6.041e+01 (u=2.68e+03 v=7.30e+03 p=5.84e+02) cfl=0.1 gmres=23 (gmres not converged)
[newton] it=2 |R|=4.8189e+04 rel=3.732e+02 (u=1.31e+04 v=4.63e+04 p=3.00e+03) cfl=0.0162 gmres=16 (gmres not converged)
[newton] it=3 |R|=2.3253e+04 rel=1.801e+02 (u=9.59e+03 v=2.12e+04 p=1.92e+02) cfl=0.0324 gmres=21 (gmres not converged)
[newton] it=4 |R|=1.4113e+04 rel=1.093e+02 (u=3.48e+03 v=1.37e+04 p=1.19e+02) cfl=0.0533 gmres=4
[newton] it=5 |R|=9.6113e+03 rel=7.444e+01 (u=2.03e+03 v=9.39e+03 p=5.41e+01) cfl=0.0783 gmres=4
[newton] it=6 |R|=6.7744e+03 rel=5.247e+01 (u=1.39e+03 v=6.63e+03 p=9.59e+00) cfl=0.111 gmres=4
[newton] it=7 |R|=4.6235e+03 rel=3.581e+01 (u=8.49e+02 v=4.54e+03 p=1.04e+01) cfl=0.163 gmres=3
[newton] it=8 |R|=3.1656e+03 rel=2.452e+01 (u=5.09e+02 v=3.12e+03 p=8.65e+00) cfl=0.238 gmres=3
[newton] it=9 |R|=2.0751e+03 rel=1.607e+01 (u=2.97e+02 v=2.05e+03 p=8.89e+00) cfl=0.363 gmres=3
[newton] it=10 |R|=1.2940e+03 rel=1.002e+01 (u=1.82e+02 v=1.28e+03 p=8.42e+00) cfl=0.582 gmres=3
[newton] it=11 |R|=7.5916e+02 rel=5.880e+00 (u=1.21e+02 v=7.49e+02 p=1.35e+01) cfl=0.991 gmres=4
[newton] it=12 |R|=4.2778e+02 rel=3.313e+00 (u=8.94e+01 v=4.18e+02 p=6.04e+00) cfl=1.76 gmres=4
[newton] it=13 |R|=2.2966e+02 rel=1.779e+00 (u=6.14e+01 v=2.21e+02 p=4.67e+00) cfl=3.28 gmres=6
[newton] it=14 |R|=1.2156e+02 rel=9.415e-01 (u=4.02e+01 v=1.15e+02 p=3.18e+00) cfl=6.19 gmres=7
[newton] it=15 |R|=6.6254e+01 rel=5.132e-01 (u=2.83e+01 v=5.99e+01 p=1.63e+00) cfl=11.4 gmres=6
[newton] it=16 |R|=3.9438e+01 rel=3.055e-01 (u=1.99e+01 v=3.39e+01 p=2.96e+00) cfl=19.1 gmres=11
[newton] it=17 |R|=2.6329e+01 rel=2.039e-01 (u=1.52e+01 v=2.14e+01 p=2.31e+00) cfl=28.6 gmres=9
[newton] it=18 |R|=1.8783e+01 rel=1.455e-01 (u=1.15e+01 v=1.48e+01 p=1.29e+00) cfl=40.1 gmres=9
[newton] it=19 |R|=1.4164e+01 rel=1.097e-01 (u=9.06e+00 v=1.08e+01 p=1.07e+00) cfl=53.1 gmres=9
[newton] it=20 |R|=1.1242e+01 rel=8.707e-02 (u=7.48e+00 v=8.39e+00 p=2.92e-01) cfl=67 gmres=8
[newton] it=21 |R|=9.2252e+00 rel=7.145e-02 (u=6.33e+00 v=6.71e+00 p=2.74e-01) cfl=81.6 gmres=7
[newton] it=22 |R|=7.7794e+00 rel=6.025e-02 (u=5.42e+00 v=5.57e+00 p=3.07e-01) cfl=96.8 gmres=10
[newton] it=23 |R|=6.5310e+00 rel=5.058e-02 (u=4.60e+00 v=4.62e+00 p=2.99e-01) cfl=115 gmres=9
[newton] it=24 |R|=5.3147e+00 rel=4.116e-02 (u=3.86e+00 v=3.62e+00 p=5.23e-01) cfl=142 gmres=7
[newton] it=25 |R|=4.4009e+00 rel=3.409e-02 (u=3.30e+00 v=2.91e+00 p=1.70e-01) cfl=171 gmres=8
[newton] it=26 |R|=3.7616e+00 rel=2.913e-02 (u=2.80e+00 v=2.42e+00 p=6.70e-01) cfl=200 gmres=9
[newton] it=27 |R|=3.0948e+00 rel=2.397e-02 (u=2.39e+00 v=1.88e+00 p=5.79e-01) cfl=243 gmres=7
[newton] it=28 |R|=2.4752e+00 rel=1.917e-02 (u=2.04e+00 v=1.40e+00 p=3.37e-02) cfl=304 gmres=7
[newton] it=29 |R|=2.0508e+00 rel=1.588e-02 (u=1.75e+00 v=1.07e+00 p=1.18e-02) cfl=367 gmres=7
[newton] it=30 |R|=1.7147e+00 rel=1.328e-02 (u=1.51e+00 v=8.13e-01 p=6.71e-03) cfl=439 gmres=7
[newton] it=31 |R|=1.4456e+00 rel=1.120e-02 (u=1.30e+00 v=6.24e-01 p=1.23e-02) cfl=521 gmres=7
[newton] it=32 |R|=1.2299e+00 rel=9.526e-03 (u=1.13e+00 v=4.82e-01 p=1.93e-03) cfl=612 gmres=7
[newton] it=33 |R|=1.0516e+00 rel=8.145e-03 (u=9.82e-01 v=3.77e-01 p=5.69e-04) cfl=716 gmres=7
[newton] it=34 |R|=9.0369e-01 rel=6.999e-03 (u=8.53e-01 v=2.99e-01 p=3.59e-04) cfl=833 gmres=7
[newton] it=35 |R|=7.7970e-01 rel=6.039e-03 (u=7.41e-01 v=2.41e-01 p=3.25e-04) cfl=965 gmres=7
[newton] it=36 |R|=6.7506e-01 rel=5.229e-03 (u=6.45e-01 v=1.98e-01 p=1.79e-04) cfl=1.12e+03 gmres=7
[newton] it=37 |R|=5.8586e-01 rel=4.538e-03 (u=5.62e-01 v=1.65e-01 p=1.94e-04) cfl=1.28e+03 gmres=7
[newton] it=38 |R|=5.0937e-01 rel=3.945e-03 (u=4.90e-01 v=1.40e-01 p=9.65e-05) cfl=1.48e+03 gmres=7
[newton] it=39 |R|=4.4327e-01 rel=3.433e-03 (u=4.27e-01 v=1.20e-01 p=7.50e-05) cfl=1.7e+03 gmres=7
[newton] it=40 |R|=3.8589e-01 rel=2.989e-03 (u=3.72e-01 v=1.03e-01 p=1.04e-04) cfl=1.95e+03 gmres=7
[newton] it=41 |R|=3.3589e-01 rel=2.602e-03 (u=3.24e-01 v=8.93e-02 p=4.33e-05) cfl=2.24e+03 gmres=7
[newton] it=42 |R|=2.9220e-01 rel=2.263e-03 (u=2.82e-01 v=7.72e-02 p=3.70e-05) cfl=2.58e+03 gmres=6
[newton] it=43 |R|=2.5397e-01 rel=1.967e-03 (u=2.45e-01 v=6.65e-02 p=2.65e-05) cfl=2.96e+03 gmres=6
[newton] it=44 |R|=2.2048e-01 rel=1.708e-03 (u=2.13e-01 v=5.70e-02 p=2.04e-05) cfl=3.41e+03 gmres=7
[newton] it=45 |R|=1.9111e-01 rel=1.480e-03 (u=1.85e-01 v=4.86e-02 p=3.00e-05) cfl=3.94e+03 gmres=7
[newton] it=46 |R|=1.6534e-01 rel=1.281e-03 (u=1.60e-01 v=4.14e-02 p=5.81e-05) cfl=4.55e+03 gmres=7
[newton] it=47 |R|=1.4270e-01 rel=1.105e-03 (u=1.38e-01 v=3.54e-02 p=8.03e-06) cfl=5.27e+03 gmres=8
[newton] it=48 |R|=1.2277e-01 rel=9.509e-04 (u=1.19e-01 v=3.05e-02 p=8.12e-06) cfl=6.13e+03 gmres=7
[newton] it=49 |R|=1.0521e-01 rel=8.149e-04 (u=1.02e-01 v=2.66e-02 p=4.75e-06) cfl=7.15e+03 gmres=6
[newton] it=50 |R|=8.9755e-02 rel=6.952e-04 (u=8.67e-02 v=2.34e-02 p=8.56e-06) cfl=8.39e+03 gmres=6
[newton] it=51 |R|=7.6151e-02 rel=5.898e-04 (u=7.33e-02 v=2.07e-02 p=4.05e-06) cfl=9.88e+03 gmres=6
[newton] it=52 |R|=6.4215e-02 rel=4.974e-04 (u=6.15e-02 v=1.84e-02 p=2.64e-06) cfl=1.17e+04 gmres=8
[newton] it=53 |R|=5.3791e-02 rel=4.166e-04 (u=5.13e-02 v=1.61e-02 p=2.65e-06) cfl=1.4e+04 gmres=7
[newton] it=54 |R|=4.4747e-02 rel=3.466e-04 (u=4.25e-02 v=1.40e-02 p=1.51e-06) cfl=1.68e+04 gmres=7
[newton] it=55 |R|=3.6969e-02 rel=2.863e-04 (u=3.50e-02 v=1.20e-02 p=9.34e-07) cfl=2.04e+04 gmres=7
[newton] it=56 |R|=3.0352e-02 rel=2.351e-04 (u=2.86e-02 v=1.01e-02 p=2.35e-06) cfl=2.48e+04 gmres=6
[newton] it=57 |R|=2.4792e-02 rel=1.920e-04 (u=2.33e-02 v=8.35e-03 p=5.24e-06) cfl=3.04e+04 gmres=6
[newton] it=58 |R|=2.0178e-02 rel=1.563e-04 (u=1.90e-02 v=6.81e-03 p=4.42e-07) cfl=3.73e+04 gmres=7
[newton] it=59 |R|=1.6400e-02 rel=1.270e-04 (u=1.55e-02 v=5.50e-03 p=5.57e-07) cfl=4.59e+04 gmres=8
[newton] it=60 |R|=1.3340e-02 rel=1.033e-04 (u=1.26e-02 v=4.43e-03 p=6.03e-07) cfl=5.64e+04 gmres=8
[newton] it=61 |R|=1.0884e-02 rel=8.430e-05 (u=1.03e-02 v=3.58e-03 p=8.30e-07) cfl=6.92e+04 gmres=7
[newton] it=62 |R|=8.9196e-03 rel=6.909e-05 (u=8.42e-03 v=2.93e-03 p=3.99e-07) cfl=8.44e+04 gmres=7
[newton] it=63 |R|=7.3483e-03 rel=5.692e-05 (u=6.94e-03 v=2.43e-03 p=1.15e-07) cfl=1.02e+05 gmres=8
[newton] it=64 |R|=6.0843e-03 rel=4.713e-05 (u=5.74e-03 v=2.03e-03 p=1.64e-07) cfl=1.24e+05 gmres=8
[newton] it=65 |R|=5.0596e-03 rel=3.919e-05 (u=4.77e-03 v=1.70e-03 p=1.34e-07) cfl=1.49e+05 gmres=8
[newton] it=66 |R|=4.2212e-03 rel=3.269e-05 (u=3.98e-03 v=1.41e-03 p=1.35e-07) cfl=1.78e+05 gmres=8
[newton] it=67 |R|=3.5303e-03 rel=2.734e-05 (u=3.33e-03 v=1.17e-03 p=1.25e-07) cfl=2.13e+05 gmres=8
[newton] it=68 |R|=2.9585e-03 rel=2.291e-05 (u=2.80e-03 v=9.57e-04 p=1.66e-07) cfl=2.54e+05 gmres=7
[newton] it=69 |R|=2.4845e-03 rel=1.924e-05 (u=2.36e-03 v=7.75e-04 p=1.06e-07) cfl=3.03e+05 gmres=7
[newton] it=70 |R|=2.0921e-03 rel=1.620e-05 (u=2.00e-03 v=6.22e-04 p=5.94e-08) cfl=3.6e+05 gmres=7
[newton] it=71 |R|=1.7678e-03 rel=1.369e-05 (u=1.70e-03 v=4.96e-04 p=1.15e-07) cfl=4.26e+05 gmres=6
[newton] it=72 |R|=1.5001e-03 rel=1.162e-05 (u=1.45e-03 v=3.94e-04 p=9.37e-08) cfl=5.02e+05 gmres=7
[newton] it=73 |R|=1.2789e-03 rel=9.906e-06 (u=1.24e-03 v=3.13e-04 p=1.04e-07) cfl=5.89e+05 gmres=7
[newton] it=74 |R|=1.0954e-03 rel=8.484e-06 (u=1.07e-03 v=2.50e-04 p=9.42e-08) cfl=6.87e+05 gmres=7
[newton] it=75 |R|=9.4189e-04 rel=7.295e-06 (u=9.20e-04 v=2.01e-04 p=7.96e-08) cfl=7.99e+05 gmres=7
[newton] it=76 |R|=8.1212e-04 rel=6.290e-06 (u=7.96e-04 v=1.62e-04 p=5.64e-08) cfl=9.27e+05 gmres=7
[newton] it=77 |R|=7.0105e-04 rel=5.430e-06 (u=6.88e-04 v=1.32e-04 p=3.87e-08) cfl=1e+06 gmres=7
[newton] it=78 |R|=6.0481e-04 rel=4.684e-06 (u=5.95e-04 v=1.09e-04 p=3.20e-08) cfl=1e+06 gmres=7
[newton] it=79 |R|=5.2054e-04 rel=4.032e-06 (u=5.13e-04 v=8.99e-05 p=2.73e-08) cfl=1e+06 gmres=7
[newton] it=80 |R|=4.4618e-04 rel=3.456e-06 (u=4.40e-04 v=7.49e-05 p=1.89e-08) cfl=1e+06 gmres=7
[newton] done converged=False reason='max_iter' it=80 m_in=2.0000e+02 m_out=2.0000e+02 elapsed=18.9s
--> G_floor1_cfl1: {'converged': False, 'reason': 'max_iter', 'n_newton': 80, 'rel_final': 3.455830930106798e-06, 'rel_min': 3.455830930106798e-06, 'elapsed': 18.932012291000092}
===== uturn r1 U=2.0 variant H_floor1_cfl1_dc =====
[newton] it=0 |R|=1.2911e+02 (u=1.15e+02 v=0.00e+00 p=5.77e+01) cfl=1
[newton] it=1 |R|=7.6175e+03 rel=5.900e+01 (u=2.62e+03 v=7.13e+03 p=5.77e+02) cfl=0.1 gmres=0
[newton] it=2 |R|=4.7913e+04 rel=3.711e+02 (u=1.40e+04 v=4.57e+04 p=2.87e+03) cfl=0.0159 gmres=0
[newton] it=3 |R|=2.6335e+04 rel=2.040e+02 (u=1.23e+04 v=2.33e+04 p=8.20e+01) cfl=0.0289 gmres=0
[newton] it=4 |R|=1.5337e+04 rel=1.188e+02 (u=3.95e+03 v=1.48e+04 p=1.35e+02) cfl=0.0497 gmres=0
[newton] it=5 |R|=1.0632e+04 rel=8.235e+01 (u=2.32e+03 v=1.04e+04 p=5.97e+01) cfl=0.0716 gmres=0
[newton] it=6 |R|=7.3309e+03 rel=5.678e+01 (u=1.53e+03 v=7.17e+03 p=4.55e+01) cfl=0.104 gmres=0
[newton] it=7 |R|=5.0866e+03 rel=3.940e+01 (u=9.78e+02 v=4.99e+03 p=4.07e+01) cfl=0.15 gmres=0
[newton] it=8 |R|=3.4979e+03 rel=2.709e+01 (u=5.95e+02 v=3.45e+03 p=3.71e+01) cfl=0.218 gmres=0
[newton] it=9 |R|=2.3168e+03 rel=1.794e+01 (u=3.53e+02 v=2.29e+03 p=3.73e+01) cfl=0.329 gmres=0
[newton] it=10 |R|=1.4441e+03 rel=1.119e+01 (u=2.13e+02 v=1.43e+03 p=3.32e+01) cfl=0.527 gmres=0
[newton] it=11 |R|=8.4065e+02 rel=6.511e+00 (u=1.43e+02 v=8.28e+02 p=1.92e+01) cfl=0.906 gmres=0
[newton] it=12 |R|=4.6397e+02 rel=3.594e+00 (u=1.07e+02 v=4.51e+02 p=1.03e+01) cfl=1.64 gmres=0
[newton] it=13 |R|=2.4956e+02 rel=1.933e+00 (u=7.58e+01 v=2.38e+02 p=6.71e+00) cfl=3.05 gmres=0
[newton] it=14 |R|=1.3357e+02 rel=1.035e+00 (u=5.01e+01 v=1.24e+02 p=5.43e+00) cfl=5.7 gmres=0
[newton] it=15 |R|=7.3476e+01 rel=5.691e-01 (u=3.63e+01 v=6.38e+01 p=3.06e+00) cfl=10.4 gmres=0
[newton] it=16 |R|=4.6069e+01 rel=3.568e-01 (u=2.67e+01 v=3.74e+01 p=3.67e+00) cfl=16.5 gmres=0
[newton] it=17 |R|=3.0306e+01 rel=2.347e-01 (u=1.87e+01 v=2.36e+01 p=3.23e+00) cfl=25.1 gmres=0
[newton] it=18 |R|=2.1725e+01 rel=1.683e-01 (u=1.39e+01 v=1.67e+01 p=1.51e+00) cfl=35.1 gmres=0
[newton] it=19 |R|=1.6499e+01 rel=1.278e-01 (u=1.08e+01 v=1.24e+01 p=1.43e+00) cfl=46.2 gmres=0
[newton] it=20 |R|=1.3230e+01 rel=1.025e-01 (u=8.74e+00 v=9.89e+00 p=8.87e-01) cfl=57.6 gmres=0
[newton] it=21 |R|=1.0948e+01 rel=8.480e-02 (u=7.42e+00 v=8.01e+00 p=8.12e-01) cfl=69.6 gmres=0
[newton] it=22 |R|=9.3279e+00 rel=7.225e-02 (u=6.48e+00 v=6.65e+00 p=8.50e-01) cfl=81.7 gmres=0
[newton] it=23 |R|=8.0121e+00 rel=6.206e-02 (u=5.64e+00 v=5.63e+00 p=8.79e-01) cfl=95.1 gmres=0
[newton] it=24 |R|=6.9627e+00 rel=5.393e-02 (u=4.92e+00 v=4.85e+00 p=8.57e-01) cfl=109 gmres=0
[newton] it=25 |R|=6.0088e+00 rel=4.654e-02 (u=4.32e+00 v=4.05e+00 p=1.02e+00) cfl=127 gmres=0
[newton] it=26 |R|=5.1937e+00 rel=4.023e-02 (u=3.69e+00 v=3.43e+00 p=1.27e+00) cfl=147 gmres=0
[newton] it=27 |R|=4.4785e+00 rel=3.469e-02 (u=3.15e+00 v=2.90e+00 p=1.32e+00) cfl=170 gmres=0
[newton] it=28 |R|=3.7131e+00 rel=2.876e-02 (u=2.70e+00 v=2.32e+00 p=1.06e+00) cfl=205 gmres=0
[newton] it=29 |R|=3.0036e+00 rel=2.326e-02 (u=2.26e+00 v=1.94e+00 p=3.91e-01) cfl=254 gmres=0
[newton] it=30 |R|=2.4555e+00 rel=1.902e-02 (u=1.95e+00 v=1.46e+00 p=2.94e-01) cfl=310 gmres=0
[newton] it=31 |R|=2.0165e+00 rel=1.562e-02 (u=1.66e+00 v=1.13e+00 p=1.95e-01) cfl=378 gmres=0
[newton] it=32 |R|=1.6738e+00 rel=1.296e-02 (u=1.42e+00 v=8.81e-01 p=1.41e-01) cfl=455 gmres=0
[newton] it=33 |R|=1.3970e+00 rel=1.082e-02 (u=1.21e+00 v=6.86e-01 p=1.02e-01) cfl=545 gmres=0
[newton] it=34 |R|=1.1791e+00 rel=9.132e-03 (u=1.04e+00 v=5.45e-01 p=7.58e-02) cfl=646 gmres=0
[newton] it=35 |R|=9.9985e-01 rel=7.744e-03 (u=9.01e-01 v=4.30e-01 p=6.00e-02) cfl=762 gmres=0
[newton] it=36 |R|=8.5198e-01 rel=6.599e-03 (u=7.79e-01 v=3.42e-01 p=4.91e-02) cfl=894 gmres=0
[newton] it=37 |R|=7.2901e-01 rel=5.646e-03 (u=6.74e-01 v=2.74e-01 p=4.06e-02) cfl=1.04e+03 gmres=0
[newton] it=38 |R|=6.2646e-01 rel=4.852e-03 (u=5.84e-01 v=2.23e-01 p=3.43e-02) cfl=1.22e+03 gmres=0
[newton] it=39 |R|=5.4011e-01 rel=4.183e-03 (u=5.07e-01 v=1.85e-01 p=2.95e-02) cfl=1.41e+03 gmres=0
[newton] it=40 |R|=4.6667e-01 rel=3.615e-03 (u=4.40e-01 v=1.55e-01 p=2.57e-02) cfl=1.63e+03 gmres=0
[newton] it=41 |R|=4.0375e-01 rel=3.127e-03 (u=3.81e-01 v=1.31e-01 p=2.25e-02) cfl=1.89e+03 gmres=0
[newton] it=42 |R|=3.4955e-01 rel=2.707e-03 (u=3.31e-01 v=1.11e-01 p=1.97e-02) cfl=2.18e+03 gmres=0
[newton] it=43 |R|=3.0265e-01 rel=2.344e-03 (u=2.87e-01 v=9.48e-02 p=1.72e-02) cfl=2.52e+03 gmres=0
[newton] it=44 |R|=2.6197e-01 rel=2.029e-03 (u=2.49e-01 v=8.11e-02 p=1.50e-02) cfl=2.91e+03 gmres=0
[newton] it=45 |R|=2.2662e-01 rel=1.755e-03 (u=2.15e-01 v=6.94e-02 p=1.31e-02) cfl=3.36e+03 gmres=0
[newton] it=46 |R|=1.9593e-01 rel=1.518e-03 (u=1.86e-01 v=5.92e-02 p=1.13e-02) cfl=3.89e+03 gmres=0
[newton] it=47 |R|=1.6931e-01 rel=1.311e-03 (u=1.61e-01 v=5.07e-02 p=9.75e-03) cfl=4.5e+03 gmres=0
[newton] it=48 |R|=1.4626e-01 rel=1.133e-03 (u=1.39e-01 v=4.35e-02 p=8.35e-03) cfl=5.21e+03 gmres=0
[newton] it=49 |R|=1.2627e-01 rel=9.780e-04 (u=1.20e-01 v=3.77e-02 p=7.12e-03) cfl=6.03e+03 gmres=0
[newton] it=50 |R|=1.0892e-01 rel=8.436e-04 (u=1.04e-01 v=3.30e-02 p=6.05e-03) cfl=6.99e+03 gmres=0
[newton] it=51 |R|=9.3818e-02 rel=7.267e-04 (u=8.90e-02 v=2.92e-02 p=5.11e-03) cfl=8.12e+03 gmres=0
[newton] it=52 |R|=8.0648e-02 rel=6.246e-04 (u=7.62e-02 v=2.61e-02 p=4.31e-03) cfl=9.45e+03 gmres=0
[newton] it=53 |R|=6.9128e-02 rel=5.354e-04 (u=6.49e-02 v=2.34e-02 p=3.63e-03) cfl=1.1e+04 gmres=0
[newton] it=54 |R|=5.9042e-02 rel=4.573e-04 (u=5.51e-02 v=2.10e-02 p=3.05e-03) cfl=1.29e+04 gmres=0
[newton] it=55 |R|=5.0216e-02 rel=3.889e-04 (u=4.65e-02 v=1.87e-02 p=2.55e-03) cfl=1.52e+04 gmres=0
[newton] it=56 |R|=4.2505e-02 rel=3.292e-04 (u=3.91e-02 v=1.65e-02 p=2.11e-03) cfl=1.79e+04 gmres=0
[newton] it=57 |R|=3.5799e-02 rel=2.773e-04 (u=3.28e-02 v=1.43e-02 p=1.72e-03) cfl=2.13e+04 gmres=0
[newton] it=58 |R|=3.0009e-02 rel=2.324e-04 (u=2.73e-02 v=1.23e-02 p=1.38e-03) cfl=2.54e+04 gmres=0
[newton] it=59 |R|=2.5062e-02 rel=1.941e-04 (u=2.27e-02 v=1.05e-02 p=1.09e-03) cfl=3.04e+04 gmres=0
[newton] it=60 |R|=2.0887e-02 rel=1.618e-04 (u=1.89e-02 v=8.87e-03 p=8.44e-04) cfl=3.65e+04 gmres=0
[newton] it=61 |R|=1.7415e-02 rel=1.349e-04 (u=1.57e-02 v=7.47e-03 p=6.50e-04) cfl=4.37e+04 gmres=0
[newton] it=62 |R|=1.4568e-02 rel=1.128e-04 (u=1.31e-02 v=6.30e-03 p=5.09e-04) cfl=5.23e+04 gmres=0
[newton] it=63 |R|=1.2258e-02 rel=9.494e-05 (u=1.10e-02 v=5.34e-03 p=4.18e-04) cfl=6.21e+04 gmres=0
[newton] it=64 |R|=1.0398e-02 rel=8.054e-05 (u=9.34e-03 v=4.55e-03 p=3.63e-04) cfl=7.33e+04 gmres=0
[newton] it=65 |R|=8.8957e-03 rel=6.890e-05 (u=7.99e-03 v=3.90e-03 p=3.25e-04) cfl=8.56e+04 gmres=0
[newton] it=66 |R|=7.6657e-03 rel=5.937e-05 (u=6.89e-03 v=3.34e-03 p=2.93e-04) cfl=9.94e+04 gmres=0
[newton] it=67 |R|=6.6377e-03 rel=5.141e-05 (u=5.99e-03 v=2.85e-03 p=2.60e-04) cfl=1.15e+05 gmres=0
[newton] it=68 |R|=5.7587e-03 rel=4.460e-05 (u=5.23e-03 v=2.41e-03 p=2.24e-04) cfl=1.32e+05 gmres=0
[newton] it=69 |R|=4.9920e-03 rel=3.866e-05 (u=4.56e-03 v=2.02e-03 p=1.88e-04) cfl=1.53e+05 gmres=0
[newton] it=70 |R|=4.3150e-03 rel=3.342e-05 (u=3.97e-03 v=1.68e-03 p=1.54e-04) cfl=1.77e+05 gmres=0
[newton] it=71 |R|=3.7150e-03 rel=2.877e-05 (u=3.45e-03 v=1.38e-03 p=1.24e-04) cfl=2.05e+05 gmres=0
[newton] it=72 |R|=3.1852e-03 rel=2.467e-05 (u=2.98e-03 v=1.12e-03 p=1.00e-04) cfl=2.39e+05 gmres=0
[newton] it=73 |R|=2.7216e-03 rel=2.108e-05 (u=2.56e-03 v=9.12e-04 p=8.15e-05) cfl=2.8e+05 gmres=0
[newton] it=74 |R|=2.3210e-03 rel=1.798e-05 (u=2.20e-03 v=7.37e-04 p=6.75e-05) cfl=3.28e+05 gmres=0
[newton] it=75 |R|=1.9793e-03 rel=1.533e-05 (u=1.89e-03 v=5.94e-04 p=5.67e-05) cfl=3.85e+05 gmres=0
[newton] it=76 |R|=1.6912e-03 rel=1.310e-05 (u=1.62e-03 v=4.79e-04 p=4.80e-05) cfl=4.5e+05 gmres=0
[newton] it=77 |R|=1.4500e-03 rel=1.123e-05 (u=1.40e-03 v=3.85e-04 p=4.04e-05) cfl=5.25e+05 gmres=0
[newton] it=78 |R|=1.2483e-03 rel=9.668e-06 (u=1.21e-03 v=3.10e-04 p=3.36e-05) cfl=6.1e+05 gmres=0
[newton] it=79 |R|=1.0785e-03 rel=8.354e-06 (u=1.05e-03 v=2.51e-04 p=2.75e-05) cfl=7.06e+05 gmres=0
[newton] it=80 |R|=9.3407e-04 rel=7.235e-06 (u=9.11e-04 v=2.03e-04 p=2.23e-05) cfl=8.16e+05 gmres=0
[newton] done converged=False reason='max_iter' it=80 m_in=2.0000e+02 m_out=2.0000e+02 elapsed=12.2s
--> H_floor1_cfl1_dc: {'converged': False, 'reason': 'max_iter', 'n_newton': 80, 'rel_final': 7.23469797827576e-06, 'rel_min': 7.23469797827576e-06, 'elapsed': 12.238909078000006}
===== uturn r1 variant F_continuation (U=1 -> U=2) =====
[newton] it=0 |R|=4.0829e+01 (u=2.89e+01 v=0.00e+00 p=2.89e+01) cfl=5
[newton] it=1 |R|=5.0987e+02 rel=1.249e+01 (u=4.31e+02 v=2.44e+02 p=1.23e+02) cfl=0.5 gmres=15 (gmres not converged)
[newton] it=2 |R|=6.0246e+02 rel=1.476e+01 (u=3.26e+02 v=5.04e+02 p=5.43e+01) cfl=0.423 gmres=13
[newton] it=3 |R|=3.1137e+02 rel=7.626e+00 (u=2.58e+02 v=1.73e+02 p=1.59e+01) cfl=0.819 gmres=7
[newton] it=4 |R|=1.8667e+02 rel=4.572e+00 (u=1.65e+02 v=8.63e+01 p=7.21e+00) cfl=1.37 gmres=6
[newton] it=5 |R|=1.0885e+02 rel=2.666e+00 (u=9.99e+01 v=4.31e+01 p=3.69e+00) cfl=2.34 gmres=6
[newton] it=6 |R|=7.3571e+01 rel=1.802e+00 (u=6.75e+01 v=2.89e+01 p=4.66e+00) cfl=3.47 gmres=8
[newton] it=7 |R|=4.9218e+01 rel=1.205e+00 (u=4.06e+01 v=1.77e+01 p=2.14e+01) cfl=5.18 gmres=6
[newton] it=8 |R|=1.1651e+02 rel=2.854e+00 (u=9.05e+01 v=2.04e+01 p=7.05e+01) cfl=2.19 gmres=7
[newton] it=9 |R|=5.5032e+01 rel=1.348e+00 (u=4.74e+01 v=1.13e+01 p=2.55e+01) cfl=4.38 gmres=7
[newton] it=10 |R|=4.4243e+01 rel=1.084e+00 (u=3.85e+01 v=7.17e+00 p=2.05e+01) cfl=5.44 gmres=7
[newton] it=11 |R|=1.0202e+01 rel=2.499e-01 (u=8.84e+00 v=4.96e+00 p=1.14e+00) cfl=10.9 gmres=7
[newton] it=12 |R|=5.1934e+00 rel=1.272e-01 (u=4.40e+00 v=2.76e+00 p=1.89e-01) cfl=21.4 gmres=8
[newton] it=13 |R|=3.3038e+00 rel=8.092e-02 (u=2.75e+00 v=1.83e+00 p=9.82e-02) cfl=33.6 gmres=8
[newton] it=14 |R|=2.3106e+00 rel=5.659e-02 (u=1.92e+00 v=1.28e+00 p=2.35e-02) cfl=48.1 gmres=7
[newton] it=15 |R|=1.6727e+00 rel=4.097e-02 (u=1.39e+00 v=9.27e-01 p=1.22e-02) cfl=66.4 gmres=7
[newton] it=16 |R|=1.2392e+00 rel=3.035e-02 (u=1.03e+00 v=6.82e-01 p=6.46e-03) cfl=89.6 gmres=7
[newton] it=17 |R|=9.2847e-01 rel=2.274e-02 (u=7.81e-01 v=5.02e-01 p=3.28e-03) cfl=120 gmres=7
[newton] it=18 |R|=7.0147e-01 rel=1.718e-02 (u=5.96e-01 v=3.69e-01 p=2.54e-03) cfl=158 gmres=7
[newton] it=19 |R|=5.3316e-01 rel=1.306e-02 (u=4.60e-01 v=2.69e-01 p=1.33e-02) cfl=208 gmres=7
[newton] it=20 |R|=4.0742e-01 rel=9.979e-03 (u=3.57e-01 v=1.96e-01 p=2.15e-03) cfl=273 gmres=7
[newton] it=21 |R|=3.1254e-01 rel=7.655e-03 (u=2.80e-01 v=1.39e-01 p=4.32e-04) cfl=355 gmres=7
[newton] it=22 |R|=2.4147e-01 rel=5.914e-03 (u=2.20e-01 v=9.91e-02 p=1.98e-04) cfl=460 gmres=7
[newton] it=23 |R|=1.8792e-01 rel=4.603e-03 (u=1.74e-01 v=7.04e-02 p=1.07e-04) cfl=591 gmres=7
[newton] it=24 |R|=1.4737e-01 rel=3.609e-03 (u=1.39e-01 v=5.03e-02 p=5.51e-05) cfl=754 gmres=8
[newton] it=25 |R|=1.1752e-01 rel=2.878e-03 (u=1.12e-01 v=3.64e-02 p=2.71e-05) cfl=945 gmres=8
[newton] it=26 |R|=9.0886e-02 rel=2.226e-03 (u=8.70e-02 v=2.62e-02 p=2.16e-05) cfl=1.22e+03 gmres=6
[newton] it=27 |R|=7.1527e-02 rel=1.752e-03 (u=6.89e-02 v=1.94e-02 p=8.58e-06) cfl=1.55e+03 gmres=6
[newton] it=28 |R|=5.6536e-02 rel=1.385e-03 (u=5.46e-02 v=1.46e-02 p=4.81e-06) cfl=1.96e+03 gmres=6
[newton] it=29 |R|=4.4813e-02 rel=1.098e-03 (u=4.34e-02 v=1.11e-02 p=3.50e-06) cfl=2.48e+03 gmres=6
[newton] it=30 |R|=3.5587e-02 rel=8.716e-04 (u=3.46e-02 v=8.48e-03 p=2.71e-06) cfl=3.12e+03 gmres=7
[newton] it=31 |R|=2.8294e-02 rel=6.930e-04 (u=2.75e-02 v=6.52e-03 p=2.43e-06) cfl=3.93e+03 gmres=7
[newton] it=32 |R|=2.2514e-02 rel=5.514e-04 (u=2.19e-02 v=5.02e-03 p=3.06e-06) cfl=4.93e+03 gmres=5
[newton] it=33 |R|=1.7921e-02 rel=4.389e-04 (u=1.75e-02 v=3.88e-03 p=2.14e-06) cfl=6.2e+03 gmres=5
[newton] it=34 |R|=1.4268e-02 rel=3.495e-04 (u=1.39e-02 v=3.00e-03 p=1.71e-06) cfl=7.78e+03 gmres=5
[newton] it=35 |R|=1.1361e-02 rel=2.783e-04 (u=1.11e-02 v=2.33e-03 p=1.60e-06) cfl=9.78e+03 gmres=5
[newton] it=36 |R|=9.0471e-03 rel=2.216e-04 (u=8.86e-03 v=1.81e-03 p=1.66e-06) cfl=1.23e+04 gmres=5
[newton] it=37 |R|=7.2045e-03 rel=1.765e-04 (u=7.07e-03 v=1.41e-03 p=1.78e-06) cfl=1.54e+04 gmres=5
[newton] it=38 |R|=5.7372e-03 rel=1.405e-04 (u=5.63e-03 v=1.10e-03 p=1.62e-06) cfl=1.94e+04 gmres=5
[newton] it=39 |R|=4.5681e-03 rel=1.119e-04 (u=4.49e-03 v=8.54e-04 p=1.20e-06) cfl=2.43e+04 gmres=5
[newton] it=40 |R|=3.6373e-03 rel=8.909e-05 (u=3.58e-03 v=6.68e-04 p=7.76e-07) cfl=3.05e+04 gmres=5
[newton] it=41 |R|=2.8962e-03 rel=7.094e-05 (u=2.85e-03 v=5.27e-04 p=2.40e-08) cfl=3.83e+04 gmres=8
[newton] it=42 |R|=2.3068e-03 rel=5.650e-05 (u=2.27e-03 v=4.24e-04 p=6.40e-08) cfl=4.81e+04 gmres=6
[newton] it=43 |R|=1.8378e-03 rel=4.501e-05 (u=1.80e-03 v=3.54e-04 p=1.87e-08) cfl=6.04e+04 gmres=7
[newton] it=44 |R|=1.4648e-03 rel=3.588e-05 (u=1.43e-03 v=3.08e-04 p=2.33e-08) cfl=7.58e+04 gmres=6
[newton] it=45 |R|=1.1678e-03 rel=2.860e-05 (u=1.13e-03 v=2.78e-04 p=2.22e-08) cfl=9.51e+04 gmres=6
[newton] it=46 |R|=9.3096e-04 rel=2.280e-05 (u=8.95e-04 v=2.55e-04 p=2.16e-08) cfl=1.19e+05 gmres=6
[newton] it=47 |R|=7.4171e-04 rel=1.817e-05 (u=7.03e-04 v=2.35e-04 p=2.21e-08) cfl=1.5e+05 gmres=6
[newton] it=48 |R|=5.9018e-04 rel=1.445e-05 (u=5.50e-04 v=2.15e-04 p=2.26e-08) cfl=1.88e+05 gmres=6
[newton] it=49 |R|=4.6863e-04 rel=1.148e-05 (u=4.27e-04 v=1.93e-04 p=2.05e-08) cfl=2.37e+05 gmres=6
[newton] it=50 |R|=3.7103e-04 rel=9.087e-06 (u=3.30e-04 v=1.71e-04 p=1.68e-08) cfl=2.99e+05 gmres=6
[newton] it=51 |R|=2.9271e-04 rel=7.169e-06 (u=2.53e-04 v=1.48e-04 p=1.13e-08) cfl=3.79e+05 gmres=6
[newton] it=52 |R|=2.2999e-04 rel=5.633e-06 (u=1.93e-04 v=1.25e-04 p=6.24e-09) cfl=4.83e+05 gmres=6
[newton] it=53 |R|=1.7997e-04 rel=4.408e-06 (u=1.46e-04 v=1.05e-04 p=4.08e-09) cfl=6.17e+05 gmres=6
[newton] it=54 |R|=1.4032e-04 rel=3.437e-06 (u=1.11e-04 v=8.62e-05 p=3.13e-09) cfl=7.91e+05 gmres=6
[newton] it=55 |R|=1.0916e-04 rel=2.674e-06 (u=8.37e-05 v=7.01e-05 p=2.51e-09) cfl=1e+06 gmres=7
[newton] it=56 |R|=8.4916e-05 rel=2.080e-06 (u=6.34e-05 v=5.65e-05 p=2.00e-09) cfl=1e+06 gmres=7
[newton] it=57 |R|=6.6248e-05 rel=1.623e-06 (u=4.82e-05 v=4.54e-05 p=2.40e-09) cfl=1e+06 gmres=7
[newton] it=58 |R|=5.2014e-05 rel=1.274e-06 (u=3.71e-05 v=3.64e-05 p=1.35e-09) cfl=1e+06 gmres=7
[newton] it=59 |R|=4.1225e-05 rel=1.010e-06 (u=2.90e-05 v=2.93e-05 p=7.93e-10) cfl=1e+06 gmres=7
[newton] it=60 |R|=3.3044e-05 rel=8.093e-07 (u=2.32e-05 v=2.36e-05 p=5.77e-10) cfl=1e+06 gmres=7
[newton] done converged=True reason='' it=60 m_in=1.0000e+02 m_out=1.0000e+02 elapsed=11.5s
    U=1 stage: converged=True it=60
[newton] it=0 |R|=9.3914e+01 (u=8.94e+01 v=2.36e-05 p=2.89e+01) cfl=5
[newton] it=1 |R|=6.0162e+02 rel=6.406e+00 (u=2.56e+02 v=5.43e+02 p=3.15e+01) cfl=0.781 gmres=33 (gmres not converged)
[newton] it=2 |R|=3.0000e+02 rel=3.194e+00 (u=5.00e+01 v=2.96e+02 p=1.85e+00) cfl=1.56 gmres=24 (gmres not converged)
[newton] it=3 |R|=1.3090e+02 rel=1.394e+00 (u=2.69e+01 v=1.28e+02 p=9.34e-01) cfl=3.12 gmres=5
[newton] it=4 |R|=5.4272e+01 rel=5.779e-01 (u=1.86e+01 v=5.10e+01 p=3.80e-01) cfl=6.24 gmres=6
[newton] it=5 |R|=2.6475e+01 rel=2.819e-01 (u=1.47e+01 v=2.20e+01 p=7.88e-01) cfl=12.5 gmres=7
[newton] it=6 |R|=1.8103e+01 rel=1.928e-01 (u=1.24e+01 v=1.30e+01 p=2.23e+00) cfl=18.3 gmres=6
[newton] it=7 |R|=1.4547e+01 rel=1.549e-01 (u=1.06e+01 v=9.80e+00 p=1.82e+00) cfl=22.7 gmres=7
[newton] it=8 |R|=1.1811e+01 rel=1.258e-01 (u=8.60e+00 v=8.05e+00 p=8.60e-01) cfl=28 gmres=6
[newton] it=9 |R|=9.7811e+00 rel=1.041e-01 (u=7.10e+00 v=6.70e+00 p=7.04e-01) cfl=33.8 gmres=7
[newton] it=10 |R|=8.2104e+00 rel=8.743e-02 (u=5.91e+00 v=5.70e+00 p=1.80e-01) cfl=40.3 gmres=8
[newton] it=11 |R|=6.9851e+00 rel=7.438e-02 (u=4.98e+00 v=4.88e+00 p=3.80e-01) cfl=47.3 gmres=7
[newton] it=12 |R|=5.9660e+00 rel=6.353e-02 (u=4.27e+00 v=4.16e+00 p=1.18e-01) cfl=55.4 gmres=8
[newton] it=13 |R|=4.9429e+00 rel=5.263e-02 (u=3.55e+00 v=3.44e+00 p=1.12e-01) cfl=66.9 gmres=7
[newton] it=14 |R|=4.1333e+00 rel=4.401e-02 (u=2.98e+00 v=2.86e+00 p=8.31e-02) cfl=80 gmres=8
[newton] it=15 |R|=3.4492e+00 rel=3.673e-02 (u=2.54e+00 v=2.34e+00 p=7.65e-02) cfl=95.9 gmres=7
[newton] it=16 |R|=2.9060e+00 rel=3.094e-02 (u=2.15e+00 v=1.89e+00 p=5.18e-01) cfl=114 gmres=8
[newton] it=17 |R|=2.3684e+00 rel=2.522e-02 (u=1.83e+00 v=1.50e+00 p=2.91e-02) cfl=140 gmres=7
[newton] it=18 |R|=1.9722e+00 rel=2.100e-02 (u=1.57e+00 v=1.19e+00 p=7.48e-02) cfl=168 gmres=7
[newton] it=19 |R|=1.6561e+00 rel=1.763e-02 (u=1.36e+00 v=9.43e-01 p=1.01e-02) cfl=200 gmres=7
[newton] it=20 |R|=1.4094e+00 rel=1.501e-02 (u=1.19e+00 v=7.57e-01 p=2.90e-03) cfl=235 gmres=7
[newton] it=21 |R|=1.2110e+00 rel=1.289e-02 (u=1.04e+00 v=6.16e-01 p=6.51e-03) cfl=273 gmres=8
[newton] it=22 |R|=1.0500e+00 rel=1.118e-02 (u=9.20e-01 v=5.07e-01 p=7.53e-04) cfl=315 gmres=7
[newton] it=23 |R|=9.1514e-01 rel=9.744e-03 (u=8.14e-01 v=4.19e-01 p=3.19e-04) cfl=361 gmres=8
[newton] it=24 |R|=8.0029e-01 rel=8.522e-03 (u=7.21e-01 v=3.47e-01 p=2.42e-04) cfl=413 gmres=8
[newton] it=25 |R|=7.0105e-01 rel=7.465e-03 (u=6.40e-01 v=2.86e-01 p=6.24e-04) cfl=472 gmres=8
[newton] it=26 |R|=6.1442e-01 rel=6.542e-03 (u=5.68e-01 v=2.35e-01 p=4.77e-04) cfl=538 gmres=7
[newton] it=27 |R|=5.3840e-01 rel=5.733e-03 (u=5.03e-01 v=1.91e-01 p=1.19e-04) cfl=614 gmres=7
[newton] it=28 |R|=4.7166e-01 rel=5.022e-03 (u=4.46e-01 v=1.54e-01 p=1.76e-04) cfl=701 gmres=7
[newton] it=29 |R|=4.1298e-01 rel=4.397e-03 (u=3.94e-01 v=1.23e-01 p=6.40e-05) cfl=801 gmres=7
[newton] it=30 |R|=3.6146e-01 rel=3.849e-03 (u=3.48e-01 v=9.72e-02 p=4.81e-05) cfl=915 gmres=7
[newton] it=31 |R|=3.1615e-01 rel=3.366e-03 (u=3.07e-01 v=7.68e-02 p=3.45e-05) cfl=1.05e+03 gmres=7
[newton] it=32 |R|=2.7642e-01 rel=2.943e-03 (u=2.70e-01 v=6.06e-02 p=2.16e-04) cfl=1.2e+03 gmres=7
[newton] it=33 |R|=2.4145e-01 rel=2.571e-03 (u=2.37e-01 v=4.79e-02 p=2.04e-05) cfl=1.37e+03 gmres=7
[newton] it=34 |R|=2.1076e-01 rel=2.244e-03 (u=2.07e-01 v=3.81e-02 p=1.42e-05) cfl=1.57e+03 gmres=6
[newton] it=35 |R|=1.8380e-01 rel=1.957e-03 (u=1.81e-01 v=3.06e-02 p=1.05e-05) cfl=1.8e+03 gmres=6
[newton] it=36 |R|=1.6008e-01 rel=1.705e-03 (u=1.58e-01 v=2.49e-02 p=2.56e-04) cfl=2.07e+03 gmres=6
[newton] it=37 |R|=1.3921e-01 rel=1.482e-03 (u=1.38e-01 v=2.04e-02 p=6.47e-06) cfl=2.37e+03 gmres=6
[newton] it=38 |R|=1.2084e-01 rel=1.287e-03 (u=1.20e-01 v=1.69e-02 p=5.28e-06) cfl=2.74e+03 gmres=6
[newton] it=39 |R|=1.0468e-01 rel=1.115e-03 (u=1.04e-01 v=1.41e-02 p=4.57e-06) cfl=3.16e+03 gmres=6
[newton] it=40 |R|=9.0492e-02 rel=9.636e-04 (u=8.97e-02 v=1.19e-02 p=3.79e-06) cfl=3.65e+03 gmres=6
[newton] it=41 |R|=7.8053e-02 rel=8.311e-04 (u=7.74e-02 v=1.01e-02 p=3.17e-06) cfl=4.24e+03 gmres=6
[newton] it=42 |R|=6.7189e-02 rel=7.154e-04 (u=6.66e-02 v=8.59e-03 p=2.69e-06) cfl=4.92e+03 gmres=6
[newton] it=43 |R|=5.7732e-02 rel=6.147e-04 (u=5.73e-02 v=7.34e-03 p=2.59e-06) cfl=5.73e+03 gmres=5
[newton] it=44 |R|=4.9534e-02 rel=5.274e-04 (u=4.91e-02 v=6.28e-03 p=2.12e-06) cfl=6.67e+03 gmres=5
[newton] it=45 |R|=4.2453e-02 rel=4.520e-04 (u=4.21e-02 v=5.35e-03 p=1.66e-06) cfl=7.79e+03 gmres=5
[newton] it=46 |R|=3.6357e-02 rel=3.871e-04 (u=3.61e-02 v=4.54e-03 p=1.33e-06) cfl=9.09e+03 gmres=5
[newton] it=47 |R|=3.1116e-02 rel=3.313e-04 (u=3.09e-02 v=3.82e-03 p=3.22e-06) cfl=1.06e+04 gmres=4
[newton] it=48 |R|=2.6614e-02 rel=2.834e-04 (u=2.64e-02 v=3.18e-03 p=2.40e-06) cfl=1.24e+04 gmres=4
[newton] it=49 |R|=2.2743e-02 rel=2.422e-04 (u=2.26e-02 v=2.63e-03 p=2.00e-06) cfl=1.45e+04 gmres=4
[newton] it=50 |R|=1.9407e-02 rel=2.066e-04 (u=1.93e-02 v=2.16e-03 p=1.67e-06) cfl=1.7e+04 gmres=4
[newton] it=51 |R|=1.6524e-02 rel=1.760e-04 (u=1.64e-02 v=1.77e-03 p=1.40e-06) cfl=2e+04 gmres=4
[newton] it=52 |R|=1.4028e-02 rel=1.494e-04 (u=1.40e-02 v=1.45e-03 p=1.20e-06) cfl=2.36e+04 gmres=4
[newton] it=53 |R|=1.1862e-02 rel=1.263e-04 (u=1.18e-02 v=1.19e-03 p=1.04e-06) cfl=2.79e+04 gmres=4
[newton] it=54 |R|=9.9821e-03 rel=1.063e-04 (u=9.93e-03 v=9.86e-04 p=3.93e-07) cfl=3.31e+04 gmres=5
[newton] it=55 |R|=8.3519e-03 rel=8.893e-05 (u=8.31e-03 v=8.27e-04 p=3.51e-07) cfl=3.96e+04 gmres=5
[newton] it=56 |R|=6.9424e-03 rel=7.392e-05 (u=6.91e-03 v=7.01e-04 p=3.10e-07) cfl=4.76e+04 gmres=5
[newton] it=57 |R|=5.7292e-03 rel=6.101e-05 (u=5.70e-03 v=5.99e-04 p=2.57e-07) cfl=5.77e+04 gmres=5
[newton] it=58 |R|=4.6915e-03 rel=4.996e-05 (u=4.66e-03 v=5.14e-04 p=2.05e-07) cfl=7.05e+04 gmres=5
[newton] it=59 |R|=3.8105e-03 rel=4.057e-05 (u=3.78e-03 v=4.42e-04 p=1.53e-07) cfl=8.68e+04 gmres=5
[newton] it=60 |R|=3.0691e-03 rel=3.268e-05 (u=3.05e-03 v=3.78e-04 p=1.23e-07) cfl=1.08e+05 gmres=5
[newton] it=61 |R|=2.4513e-03 rel=2.610e-05 (u=2.43e-03 v=3.22e-04 p=1.13e-07) cfl=1.35e+05 gmres=5
[newton] it=62 |R|=1.9418e-03 rel=2.068e-05 (u=1.92e-03 v=2.71e-04 p=9.56e-08) cfl=1.7e+05 gmres=5
[newton] it=63 |R|=1.5264e-03 rel=1.625e-05 (u=1.51e-03 v=2.25e-04 p=7.47e-08) cfl=2.17e+05 gmres=5
[newton] it=64 |R|=1.1914e-03 rel=1.269e-05 (u=1.18e-03 v=1.85e-04 p=5.75e-08) cfl=2.77e+05 gmres=5
[newton] it=65 |R|=9.2450e-04 rel=9.844e-06 (u=9.12e-04 v=1.50e-04 p=4.34e-08) cfl=3.58e+05 gmres=5
[newton] it=66 |R|=7.1413e-04 rel=7.604e-06 (u=7.04e-04 v=1.21e-04 p=3.15e-08) cfl=4.63e+05 gmres=5
[newton] it=67 |R|=5.5013e-04 rel=5.858e-06 (u=5.42e-04 v=9.54e-05 p=3.85e-08) cfl=6.01e+05 gmres=4
[newton] it=68 |R|=4.2344e-04 rel=4.509e-06 (u=4.17e-04 v=7.46e-05 p=2.71e-08) cfl=7.81e+05 gmres=4
[newton] it=69 |R|=3.2634e-04 rel=3.475e-06 (u=3.21e-04 v=5.78e-05 p=1.80e-08) cfl=1e+06 gmres=4
[newton] it=70 |R|=2.5231e-04 rel=2.687e-06 (u=2.48e-04 v=4.44e-05 p=1.20e-08) cfl=1e+06 gmres=4
[newton] it=71 |R|=1.9599e-04 rel=2.087e-06 (u=1.93e-04 v=3.40e-05 p=2.77e-08) cfl=1e+06 gmres=3
[newton] it=72 |R|=1.5310e-04 rel=1.630e-06 (u=1.51e-04 v=2.60e-05 p=4.41e-09) cfl=1e+06 gmres=5
[newton] it=73 |R|=1.2031e-04 rel=1.281e-06 (u=1.19e-04 v=1.99e-05 p=2.13e-09) cfl=1e+06 gmres=6
[newton] it=74 |R|=9.5063e-05 rel=1.012e-06 (u=9.38e-05 v=1.54e-05 p=1.73e-09) cfl=1e+06 gmres=6
[newton] it=75 |R|=7.5458e-05 rel=8.035e-07 (u=7.45e-05 v=1.21e-05 p=8.60e-10) cfl=1e+06 gmres=5
[newton] done converged=True reason='' it=75 m_in=2.0000e+02 m_out=2.0000e+02 elapsed=14.8s
--> F_continuation: {'converged': True, 'reason': '', 'n_newton': 75, 'rel_final': 8.034790943952909e-07, 'rel_min': 8.034790943952909e-07, 'elapsed': 26.271852456000033, 'stage1_converged': True}

==== summary ====
A_baseline             conv=False reason=diverged     it= 18 rel_final=8.36e+06 rel_min=1.00e+00
B_cfl0.5               conv=False reason=max_iter     it= 80 rel_final=3.59e-05 rel_min=3.59e-05
C_linesearch           conv=False reason=max_iter     it= 80 rel_final=1.79e+00 rel_min=7.71e-01
D_first_order          conv=False reason=max_iter     it= 80 rel_final=2.15e+00 rel_min=1.00e+00
E_defect_correction    conv=False reason=max_iter     it= 80 rel_final=1.99e-05 rel_min=1.99e-05
G_floor1_cfl1          conv=False reason=max_iter     it= 80 rel_final=3.46e-06 rel_min=3.46e-06
H_floor1_cfl1_dc       conv=False reason=max_iter     it= 80 rel_final=7.23e-06 rel_min=7.23e-06
F_continuation         conv=True  reason=             it= 75 rel_final=8.03e-07 rel_min=8.03e-07
[ProcessDiagnostics] レポート出力: /home/user/ykep-cae/docs/generated/process_usage_report.md
