===== flat r1 U=2.0 variant A_baseline =====
[newton] it=0 |R|=1.2911e+02 (u=1.15e+02 v=0.00e+00 p=5.77e+01) cfl=5
[newton] it=1 |R|=4.4603e+03 rel=3.455e+01 (u=4.45e+03 v=2.18e+02 p=2.41e+02) cfl=0.5 gmres=11 (gmres not converged)
[newton] it=2 |R|=5.3956e+03 rel=4.179e+01 (u=5.37e+03 v=4.24e+02 p=2.16e+02) cfl=0.413 gmres=5
[newton] it=3 |R|=1.5808e+04 rel=1.224e+02 (u=1.58e+04 v=1.21e+03 p=5.20e+02) cfl=0.141 gmres=26
[newton] it=4 |R|=1.7812e+04 rel=1.380e+02 (u=1.77e+04 v=1.71e+03 p=4.07e+02) cfl=0.125 gmres=9
[newton] it=5 |R|=1.1871e+04 rel=9.194e+01 (u=1.18e+04 v=1.53e+03 p=2.15e+02) cfl=0.188 gmres=4
[newton] it=6 |R|=9.6787e+03 rel=7.496e+01 (u=9.60e+03 v=1.23e+03 p=1.80e+02) cfl=0.23 gmres=5
[newton] it=7 |R|=8.1306e+03 rel=6.297e+01 (u=8.09e+03 v=8.48e+02 p=5.91e+01) cfl=0.274 gmres=5
[newton] it=8 |R|=6.6867e+03 rel=5.179e+01 (u=6.63e+03 v=8.81e+02 p=1.00e+02) cfl=0.334 gmres=6
[newton] it=9 |R|=5.3937e+03 rel=4.178e+01 (u=5.33e+03 v=8.17e+02 p=8.67e+01) cfl=0.413 gmres=7
[newton] it=10 |R|=4.4660e+03 rel=3.459e+01 (u=4.35e+03 v=9.47e+02 p=3.40e+02) cfl=0.499 gmres=9
[newton] it=11 |R|=3.2699e+03 rel=2.533e+01 (u=3.23e+03 v=5.12e+02 p=8.96e+01) cfl=0.682 gmres=8
[newton] it=12 |R|=2.5515e+03 rel=1.976e+01 (u=2.47e+03 v=5.22e+02 p=3.46e+02) cfl=0.874 gmres=7
[newton] it=13 |R|=2.9467e+03 rel=2.282e+01 (u=2.66e+03 v=1.06e+03 p=7.09e+02) cfl=0.757 gmres=19
[newton] it=14 |R|=2.2392e+04 rel=1.734e+02 (u=1.77e+04 v=1.36e+04 p=1.71e+03) cfl=0.0996 gmres=19
[newton] it=15 |R|=4.1501e+05 rel=3.214e+03 (u=5.71e+04 v=4.11e+05 p=6.12e+03) cfl=0.00996 gmres=10
[newton] it=16 |R|=3.1565e+04 rel=2.445e+02 (u=1.08e+04 v=2.97e+04 p=3.07e+02) cfl=0.0199 gmres=4
[newton] it=17 |R|=2.9805e+04 rel=2.308e+02 (u=8.77e+03 v=2.85e+04 p=6.18e+02) cfl=0.0211 gmres=14
[newton] it=18 |R|=3.3494e+04 rel=2.594e+02 (u=1.50e+04 v=2.99e+04 p=5.22e+02) cfl=0.0188 gmres=39 (gmres not converged)
[newton] it=19 |R|=8.9597e+04 rel=6.940e+02 (u=6.44e+04 v=6.23e+04 p=1.85e+03) cfl=0.00702 gmres=26 (gmres not converged)
[newton] it=20 |R|=5.8212e+04 rel=4.509e+02 (u=4.10e+04 v=4.13e+04 p=1.88e+03) cfl=0.0108 gmres=43 (gmres not converged)
[newton] it=21 |R|=4.0918e+04 rel=3.169e+02 (u=2.60e+04 v=3.16e+04 p=4.20e+02) cfl=0.0154 gmres=31 (gmres not converged)
[newton] it=22 |R|=3.5039e+04 rel=2.714e+02 (u=1.86e+04 v=2.97e+04 p=6.18e+02) cfl=0.0179 gmres=4
[newton] it=23 |R|=3.1973e+04 rel=2.476e+02 (u=1.42e+04 v=2.87e+04 p=1.31e+02) cfl=0.0197 gmres=6
[newton] it=24 |R|=3.0420e+04 rel=2.356e+02 (u=1.19e+04 v=2.80e+04 p=1.67e+02) cfl=0.0207 gmres=4
[newton] it=25 |R|=2.9278e+04 rel=2.268e+02 (u=1.03e+04 v=2.74e+04 p=1.54e+02) cfl=0.0215 gmres=5
[newton] it=26 |R|=2.8601e+04 rel=2.215e+02 (u=9.34e+03 v=2.70e+04 p=1.65e+02) cfl=0.022 gmres=6
[newton] it=27 |R|=2.7826e+04 rel=2.155e+02 (u=8.48e+03 v=2.65e+04 p=3.99e+01) cfl=0.0226 gmres=4
[newton] it=28 |R|=2.7155e+04 rel=2.103e+02 (u=7.87e+03 v=2.60e+04 p=2.66e+01) cfl=0.0232 gmres=4
[newton] it=29 |R|=2.6428e+04 rel=2.047e+02 (u=7.48e+03 v=2.53e+04 p=1.59e+01) cfl=0.0238 gmres=4
[newton] it=30 |R|=2.5867e+04 rel=2.003e+02 (u=7.14e+03 v=2.49e+04 p=1.05e+01) cfl=0.0243 gmres=4
[newton] it=31 |R|=2.5362e+04 rel=1.964e+02 (u=6.78e+03 v=2.44e+04 p=1.07e+01) cfl=0.0248 gmres=5
[newton] it=32 |R|=2.4891e+04 rel=1.928e+02 (u=6.52e+03 v=2.40e+04 p=7.89e+00) cfl=0.0253 gmres=4
[newton] it=33 |R|=2.4355e+04 rel=1.886e+02 (u=6.24e+03 v=2.35e+04 p=1.55e+01) cfl=0.0258 gmres=4
[newton] it=34 |R|=2.5588e+04 rel=1.982e+02 (u=6.29e+03 v=2.48e+04 p=1.66e+02) cfl=0.0246 gmres=4
[newton] it=35 |R|=2.5056e+04 rel=1.941e+02 (u=7.03e+03 v=2.40e+04 p=8.54e+02) cfl=0.0251 gmres=4
[newton] it=36 |R|=2.4058e+04 rel=1.863e+02 (u=5.89e+03 v=2.33e+04 p=1.61e+02) cfl=0.0261 gmres=4
[newton] it=37 |R|=2.4777e+04 rel=1.919e+02 (u=1.25e+04 v=2.13e+04 p=1.29e+03) cfl=0.0254 gmres=4
[newton] it=38 |R|=2.1302e+04 rel=1.650e+02 (u=5.34e+03 v=2.06e+04 p=1.30e+01) cfl=0.0295 gmres=4
[newton] it=39 |R|=2.0632e+04 rel=1.598e+02 (u=5.15e+03 v=2.00e+04 p=4.78e+00) cfl=0.0305 gmres=5
[newton] it=40 |R|=1.9983e+04 rel=1.548e+02 (u=4.97e+03 v=1.94e+04 p=6.46e+00) cfl=0.0315 gmres=4
[newton] it=41 |R|=1.9352e+04 rel=1.499e+02 (u=4.80e+03 v=1.87e+04 p=5.49e+00) cfl=0.0325 gmres=4
[newton] it=42 |R|=1.8736e+04 rel=1.451e+02 (u=4.65e+03 v=1.81e+04 p=9.17e+01) cfl=0.0336 gmres=4
[newton] it=43 |R|=1.8120e+04 rel=1.403e+02 (u=4.44e+03 v=1.76e+04 p=3.40e+01) cfl=0.0347 gmres=4
[newton] it=44 |R|=1.7506e+04 rel=1.356e+02 (u=4.26e+03 v=1.70e+04 p=5.53e+00) cfl=0.0359 gmres=5
[newton] it=45 |R|=1.6891e+04 rel=1.308e+02 (u=4.09e+03 v=1.64e+04 p=4.81e+00) cfl=0.0372 gmres=6
[newton] it=46 |R|=1.6280e+04 rel=1.261e+02 (u=3.94e+03 v=1.58e+04 p=5.08e+00) cfl=0.0386 gmres=4
[newton] it=47 |R|=1.5674e+04 rel=1.214e+02 (u=3.79e+03 v=1.52e+04 p=3.76e+00) cfl=0.0401 gmres=4
[newton] it=48 |R|=1.5069e+04 rel=1.167e+02 (u=3.66e+03 v=1.46e+04 p=2.18e+01) cfl=0.0417 gmres=4
[newton] it=49 |R|=1.4470e+04 rel=1.121e+02 (u=3.52e+03 v=1.40e+04 p=4.02e+00) cfl=0.0435 gmres=4
[newton] it=50 |R|=1.3880e+04 rel=1.075e+02 (u=3.38e+03 v=1.35e+04 p=3.66e+00) cfl=0.0453 gmres=4
[newton] it=51 |R|=1.3299e+04 rel=1.030e+02 (u=3.25e+03 v=1.29e+04 p=3.05e+00) cfl=0.0473 gmres=4
[newton] it=52 |R|=1.2735e+04 rel=9.864e+01 (u=3.12e+03 v=1.23e+04 p=2.42e+00) cfl=0.0494 gmres=4
[newton] it=53 |R|=1.2180e+04 rel=9.434e+01 (u=3.00e+03 v=1.18e+04 p=1.41e+00) cfl=0.0516 gmres=4
[newton] it=54 |R|=1.1674e+04 rel=9.042e+01 (u=2.89e+03 v=1.13e+04 p=1.69e+00) cfl=0.0539 gmres=4
[newton] it=55 |R|=1.1249e+04 rel=8.712e+01 (u=2.79e+03 v=1.09e+04 p=1.63e+00) cfl=0.0559 gmres=3
[newton] it=56 |R|=1.0809e+04 rel=8.372e+01 (u=2.71e+03 v=1.05e+04 p=1.04e+00) cfl=0.0582 gmres=3
[newton] it=57 |R|=1.0356e+04 rel=8.021e+01 (u=2.63e+03 v=1.00e+04 p=5.58e-01) cfl=0.0607 gmres=3
[newton] it=58 |R|=9.8837e+03 rel=7.655e+01 (u=2.55e+03 v=9.55e+03 p=3.58e+00) cfl=0.0636 gmres=4
[newton] it=59 |R|=9.3826e+03 rel=7.267e+01 (u=2.50e+03 v=9.04e+03 p=6.35e-01) cfl=0.067 gmres=3
[newton] it=60 |R|=8.8645e+03 rel=6.866e+01 (u=2.44e+03 v=8.52e+03 p=6.44e-01) cfl=0.0709 gmres=3
[newton] it=61 |R|=8.3287e+03 rel=6.451e+01 (u=2.38e+03 v=7.98e+03 p=2.48e+00) cfl=0.0755 gmres=3
[newton] it=62 |R|=7.7814e+03 rel=6.027e+01 (u=2.31e+03 v=7.43e+03 p=1.21e+00) cfl=0.0808 gmres=3
[newton] it=63 |R|=7.2292e+03 rel=5.599e+01 (u=2.23e+03 v=6.88e+03 p=8.60e-01) cfl=0.087 gmres=3
[newton] it=64 |R|=6.6829e+03 rel=5.176e+01 (u=2.14e+03 v=6.33e+03 p=2.48e+00) cfl=0.0941 gmres=3
[newton] it=65 |R|=6.4239e+03 rel=4.975e+01 (u=2.73e+03 v=5.81e+03 p=1.78e+02) cfl=0.0979 gmres=3
[newton] it=66 |R|=5.9920e+03 rel=4.641e+01 (u=2.32e+03 v=5.52e+03 p=8.44e+01) cfl=0.105 gmres=3
[newton] it=67 |R|=5.6517e+03 rel=4.377e+01 (u=2.12e+03 v=5.24e+03 p=1.59e+01) cfl=0.111 gmres=3
[newton] it=68 |R|=5.1924e+03 rel=4.022e+01 (u=1.96e+03 v=4.81e+03 p=3.59e+00) cfl=0.121 gmres=3
[newton] it=69 |R|=4.7831e+03 rel=3.705e+01 (u=1.82e+03 v=4.42e+03 p=5.88e+00) cfl=0.131 gmres=3
[newton] it=70 |R|=4.4850e+03 rel=3.474e+01 (u=1.71e+03 v=4.15e+03 p=1.70e+00) cfl=0.14 gmres=4
[newton] it=71 |R|=4.2105e+03 rel=3.261e+01 (u=1.61e+03 v=3.89e+03 p=2.06e+00) cfl=0.149 gmres=3
[newton] it=72 |R|=3.9392e+03 rel=3.051e+01 (u=1.53e+03 v=3.63e+03 p=3.23e+00) cfl=0.16 gmres=4
[newton] it=73 |R|=3.6561e+03 rel=2.832e+01 (u=1.44e+03 v=3.36e+03 p=3.57e+00) cfl=0.172 gmres=4
[newton] it=74 |R|=3.3540e+03 rel=2.598e+01 (u=1.36e+03 v=3.07e+03 p=1.71e+00) cfl=0.187 gmres=3
[newton] it=75 |R|=3.0608e+03 rel=2.371e+01 (u=1.27e+03 v=2.78e+03 p=5.82e+00) cfl=0.205 gmres=3
[newton] it=76 |R|=2.8048e+03 rel=2.172e+01 (u=1.20e+03 v=2.54e+03 p=2.49e+00) cfl=0.224 gmres=4
[newton] it=77 |R|=2.5896e+03 rel=2.006e+01 (u=1.11e+03 v=2.34e+03 p=4.57e+00) cfl=0.243 gmres=4
[newton] it=78 |R|=2.3667e+03 rel=1.833e+01 (u=1.07e+03 v=2.11e+03 p=3.26e+00) cfl=0.266 gmres=4
[newton] it=79 |R|=2.1608e+03 rel=1.674e+01 (u=1.02e+03 v=1.90e+03 p=5.38e+00) cfl=0.291 gmres=4
[newton] it=80 |R|=1.9765e+03 rel=1.531e+01 (u=9.71e+02 v=1.72e+03 p=4.72e+00) cfl=0.318 gmres=4
[newton] done converged=False reason='max_iter' it=80 m_in=2.0000e+02 m_out=2.0000e+02 elapsed=18.6s
--> A_baseline: {'converged': False, 'reason': 'max_iter', 'n_newton': 80, 'rel_final': 15.308815819251267, 'rel_min': 1.0, 'elapsed': 18.672217893000038}
===== flat r1 U=2.0 variant B_cfl0.5 =====
[newton] it=0 |R|=1.2911e+02 (u=1.15e+02 v=0.00e+00 p=5.77e+01) cfl=0.5
[newton] it=1 |R|=8.0517e+02 rel=6.236e+00 (u=7.88e+02 v=1.44e+02 p=8.13e+01) cfl=0.0802 gmres=11 (gmres not converged)
[newton] it=2 |R|=5.1406e+02 rel=3.982e+00 (u=4.96e+02 v=1.33e+02 p=1.18e+01) cfl=0.126 gmres=3
[newton] it=3 |R|=4.5273e+02 rel=3.507e+00 (u=4.38e+02 v=1.13e+02 p=6.63e+00) cfl=0.143 gmres=3
[newton] it=4 |R|=4.3450e+02 rel=3.365e+00 (u=4.21e+02 v=1.07e+02 p=1.64e+01) cfl=0.149 gmres=4
[newton] it=5 |R|=4.5231e+02 rel=3.503e+00 (u=4.39e+02 v=1.03e+02 p=3.05e+01) cfl=0.143 gmres=4
[newton] it=6 |R|=4.0300e+02 rel=3.121e+00 (u=3.92e+02 v=9.15e+01 p=7.07e+00) cfl=0.16 gmres=4
[newton] it=7 |R|=3.6895e+02 rel=2.858e+00 (u=3.59e+02 v=8.52e+01 p=2.24e+00) cfl=0.175 gmres=4
[newton] it=8 |R|=3.3586e+02 rel=2.601e+00 (u=3.27e+02 v=7.86e+01 p=1.30e+00) cfl=0.192 gmres=4
[newton] it=9 |R|=3.0171e+02 rel=2.337e+00 (u=2.93e+02 v=7.14e+01 p=6.40e-01) cfl=0.214 gmres=3
[newton] it=10 |R|=2.6641e+02 rel=2.063e+00 (u=2.59e+02 v=6.39e+01 p=4.92e-01) cfl=0.242 gmres=4
[newton] it=11 |R|=2.2953e+02 rel=1.778e+00 (u=2.23e+02 v=5.63e+01 p=4.24e-01) cfl=0.281 gmres=3
[newton] it=12 |R|=1.9231e+02 rel=1.490e+00 (u=1.86e+02 v=4.91e+01 p=4.99e-01) cfl=0.336 gmres=3
[newton] it=13 |R|=1.5530e+02 rel=1.203e+00 (u=1.49e+02 v=4.26e+01 p=2.54e+00) cfl=0.416 gmres=4
[newton] it=14 |R|=1.1944e+02 rel=9.251e-01 (u=1.13e+02 v=3.74e+01 p=1.09e+00) cfl=0.54 gmres=4
[newton] it=15 |R|=8.6930e+01 rel=6.733e-01 (u=8.06e+01 v=3.27e+01 p=6.25e-01) cfl=0.743 gmres=4
[newton] it=16 |R|=6.0734e+01 rel=4.704e-01 (u=5.32e+01 v=2.93e+01 p=4.35e-01) cfl=1.06 gmres=5
[newton] it=17 |R|=4.2181e+01 rel=3.267e-01 (u=3.36e+01 v=2.55e+01 p=6.33e-01) cfl=1.53 gmres=6
[newton] it=18 |R|=3.0102e+01 rel=2.331e-01 (u=2.14e+01 v=2.10e+01 p=2.03e+00) cfl=2.14 gmres=5
[newton] it=19 |R|=2.2120e+01 rel=1.713e-01 (u=1.43e+01 v=1.67e+01 p=2.39e+00) cfl=2.92 gmres=7
[newton] it=20 |R|=1.9020e+01 rel=1.473e-01 (u=1.29e+01 v=1.34e+01 p=3.99e+00) cfl=3.39 gmres=6
[newton] it=21 |R|=1.8778e+01 rel=1.454e-01 (u=1.39e+01 v=1.24e+01 p=2.33e+00) cfl=3.44 gmres=7
[newton] it=22 |R|=1.1270e+01 rel=8.729e-02 (u=7.43e+00 v=8.43e+00 p=7.94e-01) cfl=5.73 gmres=5
[newton] it=23 |R|=8.2253e+00 rel=6.371e-02 (u=5.28e+00 v=6.29e+00 p=3.83e-01) cfl=7.85 gmres=7
[newton] it=24 |R|=6.5806e+00 rel=5.097e-02 (u=4.28e+00 v=4.99e+00 p=4.07e-01) cfl=9.81 gmres=6
[newton] it=25 |R|=5.4116e+00 rel=4.191e-02 (u=3.55e+00 v=4.08e+00 p=1.29e-01) cfl=11.9 gmres=7
[newton] it=26 |R|=4.5013e+00 rel=3.486e-02 (u=2.95e+00 v=3.39e+00 p=2.02e-01) cfl=14.3 gmres=6
[newton] it=27 |R|=3.7294e+00 rel=2.889e-02 (u=2.42e+00 v=2.83e+00 p=3.42e-02) cfl=17.3 gmres=8
[newton] it=28 |R|=3.0902e+00 rel=2.393e-02 (u=1.97e+00 v=2.37e+00 p=1.59e-01) cfl=20.9 gmres=5
[newton] it=29 |R|=2.5297e+00 rel=1.959e-02 (u=1.58e+00 v=1.97e+00 p=1.26e-02) cfl=25.5 gmres=6
[newton] it=30 |R|=2.0490e+00 rel=1.587e-02 (u=1.25e+00 v=1.62e+00 p=7.44e-03) cfl=31.5 gmres=6
[newton] it=31 |R|=1.6333e+00 rel=1.265e-02 (u=9.76e-01 v=1.31e+00 p=4.12e-03) cfl=39.5 gmres=6
[newton] it=32 |R|=1.2796e+00 rel=9.911e-03 (u=7.46e-01 v=1.04e+00 p=2.23e-03) cfl=50.5 gmres=5
[newton] it=33 |R|=9.8559e-01 rel=7.634e-03 (u=5.62e-01 v=8.10e-01 p=1.01e-03) cfl=65.5 gmres=5
[newton] it=34 |R|=7.4430e-01 rel=5.765e-03 (u=4.17e-01 v=6.16e-01 p=4.62e-04) cfl=86.7 gmres=6
[newton] it=35 |R|=5.5254e-01 rel=4.280e-03 (u=3.07e-01 v=4.59e-01 p=2.27e-04) cfl=117 gmres=6
[newton] it=36 |R|=4.0430e-01 rel=3.131e-03 (u=2.25e-01 v=3.36e-01 p=1.09e-04) cfl=160 gmres=7
[newton] it=37 |R|=2.9255e-01 rel=2.266e-03 (u=1.64e-01 v=2.42e-01 p=2.52e-03) cfl=221 gmres=7
[newton] it=38 |R|=2.0997e-01 rel=1.626e-03 (u=1.19e-01 v=1.73e-01 p=3.49e-05) cfl=307 gmres=7
[newton] it=39 |R|=1.5004e-01 rel=1.162e-03 (u=8.58e-02 v=1.23e-01 p=1.85e-05) cfl=430 gmres=8
[newton] it=40 |R|=1.0702e-01 rel=8.289e-04 (u=6.16e-02 v=8.75e-02 p=1.18e-05) cfl=603 gmres=8
[newton] it=41 |R|=7.6466e-02 rel=5.923e-04 (u=4.41e-02 v=6.25e-02 p=8.68e-06) cfl=844 gmres=8
[newton] it=42 |R|=5.4979e-02 rel=4.258e-04 (u=3.15e-02 v=4.51e-02 p=6.95e-06) cfl=1.17e+03 gmres=7
[newton] it=43 |R|=3.9876e-02 rel=3.089e-04 (u=2.25e-02 v=3.29e-02 p=5.31e-06) cfl=1.62e+03 gmres=7
[newton] it=44 |R|=2.9317e-02 rel=2.271e-04 (u=1.62e-02 v=2.44e-02 p=4.23e-06) cfl=2.2e+03 gmres=7
[newton] it=45 |R|=2.1899e-02 rel=1.696e-04 (u=1.18e-02 v=1.85e-02 p=3.19e-06) cfl=2.95e+03 gmres=7
[newton] it=46 |R|=1.6628e-02 rel=1.288e-04 (u=8.71e-03 v=1.42e-02 p=2.89e-06) cfl=3.88e+03 gmres=5
[newton] it=47 |R|=1.2817e-02 rel=9.927e-05 (u=6.55e-03 v=1.10e-02 p=1.99e-06) cfl=5.04e+03 gmres=7
[newton] it=48 |R|=9.9975e-03 rel=7.743e-05 (u=5.01e-03 v=8.65e-03 p=1.60e-06) cfl=6.46e+03 gmres=7
[newton] it=49 |R|=7.8598e-03 rel=6.088e-05 (u=3.88e-03 v=6.84e-03 p=1.25e-06) cfl=8.21e+03 gmres=7
[newton] it=50 |R|=6.2034e-03 rel=4.805e-05 (u=3.03e-03 v=5.41e-03 p=9.42e-07) cfl=1.04e+04 gmres=7
[newton] it=51 |R|=4.8981e-03 rel=3.794e-05 (u=2.38e-03 v=4.28e-03 p=7.02e-07) cfl=1.32e+04 gmres=7
[newton] it=52 |R|=3.8584e-03 rel=2.988e-05 (u=1.87e-03 v=3.37e-03 p=5.37e-07) cfl=1.67e+04 gmres=7
[newton] it=53 |R|=3.0261e-03 rel=2.344e-05 (u=1.47e-03 v=2.65e-03 p=3.94e-07) cfl=2.13e+04 gmres=7
[newton] it=54 |R|=2.3597e-03 rel=1.828e-05 (u=1.15e-03 v=2.06e-03 p=3.14e-07) cfl=2.74e+04 gmres=8
[newton] it=55 |R|=1.8276e-03 rel=1.416e-05 (u=8.90e-04 v=1.60e-03 p=2.24e-07) cfl=3.53e+04 gmres=8
[newton] it=56 |R|=1.4050e-03 rel=1.088e-05 (u=6.87e-04 v=1.23e-03 p=1.63e-07) cfl=4.59e+04 gmres=8
[newton] it=57 |R|=1.0717e-03 rel=8.300e-06 (u=5.27e-04 v=9.33e-04 p=1.19e-07) cfl=6.02e+04 gmres=8
[newton] it=58 |R|=8.1076e-04 rel=6.280e-06 (u=4.02e-04 v=7.04e-04 p=7.95e-08) cfl=7.96e+04 gmres=8
[newton] it=59 |R|=6.0818e-04 rel=4.711e-06 (u=3.04e-04 v=5.27e-04 p=5.64e-08) cfl=1.06e+05 gmres=8
[newton] it=60 |R|=4.5223e-04 rel=3.503e-06 (u=2.28e-04 v=3.90e-04 p=3.89e-08) cfl=1.43e+05 gmres=8
[newton] it=61 |R|=3.3322e-04 rel=2.581e-06 (u=1.70e-04 v=2.86e-04 p=2.56e-08) cfl=1.94e+05 gmres=7
[newton] it=62 |R|=2.4325e-04 rel=1.884e-06 (u=1.26e-04 v=2.08e-04 p=1.70e-08) cfl=2.65e+05 gmres=7
[newton] it=63 |R|=1.7586e-04 rel=1.362e-06 (u=9.26e-05 v=1.50e-04 p=1.14e-08) cfl=3.67e+05 gmres=7
[newton] it=64 |R|=1.2589e-04 rel=9.750e-07 (u=6.76e-05 v=1.06e-04 p=7.90e-09) cfl=5.13e+05 gmres=7
[newton] done converged=True reason='' it=64 m_in=2.0000e+02 m_out=2.0000e+02 elapsed=16.5s
--> B_cfl0.5: {'converged': True, 'reason': '', 'n_newton': 64, 'rel_final': 9.75047154254025e-07, 'rel_min': 9.75047154254025e-07, 'elapsed': 16.533918670999924}
===== flat r1 U=2.0 variant C_linesearch =====
[newton] it=0 |R|=1.2911e+02 (u=1.15e+02 v=0.00e+00 p=5.77e+01) cfl=5
[newton] it=1 |R|=8.8812e+01 rel=6.879e-01 (u=7.80e+01 v=3.31e+00 p=4.23e+01) cfl=7.27 gmres=11 (gmres not converged)
[newton] it=2 |R|=8.8121e+01 rel=6.825e-01 (u=7.71e+01 v=4.95e+00 p=4.23e+01) cfl=7.33 gmres=16
[newton] it=3 |R|=8.6231e+01 rel=6.679e-01 (u=7.52e+01 v=4.90e+00 p=4.19e+01) cfl=7.49 gmres=20
[newton] it=4 |R|=8.5215e+01 rel=6.600e-01 (u=7.43e+01 v=5.55e+00 p=4.13e+01) cfl=7.58 gmres=27
[newton] it=5 |R|=8.2122e+01 rel=6.361e-01 (u=7.16e+01 v=7.32e+00 p=3.95e+01) cfl=7.86 gmres=21
[newton] it=6 |R|=8.0922e+01 rel=6.268e-01 (u=7.06e+01 v=7.30e+00 p=3.88e+01) cfl=7.98 gmres=31
[newton] it=7 |R|=7.7591e+01 rel=6.010e-01 (u=6.78e+01 v=9.76e+00 p=3.65e+01) cfl=8.32 gmres=47 (gmres not converged)
[newton] it=8 |R|=7.5301e+01 rel=5.832e-01 (u=6.55e+01 v=1.09e+01 p=3.56e+01) cfl=8.57 gmres=37 (gmres not converged)
[newton] it=9 |R|=6.5125e+01 rel=5.044e-01 (u=5.66e+01 v=1.59e+01 p=2.81e+01) cfl=9.91 gmres=38 (gmres not converged)
[newton] it=10 |R|=6.4469e+01 rel=4.993e-01 (u=5.64e+01 v=1.70e+01 p=2.63e+01) cfl=10 gmres=31 (gmres not converged)
[newton] it=11 |R|=6.4587e+01 rel=5.003e-01 (u=5.65e+01 v=1.70e+01 p=2.62e+01) cfl=9.99 gmres=46 (gmres not converged)
[newton] it=12 |R|=6.3884e+01 rel=4.948e-01 (u=5.64e+01 v=1.91e+01 p=2.30e+01) cfl=10.1 gmres=31 (gmres not converged)
[newton] it=13 |R|=6.2998e+01 rel=4.879e-01 (u=5.53e+01 v=2.12e+01 p=2.15e+01) cfl=10.2 gmres=38 (gmres not converged)
[newton] it=14 |R|=6.2433e+01 rel=4.836e-01 (u=5.43e+01 v=2.41e+01 p=1.93e+01) cfl=10.3 gmres=32 (gmres not converged)
[newton] it=15 |R|=6.0706e+01 rel=4.702e-01 (u=5.30e+01 v=2.45e+01 p=1.67e+01) cfl=10.6 gmres=32 (gmres not converged)
[newton] it=16 |R|=6.0613e+01 rel=4.695e-01 (u=5.35e+01 v=2.59e+01 p=1.19e+01) cfl=10.7 gmres=12
[newton] it=17 |R|=3.9680e+01 rel=3.073e-01 (u=3.45e+01 v=1.58e+01 p=1.15e+01) cfl=16.3 gmres=12
[newton] it=18 |R|=1.6625e+01 rel=1.288e-01 (u=1.23e+01 v=9.10e+00 p=6.44e+00) cfl=32.5 gmres=10
[newton] it=19 |R|=1.1438e+01 rel=8.859e-02 (u=7.59e+00 v=7.44e+00 p=4.23e+00) cfl=47.3 gmres=9
[newton] it=20 |R|=7.2093e+00 rel=5.584e-02 (u=5.24e+00 v=4.59e+00 p=1.87e+00) cfl=75 gmres=6
[newton] it=21 |R|=5.1370e+00 rel=3.979e-02 (u=3.92e+00 v=3.23e+00 p=7.64e-01) cfl=105 gmres=8
[newton] it=22 |R|=4.0941e+00 rel=3.171e-02 (u=3.09e+00 v=2.68e+00 p=2.02e-01) cfl=132 gmres=7
[newton] it=23 |R|=3.3267e+00 rel=2.577e-02 (u=2.45e+00 v=2.25e+00 p=8.14e-02) cfl=163 gmres=9
[newton] it=24 |R|=2.7058e+00 rel=2.096e-02 (u=1.93e+00 v=1.89e+00 p=4.02e-02) cfl=200 gmres=6
[newton] it=25 |R|=2.1927e+00 rel=1.698e-02 (u=1.52e+00 v=1.58e+00 p=2.51e-02) cfl=247 gmres=6
[newton] it=26 |R|=1.7568e+00 rel=1.361e-02 (u=1.18e+00 v=1.31e+00 p=1.35e-02) cfl=308 gmres=7
[newton] it=27 |R|=1.3875e+00 rel=1.075e-02 (u=9.00e-01 v=1.06e+00 p=6.70e-03) cfl=390 gmres=8
[newton] it=28 |R|=1.0749e+00 rel=8.325e-03 (u=6.80e-01 v=8.33e-01 p=3.32e-03) cfl=503 gmres=6
[newton] it=29 |R|=8.1305e-01 rel=6.297e-03 (u=5.04e-01 v=6.38e-01 p=1.71e-03) cfl=665 gmres=7
[newton] it=30 |R|=6.0029e-01 rel=4.649e-03 (u=3.69e-01 v=4.74e-01 p=7.31e-04) cfl=901 gmres=7
[newton] it=31 |R|=4.3236e-01 rel=3.349e-03 (u=2.67e-01 v=3.40e-01 p=3.23e-04) cfl=1.25e+03 gmres=7
[newton] it=32 |R|=3.0607e-01 rel=2.371e-03 (u=1.92e-01 v=2.39e-01 p=1.53e-03) cfl=1.77e+03 gmres=7
[newton] it=33 |R|=2.1500e-01 rel=1.665e-03 (u=1.37e-01 v=1.65e-01 p=6.77e-05) cfl=2.52e+03 gmres=7
[newton] it=34 |R|=1.5117e-01 rel=1.171e-03 (u=9.83e-02 v=1.15e-01 p=3.84e-05) cfl=3.58e+03 gmres=7
[newton] it=35 |R|=1.0728e-01 rel=8.309e-04 (u=7.05e-02 v=8.09e-02 p=2.26e-05) cfl=5.04e+03 gmres=7
[newton] it=36 |R|=7.7298e-02 rel=5.987e-04 (u=5.06e-02 v=5.84e-02 p=1.21e-05) cfl=7e+03 gmres=7
[newton] it=37 |R|=5.6815e-02 rel=4.401e-04 (u=3.66e-02 v=4.35e-02 p=7.03e-06) cfl=9.52e+03 gmres=7
[newton] it=38 |R|=4.2624e-02 rel=3.301e-04 (u=2.67e-02 v=3.32e-02 p=6.58e-06) cfl=1.27e+04 gmres=5
[newton] it=39 |R|=3.2640e-02 rel=2.528e-04 (u=1.98e-02 v=2.60e-02 p=3.87e-06) cfl=1.66e+04 gmres=7
[newton] it=40 |R|=2.5483e-02 rel=1.974e-04 (u=1.49e-02 v=2.07e-02 p=2.82e-06) cfl=2.12e+04 gmres=7
[newton] it=41 |R|=2.0240e-02 rel=1.568e-04 (u=1.15e-02 v=1.67e-02 p=2.11e-06) cfl=2.67e+04 gmres=7
[newton] it=42 |R|=1.6300e-02 rel=1.262e-04 (u=8.98e-03 v=1.36e-02 p=1.78e-06) cfl=3.32e+04 gmres=7
[newton] it=43 |R|=1.3239e-02 rel=1.025e-04 (u=7.10e-03 v=1.12e-02 p=1.08e-06) cfl=4.09e+04 gmres=8
[newton] it=44 |R|=1.0775e-02 rel=8.346e-05 (u=5.63e-03 v=9.19e-03 p=8.72e-07) cfl=5.02e+04 gmres=8
[newton] it=45 |R|=8.7235e-03 rel=6.757e-05 (u=4.45e-03 v=7.50e-03 p=6.92e-07) cfl=6.2e+04 gmres=8
[newton] it=46 |R|=6.9755e-03 rel=5.403e-05 (u=3.49e-03 v=6.04e-03 p=5.26e-07) cfl=7.75e+04 gmres=8
[newton] it=47 |R|=5.4757e-03 rel=4.241e-05 (u=2.71e-03 v=4.76e-03 p=4.04e-07) cfl=9.88e+04 gmres=8
[newton] it=48 |R|=4.1994e-03 rel=3.253e-05 (u=2.08e-03 v=3.65e-03 p=3.11e-07) cfl=1.29e+05 gmres=8
[newton] it=49 |R|=3.1357e-03 rel=2.429e-05 (u=1.58e-03 v=2.71e-03 p=3.23e-07) cfl=1.73e+05 gmres=7
[newton] it=50 |R|=2.2753e-03 rel=1.762e-05 (u=1.18e-03 v=1.94e-03 p=2.05e-07) cfl=2.38e+05 gmres=7
[newton] it=51 |R|=1.6054e-03 rel=1.243e-05 (u=8.80e-04 v=1.34e-03 p=1.46e-07) cfl=3.37e+05 gmres=7
[newton] it=52 |R|=1.1075e-03 rel=8.578e-06 (u=6.52e-04 v=8.95e-04 p=9.01e-08) cfl=4.88e+05 gmres=7
[newton] it=53 |R|=7.5790e-04 rel=5.870e-06 (u=4.82e-04 v=5.85e-04 p=7.44e-08) cfl=7.14e+05 gmres=6
[newton] it=54 |R|=5.2864e-04 rel=4.094e-06 (u=3.56e-04 v=3.91e-04 p=3.44e-08) cfl=1e+06 gmres=6
[newton] it=55 |R|=3.8811e-04 rel=3.006e-06 (u=2.62e-04 v=2.86e-04 p=3.02e-08) cfl=1e+06 gmres=7
[newton] it=56 |R|=3.0324e-04 rel=2.349e-06 (u=1.93e-04 v=2.34e-04 p=2.57e-08) cfl=1e+06 gmres=7
[newton] it=57 |R|=2.4667e-04 rel=1.911e-06 (u=1.42e-04 v=2.02e-04 p=1.91e-08) cfl=1e+06 gmres=7
[newton] it=58 |R|=2.0233e-04 rel=1.567e-06 (u=1.04e-04 v=1.74e-04 p=1.80e-08) cfl=1e+06 gmres=8
[newton] it=59 |R|=1.6375e-04 rel=1.268e-06 (u=7.57e-05 v=1.45e-04 p=1.45e-08) cfl=1e+06 gmres=8
[newton] it=60 |R|=1.2945e-04 rel=1.003e-06 (u=5.48e-05 v=1.17e-04 p=1.11e-08) cfl=1e+06 gmres=8
[newton] it=61 |R|=9.9652e-05 rel=7.718e-07 (u=3.96e-05 v=9.15e-05 p=8.14e-09) cfl=1e+06 gmres=8
[newton] done converged=True reason='' it=61 m_in=2.0000e+02 m_out=2.0000e+02 elapsed=19.3s
--> C_linesearch: {'converged': True, 'reason': '', 'n_newton': 61, 'rel_final': 7.718406411856437e-07, 'rel_min': 7.718406411856437e-07, 'elapsed': 19.255225801999927}
===== flat r1 U=2.0 variant D_first_order =====
[newton] it=0 |R|=1.2911e+02 (u=1.15e+02 v=0.00e+00 p=5.77e+01) cfl=5
[newton] it=1 |R|=4.4352e+03 rel=3.435e+01 (u=4.42e+03 v=1.86e+02 p=2.41e+02) cfl=0.5 gmres=11 (gmres not converged)
[newton] it=2 |R|=5.4197e+03 rel=4.198e+01 (u=5.41e+03 v=2.28e+02 p=1.06e+02) cfl=0.409 gmres=2
[newton] it=3 |R|=2.2846e+04 rel=1.769e+02 (u=2.27e+04 v=2.60e+03 p=8.56e+02) cfl=0.0971 gmres=17
[newton] it=4 |R|=1.6941e+04 rel=1.312e+02 (u=1.68e+04 v=2.33e+03 p=2.88e+02) cfl=0.131 gmres=5
[newton] it=5 |R|=1.4947e+04 rel=1.158e+02 (u=1.49e+04 v=1.14e+03 p=3.43e+02) cfl=0.148 gmres=5
[newton] it=6 |R|=1.3930e+04 rel=1.079e+02 (u=1.37e+04 v=2.64e+03 p=4.53e+02) cfl=0.159 gmres=6
[newton] it=7 |R|=1.2853e+04 rel=9.955e+01 (u=1.24e+04 v=3.40e+03 p=5.93e+02) cfl=0.173 gmres=5
[newton] it=8 |R|=9.9024e+03 rel=7.670e+01 (u=9.85e+03 v=1.06e+03 p=4.55e+01) cfl=0.224 gmres=6
[newton] it=9 |R|=8.6968e+03 rel=6.736e+01 (u=8.65e+03 v=9.02e+02 p=2.24e+02) cfl=0.255 gmres=5
[newton] it=10 |R|=8.4670e+03 rel=6.558e+01 (u=8.28e+03 v=1.75e+03 p=3.68e+02) cfl=0.262 gmres=6
[newton] it=11 |R|=6.2350e+03 rel=4.829e+01 (u=6.07e+03 v=1.42e+03 p=2.11e+02) cfl=0.356 gmres=5
[newton] it=12 |R|=5.0409e+03 rel=3.904e+01 (u=5.00e+03 v=6.10e+02 p=1.07e+02) cfl=0.44 gmres=8
[newton] it=13 |R|=3.6810e+03 rel=2.851e+01 (u=3.66e+03 v=3.92e+02 p=1.17e+02) cfl=0.602 gmres=6
[newton] it=14 |R|=2.7975e+03 rel=2.167e+01 (u=2.62e+03 v=8.16e+02 p=5.27e+02) cfl=0.793 gmres=5
[newton] it=15 |R|=1.6825e+03 rel=1.303e+01 (u=1.65e+03 v=3.09e+02 p=1.56e+02) cfl=1.32 gmres=7
[newton] it=16 |R|=1.5174e+03 rel=1.175e+01 (u=1.40e+03 v=2.68e+02 p=5.26e+02) cfl=1.46 gmres=6
[newton] it=17 |R|=3.4524e+03 rel=2.674e+01 (u=2.93e+03 v=1.81e+03 p=2.15e+02) cfl=0.642 gmres=14
[newton] it=18 |R|=6.7465e+03 rel=5.225e+01 (u=4.43e+03 v=4.94e+03 p=1.25e+03) cfl=0.329 gmres=9
[newton] it=19 |R|=4.6758e+03 rel=3.622e+01 (u=4.17e+03 v=2.10e+03 p=1.80e+02) cfl=0.474 gmres=5
[newton] it=20 |R|=3.2906e+03 rel=2.549e+01 (u=3.00e+03 v=1.33e+03 p=1.83e+02) cfl=0.674 gmres=6
[newton] it=21 |R|=2.0138e+04 rel=1.560e+02 (u=1.04e+04 v=1.70e+04 p=2.95e+03) cfl=0.11 gmres=6
[newton] it=22 |R|=3.7585e+03 rel=2.911e+01 (u=2.92e+03 v=2.29e+03 p=6.07e+02) cfl=0.22 gmres=4
[newton] it=23 |R|=2.1147e+03 rel=1.638e+01 (u=1.77e+03 v=1.16e+03 p=5.16e+01) cfl=0.391 gmres=4
[newton] it=24 |R|=1.9180e+03 rel=1.486e+01 (u=1.57e+03 v=1.09e+03 p=1.45e+02) cfl=0.432 gmres=4
[newton] it=25 |R|=1.3392e+03 rel=1.037e+01 (u=1.08e+03 v=7.88e+02 p=7.91e+01) cfl=0.618 gmres=4
[newton] it=26 |R|=1.0304e+03 rel=7.980e+00 (u=8.50e+02 v=5.75e+02 p=8.87e+01) cfl=0.803 gmres=4
[newton] it=27 |R|=8.3295e+02 rel=6.451e+00 (u=7.31e+02 v=3.89e+02 p=8.87e+01) cfl=0.994 gmres=4
[newton] it=28 |R|=1.6841e+05 rel=1.304e+03 (u=4.09e+04 v=1.63e+05 p=1.71e+03) cfl=0.0994 gmres=6
[newton] it=29 |R|=3.0625e+05 rel=2.372e+03 (u=1.10e+05 v=2.85e+05 p=2.03e+04) cfl=0.0547 gmres=4
[newton] it=30 |R|=2.3718e+05 rel=1.837e+03 (u=9.43e+04 v=2.18e+05 p=6.61e+03) cfl=0.0706 gmres=7
[newton] it=31 |R|=1.2970e+06 rel=1.005e+04 (u=8.77e+05 v=9.56e+05 p=1.81e+04) cfl=0.0129 gmres=79 (gmres not converged)
[newton] it=32 |R|=5.7419e+06 rel=4.447e+04 (u=3.33e+06 v=4.67e+06 p=1.01e+05) cfl=0.00291 gmres=48 (gmres not converged)
[newton] it=33 |R|=8.1707e+07 rel=6.328e+05 (u=5.88e+07 v=5.67e+07 p=1.06e+06) cfl=0.000291 gmres=85 (gmres not converged)
[newton] it=34 |R|=1.7463e+09 rel=1.353e+07 (u=1.18e+09 v=1.28e+09 p=1.04e+08) cfl=2.91e-05 gmres=123 (gmres not converged)
[newton] done converged=False reason='diverged' it=34 m_in=2.0000e+02 m_out=-1.4952e+03 elapsed=7.3s
--> D_first_order: {'converged': False, 'reason': 'diverged', 'n_newton': 34, 'rel_final': 13525345.15967028, 'rel_min': 1.0, 'elapsed': 7.312458932000027}
===== flat r1 U=2.0 variant E_defect_correction =====
[newton] it=0 |R|=1.2911e+02 (u=1.15e+02 v=0.00e+00 p=5.77e+01) cfl=5
[newton] it=1 |R|=4.4593e+03 rel=3.454e+01 (u=4.45e+03 v=2.17e+02 p=2.41e+02) cfl=0.5 gmres=0
[newton] it=2 |R|=5.4311e+03 rel=4.207e+01 (u=5.42e+03 v=2.66e+02 p=1.09e+02) cfl=0.411 gmres=0
[newton] it=3 |R|=5.1471e+03 rel=3.987e+01 (u=5.13e+03 v=4.13e+02 p=2.00e+02) cfl=0.433 gmres=0
[newton] it=4 |R|=5.4300e+03 rel=4.206e+01 (u=5.39e+03 v=5.35e+02 p=3.95e+02) cfl=0.411 gmres=0
[newton] it=5 |R|=6.4627e+03 rel=5.006e+01 (u=6.44e+03 v=4.94e+02 p=2.50e+02) cfl=0.345 gmres=0
[newton] it=6 |R|=1.9161e+03 rel=1.484e+01 (u=1.88e+03 v=3.56e+02 p=1.36e+02) cfl=0.69 gmres=0
[newton] it=7 |R|=1.8268e+03 rel=1.415e+01 (u=1.80e+03 v=3.24e+02 p=8.14e+01) cfl=0.724 gmres=0
[newton] it=8 |R|=1.7109e+03 rel=1.325e+01 (u=1.69e+03 v=2.73e+02 p=7.66e+01) cfl=0.773 gmres=0
[newton] it=9 |R|=1.2420e+03 rel=9.620e+00 (u=1.22e+03 v=2.29e+02 p=5.00e+01) cfl=1.06 gmres=0
[newton] it=10 |R|=9.1430e+02 rel=7.082e+00 (u=8.94e+02 v=1.89e+02 p=3.04e+01) cfl=1.45 gmres=0
[newton] it=11 |R|=6.6545e+02 rel=5.154e+00 (u=6.47e+02 v=1.53e+02 p=2.82e+01) cfl=1.99 gmres=0
[newton] it=12 |R|=4.6040e+02 rel=3.566e+00 (u=4.43e+02 v=1.22e+02 p=2.37e+01) cfl=2.87 gmres=0
[newton] it=13 |R|=3.0431e+02 rel=2.357e+00 (u=2.89e+02 v=9.36e+01 p=1.39e+01) cfl=4.34 gmres=0
[newton] it=14 |R|=2.2768e+02 rel=1.763e+00 (u=2.14e+02 v=7.46e+01 p=2.02e+01) cfl=5.81 gmres=0
[newton] it=15 |R|=2.0873e+02 rel=1.617e+00 (u=1.98e+02 v=6.29e+01 p=2.11e+01) cfl=6.33 gmres=0
[newton] it=16 |R|=1.5412e+02 rel=1.194e+00 (u=1.45e+02 v=5.03e+01 p=1.51e+01) cfl=8.58 gmres=0
[newton] it=17 |R|=7.9038e+01 rel=6.122e-01 (u=6.65e+01 v=4.24e+01 p=5.25e+00) cfl=16.7 gmres=0
[newton] it=18 |R|=6.2795e+01 rel=4.864e-01 (u=5.29e+01 v=3.35e+01 p=4.07e+00) cfl=21.1 gmres=0
[newton] it=19 |R|=4.4771e+01 rel=3.468e-01 (u=3.56e+01 v=2.70e+01 p=3.05e+00) cfl=29.5 gmres=0
[newton] it=20 |R|=3.6081e+01 rel=2.795e-01 (u=2.82e+01 v=2.17e+01 p=5.93e+00) cfl=36.6 gmres=0
[newton] it=21 |R|=2.8003e+01 rel=2.169e-01 (u=2.23e+01 v=1.68e+01 p=1.25e+00) cfl=47.2 gmres=0
[newton] it=22 |R|=2.1690e+01 rel=1.680e-01 (u=1.75e+01 v=1.27e+01 p=1.99e+00) cfl=61 gmres=0
[newton] it=23 |R|=1.7168e+01 rel=1.330e-01 (u=1.40e+01 v=9.74e+00 p=2.01e+00) cfl=77 gmres=0
[newton] it=24 |R|=1.3241e+01 rel=1.026e-01 (u=1.11e+01 v=7.14e+00 p=1.23e+00) cfl=99.8 gmres=0
[newton] it=25 |R|=1.0432e+01 rel=8.080e-02 (u=8.82e+00 v=5.36e+00 p=1.55e+00) cfl=127 gmres=0
[newton] it=26 |R|=8.1863e+00 rel=6.341e-02 (u=7.02e+00 v=4.20e+00 p=3.76e-01) cfl=162 gmres=0
[newton] it=27 |R|=6.5547e+00 rel=5.077e-02 (u=5.61e+00 v=3.38e+00 p=2.28e-01) cfl=202 gmres=0
[newton] it=28 |R|=5.2832e+00 rel=4.092e-02 (u=4.47e+00 v=2.81e+00 p=1.19e-01) cfl=250 gmres=0
[newton] it=29 |R|=4.2880e+00 rel=3.321e-02 (u=3.56e+00 v=2.38e+00 p=8.15e-02) cfl=308 gmres=0
[newton] it=30 |R|=3.5055e+00 rel=2.715e-02 (u=2.84e+00 v=2.06e+00 p=5.91e-02) cfl=377 gmres=0
[newton] it=31 |R|=2.8809e+00 rel=2.231e-02 (u=2.26e+00 v=1.79e+00 p=4.56e-02) cfl=459 gmres=0
[newton] it=32 |R|=2.3742e+00 rel=1.839e-02 (u=1.79e+00 v=1.55e+00 p=3.75e-02) cfl=557 gmres=0
[newton] it=33 |R|=1.9521e+00 rel=1.512e-02 (u=1.41e+00 v=1.35e+00 p=3.18e-02) cfl=677 gmres=0
[newton] it=34 |R|=1.5937e+00 rel=1.234e-02 (u=1.10e+00 v=1.15e+00 p=2.72e-02) cfl=830 gmres=0
[newton] it=35 |R|=1.2865e+00 rel=9.964e-03 (u=8.51e-01 v=9.64e-01 p=2.32e-02) cfl=1.03e+03 gmres=0
[newton] it=36 |R|=1.0233e+00 rel=7.925e-03 (u=6.49e-01 v=7.91e-01 p=1.95e-02) cfl=1.29e+03 gmres=0
[newton] it=37 |R|=7.9967e-01 rel=6.194e-03 (u=4.89e-01 v=6.32e-01 p=1.61e-02) cfl=1.65e+03 gmres=0
[newton] it=38 |R|=6.1296e-01 rel=4.748e-03 (u=3.65e-01 v=4.92e-01 p=1.30e-02) cfl=2.16e+03 gmres=0
[newton] it=39 |R|=4.6061e-01 rel=3.568e-03 (u=2.70e-01 v=3.73e-01 p=1.01e-02) cfl=2.87e+03 gmres=0
[newton] it=40 |R|=3.4061e-01 rel=2.638e-03 (u=2.00e-01 v=2.76e-01 p=7.55e-03) cfl=3.88e+03 gmres=0
[newton] it=41 |R|=2.4976e-01 rel=1.934e-03 (u=1.49e-01 v=2.01e-01 p=5.49e-03) cfl=5.29e+03 gmres=0
[newton] it=42 |R|=1.8368e-01 rel=1.423e-03 (u=1.11e-01 v=1.46e-01 p=3.92e-03) cfl=7.2e+03 gmres=0
[newton] it=43 |R|=1.3731e-01 rel=1.063e-03 (u=8.38e-02 v=1.09e-01 p=2.83e-03) cfl=9.63e+03 gmres=0
[newton] it=44 |R|=1.0516e-01 rel=8.145e-04 (u=6.36e-02 v=8.37e-02 p=2.11e-03) cfl=1.26e+04 gmres=0
[newton] it=45 |R|=8.2316e-02 rel=6.376e-04 (u=4.87e-02 v=6.63e-02 p=1.63e-03) cfl=1.61e+04 gmres=0
[newton] it=46 |R|=6.5378e-02 rel=5.064e-04 (u=3.77e-02 v=5.34e-02 p=1.26e-03) cfl=2.02e+04 gmres=0
[newton] it=47 |R|=5.2568e-02 rel=4.072e-04 (u=2.95e-02 v=4.35e-02 p=9.34e-04) cfl=2.52e+04 gmres=0
[newton] it=48 |R|=4.3062e-02 rel=3.335e-04 (u=2.35e-02 v=3.61e-02 p=6.72e-04) cfl=3.07e+04 gmres=0
[newton] it=49 |R|=3.6225e-02 rel=2.806e-04 (u=1.90e-02 v=3.08e-02 p=5.06e-04) cfl=3.65e+04 gmres=0
[newton] it=50 |R|=3.1257e-02 rel=2.421e-04 (u=1.54e-02 v=2.72e-02 p=4.47e-04) cfl=4.23e+04 gmres=0
[newton] it=51 |R|=2.7320e-02 rel=2.116e-04 (u=1.23e-02 v=2.44e-02 p=4.46e-04) cfl=4.84e+04 gmres=0
[newton] it=52 |R|=2.3813e-02 rel=1.844e-04 (u=9.74e-03 v=2.17e-02 p=4.44e-04) cfl=5.55e+04 gmres=0
[newton] it=53 |R|=2.0475e-02 rel=1.586e-04 (u=7.55e-03 v=1.90e-02 p=4.19e-04) cfl=6.46e+04 gmres=0
[newton] it=54 |R|=1.7297e-02 rel=1.340e-04 (u=5.74e-03 v=1.63e-02 p=3.71e-04) cfl=7.64e+04 gmres=0
[newton] it=55 |R|=1.4380e-02 rel=1.114e-04 (u=4.32e-03 v=1.37e-02 p=3.11e-04) cfl=9.19e+04 gmres=0
[newton] it=56 |R|=1.1827e-02 rel=9.160e-05 (u=3.25e-03 v=1.14e-02 p=2.48e-04) cfl=1.12e+05 gmres=0
[newton] it=57 |R|=9.6900e-03 rel=7.505e-05 (u=2.47e-03 v=9.37e-03 p=1.91e-04) cfl=1.36e+05 gmres=0
[newton] it=58 |R|=7.9591e-03 rel=6.165e-05 (u=1.92e-03 v=7.72e-03 p=1.44e-04) cfl=1.66e+05 gmres=0
[newton] it=59 |R|=6.5782e-03 rel=5.095e-05 (u=1.53e-03 v=6.40e-03 p=1.08e-04) cfl=2.01e+05 gmres=0
[newton] it=60 |R|=5.4720e-03 rel=4.238e-05 (u=1.25e-03 v=5.33e-03 p=8.14e-05) cfl=2.42e+05 gmres=0
[newton] it=61 |R|=4.5693e-03 rel=3.539e-05 (u=1.02e-03 v=4.45e-03 p=6.34e-05) cfl=2.89e+05 gmres=0
[newton] it=62 |R|=3.8174e-03 rel=2.957e-05 (u=8.42e-04 v=3.72e-03 p=5.12e-05) cfl=3.46e+05 gmres=0
[newton] it=63 |R|=3.1809e-03 rel=2.464e-05 (u=6.92e-04 v=3.10e-03 p=4.25e-05) cfl=4.16e+05 gmres=0
[newton] it=64 |R|=2.6368e-03 rel=2.042e-05 (u=5.66e-04 v=2.58e-03 p=3.57e-05) cfl=5.01e+05 gmres=0
[newton] it=65 |R|=2.1716e-03 rel=1.682e-05 (u=4.61e-04 v=2.12e-03 p=3.02e-05) cfl=6.09e+05 gmres=0
[newton] it=66 |R|=1.7762e-03 rel=1.376e-05 (u=3.75e-04 v=1.74e-03 p=2.54e-05) cfl=7.44e+05 gmres=0
[newton] it=67 |R|=1.4430e-03 rel=1.118e-05 (u=3.05e-04 v=1.41e-03 p=2.13e-05) cfl=9.16e+05 gmres=0
[newton] it=68 |R|=1.1646e-03 rel=9.021e-06 (u=2.48e-04 v=1.14e-03 p=1.78e-05) cfl=1e+06 gmres=0
[newton] it=69 |R|=9.3438e-04 rel=7.237e-06 (u=2.03e-04 v=9.12e-04 p=1.48e-05) cfl=1e+06 gmres=0
[newton] it=70 |R|=7.4552e-04 rel=5.774e-06 (u=1.66e-04 v=7.27e-04 p=1.23e-05) cfl=1e+06 gmres=0
[newton] it=71 |R|=5.9179e-04 rel=4.584e-06 (u=1.36e-04 v=5.76e-04 p=1.02e-05) cfl=1e+06 gmres=0
[newton] it=72 |R|=4.6748e-04 rel=3.621e-06 (u=1.12e-04 v=4.54e-04 p=8.42e-06) cfl=1e+06 gmres=0
[newton] it=73 |R|=3.6752e-04 rel=2.847e-06 (u=9.16e-05 v=3.56e-04 p=6.93e-06) cfl=1e+06 gmres=0
[newton] it=74 |R|=2.8752e-04 rel=2.227e-06 (u=7.49e-05 v=2.78e-04 p=5.69e-06) cfl=1e+06 gmres=0
[newton] it=75 |R|=2.2377e-04 rel=1.733e-06 (u=6.11e-05 v=2.15e-04 p=4.65e-06) cfl=1e+06 gmres=0
[newton] it=76 |R|=1.7322e-04 rel=1.342e-06 (u=4.96e-05 v=1.66e-04 p=3.77e-06) cfl=1e+06 gmres=0
[newton] it=77 |R|=1.3331e-04 rel=1.033e-06 (u=4.01e-05 v=1.27e-04 p=3.04e-06) cfl=1e+06 gmres=0
[newton] it=78 |R|=1.0198e-04 rel=7.899e-07 (u=3.23e-05 v=9.67e-05 p=2.44e-06) cfl=1e+06 gmres=0
[newton] done converged=True reason='' it=78 m_in=2.0000e+02 m_out=2.0000e+02 elapsed=13.1s
--> E_defect_correction: {'converged': True, 'reason': '', 'n_newton': 78, 'rel_final': 7.898999446832544e-07, 'rel_min': 7.898999446832544e-07, 'elapsed': 13.097123653999915}
===== flat r1 U=2.0 variant G_floor1_cfl1 =====
[newton] it=0 |R|=1.2911e+02 (u=1.15e+02 v=0.00e+00 p=5.77e+01) cfl=1
[newton] it=1 |R|=4.9714e+02 rel=3.850e+00 (u=3.44e+02 v=3.57e+02 p=3.23e+01) cfl=0.26 gmres=11 (gmres not converged)
[newton] it=2 |R|=3.2443e+02 rel=2.513e+00 (u=2.82e+02 v=1.60e+02 p=4.27e+00) cfl=0.398 gmres=14 (gmres not converged)
[newton] it=3 |R|=1.4028e+02 rel=1.086e+00 (u=1.29e+02 v=5.54e+01 p=6.16e-01) cfl=0.796 gmres=3
[newton] it=4 |R|=8.8881e+01 rel=6.884e-01 (u=7.78e+01 v=4.31e+01 p=3.98e-01) cfl=1.26 gmres=4
[newton] it=5 |R|=6.2316e+01 rel=4.827e-01 (u=5.13e+01 v=3.54e+01 p=4.56e-01) cfl=1.79 gmres=7
[newton] it=6 |R|=4.3818e+01 rel=3.394e-01 (u=3.36e+01 v=2.81e+01 p=9.26e-01) cfl=2.55 gmres=8
[newton] it=7 |R|=3.2514e+01 rel=2.518e-01 (u=2.35e+01 v=2.23e+01 p=2.91e+00) cfl=3.43 gmres=7
[newton] it=8 |R|=2.4147e+01 rel=1.870e-01 (u=1.70e+01 v=1.70e+01 p=1.88e+00) cfl=4.62 gmres=8
[newton] it=9 |R|=1.8437e+01 rel=1.428e-01 (u=1.28e+01 v=1.29e+01 p=3.22e+00) cfl=6.06 gmres=7
[newton] it=10 |R|=1.3885e+01 rel=1.075e-01 (u=9.28e+00 v=1.01e+01 p=2.35e+00) cfl=8.04 gmres=8
[newton] it=11 |R|=1.0734e+01 rel=8.314e-02 (u=7.36e+00 v=7.81e+00 p=2.91e-01) cfl=10.4 gmres=6
[newton] it=12 |R|=8.6814e+00 rel=6.724e-02 (u=5.98e+00 v=6.28e+00 p=4.62e-01) cfl=12.9 gmres=8
[newton] it=13 |R|=7.1854e+00 rel=5.565e-02 (u=5.00e+00 v=5.15e+00 p=1.68e-01) cfl=15.5 gmres=7
[newton] it=14 |R|=6.0307e+00 rel=4.671e-02 (u=4.17e+00 v=4.34e+00 p=2.62e-01) cfl=18.5 gmres=7
[newton] it=15 |R|=5.0418e+00 rel=3.905e-02 (u=3.44e+00 v=3.68e+00 p=1.51e-01) cfl=22.1 gmres=8
[newton] it=16 |R|=4.2023e+00 rel=3.255e-02 (u=2.81e+00 v=3.12e+00 p=2.11e-01) cfl=26.6 gmres=7
[newton] it=17 |R|=3.4613e+00 rel=2.681e-02 (u=2.27e+00 v=2.61e+00 p=1.37e-01) cfl=32.3 gmres=6
[newton] it=18 |R|=2.8213e+00 rel=2.185e-02 (u=1.81e+00 v=2.16e+00 p=1.08e-01) cfl=39.6 gmres=7
[newton] it=19 |R|=2.2702e+00 rel=1.758e-02 (u=1.42e+00 v=1.77e+00 p=1.46e-02) cfl=49.2 gmres=6
[newton] it=20 |R|=1.7998e+00 rel=1.394e-02 (u=1.10e+00 v=1.42e+00 p=9.25e-03) cfl=62 gmres=6
[newton] it=21 |R|=1.4022e+00 rel=1.086e-02 (u=8.43e-01 v=1.12e+00 p=4.50e-03) cfl=79.6 gmres=6
[newton] it=22 |R|=1.0729e+00 rel=8.310e-03 (u=6.35e-01 v=8.65e-01 p=2.28e-03) cfl=104 gmres=8
[newton] it=23 |R|=8.0522e-01 rel=6.237e-03 (u=4.72e-01 v=6.52e-01 p=1.33e-03) cfl=139 gmres=6
[newton] it=24 |R|=5.9294e-01 rel=4.593e-03 (u=3.48e-01 v=4.80e-01 p=5.43e-04) cfl=188 gmres=6
[newton] it=25 |R|=4.2972e-01 rel=3.328e-03 (u=2.55e-01 v=3.46e-01 p=2.52e-04) cfl=260 gmres=6
[newton] it=26 |R|=3.0702e-01 rel=2.378e-03 (u=1.86e-01 v=2.44e-01 p=1.96e-04) cfl=364 gmres=7
[newton] it=27 |R|=2.1725e-01 rel=1.683e-03 (u=1.35e-01 v=1.70e-01 p=5.05e-05) cfl=514 gmres=7
[newton] it=28 |R|=1.5292e-01 rel=1.184e-03 (u=9.81e-02 v=1.17e-01 p=2.49e-05) cfl=730 gmres=8
[newton] it=29 |R|=1.0747e-01 rel=8.324e-04 (u=7.11e-02 v=8.06e-02 p=1.24e-05) cfl=1.04e+03 gmres=8
[newton] it=30 |R|=7.5684e-02 rel=5.862e-04 (u=5.14e-02 v=5.56e-02 p=7.00e-06) cfl=1.48e+03 gmres=8
[newton] it=31 |R|=5.3548e-02 rel=4.147e-04 (u=3.70e-02 v=3.87e-02 p=4.26e-06) cfl=2.08e+03 gmres=8
[newton] it=32 |R|=3.8144e-02 rel=2.954e-04 (u=2.65e-02 v=2.74e-02 p=2.85e-06) cfl=2.93e+03 gmres=8
[newton] it=33 |R|=2.7390e-02 rel=2.121e-04 (u=1.90e-02 v=1.97e-02 p=2.05e-06) cfl=4.08e+03 gmres=8
[newton] it=34 |R|=1.9837e-02 rel=1.536e-04 (u=1.36e-02 v=1.45e-02 p=1.64e-06) cfl=5.63e+03 gmres=8
[newton] it=35 |R|=1.4492e-02 rel=1.122e-04 (u=9.71e-03 v=1.08e-02 p=1.24e-06) cfl=7.7e+03 gmres=8
[newton] it=36 |R|=1.0675e-02 rel=8.268e-05 (u=6.96e-03 v=8.10e-03 p=1.69e-06) cfl=1.05e+04 gmres=7
[newton] it=37 |R|=7.9245e-03 rel=6.138e-05 (u=5.00e-03 v=6.15e-03 p=8.83e-07) cfl=1.41e+04 gmres=7
[newton] it=38 |R|=5.9217e-03 rel=4.587e-05 (u=3.61e-03 v=4.69e-03 p=1.25e-06) cfl=1.89e+04 gmres=6
[newton] it=39 |R|=4.4475e-03 rel=3.445e-05 (u=2.62e-03 v=3.59e-03 p=9.82e-07) cfl=2.51e+04 gmres=6
[newton] it=40 |R|=3.3524e-03 rel=2.597e-05 (u=1.91e-03 v=2.75e-03 p=5.68e-07) cfl=3.33e+04 gmres=7
[newton] it=41 |R|=2.5329e-03 rel=1.962e-05 (u=1.40e-03 v=2.11e-03 p=4.37e-07) cfl=4.41e+04 gmres=7
[newton] it=42 |R|=1.9162e-03 rel=1.484e-05 (u=1.03e-03 v=1.61e-03 p=3.43e-07) cfl=5.83e+04 gmres=7
[newton] it=43 |R|=1.4509e-03 rel=1.124e-05 (u=7.64e-04 v=1.23e-03 p=2.71e-07) cfl=7.7e+04 gmres=7
[newton] it=44 |R|=1.0996e-03 rel=8.517e-06 (u=5.69e-04 v=9.41e-04 p=2.09e-07) cfl=1.02e+05 gmres=7
[newton] it=45 |R|=8.3473e-04 rel=6.465e-06 (u=4.26e-04 v=7.18e-04 p=1.65e-07) cfl=1.34e+05 gmres=7
[newton] it=46 |R|=6.3553e-04 rel=4.922e-06 (u=3.22e-04 v=5.48e-04 p=1.23e-07) cfl=1.76e+05 gmres=7
[newton] it=47 |R|=4.8601e-04 rel=3.764e-06 (u=2.46e-04 v=4.19e-04 p=9.68e-08) cfl=2.3e+05 gmres=7
[newton] it=48 |R|=3.7384e-04 rel=2.896e-06 (u=1.89e-04 v=3.23e-04 p=7.50e-08) cfl=2.99e+05 gmres=6
[newton] it=49 |R|=2.8950e-04 rel=2.242e-06 (u=1.46e-04 v=2.50e-04 p=5.92e-08) cfl=3.86e+05 gmres=5
[newton] it=50 |R|=2.2570e-04 rel=1.748e-06 (u=1.14e-04 v=1.95e-04 p=4.26e-08) cfl=4.95e+05 gmres=10
[newton] it=51 |R|=1.7699e-04 rel=1.371e-06 (u=8.95e-05 v=1.53e-04 p=3.39e-08) cfl=6.31e+05 gmres=7
[newton] it=52 |R|=1.3934e-04 rel=1.079e-06 (u=7.03e-05 v=1.20e-04 p=2.52e-08) cfl=8.01e+05 gmres=7
[newton] it=53 |R|=1.0989e-04 rel=8.511e-07 (u=5.52e-05 v=9.50e-05 p=1.85e-08) cfl=1e+06 gmres=7
[newton] done converged=True reason='' it=53 m_in=2.0000e+02 m_out=2.0000e+02 elapsed=11.1s
--> G_floor1_cfl1: {'converged': True, 'reason': '', 'n_newton': 53, 'rel_final': 8.51101924084322e-07, 'rel_min': 8.51101924084322e-07, 'elapsed': 11.118694346999973}
===== flat r1 U=2.0 variant H_floor1_cfl1_dc =====
[newton] it=0 |R|=1.2911e+02 (u=1.15e+02 v=0.00e+00 p=5.77e+01) cfl=1
[newton] it=1 |R|=4.9771e+02 rel=3.855e+00 (u=3.44e+02 v=3.58e+02 p=3.23e+01) cfl=0.259 gmres=0
[newton] it=2 |R|=3.2230e+02 rel=2.496e+00 (u=2.80e+02 v=1.59e+02 p=4.08e+00) cfl=0.401 gmres=0
[newton] it=3 |R|=1.4411e+02 rel=1.116e+00 (u=1.33e+02 v=5.66e+01 p=9.92e-01) cfl=0.801 gmres=0
[newton] it=4 |R|=9.4023e+01 rel=7.282e-01 (u=8.33e+01 v=4.36e+01 p=7.41e-01) cfl=1.23 gmres=0
[newton] it=5 |R|=6.6827e+01 rel=5.176e-01 (u=5.59e+01 v=3.66e+01 p=1.83e+00) cfl=1.73 gmres=0
[newton] it=6 |R|=4.7487e+01 rel=3.678e-01 (u=3.67e+01 v=2.97e+01 p=4.67e+00) cfl=2.43 gmres=0
[newton] it=7 |R|=3.5717e+01 rel=2.766e-01 (u=2.58e+01 v=2.44e+01 p=3.55e+00) cfl=3.23 gmres=0
[newton] it=8 |R|=2.8377e+01 rel=2.198e-01 (u=2.00e+01 v=1.94e+01 p=5.36e+00) cfl=4.07 gmres=0
[newton] it=9 |R|=2.1570e+01 rel=1.671e-01 (u=1.52e+01 v=1.50e+01 p=3.19e+00) cfl=5.35 gmres=0
[newton] it=10 |R|=1.6543e+01 rel=1.281e-01 (u=1.14e+01 v=1.17e+01 p=2.42e+00) cfl=6.98 gmres=0
[newton] it=11 |R|=1.2814e+01 rel=9.925e-02 (u=8.92e+00 v=9.16e+00 p=8.63e-01) cfl=9.01 gmres=0
[newton] it=12 |R|=1.0301e+01 rel=7.978e-02 (u=7.16e+00 v=7.25e+00 p=1.50e+00) cfl=11.2 gmres=0
[newton] it=13 |R|=8.4546e+00 rel=6.548e-02 (u=5.87e+00 v=5.89e+00 p=1.55e+00) cfl=13.7 gmres=0
[newton] it=14 |R|=6.9797e+00 rel=5.406e-02 (u=4.87e+00 v=4.93e+00 p=8.59e-01) cfl=16.5 gmres=0
[newton] it=15 |R|=5.8771e+00 rel=4.552e-02 (u=4.07e+00 v=4.20e+00 p=6.12e-01) cfl=19.6 gmres=0
[newton] it=16 |R|=4.9293e+00 rel=3.818e-02 (u=3.37e+00 v=3.56e+00 p=5.26e-01) cfl=23.4 gmres=0
[newton] it=17 |R|=4.0855e+00 rel=3.164e-02 (u=2.75e+00 v=2.99e+00 p=3.97e-01) cfl=28.3 gmres=0
[newton] it=18 |R|=3.3643e+00 rel=2.606e-02 (u=2.22e+00 v=2.50e+00 p=3.42e-01) cfl=34.3 gmres=0
[newton] it=19 |R|=2.7438e+00 rel=2.125e-02 (u=1.78e+00 v=2.08e+00 p=1.89e-01) cfl=42.1 gmres=0
[newton] it=20 |R|=2.2220e+00 rel=1.721e-02 (u=1.41e+00 v=1.72e+00 p=9.41e-02) cfl=52 gmres=0
[newton] it=21 |R|=1.7770e+00 rel=1.376e-02 (u=1.10e+00 v=1.39e+00 p=8.10e-02) cfl=65 gmres=0
[newton] it=22 |R|=1.4024e+00 rel=1.086e-02 (u=8.54e-01 v=1.11e+00 p=7.02e-02) cfl=82.3 gmres=0
[newton] it=23 |R|=1.0904e+00 rel=8.445e-03 (u=6.52e-01 v=8.72e-01 p=5.91e-02) cfl=106 gmres=0
[newton] it=24 |R|=8.3306e-01 rel=6.452e-03 (u=4.89e-01 v=6.73e-01 p=4.73e-02) cfl=139 gmres=0
[newton] it=25 |R|=6.2177e-01 rel=4.816e-03 (u=3.62e-01 v=5.05e-01 p=3.55e-02) cfl=186 gmres=0
[newton] it=26 |R|=4.5408e-01 rel=3.517e-03 (u=2.64e-01 v=3.68e-01 p=2.49e-02) cfl=254 gmres=0
[newton] it=27 |R|=3.2468e-01 rel=2.515e-03 (u=1.92e-01 v=2.61e-01 p=1.64e-02) cfl=356 gmres=0
[newton] it=28 |R|=2.2833e-01 rel=1.768e-03 (u=1.40e-01 v=1.80e-01 p=9.91e-03) cfl=506 gmres=0
[newton] it=29 |R|=1.5918e-01 rel=1.233e-03 (u=1.03e-01 v=1.21e-01 p=6.20e-03) cfl=725 gmres=0
[newton] it=30 |R|=1.1099e-01 rel=8.596e-04 (u=7.57e-02 v=8.11e-02 p=3.69e-03) cfl=1.04e+03 gmres=0
[newton] it=31 |R|=7.8112e-02 rel=6.050e-04 (u=5.54e-02 v=5.50e-02 p=2.17e-03) cfl=1.48e+03 gmres=0
[newton] it=32 |R|=5.5736e-02 rel=4.317e-04 (u=4.01e-02 v=3.87e-02 p=1.27e-03) cfl=2.07e+03 gmres=0
[newton] it=33 |R|=4.0364e-02 rel=3.126e-04 (u=2.87e-02 v=2.84e-02 p=7.83e-04) cfl=2.86e+03 gmres=0
[newton] it=34 |R|=2.9699e-02 rel=2.300e-04 (u=2.02e-02 v=2.17e-02 p=5.32e-04) cfl=3.89e+03 gmres=0
[newton] it=35 |R|=2.2255e-02 rel=1.724e-04 (u=1.42e-02 v=1.71e-02 p=4.00e-04) cfl=5.19e+03 gmres=0
[newton] it=36 |R|=1.6986e-02 rel=1.316e-04 (u=9.94e-03 v=1.38e-02 p=3.27e-04) cfl=6.8e+03 gmres=0
[newton] it=37 |R|=1.3203e-02 rel=1.023e-04 (u=7.01e-03 v=1.12e-02 p=2.79e-04) cfl=8.74e+03 gmres=0
[newton] it=38 |R|=1.0427e-02 rel=8.076e-05 (u=5.01e-03 v=9.14e-03 p=2.42e-04) cfl=1.11e+04 gmres=0
[newton] it=39 |R|=8.3333e-03 rel=6.454e-05 (u=3.63e-03 v=7.50e-03 p=2.07e-04) cfl=1.39e+04 gmres=0
[newton] it=40 |R|=6.7109e-03 rel=5.198e-05 (u=2.66e-03 v=6.16e-03 p=1.74e-04) cfl=1.72e+04 gmres=0
[newton] it=41 |R|=5.4273e-03 rel=4.204e-05 (u=1.98e-03 v=5.05e-03 p=1.43e-04) cfl=2.13e+04 gmres=0
[newton] it=42 |R|=4.3974e-03 rel=3.406e-05 (u=1.49e-03 v=4.14e-03 p=1.15e-04) cfl=2.63e+04 gmres=0
[newton] it=43 |R|=3.5645e-03 rel=2.761e-05 (u=1.13e-03 v=3.38e-03 p=9.17e-05) cfl=3.24e+04 gmres=0
[newton] it=44 |R|=2.8878e-03 rel=2.237e-05 (u=8.64e-04 v=2.75e-03 p=7.20e-05) cfl=4e+04 gmres=0
[newton] it=45 |R|=2.3369e-03 rel=1.810e-05 (u=6.68e-04 v=2.24e-03 p=5.61e-05) cfl=4.94e+04 gmres=0
[newton] it=46 |R|=1.8882e-03 rel=1.462e-05 (u=5.22e-04 v=1.81e-03 p=4.35e-05) cfl=6.11e+04 gmres=0
[newton] it=47 |R|=1.5229e-03 rel=1.180e-05 (u=4.11e-04 v=1.47e-03 p=3.36e-05) cfl=7.58e+04 gmres=0
[newton] it=48 |R|=1.2258e-03 rel=9.495e-06 (u=3.27e-04 v=1.18e-03 p=2.61e-05) cfl=9.42e+04 gmres=0
[newton] it=49 |R|=9.8470e-04 rel=7.627e-06 (u=2.62e-04 v=9.49e-04 p=2.02e-05) cfl=1.17e+05 gmres=0
[newton] it=50 |R|=7.8915e-04 rel=6.112e-06 (u=2.11e-04 v=7.60e-04 p=1.58e-05) cfl=1.46e+05 gmres=0
[newton] it=51 |R|=6.3073e-04 rel=4.885e-06 (u=1.70e-04 v=6.07e-04 p=1.24e-05) cfl=1.83e+05 gmres=0
[newton] it=52 |R|=5.0250e-04 rel=3.892e-06 (u=1.37e-04 v=4.83e-04 p=9.73e-06) cfl=2.3e+05 gmres=0
[newton] it=53 |R|=3.9882e-04 rel=3.089e-06 (u=1.11e-04 v=3.83e-04 p=7.68e-06) cfl=2.89e+05 gmres=0
[newton] it=54 |R|=3.1514e-04 rel=2.441e-06 (u=8.89e-05 v=3.02e-04 p=6.08e-06) cfl=3.66e+05 gmres=0
[newton] it=55 |R|=2.4776e-04 rel=1.919e-06 (u=7.13e-05 v=2.37e-04 p=4.81e-06) cfl=4.66e+05 gmres=0
[newton] it=56 |R|=1.9369e-04 rel=1.500e-06 (u=5.70e-05 v=1.85e-04 p=3.81e-06) cfl=5.96e+05 gmres=0
[newton] it=57 |R|=1.5050e-04 rel=1.166e-06 (u=4.54e-05 v=1.43e-04 p=3.02e-06) cfl=7.67e+05 gmres=0
[newton] it=58 |R|=1.1618e-04 rel=8.998e-07 (u=3.61e-05 v=1.10e-04 p=2.38e-06) cfl=9.94e+05 gmres=0
[newton] done converged=True reason='' it=58 m_in=2.0000e+02 m_out=2.0000e+02 elapsed=10.4s
--> H_floor1_cfl1_dc: {'converged': True, 'reason': '', 'n_newton': 58, 'rel_final': 8.998267896763946e-07, 'rel_min': 8.998267896763946e-07, 'elapsed': 10.387342917000069}
===== flat r1 variant F_continuation (U=1 -> U=2) =====
[newton] it=0 |R|=4.0829e+01 (u=2.89e+01 v=0.00e+00 p=2.89e+01) cfl=5
[newton] it=1 |R|=3.9500e+02 rel=9.675e+00 (u=3.89e+02 v=3.74e+01 p=5.91e+01) cfl=0.517 gmres=1
[newton] it=2 |R|=2.5062e+02 rel=6.138e+00 (u=2.48e+02 v=2.82e+01 p=1.96e+01) cfl=0.815 gmres=7
[newton] it=3 |R|=1.6832e+02 rel=4.123e+00 (u=1.65e+02 v=2.81e+01 p=1.28e+01) cfl=1.21 gmres=13
[newton] it=4 |R|=2.0240e+02 rel=4.957e+00 (u=1.93e+02 v=4.46e+01 p=4.14e+01) cfl=1.01 gmres=17
[newton] it=5 |R|=1.2586e+02 rel=3.083e+00 (u=1.20e+02 v=2.83e+01 p=2.59e+01) cfl=1.62 gmres=9
[newton] it=6 |R|=1.0028e+02 rel=2.456e+00 (u=9.72e+01 v=1.74e+01 p=1.73e+01) cfl=2.04 gmres=9
[newton] it=7 |R|=7.5159e+01 rel=1.841e+00 (u=6.10e+01 v=2.26e+01 p=3.76e+01) cfl=2.72 gmres=13
[newton] it=8 |R|=3.3570e+02 rel=8.222e+00 (u=2.69e+02 v=1.87e+02 p=7.37e+01) cfl=0.608 gmres=9
[newton] it=9 |R|=1.9655e+02 rel=4.814e+00 (u=1.35e+02 v=1.15e+02 p=8.55e+01) cfl=1.04 gmres=4
[newton] it=10 |R|=7.5662e+01 rel=1.853e+00 (u=6.09e+01 v=4.45e+01 p=6.09e+00) cfl=2.08 gmres=6
[newton] it=11 |R|=4.5028e+01 rel=1.103e+00 (u=3.43e+01 v=2.71e+01 p=1.09e+01) cfl=3.49 gmres=6
[newton] it=12 |R|=2.3323e+01 rel=5.712e-01 (u=1.80e+01 v=1.29e+01 p=7.44e+00) cfl=6.74 gmres=5
[newton] it=13 |R|=1.1059e+01 rel=2.709e-01 (u=8.70e+00 v=6.20e+00 p=2.86e+00) cfl=13.5 gmres=7
[newton] it=14 |R|=5.2019e+00 rel=1.274e-01 (u=4.16e+00 v=3.04e+00 p=7.35e-01) cfl=27 gmres=8
[newton] it=15 |R|=3.3827e+00 rel=8.285e-02 (u=2.89e+00 v=1.73e+00 p=2.66e-01) cfl=41.5 gmres=10
[newton] it=16 |R|=2.0940e+00 rel=5.129e-02 (u=1.85e+00 v=9.79e-01 p=1.15e-01) cfl=67 gmres=8
[newton] it=17 |R|=1.1648e+00 rel=2.853e-02 (u=1.01e+00 v=5.75e-01 p=3.30e-02) cfl=120 gmres=6
[newton] it=18 |R|=7.5357e-01 rel=1.846e-02 (u=6.64e-01 v=3.57e-01 p=1.17e-02) cfl=186 gmres=7
[newton] it=19 |R|=5.0532e-01 rel=1.238e-02 (u=4.50e-01 v=2.31e-01 p=5.36e-03) cfl=277 gmres=6
[newton] it=20 |R|=3.4605e-01 rel=8.476e-03 (u=3.10e-01 v=1.55e-01 p=1.87e-03) cfl=405 gmres=7
[newton] it=21 |R|=2.3670e-01 rel=5.797e-03 (u=2.11e-01 v=1.08e-01 p=6.24e-04) cfl=592 gmres=6
[newton] it=22 |R|=1.6335e-01 rel=4.001e-03 (u=1.44e-01 v=7.72e-02 p=2.48e-04) cfl=858 gmres=6
[newton] it=23 |R|=1.1314e-01 rel=2.771e-03 (u=9.81e-02 v=5.64e-02 p=9.90e-05) cfl=1.24e+03 gmres=5
[newton] it=24 |R|=7.8519e-02 rel=1.923e-03 (u=6.67e-02 v=4.15e-02 p=3.78e-05) cfl=1.79e+03 gmres=5
[newton] it=25 |R|=5.4472e-02 rel=1.334e-03 (u=4.52e-02 v=3.05e-02 p=1.32e-05) cfl=2.57e+03 gmres=5
[newton] it=26 |R|=3.7785e-02 rel=9.254e-04 (u=3.05e-02 v=2.23e-02 p=5.30e-06) cfl=3.71e+03 gmres=5
[newton] it=27 |R|=2.6235e-02 rel=6.426e-04 (u=2.05e-02 v=1.63e-02 p=2.47e-06) cfl=5.34e+03 gmres=6
[newton] it=28 |R|=1.8257e-02 rel=4.472e-04 (u=1.38e-02 v=1.19e-02 p=1.69e-06) cfl=7.68e+03 gmres=6
[newton] it=29 |R|=1.2771e-02 rel=3.128e-04 (u=9.28e-03 v=8.77e-03 p=1.30e-06) cfl=1.1e+04 gmres=6
[newton] it=30 |R|=9.0183e-03 rel=2.209e-04 (u=6.25e-03 v=6.50e-03 p=1.02e-06) cfl=1.55e+04 gmres=6
[newton] it=31 |R|=6.4576e-03 rel=1.582e-04 (u=4.23e-03 v=4.88e-03 p=8.05e-07) cfl=2.17e+04 gmres=6
[newton] it=32 |R|=4.6996e-03 rel=1.151e-04 (u=2.88e-03 v=3.71e-03 p=2.89e-07) cfl=2.98e+04 gmres=6
[newton] it=33 |R|=3.4653e-03 rel=8.487e-05 (u=1.97e-03 v=2.85e-03 p=2.05e-07) cfl=4.05e+04 gmres=6
[newton] it=34 |R|=2.5666e-03 rel=6.286e-05 (u=1.36e-03 v=2.18e-03 p=1.51e-07) cfl=5.46e+04 gmres=6
[newton] it=35 |R|=1.8895e-03 rel=4.628e-05 (u=9.44e-04 v=1.64e-03 p=1.17e-07) cfl=7.42e+04 gmres=6
[newton] it=36 |R|=1.3706e-03 rel=3.357e-05 (u=6.58e-04 v=1.20e-03 p=9.39e-08) cfl=1.02e+05 gmres=6
[newton] it=37 |R|=9.7484e-04 rel=2.388e-05 (u=4.61e-04 v=8.59e-04 p=7.50e-08) cfl=1.44e+05 gmres=6
[newton] it=38 |R|=6.7959e-04 rel=1.664e-05 (u=3.25e-04 v=5.97e-04 p=5.44e-08) cfl=2.06e+05 gmres=6
[newton] it=39 |R|=4.6678e-04 rel=1.143e-05 (u=2.31e-04 v=4.06e-04 p=1.03e-07) cfl=3e+05 gmres=5
[newton] it=40 |R|=3.1950e-04 rel=7.825e-06 (u=1.65e-04 v=2.74e-04 p=7.11e-08) cfl=4.39e+05 gmres=5
[newton] it=41 |R|=2.2143e-04 rel=5.423e-06 (u=1.18e-04 v=1.88e-04 p=4.29e-08) cfl=6.33e+05 gmres=5
[newton] it=42 |R|=1.5757e-04 rel=3.859e-06 (u=8.42e-05 v=1.33e-04 p=2.22e-08) cfl=8.9e+05 gmres=5
[newton] it=43 |R|=1.1546e-04 rel=2.828e-06 (u=6.01e-05 v=9.86e-05 p=1.14e-08) cfl=1e+06 gmres=5
[newton] it=44 |R|=8.6190e-05 rel=2.111e-06 (u=4.27e-05 v=7.48e-05 p=4.78e-09) cfl=1e+06 gmres=5
[newton] it=45 |R|=6.4514e-05 rel=1.580e-06 (u=3.02e-05 v=5.70e-05 p=2.38e-09) cfl=1e+06 gmres=5
[newton] it=46 |R|=4.7776e-05 rel=1.170e-06 (u=2.12e-05 v=4.28e-05 p=2.00e-09) cfl=1e+06 gmres=5
[newton] it=47 |R|=3.4716e-05 rel=8.503e-07 (u=1.48e-05 v=3.14e-05 p=1.85e-09) cfl=1e+06 gmres=5
[newton] done converged=True reason='' it=47 m_in=1.0000e+02 m_out=1.0000e+02 elapsed=12.9s
    U=1 stage: converged=True it=47
[newton] it=0 |R|=9.3563e+01 (u=8.90e+01 v=3.14e-05 p=2.89e+01) cfl=5
[newton] it=1 |R|=1.1002e+02 rel=1.176e+00 (u=1.00e+02 v=4.43e+01 p=1.16e+01) cfl=4.25 gmres=23 (gmres not converged)
[newton] it=2 |R|=3.9325e+01 rel=4.203e-01 (u=2.85e+01 v=2.06e+01 p=1.76e+01) cfl=8.5 gmres=28 (gmres not converged)
[newton] it=3 |R|=3.1879e+01 rel=3.407e-01 (u=1.36e+01 v=1.75e+01 p=2.29e+01) cfl=10.5 gmres=8
[newton] it=4 |R|=8.5692e+01 rel=9.159e-01 (u=6.76e+01 v=4.04e+01 p=3.37e+01) cfl=3.9 gmres=10
[newton] it=5 |R|=6.3482e+01 rel=6.785e-01 (u=5.48e+01 v=3.03e+01 p=1.05e+01) cfl=5.27 gmres=7
[newton] it=6 |R|=3.4442e+01 rel=3.681e-01 (u=1.30e+01 v=1.33e+01 p=2.90e+01) cfl=9.71 gmres=10
[newton] it=7 |R|=2.1968e+03 rel=2.348e+01 (u=2.16e+03 v=3.84e+02 p=8.03e+01) cfl=0.971 gmres=14
[newton] it=8 |R|=4.9558e+05 rel=5.297e+03 (u=4.94e+04 v=4.93e+05 p=1.95e+03) cfl=0.0971 gmres=13
[newton] it=9 |R|=1.2385e+06 rel=1.324e+04 (u=5.76e+05 v=1.09e+06 p=6.05e+04) cfl=0.0389 gmres=8
[newton] it=10 |R|=9.1785e+05 rel=9.810e+03 (u=1.91e+05 v=8.98e+05 p=1.42e+04) cfl=0.0524 gmres=11
[newton] it=11 |R|=1.2340e+07 rel=1.319e+05 (u=8.78e+06 v=8.67e+06 p=2.62e+05) cfl=0.00524 gmres=81 (gmres not converged)
[newton] it=12 |R|=6.9207e+07 rel=7.397e+05 (u=6.33e+07 v=2.79e+07 p=1.85e+06) cfl=0.000935 gmres=53 (gmres not converged)
[newton] it=13 |R|=6.5875e+07 rel=7.041e+05 (u=4.87e+07 v=4.43e+07 p=9.81e+05) cfl=0.000982 gmres=73 (gmres not converged)
[newton] it=14 |R|=3.0467e+12 rel=3.256e+10 (u=7.40e+11 v=2.96e+12 p=1.52e+09) cfl=9.82e-05 gmres=135 (gmres not converged)
[newton] done converged=False reason='diverged' it=14 m_in=2.0000e+02 m_out=-6.9515e+04 elapsed=5.9s
--> F_continuation: {'converged': False, 'reason': 'diverged', 'n_newton': 14, 'rel_final': 32563573109.320835, 'rel_min': 0.34071899832381725, 'elapsed': 18.79741960199999, 'stage1_converged': True}

==== summary ====
A_baseline             conv=False reason=max_iter     it= 80 rel_final=1.53e+01 rel_min=1.00e+00
B_cfl0.5               conv=True  reason=             it= 64 rel_final=9.75e-07 rel_min=9.75e-07
C_linesearch           conv=True  reason=             it= 61 rel_final=7.72e-07 rel_min=7.72e-07
D_first_order          conv=False reason=diverged     it= 34 rel_final=1.35e+07 rel_min=1.00e+00
E_defect_correction    conv=True  reason=             it= 78 rel_final=7.90e-07 rel_min=7.90e-07
G_floor1_cfl1          conv=True  reason=             it= 53 rel_final=8.51e-07 rel_min=8.51e-07
H_floor1_cfl1_dc       conv=True  reason=             it= 58 rel_final=9.00e-07 rel_min=9.00e-07
F_continuation         conv=False reason=diverged     it= 14 rel_final=3.26e+10 rel_min=3.41e-01
[ProcessDiagnostics] レポート出力: /home/user/ykep-cae/docs/generated/process_usage_report.md
