===== flat_r1_U2_nofloor_alpha1 =====
[nsb] it=0 |R|=1.2911e+02 cfl=0.5
[nsb] it=1 |R_tau|=1.1444e+04 rel=8.864e+01 |R_steady|/|R0|=8.864e+01 cfl=0.5 dtau=[1.00e+30,1.00e+30] gmres=1
[nsb] it=2 |R_tau|=4.6136e+03 rel=3.573e+01 |R_steady|/|R0|=3.573e+01 cfl=0.05 dtau=[1.31e-05,5.26e-01] gmres=2
[nsb] it=3 |R_tau|=4.6648e+03 rel=3.613e+01 |R_steady|/|R0|=3.613e+01 cfl=0.1 dtau=[2.66e-05,1.04e+00] gmres=3
[nsb] it=4 |R_tau|=5.2781e+03 rel=4.088e+01 |R_steady|/|R0|=4.088e+01 cfl=0.0989 dtau=[2.70e-05,9.66e-01] gmres=4
[nsb] it=5 |R_tau|=5.3745e+03 rel=4.163e+01 |R_steady|/|R0|=4.163e+01 cfl=0.0874 dtau=[2.45e-05,8.20e-01] gmres=4
[nsb] it=6 |R_tau|=5.4588e+03 rel=4.228e+01 |R_steady|/|R0|=4.228e+01 cfl=0.0858 dtau=[2.49e-05,7.37e-01] gmres=4
[nsb] it=7 |R_tau|=5.4804e+03 rel=4.245e+01 |R_steady|/|R0|=4.245e+01 cfl=0.0845 dtau=[2.54e-05,7.38e-01] gmres=4
[nsb] it=8 |R_tau|=6.6337e+03 rel=5.138e+01 |R_steady|/|R0|=5.138e+01 cfl=0.0842 dtau=[2.63e-05,7.34e-01] gmres=5
[nsb] it=9 |R_tau|=7.1764e+03 rel=5.558e+01 |R_steady|/|R0|=5.558e+01 cfl=0.0695 dtau=[2.22e-05,6.06e-01] gmres=4
[nsb] it=10 |R_tau|=6.7954e+03 rel=5.263e+01 |R_steady|/|R0|=5.263e+01 cfl=0.0643 dtau=[2.06e-05,5.89e-01] gmres=6
[nsb] it=11 |R_tau|=6.7644e+03 rel=5.239e+01 |R_steady|/|R0|=5.239e+01 cfl=0.0679 dtau=[2.19e-05,6.85e-01] gmres=7
[nsb] it=12 |R_tau|=7.9985e+03 rel=6.195e+01 |R_steady|/|R0|=6.195e+01 cfl=0.0682 dtau=[2.21e-05,6.03e-01] gmres=12
[nsb] it=13 |R_tau|=7.2398e+03 rel=5.607e+01 |R_steady|/|R0|=5.607e+01 cfl=0.0577 dtau=[1.88e-05,5.35e-01] gmres=5
[nsb] it=14 |R_tau|=7.1612e+03 rel=5.547e+01 |R_steady|/|R0|=5.547e+01 cfl=0.0637 dtau=[2.09e-05,5.48e-01] gmres=5
[nsb] it=15 |R_tau|=7.5787e+03 rel=5.870e+01 |R_steady|/|R0|=5.870e+01 cfl=0.0644 dtau=[2.12e-05,5.58e-01] gmres=5
[nsb] it=16 |R_tau|=4.8046e+04 rel=3.721e+02 |R_steady|/|R0|=3.721e+02 cfl=0.0609 dtau=[2.01e-05,4.92e-01] gmres=10
[nsb] it=17 |R_tau|=2.6069e+04 rel=2.019e+02 |R_steady|/|R0|=2.019e+02 cfl=0.0096 dtau=[2.06e-06,1.35e-01] gmres=4
[nsb] it=18 |R_tau|=8.1037e+04 rel=6.277e+02 |R_steady|/|R0|=6.277e+02 cfl=0.0177 dtau=[3.82e-06,8.84e-02] gmres=11
[nsb] it=19 |R_tau|=9.1603e+04 rel=7.095e+02 |R_steady|/|R0|=7.095e+02 cfl=0.00569 dtau=[3.37e-07,1.14e-01] gmres=6
[nsb] it=20 |R_tau|=8.3815e+04 rel=6.492e+02 |R_steady|/|R0|=6.492e+02 cfl=0.00504 dtau=[2.99e-07,8.56e-03] gmres=7
[nsb] it=21 |R_tau|=8.2402e+04 rel=6.382e+02 |R_steady|/|R0|=6.382e+02 cfl=0.0055 dtau=[3.27e-07,2.45e-02] gmres=5
[nsb] it=22 |R_tau|=8.1329e+04 rel=6.299e+02 |R_steady|/|R0|=6.299e+02 cfl=0.0056 dtau=[3.34e-07,3.20e-02] gmres=4
[nsb] it=23 |R_tau|=8.0495e+04 rel=6.235e+02 |R_steady|/|R0|=6.235e+02 cfl=0.00567 dtau=[3.39e-07,4.08e-02] gmres=3
[nsb] it=24 |R_tau|=7.9761e+04 rel=6.178e+02 |R_steady|/|R0|=6.178e+02 cfl=0.00573 dtau=[3.43e-07,1.50e-02] gmres=4
[nsb] it=25 |R_tau|=7.9092e+04 rel=6.126e+02 |R_steady|/|R0|=6.126e+02 cfl=0.00578 dtau=[3.47e-07,1.74e-02] gmres=4
[nsb] it=26 |R_tau|=7.8488e+04 rel=6.079e+02 |R_steady|/|R0|=6.079e+02 cfl=0.00583 dtau=[3.51e-07,2.32e-02] gmres=4
[nsb] it=27 |R_tau|=7.7981e+04 rel=6.040e+02 |R_steady|/|R0|=6.040e+02 cfl=0.00588 dtau=[3.54e-07,1.47e-01] gmres=4
[nsb] it=28 |R_tau|=7.7558e+04 rel=6.007e+02 |R_steady|/|R0|=6.007e+02 cfl=0.00592 dtau=[3.57e-07,2.29e-02] gmres=4
[nsb] it=29 |R_tau|=7.7166e+04 rel=5.977e+02 |R_steady|/|R0|=5.977e+02 cfl=0.00595 dtau=[3.60e-07,3.40e-02] gmres=4
[nsb] it=30 |R_tau|=7.6746e+04 rel=5.944e+02 |R_steady|/|R0|=5.944e+02 cfl=0.00598 dtau=[3.63e-07,4.84e-02] gmres=4
[nsb] it=31 |R_tau|=7.6407e+04 rel=5.918e+02 |R_steady|/|R0|=5.918e+02 cfl=0.00601 dtau=[3.66e-07,9.19e-02] gmres=4
[nsb] it=32 |R_tau|=7.6064e+04 rel=5.891e+02 |R_steady|/|R0|=5.891e+02 cfl=0.00604 dtau=[3.68e-07,9.30e-02] gmres=4
[nsb] it=33 |R_tau|=7.5709e+04 rel=5.864e+02 |R_steady|/|R0|=5.864e+02 cfl=0.00607 dtau=[3.71e-07,7.43e-02] gmres=5
[nsb] it=34 |R_tau|=7.5367e+04 rel=5.837e+02 |R_steady|/|R0|=5.837e+02 cfl=0.00609 dtau=[3.74e-07,5.91e-02] gmres=6
[nsb] it=35 |R_tau|=7.5049e+04 rel=5.813e+02 |R_steady|/|R0|=5.813e+02 cfl=0.00612 dtau=[3.76e-07,5.81e-02] gmres=6
[nsb] it=36 |R_tau|=7.4714e+04 rel=5.787e+02 |R_steady|/|R0|=5.787e+02 cfl=0.00615 dtau=[3.79e-07,5.92e-02] gmres=4
[nsb] it=37 |R_tau|=7.4398e+04 rel=5.762e+02 |R_steady|/|R0|=5.762e+02 cfl=0.00618 dtau=[3.81e-07,6.15e-02] gmres=4
[nsb] it=38 |R_tau|=7.4061e+04 rel=5.736e+02 |R_steady|/|R0|=5.736e+02 cfl=0.0062 dtau=[3.84e-07,8.38e-02] gmres=4
[nsb] it=39 |R_tau|=7.3768e+04 rel=5.714e+02 |R_steady|/|R0|=5.714e+02 cfl=0.00623 dtau=[3.87e-07,2.02e-01] gmres=4
[nsb] it=40 |R_tau|=7.3466e+04 rel=5.690e+02 |R_steady|/|R0|=5.690e+02 cfl=0.00625 dtau=[3.89e-07,6.28e-02] gmres=4
[nsb] it=41 |R_tau|=7.3134e+04 rel=5.664e+02 |R_steady|/|R0|=5.664e+02 cfl=0.00628 dtau=[3.92e-07,5.53e-02] gmres=4
[nsb] it=42 |R_tau|=7.2780e+04 rel=5.637e+02 |R_steady|/|R0|=5.637e+02 cfl=0.00631 dtau=[3.95e-07,6.41e-02] gmres=4
[nsb] it=43 |R_tau|=7.3710e+04 rel=5.709e+02 |R_steady|/|R0|=5.709e+02 cfl=0.00634 dtau=[3.98e-07,8.88e-02] gmres=4
[nsb] it=44 |R_tau|=7.2129e+04 rel=5.587e+02 |R_steady|/|R0|=5.587e+02 cfl=0.00626 dtau=[3.94e-07,1.46e-01] gmres=3
[nsb] it=45 |R_tau|=7.3858e+04 rel=5.721e+02 |R_steady|/|R0|=5.721e+02 cfl=0.0064 dtau=[4.03e-07,3.22e-01] gmres=5
[nsb] it=46 |R_tau|=7.3600e+04 rel=5.701e+02 |R_steady|/|R0|=5.701e+02 cfl=0.00625 dtau=[3.95e-07,6.10e-01] gmres=7
[nsb] it=47 |R_tau|=7.1476e+04 rel=5.536e+02 |R_steady|/|R0|=5.536e+02 cfl=0.00627 dtau=[3.97e-07,1.10e-01] gmres=5
[nsb] it=48 |R_tau|=7.1151e+04 rel=5.511e+02 |R_steady|/|R0|=5.511e+02 cfl=0.00645 dtau=[4.10e-07,3.77e-01] gmres=4
[nsb] it=49 |R_tau|=7.1018e+04 rel=5.501e+02 |R_steady|/|R0|=5.501e+02 cfl=0.00648 dtau=[4.13e-07,2.11e-01] gmres=4
[nsb] it=50 |R_tau|=7.0933e+04 rel=5.494e+02 |R_steady|/|R0|=5.494e+02 cfl=0.0065 dtau=[4.15e-07,1.92e-01] gmres=4
[nsb] it=51 |R_tau|=7.0905e+04 rel=5.492e+02 |R_steady|/|R0|=5.492e+02 cfl=0.0065 dtau=[4.17e-07,1.64e-01] gmres=7
[nsb] it=52 |R_tau|=7.0954e+04 rel=5.496e+02 |R_steady|/|R0|=5.496e+02 cfl=0.00651 dtau=[4.18e-07,1.38e-01] gmres=7
[nsb] it=53 |R_tau|=7.1141e+04 rel=5.510e+02 |R_steady|/|R0|=5.510e+02 cfl=0.0065 dtau=[4.19e-07,1.14e-01] gmres=4
[nsb] it=54 |R_tau|=7.1547e+04 rel=5.542e+02 |R_steady|/|R0|=5.542e+02 cfl=0.00649 dtau=[4.19e-07,1.04e-01] gmres=7
[nsb] it=55 |R_tau|=7.2687e+04 rel=5.630e+02 |R_steady|/|R0|=5.630e+02 cfl=0.00645 dtau=[4.18e-07,9.62e-02] gmres=4
[nsb] it=56 |R_tau|=7.0638e+04 rel=5.471e+02 |R_steady|/|R0|=5.471e+02 cfl=0.00635 dtau=[4.13e-07,8.08e-02] gmres=5
[nsb] it=57 |R_tau|=7.2853e+04 rel=5.643e+02 |R_steady|/|R0|=5.643e+02 cfl=0.00653 dtau=[4.26e-07,9.76e-02] gmres=4
[nsb] it=58 |R_tau|=7.2583e+04 rel=5.622e+02 |R_steady|/|R0|=5.622e+02 cfl=0.00633 dtau=[4.14e-07,7.38e-02] gmres=4
[nsb] it=59 |R_tau|=7.2331e+04 rel=5.602e+02 |R_steady|/|R0|=5.602e+02 cfl=0.00636 dtau=[4.17e-07,8.74e-02] gmres=4
[nsb] it=60 |R_tau|=7.2122e+04 rel=5.586e+02 |R_steady|/|R0|=5.586e+02 cfl=0.00638 dtau=[4.20e-07,7.32e-02] gmres=4
[nsb] it=61 |R_tau|=7.1898e+04 rel=5.569e+02 |R_steady|/|R0|=5.569e+02 cfl=0.0064 dtau=[4.22e-07,7.43e-02] gmres=4
[nsb] it=62 |R_tau|=7.1624e+04 rel=5.548e+02 |R_steady|/|R0|=5.548e+02 cfl=0.00642 dtau=[4.25e-07,7.89e-02] gmres=7
[nsb] it=63 |R_tau|=7.1351e+04 rel=5.526e+02 |R_steady|/|R0|=5.526e+02 cfl=0.00644 dtau=[4.28e-07,7.38e-02] gmres=4
[nsb] it=64 |R_tau|=7.1070e+04 rel=5.505e+02 |R_steady|/|R0|=5.505e+02 cfl=0.00647 dtau=[4.31e-07,7.46e-02] gmres=4
[nsb] it=65 |R_tau|=7.0779e+04 rel=5.482e+02 |R_steady|/|R0|=5.482e+02 cfl=0.00649 dtau=[4.34e-07,7.80e-02] gmres=4
[nsb] it=66 |R_tau|=7.0444e+04 rel=5.456e+02 |R_steady|/|R0|=5.456e+02 cfl=0.00652 dtau=[4.37e-07,7.97e-02] gmres=4
[nsb] it=67 |R_tau|=7.0093e+04 rel=5.429e+02 |R_steady|/|R0|=5.429e+02 cfl=0.00655 dtau=[4.40e-07,8.15e-02] gmres=4
[nsb] it=68 |R_tau|=6.9744e+04 rel=5.402e+02 |R_steady|/|R0|=5.402e+02 cfl=0.00658 dtau=[4.44e-07,8.63e-02] gmres=4
[nsb] it=69 |R_tau|=6.9394e+04 rel=5.375e+02 |R_steady|/|R0|=5.375e+02 cfl=0.00662 dtau=[4.47e-07,9.16e-02] gmres=4
[nsb] it=70 |R_tau|=6.9040e+04 rel=5.347e+02 |R_steady|/|R0|=5.347e+02 cfl=0.00665 dtau=[4.51e-07,9.60e-02] gmres=4
[nsb] it=71 |R_tau|=6.8677e+04 rel=5.319e+02 |R_steady|/|R0|=5.319e+02 cfl=0.00668 dtau=[4.55e-07,1.03e-01] gmres=4
[nsb] it=72 |R_tau|=6.8308e+04 rel=5.291e+02 |R_steady|/|R0|=5.291e+02 cfl=0.00672 dtau=[4.59e-07,1.10e-01] gmres=4
[nsb] it=73 |R_tau|=6.7934e+04 rel=5.262e+02 |R_steady|/|R0|=5.262e+02 cfl=0.00675 dtau=[4.62e-07,1.20e-01] gmres=4
[nsb] it=74 |R_tau|=6.7558e+04 rel=5.233e+02 |R_steady|/|R0|=5.233e+02 cfl=0.00679 dtau=[4.67e-07,1.23e-01] gmres=4
[nsb] it=75 |R_tau|=6.7164e+04 rel=5.202e+02 |R_steady|/|R0|=5.202e+02 cfl=0.00683 dtau=[4.71e-07,1.29e-01] gmres=4
[nsb] it=76 |R_tau|=6.6897e+04 rel=5.181e+02 |R_steady|/|R0|=5.181e+02 cfl=0.00687 dtau=[4.75e-07,1.40e-01] gmres=4
[nsb] it=77 |R_tau|=6.6426e+04 rel=5.145e+02 |R_steady|/|R0|=5.145e+02 cfl=0.0069 dtau=[4.78e-07,1.60e-01] gmres=4
[nsb] it=78 |R_tau|=6.6053e+04 rel=5.116e+02 |R_steady|/|R0|=5.116e+02 cfl=0.00695 dtau=[4.83e-07,1.77e-01] gmres=4
[nsb] it=79 |R_tau|=6.5681e+04 rel=5.087e+02 |R_steady|/|R0|=5.087e+02 cfl=0.00698 dtau=[4.88e-07,1.86e-01] gmres=5
[nsb] it=80 |R_tau|=6.5305e+04 rel=5.058e+02 |R_steady|/|R0|=5.058e+02 cfl=0.00702 dtau=[4.92e-07,2.06e-01] gmres=5
[nsb] it=81 |R_tau|=6.4920e+04 rel=5.028e+02 |R_steady|/|R0|=5.028e+02 cfl=0.00706 dtau=[4.97e-07,2.25e-01] gmres=5
[nsb] it=82 |R_tau|=6.4535e+04 rel=4.998e+02 |R_steady|/|R0|=4.998e+02 cfl=0.00711 dtau=[5.01e-07,2.99e-01] gmres=5
[nsb] it=83 |R_tau|=6.4151e+04 rel=4.969e+02 |R_steady|/|R0|=4.969e+02 cfl=0.00715 dtau=[5.06e-07,3.26e-01] gmres=5
[nsb] it=84 |R_tau|=6.3749e+04 rel=4.938e+02 |R_steady|/|R0|=4.938e+02 cfl=0.00719 dtau=[5.11e-07,4.21e-01] gmres=5
[nsb] it=85 |R_tau|=6.3354e+04 rel=4.907e+02 |R_steady|/|R0|=4.907e+02 cfl=0.00724 dtau=[5.16e-07,5.45e-01] gmres=5
[nsb] it=86 |R_tau|=6.2957e+04 rel=4.876e+02 |R_steady|/|R0|=4.876e+02 cfl=0.00728 dtau=[5.21e-07,5.88e-01] gmres=5
[nsb] it=87 |R_tau|=6.2556e+04 rel=4.845e+02 |R_steady|/|R0|=4.845e+02 cfl=0.00733 dtau=[5.26e-07,6.12e-01] gmres=5
[nsb] it=88 |R_tau|=6.2155e+04 rel=4.814e+02 |R_steady|/|R0|=4.814e+02 cfl=0.00738 dtau=[5.31e-07,6.26e-01] gmres=5
[nsb] it=89 |R_tau|=6.1754e+04 rel=4.783e+02 |R_steady|/|R0|=4.783e+02 cfl=0.00742 dtau=[5.37e-07,8.30e-01] gmres=5
[nsb] it=90 |R_tau|=6.1352e+04 rel=4.752e+02 |R_steady|/|R0|=4.752e+02 cfl=0.00747 dtau=[5.42e-07,9.03e-01] gmres=5
[nsb] it=91 |R_tau|=6.0951e+04 rel=4.721e+02 |R_steady|/|R0|=4.721e+02 cfl=0.00752 dtau=[5.48e-07,8.92e-01] gmres=5
[nsb] it=92 |R_tau|=6.0548e+04 rel=4.690e+02 |R_steady|/|R0|=4.690e+02 cfl=0.00757 dtau=[5.54e-07,1.19e+00] gmres=5
[nsb] it=93 |R_tau|=6.0159e+04 rel=4.660e+02 |R_steady|/|R0|=4.660e+02 cfl=0.00762 dtau=[5.59e-07,1.37e+00] gmres=5
[nsb] it=94 |R_tau|=5.9708e+04 rel=4.625e+02 |R_steady|/|R0|=4.625e+02 cfl=0.00767 dtau=[5.65e-07,1.47e+00] gmres=3
[nsb] it=95 |R_tau|=5.9284e+04 rel=4.592e+02 |R_steady|/|R0|=4.592e+02 cfl=0.00773 dtau=[5.72e-07,1.19e+00] gmres=3
[nsb] it=96 |R_tau|=5.8875e+04 rel=4.560e+02 |R_steady|/|R0|=4.560e+02 cfl=0.00778 dtau=[5.78e-07,2.46e+00] gmres=3
[nsb] it=97 |R_tau|=5.8474e+04 rel=4.529e+02 |R_steady|/|R0|=4.529e+02 cfl=0.00784 dtau=[5.84e-07,2.08e+00] gmres=3
[nsb] it=98 |R_tau|=5.8072e+04 rel=4.498e+02 |R_steady|/|R0|=4.498e+02 cfl=0.00789 dtau=[5.91e-07,2.50e+00] gmres=3
[nsb] it=99 |R_tau|=5.7673e+04 rel=4.467e+02 |R_steady|/|R0|=4.467e+02 cfl=0.00794 dtau=[5.97e-07,2.30e+00] gmres=3
[nsb] it=100 |R_tau|=5.7276e+04 rel=4.436e+02 |R_steady|/|R0|=4.436e+02 cfl=0.008 dtau=[6.04e-07,2.72e+00] gmres=3
[nsb] it=101 |R_tau|=5.6947e+04 rel=4.411e+02 |R_steady|/|R0|=4.411e+02 cfl=0.00806 dtau=[6.10e-07,7.83e-01] gmres=4
[nsb] it=102 |R_tau|=5.6542e+04 rel=4.379e+02 |R_steady|/|R0|=4.379e+02 cfl=0.0081 dtau=[6.16e-07,2.58e+00] gmres=5
[nsb] it=103 |R_tau|=5.6113e+04 rel=4.346e+02 |R_steady|/|R0|=4.346e+02 cfl=0.00816 dtau=[6.23e-07,7.43e-01] gmres=5
[nsb] it=104 |R_tau|=5.5681e+04 rel=4.313e+02 |R_steady|/|R0|=4.313e+02 cfl=0.00822 dtau=[6.31e-07,5.93e-01] gmres=5
[nsb] it=105 |R_tau|=5.5245e+04 rel=4.279e+02 |R_steady|/|R0|=4.279e+02 cfl=0.00829 dtau=[6.39e-07,5.85e-01] gmres=4
[nsb] it=106 |R_tau|=5.4815e+04 rel=4.246e+02 |R_steady|/|R0|=4.246e+02 cfl=0.00835 dtau=[6.46e-07,3.89e-01] gmres=4
[nsb] it=107 |R_tau|=5.4389e+04 rel=4.213e+02 |R_steady|/|R0|=4.213e+02 cfl=0.00842 dtau=[6.54e-07,4.56e-01] gmres=4
[nsb] it=108 |R_tau|=5.3965e+04 rel=4.180e+02 |R_steady|/|R0|=4.180e+02 cfl=0.00848 dtau=[6.62e-07,3.53e-01] gmres=4
[nsb] it=109 |R_tau|=5.3545e+04 rel=4.147e+02 |R_steady|/|R0|=4.147e+02 cfl=0.00855 dtau=[6.71e-07,2.82e-01] gmres=4
[nsb] it=110 |R_tau|=5.3139e+04 rel=4.116e+02 |R_steady|/|R0|=4.116e+02 cfl=0.00862 dtau=[6.79e-07,2.66e-01] gmres=4
[nsb] it=111 |R_tau|=5.2716e+04 rel=4.083e+02 |R_steady|/|R0|=4.083e+02 cfl=0.00868 dtau=[6.87e-07,2.36e-01] gmres=4
[nsb] it=112 |R_tau|=5.2303e+04 rel=4.051e+02 |R_steady|/|R0|=4.051e+02 cfl=0.00875 dtau=[6.96e-07,2.30e-01] gmres=4
[nsb] it=113 |R_tau|=5.1894e+04 rel=4.019e+02 |R_steady|/|R0|=4.019e+02 cfl=0.00882 dtau=[7.05e-07,2.28e-01] gmres=4
[nsb] it=114 |R_tau|=5.1490e+04 rel=3.988e+02 |R_steady|/|R0|=3.988e+02 cfl=0.00889 dtau=[7.14e-07,2.38e-01] gmres=4
[nsb] it=115 |R_tau|=5.1090e+04 rel=3.957e+02 |R_steady|/|R0|=3.957e+02 cfl=0.00896 dtau=[7.23e-07,2.46e-01] gmres=4
[nsb] it=116 |R_tau|=5.0696e+04 rel=3.927e+02 |R_steady|/|R0|=3.927e+02 cfl=0.00903 dtau=[7.32e-07,2.66e-01] gmres=4
[nsb] it=117 |R_tau|=5.0305e+04 rel=3.896e+02 |R_steady|/|R0|=3.896e+02 cfl=0.0091 dtau=[7.41e-07,2.31e-01] gmres=4
[nsb] it=118 |R_tau|=4.9916e+04 rel=3.866e+02 |R_steady|/|R0|=3.866e+02 cfl=0.00917 dtau=[7.51e-07,2.62e-01] gmres=4
[nsb] it=119 |R_tau|=4.9531e+04 rel=3.836e+02 |R_steady|/|R0|=3.836e+02 cfl=0.00924 dtau=[7.60e-07,2.84e-01] gmres=4
[nsb] it=120 |R_tau|=4.9148e+04 rel=3.807e+02 |R_steady|/|R0|=3.807e+02 cfl=0.00931 dtau=[7.70e-07,3.68e-01] gmres=4
[nsb] it=121 |R_tau|=4.8650e+04 rel=3.768e+02 |R_steady|/|R0|=3.768e+02 cfl=0.00939 dtau=[7.80e-07,3.82e-01] gmres=5
[nsb] it=122 |R_tau|=4.8186e+04 rel=3.732e+02 |R_steady|/|R0|=3.732e+02 cfl=0.00948 dtau=[7.92e-07,1.77e-01] gmres=3
[nsb] it=123 |R_tau|=4.7724e+04 rel=3.696e+02 |R_steady|/|R0|=3.696e+02 cfl=0.00957 dtau=[8.04e-07,1.71e-01] gmres=3
[nsb] it=124 |R_tau|=4.7261e+04 rel=3.661e+02 |R_steady|/|R0|=3.661e+02 cfl=0.00967 dtau=[8.16e-07,1.88e-01] gmres=3
[nsb] it=125 |R_tau|=4.6799e+04 rel=3.625e+02 |R_steady|/|R0|=3.625e+02 cfl=0.00976 dtau=[8.28e-07,1.92e-01] gmres=3
[nsb] it=126 |R_tau|=4.6337e+04 rel=3.589e+02 |R_steady|/|R0|=3.589e+02 cfl=0.00986 dtau=[8.41e-07,1.85e-01] gmres=3
[nsb] it=127 |R_tau|=4.5875e+04 rel=3.553e+02 |R_steady|/|R0|=3.553e+02 cfl=0.00996 dtau=[8.54e-07,1.82e-01] gmres=3
[nsb] it=128 |R_tau|=4.5413e+04 rel=3.517e+02 |R_steady|/|R0|=3.517e+02 cfl=0.0101 dtau=[8.68e-07,1.82e-01] gmres=3
[nsb] it=129 |R_tau|=4.4947e+04 rel=3.481e+02 |R_steady|/|R0|=3.481e+02 cfl=0.0102 dtau=[8.81e-07,1.81e-01] gmres=3
[nsb] it=130 |R_tau|=4.4476e+04 rel=3.445e+02 |R_steady|/|R0|=3.445e+02 cfl=0.0103 dtau=[8.96e-07,1.81e-01] gmres=4
[nsb] it=131 |R_tau|=4.4004e+04 rel=3.408e+02 |R_steady|/|R0|=3.408e+02 cfl=0.0104 dtau=[9.10e-07,1.77e-01] gmres=4
[nsb] it=132 |R_tau|=4.3524e+04 rel=3.371e+02 |R_steady|/|R0|=3.371e+02 cfl=0.0105 dtau=[9.25e-07,1.74e-01] gmres=4
[nsb] it=133 |R_tau|=4.3036e+04 rel=3.333e+02 |R_steady|/|R0|=3.333e+02 cfl=0.0106 dtau=[9.41e-07,1.73e-01] gmres=3
[nsb] it=134 |R_tau|=4.2546e+04 rel=3.295e+02 |R_steady|/|R0|=3.295e+02 cfl=0.0107 dtau=[9.58e-07,1.69e-01] gmres=3
[nsb] it=135 |R_tau|=4.2056e+04 rel=3.257e+02 |R_steady|/|R0|=3.257e+02 cfl=0.0108 dtau=[9.75e-07,1.67e-01] gmres=3
[nsb] it=136 |R_tau|=4.1564e+04 rel=3.219e+02 |R_steady|/|R0|=3.219e+02 cfl=0.011 dtau=[9.92e-07,2.02e-01] gmres=3
[nsb] it=137 |R_tau|=4.1075e+04 rel=3.181e+02 |R_steady|/|R0|=3.181e+02 cfl=0.0111 dtau=[1.01e-06,2.02e-01] gmres=3
[nsb] it=138 |R_tau|=4.0587e+04 rel=3.144e+02 |R_steady|/|R0|=3.144e+02 cfl=0.0112 dtau=[1.03e-06,2.05e-01] gmres=3
[nsb] it=139 |R_tau|=4.0101e+04 rel=3.106e+02 |R_steady|/|R0|=3.106e+02 cfl=0.0114 dtau=[1.05e-06,2.04e-01] gmres=4
[nsb] it=140 |R_tau|=3.9618e+04 rel=3.069e+02 |R_steady|/|R0|=3.069e+02 cfl=0.0115 dtau=[1.07e-06,1.74e-01] gmres=4
[nsb] it=141 |R_tau|=3.9143e+04 rel=3.032e+02 |R_steady|/|R0|=3.032e+02 cfl=0.0116 dtau=[1.09e-06,1.57e-01] gmres=4
[nsb] it=142 |R_tau|=3.8662e+04 rel=2.994e+02 |R_steady|/|R0|=2.994e+02 cfl=0.0118 dtau=[1.11e-06,1.56e-01] gmres=4
[nsb] it=143 |R_tau|=3.8179e+04 rel=2.957e+02 |R_steady|/|R0|=2.957e+02 cfl=0.0119 dtau=[1.13e-06,1.54e-01] gmres=3
[nsb] it=144 |R_tau|=3.7697e+04 rel=2.920e+02 |R_steady|/|R0|=2.920e+02 cfl=0.0121 dtau=[1.15e-06,1.53e-01] gmres=3
[nsb] it=145 |R_tau|=3.7216e+04 rel=2.882e+02 |R_steady|/|R0|=2.882e+02 cfl=0.0122 dtau=[1.17e-06,1.51e-01] gmres=3
[nsb] it=146 |R_tau|=3.6725e+04 rel=2.844e+02 |R_steady|/|R0|=2.844e+02 cfl=0.0124 dtau=[1.20e-06,1.50e-01] gmres=3
[nsb] it=147 |R_tau|=3.6238e+04 rel=2.807e+02 |R_steady|/|R0|=2.807e+02 cfl=0.0126 dtau=[1.22e-06,1.50e-01] gmres=3
[nsb] it=148 |R_tau|=3.5750e+04 rel=2.769e+02 |R_steady|/|R0|=2.769e+02 cfl=0.0127 dtau=[1.25e-06,1.49e-01] gmres=3
[nsb] it=149 |R_tau|=3.5264e+04 rel=2.731e+02 |R_steady|/|R0|=2.731e+02 cfl=0.0129 dtau=[1.27e-06,1.49e-01] gmres=3
[nsb] it=150 |R_tau|=3.4780e+04 rel=2.694e+02 |R_steady|/|R0|=2.694e+02 cfl=0.0131 dtau=[1.30e-06,1.46e-01] gmres=3
[nsb] done converged=False reason='max_iter' it=150 m_in=2.0000e+02 m_out=2.0000e+02 rejected=0 elapsed=74.6s
--> flat_r1_U2_nofloor_alpha1: {'converged': False, 'reason': 'max_iter', 'n_iter': 150, 'n_rejected': 0, 'rel_final': 269.3842533050309, 'rel_steady_final': 269.3842533050309, 'rel_min': 1.0, 'first_step_ratio': 88.63866763291922, 'mass_ratio': 1.0000003656505025, 'p_inlet_mean': 70156.10038772805, 'speed_max': 67.91074019226714, 'elapsed': 74.5969817109999}
===== flat_r1_U2_nofloor_alpha0.7 =====
[nsb] it=0 |R|=1.2911e+02 cfl=0.5
[nsb] it=1 |R_tau|=6.5547e+03 rel=5.077e+01 |R_steady|/|R0|=5.077e+01 cfl=0.5 dtau=[1.00e+30,1.00e+30] gmres=1
[nsb] it=2 |R_tau|=2.6665e+03 rel=2.065e+01 |R_steady|/|R0|=2.065e+01 cfl=0.05 dtau=[1.86e-05,5.32e-01] gmres=2
[nsb] it=3 |R_tau|=2.9543e+03 rel=2.288e+01 |R_steady|/|R0|=2.288e+01 cfl=0.1 dtau=[3.76e-05,1.02e+00] gmres=4
[nsb] it=4 |R_tau|=3.1857e+03 rel=2.467e+01 |R_steady|/|R0|=2.467e+01 cfl=0.0903 dtau=[3.49e-05,8.37e-01] gmres=5
[nsb] it=5 |R_tau|=3.8020e+03 rel=2.945e+01 |R_steady|/|R0|=2.945e+01 cfl=0.0837 dtau=[3.35e-05,7.47e-01] gmres=8
[nsb] it=6 |R_tau|=6.0474e+03 rel=4.684e+01 |R_steady|/|R0|=4.684e+01 cfl=0.0701 dtau=[2.91e-05,5.72e-01] gmres=10
[nsb] it=7 |R_tau|=3.7364e+03 rel=2.894e+01 |R_steady|/|R0|=2.894e+01 cfl=0.0441 dtau=[1.85e-05,4.68e-01] gmres=5
[nsb] it=8 |R_tau|=4.6368e+03 rel=3.591e+01 |R_steady|/|R0|=3.591e+01 cfl=0.0714 dtau=[3.01e-05,5.14e-01] gmres=6
[nsb] it=9 |R_tau|=4.2506e+03 rel=3.292e+01 |R_steady|/|R0|=3.292e+01 cfl=0.0575 dtau=[2.44e-05,4.24e-01] gmres=5
[nsb] it=10 |R_tau|=4.4677e+03 rel=3.460e+01 |R_steady|/|R0|=3.460e+01 cfl=0.0627 dtau=[2.67e-05,4.61e-01] gmres=6
[nsb] it=11 |R_tau|=4.2764e+03 rel=3.312e+01 |R_steady|/|R0|=3.312e+01 cfl=0.0597 dtau=[2.56e-05,4.56e-01] gmres=4
[nsb] it=12 |R_tau|=4.2470e+03 rel=3.289e+01 |R_steady|/|R0|=3.289e+01 cfl=0.0624 dtau=[2.71e-05,5.28e-01] gmres=4
[nsb] it=13 |R_tau|=4.2214e+03 rel=3.270e+01 |R_steady|/|R0|=3.270e+01 cfl=0.0628 dtau=[2.75e-05,5.52e-01] gmres=5
[nsb] it=14 |R_tau|=4.2291e+03 rel=3.276e+01 |R_steady|/|R0|=3.276e+01 cfl=0.0632 dtau=[2.80e-05,5.57e-01] gmres=6
[nsb] it=15 |R_tau|=4.1606e+03 rel=3.223e+01 |R_steady|/|R0|=3.223e+01 cfl=0.0631 dtau=[2.83e-05,5.58e-01] gmres=4
[nsb] it=16 |R_tau|=4.0989e+03 rel=3.175e+01 |R_steady|/|R0|=3.175e+01 cfl=0.0641 dtau=[2.91e-05,5.72e-01] gmres=6
[nsb] it=17 |R_tau|=4.0195e+03 rel=3.113e+01 |R_steady|/|R0|=3.113e+01 cfl=0.0651 dtau=[2.99e-05,5.63e-01] gmres=7
[nsb] it=18 |R_tau|=3.8961e+03 rel=3.018e+01 |R_steady|/|R0|=3.018e+01 cfl=0.0663 dtau=[3.10e-05,5.63e-01] gmres=5
[nsb] it=19 |R_tau|=3.7810e+03 rel=2.929e+01 |R_steady|/|R0|=2.929e+01 cfl=0.0684 dtau=[3.25e-05,5.91e-01] gmres=6
[nsb] it=20 |R_tau|=3.6467e+03 rel=2.825e+01 |R_steady|/|R0|=2.825e+01 cfl=0.0705 dtau=[3.40e-05,5.92e-01] gmres=4
[nsb] it=21 |R_tau|=3.4995e+03 rel=2.710e+01 |R_steady|/|R0|=2.710e+01 cfl=0.0731 dtau=[3.60e-05,6.09e-01] gmres=5
[nsb] it=22 |R_tau|=3.3433e+03 rel=2.589e+01 |R_steady|/|R0|=2.589e+01 cfl=0.0762 dtau=[3.83e-05,6.26e-01] gmres=5
[nsb] it=23 |R_tau|=3.1790e+03 rel=2.462e+01 |R_steady|/|R0|=2.462e+01 cfl=0.0798 dtau=[4.10e-05,6.47e-01] gmres=5
[nsb] it=24 |R_tau|=3.0072e+03 rel=2.329e+01 |R_steady|/|R0|=2.329e+01 cfl=0.0839 dtau=[4.41e-05,6.66e-01] gmres=5
[nsb] it=25 |R_tau|=2.8331e+03 rel=2.194e+01 |R_steady|/|R0|=2.194e+01 cfl=0.0887 dtau=[4.75e-05,6.99e-01] gmres=5
[nsb] it=26 |R_tau|=2.6745e+03 rel=2.072e+01 |R_steady|/|R0|=2.072e+01 cfl=0.0941 dtau=[5.15e-05,7.42e-01] gmres=5
[nsb] it=27 |R_tau|=2.5169e+03 rel=1.949e+01 |R_steady|/|R0|=1.949e+01 cfl=0.0997 dtau=[5.58e-05,7.90e-01] gmres=6
[nsb] it=28 |R_tau|=2.3801e+03 rel=1.843e+01 |R_steady|/|R0|=1.843e+01 cfl=0.106 dtau=[6.06e-05,8.21e-01] gmres=5
[nsb] it=29 |R_tau|=2.2108e+03 rel=1.712e+01 |R_steady|/|R0|=1.712e+01 cfl=0.112 dtau=[6.57e-05,8.56e-01] gmres=6
[nsb] it=30 |R_tau|=2.0444e+03 rel=1.583e+01 |R_steady|/|R0|=1.583e+01 cfl=0.121 dtau=[7.25e-05,9.11e-01] gmres=8
[nsb] it=31 |R_tau|=1.8803e+03 rel=1.456e+01 |R_steady|/|R0|=1.456e+01 cfl=0.13 dtau=[8.05e-05,9.92e-01] gmres=8
[nsb] it=32 |R_tau|=1.7412e+03 rel=1.349e+01 |R_steady|/|R0|=1.349e+01 cfl=0.142 dtau=[9.00e-05,1.06e+00] gmres=5
[nsb] it=33 |R_tau|=1.5969e+03 rel=1.237e+01 |R_steady|/|R0|=1.237e+01 cfl=0.153 dtau=[1.00e-04,1.16e+00] gmres=9
[nsb] it=34 |R_tau|=1.4494e+03 rel=1.123e+01 |R_steady|/|R0|=1.123e+01 cfl=0.167 dtau=[1.13e-04,1.26e+00] gmres=6
[nsb] it=35 |R_tau|=1.2994e+03 rel=1.006e+01 |R_steady|/|R0|=1.006e+01 cfl=0.184 dtau=[1.28e-04,1.39e+00] gmres=6
[nsb] it=36 |R_tau|=1.1448e+03 rel=8.866e+00 |R_steady|/|R0|=8.866e+00 cfl=0.205 dtau=[1.48e-04,1.55e+00] gmres=4
[nsb] it=37 |R_tau|=9.6784e+02 rel=7.496e+00 |R_steady|/|R0|=7.496e+00 cfl=0.233 dtau=[1.74e-04,1.71e+00] gmres=4
[nsb] it=38 |R_tau|=8.1465e+02 rel=6.310e+00 |R_steady|/|R0|=6.310e+00 cfl=0.276 dtau=[2.14e-04,2.04e+00] gmres=4
[nsb] it=39 |R_tau|=6.7813e+02 rel=5.252e+00 |R_steady|/|R0|=5.252e+00 cfl=0.327 dtau=[2.65e-04,2.41e+00] gmres=6
[nsb] it=40 |R_tau|=5.5625e+02 rel=4.308e+00 |R_steady|/|R0|=4.308e+00 cfl=0.393 dtau=[3.35e-04,2.90e+00] gmres=4
[nsb] it=41 |R_tau|=4.5180e+02 rel=3.499e+00 |R_steady|/|R0|=3.499e+00 cfl=0.479 dtau=[4.35e-04,3.49e+00] gmres=6
[nsb] it=42 |R_tau|=3.5428e+02 rel=2.744e+00 |R_steady|/|R0|=2.744e+00 cfl=0.59 dtau=[5.83e-04,4.32e+00] gmres=6
[nsb] it=43 |R_tau|=2.7027e+02 rel=2.093e+00 |R_steady|/|R0|=2.093e+00 cfl=0.753 dtau=[8.35e-04,5.53e+00] gmres=7
[nsb] it=44 |R_tau|=2.0344e+02 rel=1.576e+00 |R_steady|/|R0|=1.576e+00 cfl=0.987 dtau=[1.25e-03,7.12e+00] gmres=6
[nsb] it=45 |R_tau|=1.5202e+02 rel=1.177e+00 |R_steady|/|R0|=1.177e+00 cfl=1.31 dtau=[1.83e-03,9.59e+00] gmres=6
[nsb] it=46 |R_tau|=1.1661e+02 rel=9.032e-01 |R_steady|/|R0|=9.032e-01 cfl=1.75 dtau=[2.59e-03,1.28e+01] gmres=8
[nsb] it=47 |R_tau|=8.7144e+01 rel=6.750e-01 |R_steady|/|R0|=6.750e-01 cfl=2.29 dtau=[3.66e-03,1.68e+01] gmres=7
[nsb] it=48 |R_tau|=6.8454e+01 rel=5.302e-01 |R_steady|/|R0|=5.302e-01 cfl=3.06 dtau=[5.40e-03,2.24e+01] gmres=7
[nsb] it=49 |R_tau|=5.3801e+01 rel=4.167e-01 |R_steady|/|R0|=4.167e-01 cfl=3.9 dtau=[7.42e-03,2.87e+01] gmres=7
[nsb] it=50 |R_tau|=4.3483e+01 rel=3.368e-01 |R_steady|/|R0|=3.368e-01 cfl=4.96 dtau=[1.05e-02,3.67e+01] gmres=8
[nsb] it=51 |R_tau|=3.5146e+01 rel=2.722e-01 |R_steady|/|R0|=2.722e-01 cfl=6.13 dtau=[1.40e-02,4.56e+01] gmres=8
[nsb] it=52 |R_tau|=2.8708e+01 rel=2.224e-01 |R_steady|/|R0|=2.224e-01 cfl=7.59 dtau=[1.84e-02,5.72e+01] gmres=10
[nsb] it=53 |R_tau|=2.3837e+01 rel=1.846e-01 |R_steady|/|R0|=1.846e-01 cfl=9.29 dtau=[2.29e-02,7.07e+01] gmres=9
[nsb] it=54 |R_tau|=1.9550e+01 rel=1.514e-01 |R_steady|/|R0|=1.514e-01 cfl=11.2 dtau=[2.79e-02,8.66e+01] gmres=8
[nsb] it=55 |R_tau|=1.6006e+01 rel=1.240e-01 |R_steady|/|R0|=1.240e-01 cfl=13.6 dtau=[3.43e-02,1.07e+02] gmres=8
[nsb] it=56 |R_tau|=1.3106e+01 rel=1.015e-01 |R_steady|/|R0|=1.015e-01 cfl=16.7 dtau=[4.22e-02,1.34e+02] gmres=6
[nsb] it=57 |R_tau|=1.0729e+01 rel=8.310e-02 |R_steady|/|R0|=8.310e-02 cfl=20.3 dtau=[5.21e-02,1.66e+02] gmres=7
[nsb] it=58 |R_tau|=8.8089e+00 rel=6.823e-02 |R_steady|/|R0|=6.823e-02 cfl=24.9 dtau=[6.41e-02,2.07e+02] gmres=8
[nsb] it=59 |R_tau|=7.2242e+00 rel=5.595e-02 |R_steady|/|R0|=5.595e-02 cfl=30.3 dtau=[7.84e-02,2.56e+02] gmres=6
[nsb] it=60 |R_tau|=5.9514e+00 rel=4.610e-02 |R_steady|/|R0|=4.610e-02 cfl=36.9 dtau=[9.58e-02,3.16e+02] gmres=7
[nsb] it=61 |R_tau|=4.9161e+00 rel=3.808e-02 |R_steady|/|R0|=3.808e-02 cfl=44.8 dtau=[1.16e-01,3.87e+02] gmres=6
[nsb] it=62 |R_tau|=4.0500e+00 rel=3.137e-02 |R_steady|/|R0|=3.137e-02 cfl=54.2 dtau=[1.41e-01,4.69e+02] gmres=6
[nsb] it=63 |R_tau|=3.3095e+00 rel=2.563e-02 |R_steady|/|R0|=2.563e-02 cfl=65.8 dtau=[1.71e-01,5.70e+02] gmres=6
[nsb] it=64 |R_tau|=2.6658e+00 rel=2.065e-02 |R_steady|/|R0|=2.065e-02 cfl=80.6 dtau=[2.08e-01,6.97e+02] gmres=5
[nsb] it=65 |R_tau|=2.1066e+00 rel=1.632e-02 |R_steady|/|R0|=1.632e-02 cfl=100 dtau=[2.58e-01,8.62e+02] gmres=5
[nsb] it=66 |R_tau|=1.6286e+00 rel=1.261e-02 |R_steady|/|R0|=1.261e-02 cfl=127 dtau=[3.25e-01,1.09e+03] gmres=5
[nsb] it=67 |R_tau|=1.2320e+00 rel=9.542e-03 |R_steady|/|R0|=9.542e-03 cfl=164 dtau=[4.19e-01,1.40e+03] gmres=5
[nsb] it=68 |R_tau|=9.1660e-01 rel=7.099e-03 |R_steady|/|R0|=7.099e-03 cfl=216 dtau=[5.50e-01,1.83e+03] gmres=6
[nsb] it=69 |R_tau|=6.8332e-01 rel=5.293e-03 |R_steady|/|R0|=5.293e-03 cfl=291 dtau=[7.36e-01,2.45e+03] gmres=6
[nsb] it=70 |R_tau|=5.0463e-01 rel=3.909e-03 |R_steady|/|R0|=3.909e-03 cfl=390 dtau=[9.83e-01,3.28e+03] gmres=6
[nsb] it=71 |R_tau|=3.7892e-01 rel=2.935e-03 |R_steady|/|R0|=2.935e-03 cfl=528 dtau=[1.33e+00,4.42e+03] gmres=6
[nsb] it=72 |R_tau|=2.8798e-01 rel=2.230e-03 |R_steady|/|R0|=2.230e-03 cfl=704 dtau=[1.76e+00,5.86e+03] gmres=8
[nsb] it=73 |R_tau|=2.2087e-01 rel=1.711e-03 |R_steady|/|R0|=1.711e-03 cfl=926 dtau=[2.32e+00,7.70e+03] gmres=8
[nsb] it=74 |R_tau|=1.7126e-01 rel=1.326e-03 |R_steady|/|R0|=1.326e-03 cfl=1.21e+03 dtau=[3.02e+00,1.00e+04] gmres=8
[nsb] it=75 |R_tau|=1.3546e-01 rel=1.049e-03 |R_steady|/|R0|=1.049e-03 cfl=1.56e+03 dtau=[3.90e+00,1.29e+04] gmres=8
[nsb] it=76 |R_tau|=1.1035e-01 rel=8.547e-04 |R_steady|/|R0|=8.547e-04 cfl=1.97e+03 dtau=[4.93e+00,1.63e+04] gmres=8
[nsb] it=77 |R_tau|=9.2517e-02 rel=7.166e-04 |R_steady|/|R0|=7.166e-04 cfl=2.42e+03 dtau=[6.05e+00,2.00e+04] gmres=7
[nsb] it=78 |R_tau|=7.8813e-02 rel=6.104e-04 |R_steady|/|R0|=6.104e-04 cfl=2.88e+03 dtau=[7.21e+00,2.38e+04] gmres=7
[nsb] it=79 |R_tau|=6.7082e-02 rel=5.196e-04 |R_steady|/|R0|=5.196e-04 cfl=3.38e+03 dtau=[8.47e+00,2.79e+04] gmres=7
[nsb] it=80 |R_tau|=5.6306e-02 rel=4.361e-04 |R_steady|/|R0|=4.361e-04 cfl=3.98e+03 dtau=[9.95e+00,3.28e+04] gmres=7
[nsb] it=81 |R_tau|=4.6240e-02 rel=3.581e-04 |R_steady|/|R0|=3.581e-04 cfl=4.74e+03 dtau=[1.18e+01,3.91e+04] gmres=7
[nsb] it=82 |R_tau|=3.7003e-02 rel=2.866e-04 |R_steady|/|R0|=2.866e-04 cfl=5.77e+03 dtau=[1.44e+01,4.76e+04] gmres=7
[nsb] it=83 |R_tau|=2.8808e-02 rel=2.231e-04 |R_steady|/|R0|=2.231e-04 cfl=7.21e+03 dtau=[1.80e+01,5.94e+04] gmres=8
[nsb] it=84 |R_tau|=2.1824e-02 rel=1.690e-04 |R_steady|/|R0|=1.690e-04 cfl=9.26e+03 dtau=[2.32e+01,7.63e+04] gmres=8
[nsb] it=85 |R_tau|=1.6124e-02 rel=1.249e-04 |R_steady|/|R0|=1.249e-04 cfl=1.22e+04 dtau=[3.06e+01,1.01e+05] gmres=7
[nsb] it=86 |R_tau|=1.1687e-02 rel=9.052e-05 |R_steady|/|R0|=9.052e-05 cfl=1.65e+04 dtau=[4.14e+01,1.36e+05] gmres=7
[nsb] it=87 |R_tau|=8.4125e-03 rel=6.516e-05 |R_steady|/|R0|=6.516e-05 cfl=2.28e+04 dtau=[5.71e+01,1.88e+05] gmres=6
[nsb] it=88 |R_tau|=6.1301e-03 rel=4.748e-05 |R_steady|/|R0|=4.748e-05 cfl=3.17e+04 dtau=[7.93e+01,2.61e+05] gmres=6
[nsb] it=89 |R_tau|=4.6212e-03 rel=3.579e-05 |R_steady|/|R0|=3.579e-05 cfl=4.35e+04 dtau=[1.09e+02,3.59e+05] gmres=6
[nsb] it=90 |R_tau|=3.6397e-03 rel=2.819e-05 |R_steady|/|R0|=2.819e-05 cfl=5.77e+04 dtau=[1.44e+02,4.76e+05] gmres=10
[nsb] it=91 |R_tau|=2.9639e-03 rel=2.296e-05 |R_steady|/|R0|=2.296e-05 cfl=7.33e+04 dtau=[1.83e+02,6.04e+05] gmres=7
[nsb] it=92 |R_tau|=2.4433e-03 rel=1.892e-05 |R_steady|/|R0|=1.892e-05 cfl=9e+04 dtau=[2.25e+02,7.42e+05] gmres=7
[nsb] it=93 |R_tau|=2.0022e-03 rel=1.551e-05 |R_steady|/|R0|=1.551e-05 cfl=1.09e+05 dtau=[2.73e+02,9.00e+05] gmres=7
[nsb] it=94 |R_tau|=1.6138e-03 rel=1.250e-05 |R_steady|/|R0|=1.250e-05 cfl=1.33e+05 dtau=[3.33e+02,1.10e+06] gmres=7
[nsb] it=95 |R_tau|=1.2735e-03 rel=9.864e-06 |R_steady|/|R0|=9.864e-06 cfl=1.65e+05 dtau=[4.13e+02,1.36e+06] gmres=7
[nsb] it=96 |R_tau|=9.8281e-04 rel=7.612e-06 |R_steady|/|R0|=7.612e-06 cfl=2.09e+05 dtau=[5.24e+02,1.73e+06] gmres=8
[nsb] it=97 |R_tau|=7.4224e-04 rel=5.749e-06 |R_steady|/|R0|=5.749e-06 cfl=2.71e+05 dtau=[6.78e+02,2.24e+06] gmres=8
[nsb] it=98 |R_tau|=5.4940e-04 rel=4.255e-06 |R_steady|/|R0|=4.255e-06 cfl=3.59e+05 dtau=[8.98e+02,2.96e+06] gmres=8
[nsb] it=99 |R_tau|=3.9938e-04 rel=3.093e-06 |R_steady|/|R0|=3.093e-06 cfl=4.85e+05 dtau=[1.21e+03,4.00e+06] gmres=8
[nsb] it=100 |R_tau|=2.8576e-04 rel=2.213e-06 |R_steady|/|R0|=2.213e-06 cfl=6.68e+05 dtau=[1.67e+03,5.50e+06] gmres=8
[nsb] it=101 |R_tau|=2.0174e-04 rel=1.563e-06 |R_steady|/|R0|=1.563e-06 cfl=9.33e+05 dtau=[2.33e+03,7.69e+06] gmres=7
[nsb] it=102 |R_tau|=1.4089e-04 rel=1.091e-06 |R_steady|/|R0|=1.091e-06 cfl=1e+06 dtau=[2.50e+03,8.24e+06] gmres=7
[nsb] it=103 |R_tau|=9.7581e-05 rel=7.558e-07 |R_steady|/|R0|=7.558e-07 cfl=1e+06 dtau=[2.50e+03,8.24e+06] gmres=8
[nsb] done converged=True reason='' it=103 m_in=2.0000e+02 m_out=2.0000e+02 rejected=0 elapsed=62.4s
--> flat_r1_U2_nofloor_alpha0.7: {'converged': True, 'reason': '', 'n_iter': 103, 'n_rejected': 0, 'rel_final': 7.55799425892108e-07, 'rel_steady_final': 7.55799425892108e-07, 'rel_min': 7.55799425892108e-07, 'first_step_ratio': 50.76835734434157, 'mass_ratio': 1.000000000000044, 'p_inlet_mean': 5655.126310899537, 'speed_max': 2.45693284081656, 'elapsed': 62.44207145099972}
===== flat_r1_U2_nofloor_alpha0.5 =====
[nsb] it=0 |R|=1.2911e+02 cfl=0.5
[nsb] it=1 |R_tau|=3.8761e+03 rel=3.002e+01 |R_steady|/|R0|=3.002e+01 cfl=0.5 dtau=[1.00e+30,1.00e+30] gmres=11 (gmres not converged)
[nsb] it=2 |R_tau|=1.6765e+03 rel=1.299e+01 |R_steady|/|R0|=1.299e+01 cfl=0.05 dtau=[2.59e-05,5.36e-01] gmres=2
[nsb] it=3 |R_tau|=1.9725e+03 rel=1.528e+01 |R_steady|/|R0|=1.528e+01 cfl=0.1 dtau=[5.25e-05,1.02e+00] gmres=6
[nsb] it=4 |R_tau|=1.9045e+03 rel=1.475e+01 |R_steady|/|R0|=1.475e+01 cfl=0.085 dtau=[4.54e-05,8.63e-01] gmres=8
[nsb] it=5 |R_tau|=9.6073e+03 rel=7.441e+01 |R_steady|/|R0|=7.441e+01 cfl=0.088 dtau=[4.76e-05,8.26e-01] gmres=12
[nsb] it=6 |R_tau|=4.0360e+03 rel=3.126e+01 |R_steady|/|R0|=3.126e+01 cfl=0.0175 dtau=[9.54e-06,1.67e-01] gmres=3
[nsb] it=7 |R_tau|=3.7781e+03 rel=2.926e+01 |R_steady|/|R0|=2.926e+01 cfl=0.0349 dtau=[1.91e-05,3.08e-01] gmres=4
[nsb] it=8 |R_tau|=3.7503e+03 rel=2.905e+01 |R_steady|/|R0|=2.905e+01 cfl=0.0373 dtau=[2.06e-05,3.21e-01] gmres=4
[nsb] it=9 |R_tau|=3.7125e+03 rel=2.875e+01 |R_steady|/|R0|=2.875e+01 cfl=0.0376 dtau=[2.08e-05,3.28e-01] gmres=4
[nsb] it=10 |R_tau|=3.6706e+03 rel=2.843e+01 |R_steady|/|R0|=2.843e+01 cfl=0.0379 dtau=[2.11e-05,3.27e-01] gmres=4
[nsb] it=11 |R_tau|=3.6186e+03 rel=2.803e+01 |R_steady|/|R0|=2.803e+01 cfl=0.0384 dtau=[2.15e-05,3.24e-01] gmres=4
[nsb] it=12 |R_tau|=3.5546e+03 rel=2.753e+01 |R_steady|/|R0|=2.753e+01 cfl=0.0389 dtau=[2.19e-05,3.26e-01] gmres=4
[nsb] it=13 |R_tau|=3.4878e+03 rel=2.701e+01 |R_steady|/|R0|=2.701e+01 cfl=0.0396 dtau=[2.24e-05,3.30e-01] gmres=4
[nsb] it=14 |R_tau|=3.4011e+03 rel=2.634e+01 |R_steady|/|R0|=2.634e+01 cfl=0.0404 dtau=[2.29e-05,3.34e-01] gmres=4
[nsb] it=15 |R_tau|=3.2986e+03 rel=2.555e+01 |R_steady|/|R0|=2.555e+01 cfl=0.0414 dtau=[2.36e-05,3.43e-01] gmres=4
[nsb] it=16 |R_tau|=3.1721e+03 rel=2.457e+01 |R_steady|/|R0|=2.457e+01 cfl=0.0427 dtau=[2.44e-05,3.52e-01] gmres=6
[nsb] it=17 |R_tau|=2.8851e+03 rel=2.235e+01 |R_steady|/|R0|=2.235e+01 cfl=0.0444 dtau=[2.55e-05,3.66e-01] gmres=5
[nsb] it=18 |R_tau|=2.7983e+03 rel=2.167e+01 |R_steady|/|R0|=2.167e+01 cfl=0.0488 dtau=[2.82e-05,4.20e-01] gmres=4
[nsb] it=19 |R_tau|=2.6539e+03 rel=2.056e+01 |R_steady|/|R0|=2.056e+01 cfl=0.0503 dtau=[2.92e-05,4.40e-01] gmres=6
[nsb] it=20 |R_tau|=2.3983e+03 rel=1.858e+01 |R_steady|/|R0|=1.858e+01 cfl=0.0531 dtau=[3.09e-05,4.65e-01] gmres=5
[nsb] it=21 |R_tau|=2.3112e+03 rel=1.790e+01 |R_steady|/|R0|=1.790e+01 cfl=0.0587 dtau=[3.43e-05,5.08e-01] gmres=5
[nsb] it=22 |R_tau|=2.2834e+03 rel=1.769e+01 |R_steady|/|R0|=1.769e+01 cfl=0.0609 dtau=[3.58e-05,5.28e-01] gmres=5
[nsb] it=23 |R_tau|=2.2065e+03 rel=1.709e+01 |R_steady|/|R0|=1.709e+01 cfl=0.0617 dtau=[3.64e-05,5.44e-01] gmres=5
[nsb] it=24 |R_tau|=2.1074e+03 rel=1.632e+01 |R_steady|/|R0|=1.632e+01 cfl=0.0638 dtau=[3.79e-05,5.57e-01] gmres=5
[nsb] it=25 |R_tau|=1.9956e+03 rel=1.546e+01 |R_steady|/|R0|=1.546e+01 cfl=0.0668 dtau=[3.99e-05,5.86e-01] gmres=6
[nsb] it=26 |R_tau|=1.8881e+03 rel=1.462e+01 |R_steady|/|R0|=1.462e+01 cfl=0.0706 dtau=[4.25e-05,6.19e-01] gmres=5
[nsb] it=27 |R_tau|=1.7755e+03 rel=1.375e+01 |R_steady|/|R0|=1.375e+01 cfl=0.0746 dtau=[4.52e-05,6.46e-01] gmres=5
[nsb] it=28 |R_tau|=1.6524e+03 rel=1.280e+01 |R_steady|/|R0|=1.280e+01 cfl=0.0793 dtau=[4.85e-05,6.83e-01] gmres=5
[nsb] it=29 |R_tau|=1.5818e+03 rel=1.225e+01 |R_steady|/|R0|=1.225e+01 cfl=0.0852 dtau=[5.27e-05,7.29e-01] gmres=5
[nsb] it=30 |R_tau|=1.5014e+03 rel=1.163e+01 |R_steady|/|R0|=1.163e+01 cfl=0.089 dtau=[5.57e-05,7.45e-01] gmres=5
[nsb] it=31 |R_tau|=1.4105e+03 rel=1.093e+01 |R_steady|/|R0|=1.093e+01 cfl=0.0938 dtau=[5.94e-05,7.83e-01] gmres=5
[nsb] it=32 |R_tau|=1.3200e+03 rel=1.022e+01 |R_steady|/|R0|=1.022e+01 cfl=0.0999 dtau=[6.42e-05,8.31e-01] gmres=5
[nsb] it=33 |R_tau|=1.2323e+03 rel=9.544e+00 |R_steady|/|R0|=9.544e+00 cfl=0.107 dtau=[6.98e-05,8.87e-01] gmres=5
[nsb] it=34 |R_tau|=1.1526e+03 rel=8.927e+00 |R_steady|/|R0|=8.927e+00 cfl=0.114 dtau=[7.61e-05,9.45e-01] gmres=5
[nsb] it=35 |R_tau|=1.0770e+03 rel=8.342e+00 |R_steady|/|R0|=8.342e+00 cfl=0.122 dtau=[8.31e-05,1.01e+00] gmres=5
[nsb] it=36 |R_tau|=1.0008e+03 rel=7.751e+00 |R_steady|/|R0|=7.751e+00 cfl=0.131 dtau=[9.10e-05,1.07e+00] gmres=6
[nsb] it=37 |R_tau|=9.4334e+02 rel=7.306e+00 |R_steady|/|R0|=7.306e+00 cfl=0.141 dtau=[1.01e-04,1.16e+00] gmres=5
[nsb] it=38 |R_tau|=8.7855e+02 rel=6.805e+00 |R_steady|/|R0|=6.805e+00 cfl=0.149 dtau=[1.10e-04,1.22e+00] gmres=5
[nsb] it=39 |R_tau|=8.1108e+02 rel=6.282e+00 |R_steady|/|R0|=6.282e+00 cfl=0.16 dtau=[1.23e-04,1.29e+00] gmres=5
[nsb] it=40 |R_tau|=7.3852e+02 rel=5.720e+00 |R_steady|/|R0|=5.720e+00 cfl=0.174 dtau=[1.39e-04,1.39e+00] gmres=5
[nsb] it=41 |R_tau|=6.6827e+02 rel=5.176e+00 |R_steady|/|R0|=5.176e+00 cfl=0.191 dtau=[1.60e-04,1.51e+00] gmres=4
[nsb] it=42 |R_tau|=6.0392e+02 rel=4.678e+00 |R_steady|/|R0|=4.678e+00 cfl=0.211 dtau=[1.87e-04,1.67e+00] gmres=5
[nsb] it=43 |R_tau|=5.3288e+02 rel=4.127e+00 |R_steady|/|R0|=4.127e+00 cfl=0.233 dtau=[2.23e-04,1.85e+00] gmres=4
[nsb] it=44 |R_tau|=4.6519e+02 rel=3.603e+00 |R_steady|/|R0|=3.603e+00 cfl=0.264 dtau=[2.74e-04,2.11e+00] gmres=6
[nsb] it=45 |R_tau|=3.9912e+02 rel=3.091e+00 |R_steady|/|R0|=3.091e+00 cfl=0.303 dtau=[3.46e-04,2.39e+00] gmres=4
[nsb] it=46 |R_tau|=3.3303e+02 rel=2.579e+00 |R_steady|/|R0|=2.579e+00 cfl=0.353 dtau=[4.27e-04,2.77e+00] gmres=4
[nsb] it=47 |R_tau|=2.8647e+02 rel=2.219e+00 |R_steady|/|R0|=2.219e+00 cfl=0.423 dtau=[5.26e-04,3.32e+00] gmres=4
[nsb] it=48 |R_tau|=2.4823e+02 rel=1.923e+00 |R_steady|/|R0|=1.923e+00 cfl=0.492 dtau=[6.32e-04,3.84e+00] gmres=6
[nsb] it=49 |R_tau|=2.1713e+02 rel=1.682e+00 |R_steady|/|R0|=1.682e+00 cfl=0.567 dtau=[7.68e-04,4.40e+00] gmres=5
[nsb] it=50 |R_tau|=1.8606e+02 rel=1.441e+00 |R_steady|/|R0|=1.441e+00 cfl=0.649 dtau=[9.39e-04,4.99e+00] gmres=4
[nsb] it=51 |R_tau|=1.5815e+02 rel=1.225e+00 |R_steady|/|R0|=1.225e+00 cfl=0.757 dtau=[1.14e-03,5.77e+00] gmres=4
[nsb] it=52 |R_tau|=1.3697e+02 rel=1.061e+00 |R_steady|/|R0|=1.061e+00 cfl=0.891 dtau=[1.39e-03,6.75e+00] gmres=6
[nsb] it=53 |R_tau|=1.1877e+02 rel=9.199e-01 |R_steady|/|R0|=9.199e-01 cfl=1.03 dtau=[1.72e-03,7.75e+00] gmres=6
[nsb] it=54 |R_tau|=1.0373e+02 rel=8.034e-01 |R_steady|/|R0|=8.034e-01 cfl=1.19 dtau=[2.08e-03,8.90e+00] gmres=5
[nsb] it=55 |R_tau|=8.9285e+01 rel=6.915e-01 |R_steady|/|R0|=6.915e-01 cfl=1.36 dtau=[2.49e-03,1.01e+01] gmres=7
[nsb] it=56 |R_tau|=7.7077e+01 rel=5.970e-01 |R_steady|/|R0|=5.970e-01 cfl=1.58 dtau=[3.04e-03,1.17e+01] gmres=6
[nsb] it=57 |R_tau|=6.6774e+01 rel=5.172e-01 |R_steady|/|R0|=5.172e-01 cfl=1.83 dtau=[3.63e-03,1.35e+01] gmres=6
[nsb] it=58 |R_tau|=5.8918e+01 rel=4.563e-01 |R_steady|/|R0|=4.563e-01 cfl=2.11 dtau=[4.35e-03,1.55e+01] gmres=6
[nsb] it=59 |R_tau|=5.1712e+01 rel=4.005e-01 |R_steady|/|R0|=4.005e-01 cfl=2.39 dtau=[5.29e-03,1.75e+01] gmres=5
[nsb] it=60 |R_tau|=4.5031e+01 rel=3.488e-01 |R_steady|/|R0|=3.488e-01 cfl=2.72 dtau=[6.42e-03,1.98e+01] gmres=6
[nsb] it=61 |R_tau|=3.9421e+01 rel=3.053e-01 |R_steady|/|R0|=3.053e-01 cfl=3.13 dtau=[7.40e-03,2.27e+01] gmres=7
[nsb] it=62 |R_tau|=3.4981e+01 rel=2.709e-01 |R_steady|/|R0|=2.709e-01 cfl=3.57 dtau=[8.49e-03,2.60e+01] gmres=6
[nsb] it=63 |R_tau|=3.0669e+01 rel=2.375e-01 |R_steady|/|R0|=2.375e-01 cfl=4.03 dtau=[9.61e-03,2.93e+01] gmres=7
[nsb] it=64 |R_tau|=2.6813e+01 rel=2.077e-01 |R_steady|/|R0|=2.077e-01 cfl=4.59 dtau=[1.10e-02,3.35e+01] gmres=6
[nsb] it=65 |R_tau|=2.3597e+01 rel=1.828e-01 |R_steady|/|R0|=1.828e-01 cfl=5.25 dtau=[1.26e-02,3.85e+01] gmres=7
[nsb] it=66 |R_tau|=2.0725e+01 rel=1.605e-01 |R_steady|/|R0|=1.605e-01 cfl=5.97 dtau=[1.44e-02,4.40e+01] gmres=6
[nsb] it=67 |R_tau|=1.8078e+01 rel=1.400e-01 |R_steady|/|R0|=1.400e-01 cfl=6.8 dtau=[1.64e-02,5.02e+01] gmres=5
[nsb] it=68 |R_tau|=1.5852e+01 rel=1.228e-01 |R_steady|/|R0|=1.228e-01 cfl=7.79 dtau=[1.89e-02,5.79e+01] gmres=6
[nsb] it=69 |R_tau|=1.3932e+01 rel=1.079e-01 |R_steady|/|R0|=1.079e-01 cfl=8.89 dtau=[2.17e-02,6.64e+01] gmres=6
[nsb] it=70 |R_tau|=1.2155e+01 rel=9.415e-02 |R_steady|/|R0|=9.415e-02 cfl=10.1 dtau=[2.48e-02,7.60e+01] gmres=5
[nsb] it=71 |R_tau|=1.0656e+01 rel=8.253e-02 |R_steady|/|R0|=8.253e-02 cfl=11.6 dtau=[2.85e-02,8.78e+01] gmres=5
[nsb] it=72 |R_tau|=9.3824e+00 rel=7.267e-02 |R_steady|/|R0|=7.267e-02 cfl=13.2 dtau=[3.27e-02,1.01e+02] gmres=6
[nsb] it=73 |R_tau|=8.2628e+00 rel=6.400e-02 |R_steady|/|R0|=6.400e-02 cfl=15 dtau=[3.73e-02,1.15e+02] gmres=5
[nsb] it=74 |R_tau|=7.3022e+00 rel=5.656e-02 |R_steady|/|R0|=5.656e-02 cfl=17 dtau=[4.26e-02,1.32e+02] gmres=5
[nsb] it=75 |R_tau|=6.4513e+00 rel=4.997e-02 |R_steady|/|R0|=4.997e-02 cfl=19.3 dtau=[4.84e-02,1.50e+02] gmres=5
[nsb] it=76 |R_tau|=5.7059e+00 rel=4.419e-02 |R_steady|/|R0|=4.419e-02 cfl=21.8 dtau=[5.50e-02,1.71e+02] gmres=6
[nsb] it=77 |R_tau|=5.0531e+00 rel=3.914e-02 |R_steady|/|R0|=3.914e-02 cfl=24.7 dtau=[6.24e-02,1.94e+02] gmres=4
[nsb] it=78 |R_tau|=4.5087e+00 rel=3.492e-02 |R_steady|/|R0|=3.492e-02 cfl=27.9 dtau=[7.06e-02,2.21e+02] gmres=4
[nsb] it=79 |R_tau|=4.0634e+00 rel=3.147e-02 |R_steady|/|R0|=3.147e-02 cfl=31.2 dtau=[7.92e-02,2.49e+02] gmres=5
[nsb] it=80 |R_tau|=3.6935e+00 rel=2.861e-02 |R_steady|/|R0|=2.861e-02 cfl=34.7 dtau=[8.79e-02,2.77e+02] gmres=5
[nsb] it=81 |R_tau|=3.3817e+00 rel=2.619e-02 |R_steady|/|R0|=2.619e-02 cfl=38.1 dtau=[9.66e-02,3.06e+02] gmres=5
[nsb] it=82 |R_tau|=3.1084e+00 rel=2.408e-02 |R_steady|/|R0|=2.408e-02 cfl=41.7 dtau=[1.05e-01,3.36e+02] gmres=5
[nsb] it=83 |R_tau|=2.8547e+00 rel=2.211e-02 |R_steady|/|R0|=2.211e-02 cfl=45.3 dtau=[1.15e-01,3.67e+02] gmres=5
[nsb] it=84 |R_tau|=2.6067e+00 rel=2.019e-02 |R_steady|/|R0|=2.019e-02 cfl=49.3 dtau=[1.25e-01,4.00e+02] gmres=5
[nsb] it=85 |R_tau|=2.3581e+00 rel=1.826e-02 |R_steady|/|R0|=1.826e-02 cfl=54 dtau=[1.36e-01,4.39e+02] gmres=5
[nsb] it=86 |R_tau|=2.1078e+00 rel=1.633e-02 |R_steady|/|R0|=1.633e-02 cfl=59.7 dtau=[1.51e-01,4.87e+02] gmres=5
[nsb] it=87 |R_tau|=1.8623e+00 rel=1.442e-02 |R_steady|/|R0|=1.442e-02 cfl=66.8 dtau=[1.68e-01,5.45e+02] gmres=5
[nsb] it=88 |R_tau|=1.6262e+00 rel=1.260e-02 |R_steady|/|R0|=1.260e-02 cfl=75.6 dtau=[1.90e-01,6.18e+02] gmres=5
[nsb] it=89 |R_tau|=1.4075e+00 rel=1.090e-02 |R_steady|/|R0|=1.090e-02 cfl=86.6 dtau=[2.18e-01,7.09e+02] gmres=5
[nsb] it=90 |R_tau|=1.2074e+00 rel=9.352e-03 |R_steady|/|R0|=9.352e-03 cfl=100 dtau=[2.51e-01,8.20e+02] gmres=5
[nsb] it=91 |R_tau|=1.0331e+00 rel=8.002e-03 |R_steady|/|R0|=8.002e-03 cfl=117 dtau=[2.93e-01,9.57e+02] gmres=5
[nsb] it=92 |R_tau|=8.8688e-01 rel=6.869e-03 |R_steady|/|R0|=6.869e-03 cfl=136 dtau=[3.41e-01,1.12e+03] gmres=5
[nsb] it=93 |R_tau|=7.6794e-01 rel=5.948e-03 |R_steady|/|R0|=5.948e-03 cfl=159 dtau=[3.97e-01,1.31e+03] gmres=6
[nsb] it=94 |R_tau|=6.7309e-01 rel=5.213e-03 |R_steady|/|R0|=5.213e-03 cfl=183 dtau=[4.58e-01,1.51e+03] gmres=6
[nsb] it=95 |R_tau|=5.9692e-01 rel=4.623e-03 |R_steady|/|R0|=4.623e-03 cfl=209 dtau=[5.22e-01,1.72e+03] gmres=6
[nsb] it=96 |R_tau|=5.3337e-01 rel=4.131e-03 |R_steady|/|R0|=4.131e-03 cfl=236 dtau=[5.88e-01,1.94e+03] gmres=5
[nsb] it=97 |R_tau|=4.7694e-01 rel=3.694e-03 |R_steady|/|R0|=3.694e-03 cfl=264 dtau=[6.58e-01,2.18e+03] gmres=5
[nsb] it=98 |R_tau|=4.2429e-01 rel=3.286e-03 |R_steady|/|R0|=3.286e-03 cfl=295 dtau=[7.36e-01,2.43e+03] gmres=5
[nsb] it=99 |R_tau|=3.7403e-01 rel=2.897e-03 |R_steady|/|R0|=2.897e-03 cfl=332 dtau=[8.27e-01,2.74e+03] gmres=5
[nsb] it=100 |R_tau|=3.2618e-01 rel=2.526e-03 |R_steady|/|R0|=2.526e-03 cfl=377 dtau=[9.39e-01,3.11e+03] gmres=5
[nsb] it=101 |R_tau|=2.8158e-01 rel=2.181e-03 |R_steady|/|R0|=2.181e-03 cfl=432 dtau=[1.08e+00,3.56e+03] gmres=5
[nsb] it=102 |R_tau|=2.4141e-01 rel=1.870e-03 |R_steady|/|R0|=1.870e-03 cfl=500 dtau=[1.25e+00,4.13e+03] gmres=5
[nsb] it=103 |R_tau|=2.0649e-01 rel=1.599e-03 |R_steady|/|R0|=1.599e-03 cfl=583 dtau=[1.46e+00,4.82e+03] gmres=5
[nsb] it=104 |R_tau|=1.7712e-01 rel=1.372e-03 |R_steady|/|R0|=1.372e-03 cfl=682 dtau=[1.70e+00,5.63e+03] gmres=5
[nsb] it=105 |R_tau|=1.5306e-01 rel=1.186e-03 |R_steady|/|R0|=1.186e-03 cfl=795 dtau=[1.99e+00,6.57e+03] gmres=4
[nsb] it=106 |R_tau|=1.3366e-01 rel=1.035e-03 |R_steady|/|R0|=1.035e-03 cfl=920 dtau=[2.30e+00,7.60e+03] gmres=4
[nsb] it=107 |R_tau|=1.1797e-01 rel=9.137e-04 |R_steady|/|R0|=9.137e-04 cfl=1.05e+03 dtau=[2.63e+00,8.70e+03] gmres=4
[nsb] it=108 |R_tau|=1.0504e-01 rel=8.136e-04 |R_steady|/|R0|=8.136e-04 cfl=1.19e+03 dtau=[2.98e+00,9.86e+03] gmres=5
[nsb] it=109 |R_tau|=9.4059e-02 rel=7.285e-04 |R_steady|/|R0|=7.285e-04 cfl=1.34e+03 dtau=[3.35e+00,1.11e+04] gmres=5
[nsb] it=110 |R_tau|=8.4426e-02 rel=6.539e-04 |R_steady|/|R0|=6.539e-04 cfl=1.5e+03 dtau=[3.74e+00,1.24e+04] gmres=5
[nsb] it=111 |R_tau|=7.5777e-02 rel=5.869e-04 |R_steady|/|R0|=5.869e-04 cfl=1.67e+03 dtau=[4.17e+00,1.38e+04] gmres=5
[nsb] it=112 |R_tau|=6.7915e-02 rel=5.260e-04 |R_steady|/|R0|=5.260e-04 cfl=1.86e+03 dtau=[4.65e+00,1.53e+04] gmres=5
[nsb] it=113 |R_tau|=6.0754e-02 rel=4.706e-04 |R_steady|/|R0|=4.706e-04 cfl=2.07e+03 dtau=[5.19e+00,1.71e+04] gmres=5
[nsb] it=114 |R_tau|=5.4263e-02 rel=4.203e-04 |R_steady|/|R0|=4.203e-04 cfl=2.32e+03 dtau=[5.80e+00,1.91e+04] gmres=6
[nsb] it=115 |R_tau|=4.8429e-02 rel=3.751e-04 |R_steady|/|R0|=3.751e-04 cfl=2.6e+03 dtau=[6.49e+00,2.14e+04] gmres=6
[nsb] it=116 |R_tau|=4.3235e-02 rel=3.349e-04 |R_steady|/|R0|=3.349e-04 cfl=2.91e+03 dtau=[7.27e+00,2.40e+04] gmres=6
[nsb] it=117 |R_tau|=3.8653e-02 rel=2.994e-04 |R_steady|/|R0|=2.994e-04 cfl=3.26e+03 dtau=[8.15e+00,2.69e+04] gmres=6
[nsb] it=118 |R_tau|=3.4640e-02 rel=2.683e-04 |R_steady|/|R0|=2.683e-04 cfl=3.64e+03 dtau=[9.11e+00,3.01e+04] gmres=6
[nsb] it=119 |R_tau|=3.1141e-02 rel=2.412e-04 |R_steady|/|R0|=2.412e-04 cfl=4.07e+03 dtau=[1.02e+01,3.35e+04] gmres=6
[nsb] it=120 |R_tau|=2.8094e-02 rel=2.176e-04 |R_steady|/|R0|=2.176e-04 cfl=4.52e+03 dtau=[1.13e+01,3.73e+04] gmres=6
[nsb] it=121 |R_tau|=2.5436e-02 rel=1.970e-04 |R_steady|/|R0|=1.970e-04 cfl=5.01e+03 dtau=[1.25e+01,4.14e+04] gmres=6
[nsb] it=122 |R_tau|=2.3109e-02 rel=1.790e-04 |R_steady|/|R0|=1.790e-04 cfl=5.54e+03 dtau=[1.39e+01,4.57e+04] gmres=6
[nsb] it=123 |R_tau|=2.1057e-02 rel=1.631e-04 |R_steady|/|R0|=1.631e-04 cfl=6.1e+03 dtau=[1.52e+01,5.03e+04] gmres=6
[nsb] it=124 |R_tau|=1.9234e-02 rel=1.490e-04 |R_steady|/|R0|=1.490e-04 cfl=6.69e+03 dtau=[1.67e+01,5.52e+04] gmres=6
[nsb] it=125 |R_tau|=1.7598e-02 rel=1.363e-04 |R_steady|/|R0|=1.363e-04 cfl=7.32e+03 dtau=[1.83e+01,6.04e+04] gmres=5
[nsb] it=126 |R_tau|=1.6118e-02 rel=1.248e-04 |R_steady|/|R0|=1.248e-04 cfl=8e+03 dtau=[2.00e+01,6.60e+04] gmres=5
[nsb] it=127 |R_tau|=1.4765e-02 rel=1.144e-04 |R_steady|/|R0|=1.144e-04 cfl=8.74e+03 dtau=[2.19e+01,7.21e+04] gmres=5
[nsb] it=128 |R_tau|=1.3518e-02 rel=1.047e-04 |R_steady|/|R0|=1.047e-04 cfl=9.54e+03 dtau=[2.39e+01,7.87e+04] gmres=5
[nsb] it=129 |R_tau|=1.2360e-02 rel=9.573e-05 |R_steady|/|R0|=9.573e-05 cfl=1.04e+04 dtau=[2.61e+01,8.59e+04] gmres=5
[nsb] it=130 |R_tau|=1.1278e-02 rel=8.735e-05 |R_steady|/|R0|=8.735e-05 cfl=1.14e+04 dtau=[2.85e+01,9.40e+04] gmres=5
[nsb] it=131 |R_tau|=1.0263e-02 rel=7.949e-05 |R_steady|/|R0|=7.949e-05 cfl=1.25e+04 dtau=[3.12e+01,1.03e+05] gmres=5
[nsb] it=132 |R_tau|=9.3082e-03 rel=7.210e-05 |R_steady|/|R0|=7.210e-05 cfl=1.37e+04 dtau=[3.43e+01,1.13e+05] gmres=5
[nsb] it=133 |R_tau|=8.4097e-03 rel=6.514e-05 |R_steady|/|R0|=6.514e-05 cfl=1.51e+04 dtau=[3.78e+01,1.25e+05] gmres=5
[nsb] it=134 |R_tau|=7.5649e-03 rel=5.859e-05 |R_steady|/|R0|=5.859e-05 cfl=1.67e+04 dtau=[4.19e+01,1.38e+05] gmres=5
[nsb] it=135 |R_tau|=6.7728e-03 rel=5.246e-05 |R_steady|/|R0|=5.246e-05 cfl=1.86e+04 dtau=[4.66e+01,1.54e+05] gmres=5
[nsb] it=136 |R_tau|=6.0328e-03 rel=4.673e-05 |R_steady|/|R0|=4.673e-05 cfl=2.08e+04 dtau=[5.20e+01,1.71e+05] gmres=6
[nsb] it=137 |R_tau|=5.3451e-03 rel=4.140e-05 |R_steady|/|R0|=4.140e-05 cfl=2.33e+04 dtau=[5.84e+01,1.92e+05] gmres=6
[nsb] it=138 |R_tau|=4.7097e-03 rel=3.648e-05 |R_steady|/|R0|=3.648e-05 cfl=2.64e+04 dtau=[6.59e+01,2.17e+05] gmres=6
[nsb] it=139 |R_tau|=4.1266e-03 rel=3.196e-05 |R_steady|/|R0|=3.196e-05 cfl=2.99e+04 dtau=[7.48e+01,2.47e+05] gmres=6
[nsb] it=140 |R_tau|=3.5953e-03 rel=2.785e-05 |R_steady|/|R0|=2.785e-05 cfl=3.41e+04 dtau=[8.54e+01,2.81e+05] gmres=6
[nsb] it=141 |R_tau|=3.1152e-03 rel=2.413e-05 |R_steady|/|R0|=2.413e-05 cfl=3.92e+04 dtau=[9.80e+01,3.23e+05] gmres=6
[nsb] it=142 |R_tau|=2.6848e-03 rel=2.079e-05 |R_steady|/|R0|=2.079e-05 cfl=4.52e+04 dtau=[1.13e+02,3.73e+05] gmres=6
[nsb] it=143 |R_tau|=2.3026e-03 rel=1.783e-05 |R_steady|/|R0|=1.783e-05 cfl=5.25e+04 dtau=[1.31e+02,4.32e+05] gmres=6
[nsb] it=144 |R_tau|=1.9663e-03 rel=1.523e-05 |R_steady|/|R0|=1.523e-05 cfl=6.12e+04 dtau=[1.53e+02,5.04e+05] gmres=6
[nsb] it=145 |R_tau|=1.6734e-03 rel=1.296e-05 |R_steady|/|R0|=1.296e-05 cfl=7.16e+04 dtau=[1.79e+02,5.91e+05] gmres=6
[nsb] it=146 |R_tau|=1.4211e-03 rel=1.101e-05 |R_steady|/|R0|=1.101e-05 cfl=8.42e+04 dtau=[2.10e+02,6.94e+05] gmres=6
[nsb] it=147 |R_tau|=1.2062e-03 rel=9.342e-06 |R_steady|/|R0|=9.342e-06 cfl=9.91e+04 dtau=[2.48e+02,8.17e+05] gmres=6
[nsb] it=148 |R_tau|=1.0252e-03 rel=7.940e-06 |R_steady|/|R0|=7.940e-06 cfl=1.17e+05 dtau=[2.92e+02,9.63e+05] gmres=5
[nsb] it=149 |R_tau|=8.7462e-04 rel=6.774e-06 |R_steady|/|R0|=6.774e-06 cfl=1.37e+05 dtau=[3.44e+02,1.13e+06] gmres=5
[nsb] it=150 |R_tau|=7.5076e-04 rel=5.815e-06 |R_steady|/|R0|=5.815e-06 cfl=1.61e+05 dtau=[4.03e+02,1.33e+06] gmres=5
[nsb] done converged=False reason='max_iter' it=150 m_in=2.0000e+02 m_out=2.0000e+02 rejected=0 elapsed=80.3s
--> flat_r1_U2_nofloor_alpha0.5: {'converged': False, 'reason': 'max_iter', 'n_iter': 150, 'n_rejected': 0, 'rel_final': 5.814872461043011e-06, 'rel_steady_final': 5.814872461043011e-06, 'rel_min': 5.814872461043011e-06, 'first_step_ratio': 30.021591943186667, 'mass_ratio': 0.9999999999999254, 'p_inlet_mean': 5655.105639019005, 'speed_max': 2.456946671213077, 'elapsed': 80.33118382199973}
===== flat_r1_U2_floor_alpha1 =====
[nsb] it=0 |R|=1.2911e+02 cfl=0.5
[nsb] it=1 |R_tau|=9.2159e+02 rel=7.138e+00 |R_steady|/|R0|=7.138e+00 cfl=0.5 dtau=[2.08e-02,2.08e-02] gmres=11 (gmres not converged)
[nsb] it=2 |R_tau|=5.7174e+02 rel=4.428e+00 |R_steady|/|R0|=4.428e+00 cfl=0.07 dtau=[7.07e-05,2.92e-03] gmres=3
[nsb] it=3 |R_tau|=5.0863e+02 rel=3.939e+00 |R_steady|/|R0|=3.939e+00 cfl=0.113 dtau=[1.16e-04,4.70e-03] gmres=3
[nsb] it=4 |R_tau|=5.0959e+02 rel=3.947e+00 |R_steady|/|R0|=3.947e+00 cfl=0.127 dtau=[1.35e-04,5.29e-03] gmres=5
[nsb] it=5 |R_tau|=4.8249e+02 rel=3.737e+00 |R_steady|/|R0|=3.737e+00 cfl=0.127 dtau=[1.40e-04,5.28e-03] gmres=4
[nsb] it=6 |R_tau|=4.5527e+02 rel=3.526e+00 |R_steady|/|R0|=3.526e+00 cfl=0.134 dtau=[1.53e-04,5.57e-03] gmres=4
[nsb] it=7 |R_tau|=4.2665e+02 rel=3.305e+00 |R_steady|/|R0|=3.305e+00 cfl=0.142 dtau=[1.70e-04,5.91e-03] gmres=4
[nsb] it=8 |R_tau|=3.9546e+02 rel=3.063e+00 |R_steady|/|R0|=3.063e+00 cfl=0.151 dtau=[1.90e-04,6.30e-03] gmres=4
[nsb] it=9 |R_tau|=3.6229e+02 rel=2.806e+00 |R_steady|/|R0|=2.806e+00 cfl=0.163 dtau=[2.16e-04,6.80e-03] gmres=4
[nsb] it=10 |R_tau|=3.2719e+02 rel=2.534e+00 |R_steady|/|R0|=2.534e+00 cfl=0.178 dtau=[2.49e-04,7.42e-03] gmres=4
[nsb] it=11 |R_tau|=2.8987e+02 rel=2.245e+00 |R_steady|/|R0|=2.245e+00 cfl=0.197 dtau=[2.92e-04,8.22e-03] gmres=4
[nsb] it=12 |R_tau|=2.5123e+02 rel=1.946e+00 |R_steady|/|R0|=1.946e+00 cfl=0.223 dtau=[3.53e-04,9.28e-03] gmres=3
[nsb] it=13 |R_tau|=2.1187e+02 rel=1.641e+00 |R_steady|/|R0|=1.641e+00 cfl=0.257 dtau=[4.40e-04,1.07e-02] gmres=3
[nsb] it=14 |R_tau|=1.7202e+02 rel=1.332e+00 |R_steady|/|R0|=1.332e+00 cfl=0.305 dtau=[5.60e-04,1.27e-02] gmres=3
[nsb] it=15 |R_tau|=1.3253e+02 rel=1.026e+00 |R_steady|/|R0|=1.026e+00 cfl=0.375 dtau=[6.94e-04,1.56e-02] gmres=5
[nsb] it=16 |R_tau|=9.5491e+01 rel=7.396e-01 |R_steady|/|R0|=7.396e-01 cfl=0.487 dtau=[9.12e-04,2.03e-02] gmres=4
[nsb] it=17 |R_tau|=6.3822e+01 rel=4.943e-01 |R_steady|/|R0|=4.943e-01 cfl=0.676 dtau=[1.30e-03,2.82e-02] gmres=6
[nsb] it=18 |R_tau|=4.0331e+01 rel=3.124e-01 |R_steady|/|R0|=3.124e-01 cfl=1.01 dtau=[2.04e-03,4.21e-02] gmres=6
[nsb] it=19 |R_tau|=2.4808e+01 rel=1.921e-01 |R_steady|/|R0|=1.921e-01 cfl=1.6 dtau=[3.37e-03,6.67e-02] gmres=6
[nsb] it=20 |R_tau|=1.6042e+01 rel=1.242e-01 |R_steady|/|R0|=1.242e-01 cfl=2.6 dtau=[5.57e-03,1.08e-01] gmres=10
[nsb] it=21 |R_tau|=9.8018e+00 rel=7.592e-02 |R_steady|/|R0|=7.592e-02 cfl=4.02 dtau=[8.99e-03,1.68e-01] gmres=9
[nsb] it=22 |R_tau|=7.0762e+00 rel=5.481e-02 |R_steady|/|R0|=5.481e-02 cfl=6.59 dtau=[1.53e-02,2.74e-01] gmres=10
[nsb] it=23 |R_tau|=2.3549e+00 rel=1.824e-02 |R_steady|/|R0|=1.824e-02 cfl=9.12 dtau=[2.18e-02,3.80e-01] gmres=9
[nsb] it=24 |R_tau|=7.1346e-01 rel=5.526e-03 |R_steady|/|R0|=5.526e-03 cfl=18.2 dtau=[4.44e-02,7.60e-01] gmres=8
[nsb] it=25 |R_tau|=1.3590e-01 rel=1.053e-03 |R_steady|/|R0|=1.053e-03 cfl=36.5 dtau=[9.03e-02,1.52e+00] gmres=10
[nsb] it=26 |R_tau|=1.0972e-02 rel=8.498e-05 |R_steady|/|R0|=8.498e-05 cfl=73 dtau=[1.82e-01,3.04e+00] gmres=12
[nsb] it=27 |R_tau|=4.7655e-04 rel=3.691e-06 |R_steady|/|R0|=3.691e-06 cfl=146 dtau=[3.65e-01,6.08e+00] gmres=19
[nsb] it=28 |R_tau|=9.4367e-06 rel=7.309e-08 |R_steady|/|R0|=7.309e-08 cfl=292 dtau=[7.30e-01,1.22e+01] gmres=14
[nsb] done converged=True reason='' it=28 m_in=2.0000e+02 m_out=2.0000e+02 rejected=0 elapsed=16.7s
--> flat_r1_U2_floor_alpha1: {'converged': True, 'reason': '', 'n_iter': 28, 'n_rejected': 0, 'rel_final': 7.309029941565373e-08, 'rel_steady_final': 7.309029941565373e-08, 'rel_min': 7.309029941565373e-08, 'first_step_ratio': 7.138004847972974, 'mass_ratio': 1.0000000000015081, 'p_inlet_mean': 5655.125517071511, 'speed_max': 2.4569348528899475, 'elapsed': 16.727501739000218}
===== flat_r1_U2_floor_alpha0.7 =====
[nsb] it=0 |R|=1.2911e+02 cfl=0.5
[nsb] it=1 |R_tau|=8.0517e+02 rel=6.236e+00 |R_steady|/|R0|=6.236e+00 cfl=0.5 dtau=[2.08e-02,2.08e-02] gmres=11 (gmres not converged)
[nsb] it=2 |R_tau|=5.1406e+02 rel=3.982e+00 |R_steady|/|R0|=3.982e+00 cfl=0.0802 dtau=[8.61e-05,3.34e-03] gmres=3
[nsb] it=3 |R_tau|=4.5273e+02 rel=3.507e+00 |R_steady|/|R0|=3.507e+00 cfl=0.126 dtau=[1.37e-04,5.23e-03] gmres=3
[nsb] it=4 |R_tau|=4.3450e+02 rel=3.365e+00 |R_steady|/|R0|=3.365e+00 cfl=0.143 dtau=[1.62e-04,5.94e-03] gmres=4
[nsb] it=5 |R_tau|=4.5230e+02 rel=3.503e+00 |R_steady|/|R0|=3.503e+00 cfl=0.149 dtau=[1.76e-04,6.19e-03] gmres=4
[nsb] it=6 |R_tau|=4.0300e+02 rel=3.121e+00 |R_steady|/|R0|=3.121e+00 cfl=0.143 dtau=[1.77e-04,5.95e-03] gmres=4
[nsb] it=7 |R_tau|=3.6895e+02 rel=2.858e+00 |R_steady|/|R0|=2.858e+00 cfl=0.16 dtau=[2.07e-04,6.67e-03] gmres=4
[nsb] it=8 |R_tau|=3.3586e+02 rel=2.601e+00 |R_steady|/|R0|=2.601e+00 cfl=0.175 dtau=[2.39e-04,7.29e-03] gmres=4
[nsb] it=9 |R_tau|=3.0171e+02 rel=2.337e+00 |R_steady|/|R0|=2.337e+00 cfl=0.192 dtau=[2.77e-04,8.01e-03] gmres=3
[nsb] it=10 |R_tau|=2.6641e+02 rel=2.063e+00 |R_steady|/|R0|=2.063e+00 cfl=0.214 dtau=[3.27e-04,8.92e-03] gmres=4
[nsb] it=11 |R_tau|=2.2953e+02 rel=1.778e+00 |R_steady|/|R0|=1.778e+00 cfl=0.242 dtau=[3.95e-04,1.01e-02] gmres=3
[nsb] it=12 |R_tau|=1.9231e+02 rel=1.490e+00 |R_steady|/|R0|=1.490e+00 cfl=0.281 dtau=[4.95e-04,1.17e-02] gmres=3
[nsb] it=13 |R_tau|=1.5530e+02 rel=1.203e+00 |R_steady|/|R0|=1.203e+00 cfl=0.336 dtau=[6.16e-04,1.40e-02] gmres=4
[nsb] it=14 |R_tau|=1.1944e+02 rel=9.251e-01 |R_steady|/|R0|=9.251e-01 cfl=0.416 dtau=[7.66e-04,1.73e-02] gmres=4
[nsb] it=15 |R_tau|=8.6929e+01 rel=6.733e-01 |R_steady|/|R0|=6.733e-01 cfl=0.54 dtau=[1.01e-03,2.25e-02] gmres=4
[nsb] it=16 |R_tau|=6.0733e+01 rel=4.704e-01 |R_steady|/|R0|=4.704e-01 cfl=0.743 dtau=[1.41e-03,3.09e-02] gmres=5
[nsb] it=17 |R_tau|=4.2180e+01 rel=3.267e-01 |R_steady|/|R0|=3.267e-01 cfl=1.06 dtau=[2.10e-03,4.43e-02] gmres=6
[nsb] it=18 |R_tau|=3.0101e+01 rel=2.331e-01 |R_steady|/|R0|=2.331e-01 cfl=1.53 dtau=[3.18e-03,6.38e-02] gmres=5
[nsb] it=19 |R_tau|=2.2120e+01 rel=1.713e-01 |R_steady|/|R0|=1.713e-01 cfl=2.14 dtau=[4.50e-03,8.94e-02] gmres=7
[nsb] it=20 |R_tau|=1.9015e+01 rel=1.473e-01 |R_steady|/|R0|=1.473e-01 cfl=2.92 dtau=[6.25e-03,1.22e-01] gmres=6
[nsb] it=21 |R_tau|=1.8735e+01 rel=1.451e-01 |R_steady|/|R0|=1.451e-01 cfl=3.39 dtau=[7.46e-03,1.41e-01] gmres=7
[nsb] it=22 |R_tau|=1.1255e+01 rel=8.717e-02 |R_steady|/|R0|=8.717e-02 cfl=3.45 dtau=[7.76e-03,1.44e-01] gmres=5
[nsb] it=23 |R_tau|=8.2211e+00 rel=6.368e-02 |R_steady|/|R0|=6.368e-02 cfl=5.74 dtau=[1.31e-02,2.39e-01] gmres=7
[nsb] it=24 |R_tau|=6.5788e+00 rel=5.096e-02 |R_steady|/|R0|=5.096e-02 cfl=7.85 dtau=[1.82e-02,3.27e-01] gmres=6
[nsb] it=25 |R_tau|=5.4105e+00 rel=4.191e-02 |R_steady|/|R0|=4.191e-02 cfl=9.81 dtau=[2.30e-02,4.09e-01] gmres=7
[nsb] it=26 |R_tau|=4.5004e+00 rel=3.486e-02 |R_steady|/|R0|=3.486e-02 cfl=11.9 dtau=[2.82e-02,4.97e-01] gmres=6
[nsb] it=27 |R_tau|=3.7286e+00 rel=2.888e-02 |R_steady|/|R0|=2.888e-02 cfl=14.3 dtau=[3.42e-02,5.98e-01] gmres=8
[nsb] it=28 |R_tau|=3.0894e+00 rel=2.393e-02 |R_steady|/|R0|=2.393e-02 cfl=17.3 dtau=[4.15e-02,7.21e-01] gmres=5
[nsb] it=29 |R_tau|=2.5290e+00 rel=1.959e-02 |R_steady|/|R0|=1.959e-02 cfl=20.9 dtau=[5.03e-02,8.71e-01] gmres=6
[nsb] it=30 |R_tau|=2.0485e+00 rel=1.587e-02 |R_steady|/|R0|=1.587e-02 cfl=25.5 dtau=[6.18e-02,1.06e+00] gmres=6
[nsb] it=31 |R_tau|=1.6329e+00 rel=1.265e-02 |R_steady|/|R0|=1.265e-02 cfl=31.5 dtau=[7.67e-02,1.31e+00] gmres=6
[nsb] it=32 |R_tau|=1.2791e+00 rel=9.907e-03 |R_steady|/|R0|=9.907e-03 cfl=39.5 dtau=[9.67e-02,1.65e+00] gmres=5
[nsb] it=33 |R_tau|=9.8525e-01 rel=7.631e-03 |R_steady|/|R0|=7.631e-03 cfl=50.5 dtau=[1.24e-01,2.10e+00] gmres=5
[nsb] it=34 |R_tau|=7.4403e-01 rel=5.763e-03 |R_steady|/|R0|=5.763e-03 cfl=65.5 dtau=[1.61e-01,2.73e+00] gmres=6
[nsb] it=35 |R_tau|=5.5232e-01 rel=4.278e-03 |R_steady|/|R0|=4.278e-03 cfl=86.8 dtau=[2.14e-01,3.62e+00] gmres=6
[nsb] it=36 |R_tau|=4.0413e-01 rel=3.130e-03 |R_steady|/|R0|=3.130e-03 cfl=117 dtau=[2.90e-01,4.87e+00] gmres=7
[nsb] it=37 |R_tau|=2.9243e-01 rel=2.265e-03 |R_steady|/|R0|=2.265e-03 cfl=160 dtau=[3.97e-01,6.66e+00] gmres=7
[nsb] it=38 |R_tau|=2.0988e-01 rel=1.626e-03 |R_steady|/|R0|=1.626e-03 cfl=221 dtau=[5.49e-01,9.20e+00] gmres=7
[nsb] it=39 |R_tau|=1.4997e-01 rel=1.162e-03 |R_steady|/|R0|=1.162e-03 cfl=308 dtau=[7.66e-01,1.28e+01] gmres=8
[nsb] it=40 |R_tau|=1.0697e-01 rel=8.285e-04 |R_steady|/|R0|=8.285e-04 cfl=430 dtau=[1.07e+00,1.79e+01] gmres=8
[nsb] it=41 |R_tau|=7.6431e-02 rel=5.920e-04 |R_steady|/|R0|=5.920e-04 cfl=603 dtau=[1.51e+00,2.51e+01] gmres=8
[nsb] it=42 |R_tau|=5.4954e-02 rel=4.256e-04 |R_steady|/|R0|=4.256e-04 cfl=845 dtau=[2.11e+00,3.52e+01] gmres=7
[nsb] it=43 |R_tau|=3.9859e-02 rel=3.087e-04 |R_steady|/|R0|=3.087e-04 cfl=1.17e+03 dtau=[2.93e+00,4.89e+01] gmres=7
[nsb] it=44 |R_tau|=2.9304e-02 rel=2.270e-04 |R_steady|/|R0|=2.270e-04 cfl=1.62e+03 dtau=[4.05e+00,6.75e+01] gmres=7
[nsb] it=45 |R_tau|=2.1890e-02 rel=1.695e-04 |R_steady|/|R0|=1.695e-04 cfl=2.2e+03 dtau=[5.51e+00,9.18e+01] gmres=7
[nsb] it=46 |R_tau|=1.6622e-02 rel=1.287e-04 |R_steady|/|R0|=1.287e-04 cfl=2.95e+03 dtau=[7.37e+00,1.23e+02] gmres=5
[nsb] it=47 |R_tau|=1.2813e-02 rel=9.924e-05 |R_steady|/|R0|=9.924e-05 cfl=3.88e+03 dtau=[9.71e+00,1.62e+02] gmres=7
[nsb] it=48 |R_tau|=9.9947e-03 rel=7.741e-05 |R_steady|/|R0|=7.741e-05 cfl=5.04e+03 dtau=[1.26e+01,2.10e+02] gmres=7
[nsb] it=49 |R_tau|=7.8578e-03 rel=6.086e-05 |R_steady|/|R0|=6.086e-05 cfl=6.46e+03 dtau=[1.61e+01,2.69e+02] gmres=7
[nsb] it=50 |R_tau|=6.2019e-03 rel=4.804e-05 |R_steady|/|R0|=4.804e-05 cfl=8.22e+03 dtau=[2.05e+01,3.42e+02] gmres=7
[nsb] it=51 |R_tau|=4.8970e-03 rel=3.793e-05 |R_steady|/|R0|=3.793e-05 cfl=1.04e+04 dtau=[2.60e+01,4.34e+02] gmres=7
[nsb] it=52 |R_tau|=3.8576e-03 rel=2.988e-05 |R_steady|/|R0|=2.988e-05 cfl=1.32e+04 dtau=[3.30e+01,5.49e+02] gmres=7
[nsb] it=53 |R_tau|=3.0255e-03 rel=2.343e-05 |R_steady|/|R0|=2.343e-05 cfl=1.67e+04 dtau=[4.18e+01,6.97e+02] gmres=7
[nsb] it=54 |R_tau|=2.3591e-03 rel=1.827e-05 |R_steady|/|R0|=1.827e-05 cfl=2.13e+04 dtau=[5.34e+01,8.89e+02] gmres=8
[nsb] it=55 |R_tau|=1.8271e-03 rel=1.415e-05 |R_steady|/|R0|=1.415e-05 cfl=2.74e+04 dtau=[6.84e+01,1.14e+03] gmres=8
[nsb] it=56 |R_tau|=1.4046e-03 rel=1.088e-05 |R_steady|/|R0|=1.088e-05 cfl=3.53e+04 dtau=[8.83e+01,1.47e+03] gmres=8
[nsb] it=57 |R_tau|=1.0714e-03 rel=8.298e-06 |R_steady|/|R0|=8.298e-06 cfl=4.6e+04 dtau=[1.15e+02,1.91e+03] gmres=8
[nsb] it=58 |R_tau|=8.1051e-04 rel=6.278e-06 |R_steady|/|R0|=6.278e-06 cfl=6.03e+04 dtau=[1.51e+02,2.51e+03] gmres=8
[nsb] it=59 |R_tau|=6.0798e-04 rel=4.709e-06 |R_steady|/|R0|=4.709e-06 cfl=7.96e+04 dtau=[1.99e+02,3.32e+03] gmres=8
[nsb] it=60 |R_tau|=4.5206e-04 rel=3.501e-06 |R_steady|/|R0|=3.501e-06 cfl=1.06e+05 dtau=[2.65e+02,4.42e+03] gmres=8
[nsb] it=61 |R_tau|=3.3309e-04 rel=2.580e-06 |R_steady|/|R0|=2.580e-06 cfl=1.43e+05 dtau=[3.57e+02,5.95e+03] gmres=7
[nsb] it=62 |R_tau|=2.4314e-04 rel=1.883e-06 |R_steady|/|R0|=1.883e-06 cfl=1.94e+05 dtau=[4.85e+02,8.08e+03] gmres=7
[nsb] it=63 |R_tau|=1.7577e-04 rel=1.361e-06 |R_steady|/|R0|=1.361e-06 cfl=2.66e+05 dtau=[6.64e+02,1.11e+04] gmres=7
[nsb] it=64 |R_tau|=1.2582e-04 rel=9.745e-07 |R_steady|/|R0|=9.745e-07 cfl=3.67e+05 dtau=[9.18e+02,1.53e+04] gmres=7
[nsb] done converged=True reason='' it=64 m_in=2.0000e+02 m_out=2.0000e+02 rejected=0 elapsed=37.9s
--> flat_r1_U2_floor_alpha0.7: {'converged': True, 'reason': '', 'n_iter': 64, 'n_rejected': 0, 'rel_final': 9.745421172789628e-07, 'rel_steady_final': 9.745421172789628e-07, 'rel_min': 9.745421172789628e-07, 'first_step_ratio': 6.236302201589482, 'mass_ratio': 1.0000000000002456, 'p_inlet_mean': 5655.12422025083, 'speed_max': 2.456937067288049, 'elapsed': 37.88762595500157}
===== flat_r1_U2_floor_alpha0.5 =====
[nsb] it=0 |R|=1.2911e+02 cfl=0.5
[nsb] it=1 |R_tau|=6.9045e+02 rel=5.348e+00 |R_steady|/|R0|=5.348e+00 cfl=0.5 dtau=[2.08e-02,2.08e-02] gmres=11 (gmres not converged)
[nsb] it=2 |R_tau|=4.6123e+02 rel=3.572e+00 |R_steady|/|R0|=3.572e+00 cfl=0.0935 dtau=[1.07e-04,3.90e-03] gmres=3
[nsb] it=3 |R_tau|=3.9790e+02 rel=3.082e+00 |R_steady|/|R0|=3.082e+00 cfl=0.14 dtau=[1.64e-04,5.83e-03] gmres=3
[nsb] it=4 |R_tau|=3.7460e+02 rel=2.901e+00 |R_steady|/|R0|=2.901e+00 cfl=0.162 dtau=[1.97e-04,6.76e-03] gmres=4
[nsb] it=5 |R_tau|=3.4914e+02 rel=2.704e+00 |R_steady|/|R0|=2.704e+00 cfl=0.172 dtau=[2.19e-04,7.18e-03] gmres=3
[nsb] it=6 |R_tau|=3.2116e+02 rel=2.487e+00 |R_steady|/|R0|=2.487e+00 cfl=0.185 dtau=[2.47e-04,7.70e-03] gmres=3
[nsb] it=7 |R_tau|=2.9248e+02 rel=2.265e+00 |R_steady|/|R0|=2.265e+00 cfl=0.201 dtau=[2.84e-04,8.38e-03] gmres=3
[nsb] it=8 |R_tau|=2.6315e+02 rel=2.038e+00 |R_steady|/|R0|=2.038e+00 cfl=0.221 dtau=[3.31e-04,9.20e-03] gmres=3
[nsb] it=9 |R_tau|=2.3237e+02 rel=1.800e+00 |R_steady|/|R0|=1.800e+00 cfl=0.245 dtau=[3.93e-04,1.02e-02] gmres=3
[nsb] it=10 |R_tau|=2.0073e+02 rel=1.555e+00 |R_steady|/|R0|=1.555e+00 cfl=0.278 dtau=[4.72e-04,1.16e-02] gmres=3
[nsb] it=11 |R_tau|=1.6886e+02 rel=1.308e+00 |R_steady|/|R0|=1.308e+00 cfl=0.322 dtau=[5.75e-04,1.34e-02] gmres=4
[nsb] it=12 |R_tau|=1.3729e+02 rel=1.063e+00 |R_steady|/|R0|=1.063e+00 cfl=0.382 dtau=[7.00e-04,1.59e-02] gmres=4
[nsb] it=13 |R_tau|=1.0763e+02 rel=8.336e-01 |R_steady|/|R0|=8.336e-01 cfl=0.47 dtau=[8.63e-04,1.96e-02] gmres=4
[nsb] it=14 |R_tau|=8.1277e+01 rel=6.295e-01 |R_steady|/|R0|=6.295e-01 cfl=0.6 dtau=[1.11e-03,2.50e-02] gmres=4
[nsb] it=15 |R_tau|=6.0349e+01 rel=4.674e-01 |R_steady|/|R0|=4.674e-01 cfl=0.794 dtau=[1.49e-03,3.31e-02] gmres=7
[nsb] it=16 |R_tau|=4.5319e+01 rel=3.510e-01 |R_steady|/|R0|=3.510e-01 cfl=1.07 dtau=[2.06e-03,4.46e-02] gmres=5
[nsb] it=17 |R_tau|=3.5328e+01 rel=2.736e-01 |R_steady|/|R0|=2.736e-01 cfl=1.42 dtau=[2.86e-03,5.94e-02] gmres=6
[nsb] it=18 |R_tau|=2.8391e+01 rel=2.199e-01 |R_steady|/|R0|=2.199e-01 cfl=1.83 dtau=[3.83e-03,7.61e-02] gmres=5
[nsb] it=19 |R_tau|=2.3381e+01 rel=1.811e-01 |R_steady|/|R0|=1.811e-01 cfl=2.27 dtau=[4.76e-03,9.47e-02] gmres=6
[nsb] it=20 |R_tau|=1.9523e+01 rel=1.512e-01 |R_steady|/|R0|=1.512e-01 cfl=2.76 dtau=[5.84e-03,1.15e-01] gmres=6
[nsb] it=21 |R_tau|=1.6521e+01 rel=1.280e-01 |R_steady|/|R0|=1.280e-01 cfl=3.31 dtau=[7.10e-03,1.38e-01] gmres=6
[nsb] it=22 |R_tau|=1.4205e+01 rel=1.100e-01 |R_steady|/|R0|=1.100e-01 cfl=3.91 dtau=[8.55e-03,1.63e-01] gmres=6
[nsb] it=23 |R_tau|=1.2370e+01 rel=9.581e-02 |R_steady|/|R0|=9.581e-02 cfl=4.54 dtau=[1.01e-02,1.89e-01] gmres=6
[nsb] it=24 |R_tau|=1.0894e+01 rel=8.438e-02 |R_steady|/|R0|=8.438e-02 cfl=5.22 dtau=[1.18e-02,2.17e-01] gmres=6
[nsb] it=25 |R_tau|=9.6956e+00 rel=7.510e-02 |R_steady|/|R0|=7.510e-02 cfl=5.93 dtau=[1.35e-02,2.47e-01] gmres=5
[nsb] it=26 |R_tau|=8.6790e+00 rel=6.722e-02 |R_steady|/|R0|=6.722e-02 cfl=6.66 dtau=[1.53e-02,2.77e-01] gmres=6
[nsb] it=27 |R_tau|=7.8304e+00 rel=6.065e-02 |R_steady|/|R0|=6.065e-02 cfl=7.44 dtau=[1.72e-02,3.10e-01] gmres=6
[nsb] it=28 |R_tau|=7.1062e+00 rel=5.504e-02 |R_steady|/|R0|=5.504e-02 cfl=8.24 dtau=[1.92e-02,3.44e-01] gmres=6
[nsb] it=29 |R_tau|=6.4674e+00 rel=5.009e-02 |R_steady|/|R0|=5.009e-02 cfl=9.08 dtau=[2.13e-02,3.79e-01] gmres=5
[nsb] it=30 |R_tau|=5.9078e+00 rel=4.576e-02 |R_steady|/|R0|=4.576e-02 cfl=9.98 dtau=[2.35e-02,4.16e-01] gmres=5
[nsb] it=31 |R_tau|=5.4031e+00 rel=4.185e-02 |R_steady|/|R0|=4.185e-02 cfl=10.9 dtau=[2.58e-02,4.55e-01] gmres=5
[nsb] it=32 |R_tau|=4.9429e+00 rel=3.828e-02 |R_steady|/|R0|=3.828e-02 cfl=11.9 dtau=[2.83e-02,4.98e-01] gmres=5
[nsb] it=33 |R_tau|=4.5181e+00 rel=3.499e-02 |R_steady|/|R0|=3.499e-02 cfl=13.1 dtau=[3.10e-02,5.44e-01] gmres=5
[nsb] it=34 |R_tau|=4.1300e+00 rel=3.199e-02 |R_steady|/|R0|=3.199e-02 cfl=14.3 dtau=[3.40e-02,5.95e-01] gmres=5
[nsb] it=35 |R_tau|=3.7734e+00 rel=2.923e-02 |R_steady|/|R0|=2.923e-02 cfl=15.6 dtau=[3.73e-02,6.51e-01] gmres=5
[nsb] it=36 |R_tau|=3.4461e+00 rel=2.669e-02 |R_steady|/|R0|=2.669e-02 cfl=17.1 dtau=[4.10e-02,7.13e-01] gmres=5
[nsb] it=37 |R_tau|=3.1430e+00 rel=2.434e-02 |R_steady|/|R0|=2.434e-02 cfl=18.7 dtau=[4.50e-02,7.81e-01] gmres=5
[nsb] it=38 |R_tau|=2.8602e+00 rel=2.215e-02 |R_steady|/|R0|=2.215e-02 cfl=20.5 dtau=[4.95e-02,8.56e-01] gmres=5
[nsb] it=39 |R_tau|=2.5955e+00 rel=2.010e-02 |R_steady|/|R0|=2.010e-02 cfl=22.6 dtau=[5.45e-02,9.40e-01] gmres=4
[nsb] it=40 |R_tau|=2.3476e+00 rel=1.818e-02 |R_steady|/|R0|=1.818e-02 cfl=24.9 dtau=[6.02e-02,1.04e+00] gmres=4
[nsb] it=41 |R_tau|=2.1139e+00 rel=1.637e-02 |R_steady|/|R0|=1.637e-02 cfl=27.5 dtau=[6.68e-02,1.15e+00] gmres=5
[nsb] it=42 |R_tau|=1.8939e+00 rel=1.467e-02 |R_steady|/|R0|=1.467e-02 cfl=30.5 dtau=[7.43e-02,1.27e+00] gmres=5
[nsb] it=43 |R_tau|=1.6879e+00 rel=1.307e-02 |R_steady|/|R0|=1.307e-02 cfl=34.1 dtau=[8.32e-02,1.42e+00] gmres=5
[nsb] it=44 |R_tau|=1.4964e+00 rel=1.159e-02 |R_steady|/|R0|=1.159e-02 cfl=38.2 dtau=[9.35e-02,1.59e+00] gmres=5
[nsb] it=45 |R_tau|=1.3190e+00 rel=1.022e-02 |R_steady|/|R0|=1.022e-02 cfl=43.1 dtau=[1.06e-01,1.80e+00] gmres=5
[nsb] it=46 |R_tau|=1.1563e+00 rel=8.956e-03 |R_steady|/|R0|=8.956e-03 cfl=48.9 dtau=[1.20e-01,2.04e+00] gmres=5
[nsb] it=47 |R_tau|=1.0082e+00 rel=7.809e-03 |R_steady|/|R0|=7.809e-03 cfl=55.8 dtau=[1.37e-01,2.33e+00] gmres=5
[nsb] it=48 |R_tau|=8.7441e-01 rel=6.773e-03 |R_steady|/|R0|=6.773e-03 cfl=64 dtau=[1.58e-01,2.67e+00] gmres=5
[nsb] it=49 |R_tau|=7.5459e-01 rel=5.845e-03 |R_steady|/|R0|=5.845e-03 cfl=73.8 dtau=[1.82e-01,3.08e+00] gmres=5
[nsb] it=50 |R_tau|=6.4839e-01 rel=5.022e-03 |R_steady|/|R0|=5.022e-03 cfl=85.6 dtau=[2.11e-01,3.56e+00] gmres=5
[nsb] it=51 |R_tau|=5.5530e-01 rel=4.301e-03 |R_steady|/|R0|=4.301e-03 cfl=99.6 dtau=[2.46e-01,4.15e+00] gmres=5
[nsb] it=52 |R_tau|=4.7438e-01 rel=3.674e-03 |R_steady|/|R0|=3.674e-03 cfl=116 dtau=[2.88e-01,4.84e+00] gmres=5
[nsb] it=53 |R_tau|=4.0428e-01 rel=3.131e-03 |R_steady|/|R0|=3.131e-03 cfl=136 dtau=[3.37e-01,5.67e+00] gmres=5
[nsb] it=54 |R_tau|=3.4392e-01 rel=2.664e-03 |R_steady|/|R0|=2.664e-03 cfl=160 dtau=[3.96e-01,6.65e+00] gmres=5
[nsb] it=55 |R_tau|=2.9240e-01 rel=2.265e-03 |R_steady|/|R0|=2.265e-03 cfl=188 dtau=[4.66e-01,7.82e+00] gmres=5
[nsb] it=56 |R_tau|=2.4857e-01 rel=1.925e-03 |R_steady|/|R0|=1.925e-03 cfl=221 dtau=[5.49e-01,9.20e+00] gmres=5
[nsb] it=57 |R_tau|=2.1137e-01 rel=1.637e-03 |R_steady|/|R0|=1.637e-03 cfl=260 dtau=[6.46e-01,1.08e+01] gmres=6
[nsb] it=58 |R_tau|=1.7985e-01 rel=1.393e-03 |R_steady|/|R0|=1.393e-03 cfl=305 dtau=[7.60e-01,1.27e+01] gmres=6
[nsb] it=59 |R_tau|=1.5319e-01 rel=1.186e-03 |R_steady|/|R0|=1.186e-03 cfl=359 dtau=[8.94e-01,1.50e+01] gmres=6
[nsb] it=60 |R_tau|=1.3066e-01 rel=1.012e-03 |R_steady|/|R0|=1.012e-03 cfl=421 dtau=[1.05e+00,1.76e+01] gmres=5
[nsb] it=61 |R_tau|=1.1162e-01 rel=8.646e-04 |R_steady|/|R0|=8.646e-04 cfl=494 dtau=[1.23e+00,2.06e+01] gmres=5
[nsb] it=62 |R_tau|=9.5554e-02 rel=7.401e-04 |R_steady|/|R0|=7.401e-04 cfl=578 dtau=[1.44e+00,2.41e+01] gmres=5
[nsb] it=63 |R_tau|=8.1993e-02 rel=6.351e-04 |R_steady|/|R0|=6.351e-04 cfl=676 dtau=[1.69e+00,2.81e+01] gmres=5
[nsb] it=64 |R_tau|=7.0559e-02 rel=5.465e-04 |R_steady|/|R0|=5.465e-04 cfl=787 dtau=[1.97e+00,3.28e+01] gmres=5
[nsb] it=65 |R_tau|=6.0912e-02 rel=4.718e-04 |R_steady|/|R0|=4.718e-04 cfl=915 dtau=[2.28e+00,3.81e+01] gmres=5
[nsb] it=66 |R_tau|=5.2775e-02 rel=4.088e-04 |R_steady|/|R0|=4.088e-04 cfl=1.06e+03 dtau=[2.65e+00,4.42e+01] gmres=5
[nsb] it=67 |R_tau|=4.5908e-02 rel=3.556e-04 |R_steady|/|R0|=3.556e-04 cfl=1.22e+03 dtau=[3.06e+00,5.10e+01] gmres=5
[nsb] it=68 |R_tau|=4.0109e-02 rel=3.107e-04 |R_steady|/|R0|=3.107e-04 cfl=1.41e+03 dtau=[3.51e+00,5.86e+01] gmres=5
[nsb] it=69 |R_tau|=3.5201e-02 rel=2.726e-04 |R_steady|/|R0|=2.726e-04 cfl=1.61e+03 dtau=[4.02e+00,6.71e+01] gmres=5
[nsb] it=70 |R_tau|=3.1037e-02 rel=2.404e-04 |R_steady|/|R0|=2.404e-04 cfl=1.83e+03 dtau=[4.58e+00,7.64e+01] gmres=4
[nsb] it=71 |R_tau|=2.7489e-02 rel=2.129e-04 |R_steady|/|R0|=2.129e-04 cfl=2.08e+03 dtau=[5.20e+00,8.67e+01] gmres=4
[nsb] it=72 |R_tau|=2.4452e-02 rel=1.894e-04 |R_steady|/|R0|=1.894e-04 cfl=2.35e+03 dtau=[5.87e+00,9.78e+01] gmres=4
[nsb] it=73 |R_tau|=2.1836e-02 rel=1.691e-04 |R_steady|/|R0|=1.691e-04 cfl=2.64e+03 dtau=[6.60e+00,1.10e+02] gmres=5
[nsb] it=74 |R_tau|=1.9568e-02 rel=1.516e-04 |R_steady|/|R0|=1.516e-04 cfl=2.96e+03 dtau=[7.39e+00,1.23e+02] gmres=5
[nsb] it=75 |R_tau|=1.7585e-02 rel=1.362e-04 |R_steady|/|R0|=1.362e-04 cfl=3.3e+03 dtau=[8.25e+00,1.37e+02] gmres=5
[nsb] it=76 |R_tau|=1.5839e-02 rel=1.227e-04 |R_steady|/|R0|=1.227e-04 cfl=3.67e+03 dtau=[9.18e+00,1.53e+02] gmres=5
[nsb] it=77 |R_tau|=1.4288e-02 rel=1.107e-04 |R_steady|/|R0|=1.107e-04 cfl=4.08e+03 dtau=[1.02e+01,1.70e+02] gmres=5
[nsb] it=78 |R_tau|=1.2902e-02 rel=9.993e-05 |R_steady|/|R0|=9.993e-05 cfl=4.52e+03 dtau=[1.13e+01,1.88e+02] gmres=5
[nsb] it=79 |R_tau|=1.1653e-02 rel=9.026e-05 |R_steady|/|R0|=9.026e-05 cfl=5e+03 dtau=[1.25e+01,2.08e+02] gmres=5
[nsb] it=80 |R_tau|=1.0523e-02 rel=8.150e-05 |R_steady|/|R0|=8.150e-05 cfl=5.54e+03 dtau=[1.39e+01,2.31e+02] gmres=5
[nsb] it=81 |R_tau|=9.4953e-03 rel=7.354e-05 |R_steady|/|R0|=7.354e-05 cfl=6.13e+03 dtau=[1.53e+01,2.56e+02] gmres=5
[nsb] it=82 |R_tau|=8.5585e-03 rel=6.629e-05 |R_steady|/|R0|=6.629e-05 cfl=6.8e+03 dtau=[1.70e+01,2.83e+02] gmres=5
[nsb] it=83 |R_tau|=7.7027e-03 rel=5.966e-05 |R_steady|/|R0|=5.966e-05 cfl=7.54e+03 dtau=[1.89e+01,3.14e+02] gmres=5
[nsb] it=84 |R_tau|=6.9205e-03 rel=5.360e-05 |R_steady|/|R0|=5.360e-05 cfl=8.38e+03 dtau=[2.10e+01,3.49e+02] gmres=5
[nsb] it=85 |R_tau|=6.2054e-03 rel=4.806e-05 |R_steady|/|R0|=4.806e-05 cfl=9.33e+03 dtau=[2.33e+01,3.89e+02] gmres=5
[nsb] it=86 |R_tau|=5.5523e-03 rel=4.300e-05 |R_steady|/|R0|=4.300e-05 cfl=1.04e+04 dtau=[2.60e+01,4.33e+02] gmres=5
[nsb] it=87 |R_tau|=4.9567e-03 rel=3.839e-05 |R_steady|/|R0|=3.839e-05 cfl=1.16e+04 dtau=[2.91e+01,4.84e+02] gmres=5
[nsb] it=88 |R_tau|=4.4145e-03 rel=3.419e-05 |R_steady|/|R0|=3.419e-05 cfl=1.3e+04 dtau=[3.26e+01,5.43e+02] gmres=5
[nsb] it=89 |R_tau|=3.9221e-03 rel=3.038e-05 |R_steady|/|R0|=3.038e-05 cfl=1.46e+04 dtau=[3.66e+01,6.09e+02] gmres=5
[nsb] it=90 |R_tau|=3.4760e-03 rel=2.692e-05 |R_steady|/|R0|=2.692e-05 cfl=1.65e+04 dtau=[4.12e+01,6.86e+02] gmres=6
[nsb] it=91 |R_tau|=3.0729e-03 rel=2.380e-05 |R_steady|/|R0|=2.380e-05 cfl=1.86e+04 dtau=[4.64e+01,7.74e+02] gmres=6
[nsb] it=92 |R_tau|=2.7097e-03 rel=2.099e-05 |R_steady|/|R0|=2.099e-05 cfl=2.1e+04 dtau=[5.25e+01,8.75e+02] gmres=6
[nsb] it=93 |R_tau|=2.3834e-03 rel=1.846e-05 |R_steady|/|R0|=1.846e-05 cfl=2.38e+04 dtau=[5.96e+01,9.93e+02] gmres=6
[nsb] it=94 |R_tau|=2.0910e-03 rel=1.620e-05 |R_steady|/|R0|=1.620e-05 cfl=2.71e+04 dtau=[6.77e+01,1.13e+03] gmres=6
[nsb] it=95 |R_tau|=1.8299e-03 rel=1.417e-05 |R_steady|/|R0|=1.417e-05 cfl=3.09e+04 dtau=[7.72e+01,1.29e+03] gmres=6
[nsb] it=96 |R_tau|=1.5973e-03 rel=1.237e-05 |R_steady|/|R0|=1.237e-05 cfl=3.53e+04 dtau=[8.82e+01,1.47e+03] gmres=6
[nsb] it=97 |R_tau|=1.3907e-03 rel=1.077e-05 |R_steady|/|R0|=1.077e-05 cfl=4.04e+04 dtau=[1.01e+02,1.68e+03] gmres=6
[nsb] it=98 |R_tau|=1.2078e-03 rel=9.355e-06 |R_steady|/|R0|=9.355e-06 cfl=4.64e+04 dtau=[1.16e+02,1.93e+03] gmres=6
[nsb] it=99 |R_tau|=1.0463e-03 rel=8.104e-06 |R_steady|/|R0|=8.104e-06 cfl=5.34e+04 dtau=[1.34e+02,2.23e+03] gmres=6
[nsb] it=100 |R_tau|=9.0408e-04 rel=7.002e-06 |R_steady|/|R0|=7.002e-06 cfl=6.17e+04 dtau=[1.54e+02,2.57e+03] gmres=6
[nsb] it=101 |R_tau|=7.7924e-04 rel=6.035e-06 |R_steady|/|R0|=6.035e-06 cfl=7.14e+04 dtau=[1.79e+02,2.98e+03] gmres=6
[nsb] it=102 |R_tau|=6.6994e-04 rel=5.189e-06 |R_steady|/|R0|=5.189e-06 cfl=8.28e+04 dtau=[2.07e+02,3.45e+03] gmres=6
[nsb] it=103 |R_tau|=5.7452e-04 rel=4.450e-06 |R_steady|/|R0|=4.450e-06 cfl=9.64e+04 dtau=[2.41e+02,4.01e+03] gmres=6
[nsb] it=104 |R_tau|=4.9147e-04 rel=3.807e-06 |R_steady|/|R0|=3.807e-06 cfl=1.12e+05 dtau=[2.81e+02,4.68e+03] gmres=6
[nsb] it=105 |R_tau|=4.1937e-04 rel=3.248e-06 |R_steady|/|R0|=3.248e-06 cfl=1.31e+05 dtau=[3.28e+02,5.47e+03] gmres=6
[nsb] it=106 |R_tau|=3.5698e-04 rel=2.765e-06 |R_steady|/|R0|=2.765e-06 cfl=1.54e+05 dtau=[3.85e+02,6.41e+03] gmres=6
[nsb] it=107 |R_tau|=3.0313e-04 rel=2.348e-06 |R_steady|/|R0|=2.348e-06 cfl=1.81e+05 dtau=[4.52e+02,7.53e+03] gmres=6
[nsb] it=108 |R_tau|=2.5681e-04 rel=1.989e-06 |R_steady|/|R0|=1.989e-06 cfl=2.13e+05 dtau=[5.32e+02,8.87e+03] gmres=6
[nsb] it=109 |R_tau|=2.1708e-04 rel=1.681e-06 |R_steady|/|R0|=1.681e-06 cfl=2.51e+05 dtau=[6.29e+02,1.05e+04] gmres=6
[nsb] it=110 |R_tau|=1.8312e-04 rel=1.418e-06 |R_steady|/|R0|=1.418e-06 cfl=2.97e+05 dtau=[7.44e+02,1.24e+04] gmres=6
[nsb] it=111 |R_tau|=1.5418e-04 rel=1.194e-06 |R_steady|/|R0|=1.194e-06 cfl=3.53e+05 dtau=[8.81e+02,1.47e+04] gmres=6
[nsb] it=112 |R_tau|=1.2961e-04 rel=1.004e-06 |R_steady|/|R0|=1.004e-06 cfl=4.19e+05 dtau=[1.05e+03,1.74e+04] gmres=6
[nsb] it=113 |R_tau|=1.0883e-04 rel=8.429e-07 |R_steady|/|R0|=8.429e-07 cfl=4.98e+05 dtau=[1.25e+03,2.08e+04] gmres=6
[nsb] done converged=True reason='' it=113 m_in=2.0000e+02 m_out=2.0000e+02 rejected=0 elapsed=63.5s
--> flat_r1_U2_floor_alpha0.5: {'converged': True, 'reason': '', 'n_iter': 113, 'n_rejected': 0, 'rel_final': 8.429250114083102e-07, 'rel_steady_final': 8.429250114083102e-07, 'rel_min': 8.429250114083102e-07, 'first_step_ratio': 5.347738676847573, 'mass_ratio': 0.9999999999999472, 'p_inlet_mean': 5655.123411825257, 'speed_max': 2.45693688087094, 'elapsed': 63.548425547998704}

==== summary ====
flat_r1_U2_nofloor_alpha1          conv=False it=150 step1=8.86e+01 rel=2.69e+02 rel_min=1.00e+00
flat_r1_U2_nofloor_alpha0.7        conv=True  it=103 step1=5.08e+01 rel=7.56e-07 rel_min=7.56e-07
flat_r1_U2_nofloor_alpha0.5        conv=False it=150 step1=3.00e+01 rel=5.81e-06 rel_min=5.81e-06
flat_r1_U2_floor_alpha1            conv=True  it= 28 step1=7.14e+00 rel=7.31e-08 rel_min=7.31e-08
flat_r1_U2_floor_alpha0.7          conv=True  it= 64 step1=6.24e+00 rel=9.75e-07 rel_min=9.75e-07
flat_r1_U2_floor_alpha0.5          conv=True  it=113 step1=5.35e+00 rel=8.43e-07 rel_min=8.43e-07
