===== uturn_r1_U2_nofloor_alpha1 =====
[nsb] it=0 |R|=1.2911e+02 cfl=0.5
[nsb] it=1 |R_tau|=8.1952e+03 rel=6.347e+01 |R_steady|/|R0|=6.347e+01 cfl=0.5 dtau=[1.00e+30,1.00e+30] gmres=1
[nsb] it=2 |R_tau|=8.7520e+03 rel=6.779e+01 |R_steady|/|R0|=6.779e+01 cfl=0.05 dtau=[1.42e-05,1.39e+02] gmres=3
[nsb] it=3 |R_tau|=3.3529e+03 rel=2.597e+01 |R_steady|/|R0|=2.597e+01 cfl=0.0468 dtau=[1.34e-05,7.19e+00] gmres=4
[nsb] it=4 |R_tau|=2.9702e+03 rel=2.301e+01 |R_steady|/|R0|=2.301e+01 cfl=0.0936 dtau=[2.70e-05,1.31e+02] gmres=5
[nsb] it=5 |R_tau|=3.2665e+03 rel=2.530e+01 |R_steady|/|R0|=2.530e+01 cfl=0.106 dtau=[3.09e-05,1.39e+02] gmres=4
[nsb] it=6 |R_tau|=4.3413e+03 rel=3.362e+01 |R_steady|/|R0|=3.362e+01 cfl=0.0961 dtau=[2.85e-05,1.46e+02] gmres=5
[nsb] it=7 |R_tau|=6.2924e+03 rel=4.874e+01 |R_steady|/|R0|=4.874e+01 cfl=0.0723 dtau=[2.17e-05,1.51e+02] gmres=6
[nsb] it=8 |R_tau|=7.1677e+03 rel=5.552e+01 |R_steady|/|R0|=5.552e+01 cfl=0.0499 dtau=[1.52e-05,1.31e+02] gmres=7
[nsb] it=9 |R_tau|=7.0342e+03 rel=5.448e+01 |R_steady|/|R0|=5.448e+01 cfl=0.0438 dtau=[1.35e-05,9.42e+01] gmres=4
[nsb] it=10 |R_tau|=1.2478e+04 rel=9.664e+01 |R_steady|/|R0|=9.664e+01 cfl=0.0446 dtau=[1.39e-05,1.85e+02] gmres=8
[nsb] it=11 |R_tau|=7.5062e+03 rel=5.814e+01 |R_steady|/|R0|=5.814e+01 cfl=0.0252 dtau=[7.90e-06,2.11e+02] gmres=3
[nsb] it=12 |R_tau|=7.4183e+03 rel=5.746e+01 |R_steady|/|R0|=5.746e+01 cfl=0.0418 dtau=[1.32e-05,1.08e+02] gmres=4
[nsb] it=13 |R_tau|=7.4266e+03 rel=5.752e+01 |R_steady|/|R0|=5.752e+01 cfl=0.0423 dtau=[1.35e-05,1.69e+02] gmres=6
[nsb] it=14 |R_tau|=7.3292e+03 rel=5.677e+01 |R_steady|/|R0|=5.677e+01 cfl=0.0423 dtau=[1.36e-05,2.06e+02] gmres=5
[nsb] it=15 |R_tau|=7.2182e+03 rel=5.591e+01 |R_steady|/|R0|=5.591e+01 cfl=0.0428 dtau=[1.40e-05,3.14e+02] gmres=6
[nsb] it=16 |R_tau|=7.0942e+03 rel=5.495e+01 |R_steady|/|R0|=5.495e+01 cfl=0.0435 dtau=[1.44e-05,4.69e+02] gmres=5
[nsb] it=17 |R_tau|=6.9538e+03 rel=5.386e+01 |R_steady|/|R0|=5.386e+01 cfl=0.0443 dtau=[1.48e-05,1.73e+03] gmres=6
[nsb] it=18 |R_tau|=6.7925e+03 rel=5.261e+01 |R_steady|/|R0|=5.261e+01 cfl=0.0451 dtau=[1.52e-05,2.31e+04] gmres=6
[nsb] it=19 |R_tau|=6.5557e+03 rel=5.078e+01 |R_steady|/|R0|=5.078e+01 cfl=0.0462 dtau=[1.57e-05,1.62e+04] gmres=6
[nsb] it=20 |R_tau|=6.3939e+03 rel=4.952e+01 |R_steady|/|R0|=4.952e+01 cfl=0.0479 dtau=[1.64e-05,5.65e+03] gmres=9
[nsb] it=21 |R_tau|=6.2260e+03 rel=4.822e+01 |R_steady|/|R0|=4.822e+01 cfl=0.0491 dtau=[1.70e-05,6.56e+02] gmres=5
[nsb] it=22 |R_tau|=6.5437e+03 rel=5.068e+01 |R_steady|/|R0|=5.068e+01 cfl=0.0504 dtau=[1.77e-05,7.12e+02] gmres=8
[nsb] it=23 |R_tau|=9.9074e+03 rel=7.674e+01 |R_steady|/|R0|=7.674e+01 cfl=0.048 dtau=[1.70e-05,1.72e+03] gmres=5
[nsb] it=24 |R_tau|=6.8049e+03 rel=5.271e+01 |R_steady|/|R0|=5.271e+01 cfl=0.0317 dtau=[1.14e-05,8.54e+03] gmres=4
[nsb] it=25 |R_tau|=6.6006e+03 rel=5.112e+01 |R_steady|/|R0|=5.112e+01 cfl=0.0461 dtau=[1.66e-05,1.63e+02] gmres=5
[nsb] it=26 |R_tau|=6.3631e+03 rel=4.928e+01 |R_steady|/|R0|=4.928e+01 cfl=0.0476 dtau=[1.72e-05,4.12e+02] gmres=5
[nsb] it=27 |R_tau|=6.1234e+03 rel=4.743e+01 |R_steady|/|R0|=4.743e+01 cfl=0.0493 dtau=[1.80e-05,3.70e+02] gmres=5
[nsb] it=28 |R_tau|=5.7091e+03 rel=4.422e+01 |R_steady|/|R0|=4.422e+01 cfl=0.0513 dtau=[1.89e-05,9.12e+02] gmres=6
[nsb] it=29 |R_tau|=5.7142e+03 rel=4.426e+01 |R_steady|/|R0|=4.426e+01 cfl=0.055 dtau=[2.04e-05,1.06e+03] gmres=6
[nsb] it=30 |R_tau|=5.5977e+03 rel=4.336e+01 |R_steady|/|R0|=4.336e+01 cfl=0.0549 dtau=[2.06e-05,3.47e+02] gmres=6
[nsb] it=31 |R_tau|=5.5299e+03 rel=4.283e+01 |R_steady|/|R0|=4.283e+01 cfl=0.0561 dtau=[2.12e-05,4.12e+03] gmres=6
[nsb] it=32 |R_tau|=5.3765e+03 rel=4.164e+01 |R_steady|/|R0|=4.164e+01 cfl=0.0568 dtau=[2.17e-05,1.06e+03] gmres=5
[nsb] it=33 |R_tau|=5.2243e+03 rel=4.046e+01 |R_steady|/|R0|=4.046e+01 cfl=0.0584 dtau=[2.26e-05,5.41e+02] gmres=5
[nsb] it=34 |R_tau|=5.0684e+03 rel=3.926e+01 |R_steady|/|R0|=3.926e+01 cfl=0.0601 dtau=[2.36e-05,5.08e+02] gmres=6
[nsb] it=35 |R_tau|=4.9174e+03 rel=3.809e+01 |R_steady|/|R0|=3.809e+01 cfl=0.0619 dtau=[2.47e-05,4.99e+02] gmres=5
[nsb] it=36 |R_tau|=4.7620e+03 rel=3.688e+01 |R_steady|/|R0|=3.688e+01 cfl=0.0638 dtau=[2.59e-05,5.11e+02] gmres=5
[nsb] it=37 |R_tau|=4.6018e+03 rel=3.564e+01 |R_steady|/|R0|=3.564e+01 cfl=0.0659 dtau=[2.72e-05,5.38e+02] gmres=5
[nsb] it=38 |R_tau|=4.4383e+03 rel=3.438e+01 |R_steady|/|R0|=3.438e+01 cfl=0.0682 dtau=[2.86e-05,5.63e+02] gmres=5
[nsb] it=39 |R_tau|=4.3675e+03 rel=3.383e+01 |R_steady|/|R0|=3.383e+01 cfl=0.0707 dtau=[3.03e-05,3.97e+02] gmres=5
[nsb] it=40 |R_tau|=4.0775e+03 rel=3.158e+01 |R_steady|/|R0|=3.158e+01 cfl=0.0719 dtau=[3.15e-05,1.66e+02] gmres=5
[nsb] it=41 |R_tau|=3.8884e+03 rel=3.012e+01 |R_steady|/|R0|=3.012e+01 cfl=0.077 dtau=[3.46e-05,1.61e+03] gmres=4
[nsb] it=42 |R_tau|=3.6929e+03 rel=2.860e+01 |R_steady|/|R0|=2.860e+01 cfl=0.0807 dtau=[3.73e-05,1.61e+03] gmres=5
[nsb] it=43 |R_tau|=3.9306e+03 rel=3.044e+01 |R_steady|/|R0|=3.044e+01 cfl=0.085 dtau=[4.05e-05,8.83e+02] gmres=6
[nsb] it=44 |R_tau|=3.3783e+03 rel=2.617e+01 |R_steady|/|R0|=2.617e+01 cfl=0.0799 dtau=[3.92e-05,7.00e+02] gmres=4
[nsb] it=45 |R_tau|=3.2948e+03 rel=2.552e+01 |R_steady|/|R0|=2.552e+01 cfl=0.0929 dtau=[4.69e-05,5.72e+02] gmres=5
[nsb] it=46 |R_tau|=3.0624e+03 rel=2.372e+01 |R_steady|/|R0|=2.372e+01 cfl=0.0953 dtau=[4.95e-05,9.34e+02] gmres=4
[nsb] it=47 |R_tau|=2.8140e+03 rel=2.180e+01 |R_steady|/|R0|=2.180e+01 cfl=0.103 dtau=[5.48e-05,6.77e+02] gmres=4
[nsb] it=48 |R_tau|=2.6601e+03 rel=2.060e+01 |R_steady|/|R0|=2.060e+01 cfl=0.112 dtau=[6.11e-05,7.32e+02] gmres=4
[nsb] it=49 |R_tau|=2.4546e+03 rel=1.901e+01 |R_steady|/|R0|=1.901e+01 cfl=0.118 dtau=[6.60e-05,8.67e+02] gmres=4
[nsb] it=50 |R_tau|=2.2335e+03 rel=1.730e+01 |R_steady|/|R0|=1.730e+01 cfl=0.128 dtau=[7.33e-05,8.22e+02] gmres=4
[nsb] it=51 |R_tau|=2.0090e+03 rel=1.556e+01 |R_steady|/|R0|=1.556e+01 cfl=0.141 dtau=[8.28e-05,8.60e+02] gmres=5
[nsb] it=52 |R_tau|=1.7871e+03 rel=1.384e+01 |R_steady|/|R0|=1.384e+01 cfl=0.156 dtau=[9.50e-05,9.29e+02] gmres=5
[nsb] it=53 |R_tau|=1.5844e+03 rel=1.227e+01 |R_steady|/|R0|=1.227e+01 cfl=0.176 dtau=[1.11e-04,1.01e+03] gmres=6
[nsb] it=54 |R_tau|=1.3810e+03 rel=1.070e+01 |R_steady|/|R0|=1.070e+01 cfl=0.198 dtau=[1.31e-04,1.13e+03] gmres=5
[nsb] it=55 |R_tau|=4.4977e+03 rel=3.484e+01 |R_steady|/|R0|=3.484e+01 cfl=0.227 dtau=[1.59e-04,1.27e+03] gmres=12
[nsb] it=56 |R_tau|=9.8605e+03 rel=7.637e+01 |R_steady|/|R0|=7.637e+01 cfl=0.0698 dtau=[2.91e-05,2.07e+02] gmres=6
[nsb] it=57 |R_tau|=4.1942e+03 rel=3.249e+01 |R_steady|/|R0|=3.249e+01 cfl=0.0318 dtau=[1.43e-05,1.27e+01] gmres=3
[nsb] it=58 |R_tau|=3.0030e+03 rel=2.326e+01 |R_steady|/|R0|=2.326e+01 cfl=0.0637 dtau=[2.91e-05,9.49e+01] gmres=4
[nsb] it=59 |R_tau|=2.3968e+03 rel=1.856e+01 |R_steady|/|R0|=1.856e+01 cfl=0.0889 dtau=[4.22e-05,1.62e+02] gmres=6
[nsb] it=60 |R_tau|=2.0775e+03 rel=1.609e+01 |R_steady|/|R0|=1.609e+01 cfl=0.111 dtau=[5.56e-05,1.91e+02] gmres=5
[nsb] it=61 |R_tau|=4.5276e+03 rel=3.507e+01 |R_steady|/|R0|=3.507e+01 cfl=0.129 dtau=[6.85e-05,3.84e+02] gmres=12
[nsb] it=62 |R_tau|=4.6636e+03 rel=3.612e+01 |R_steady|/|R0|=3.612e+01 cfl=0.059 dtau=[3.39e-05,3.52e+02] gmres=4
[nsb] it=63 |R_tau|=2.0733e+03 rel=1.606e+01 |R_steady|/|R0|=1.606e+01 cfl=0.0573 dtau=[3.39e-05,5.75e+01] gmres=6
[nsb] it=64 |R_tau|=1.5760e+03 rel=1.221e+01 |R_steady|/|R0|=1.221e+01 cfl=0.115 dtau=[7.05e-05,7.77e+02] gmres=4
[nsb] it=65 |R_tau|=1.2686e+03 rel=9.826e+00 |R_steady|/|R0|=9.826e+00 cfl=0.151 dtau=[1.00e-04,1.07e+03] gmres=4
[nsb] it=66 |R_tau|=1.0692e+03 rel=8.281e+00 |R_steady|/|R0|=8.281e+00 cfl=0.187 dtau=[1.37e-04,1.18e+03] gmres=7
[nsb] it=67 |R_tau|=8.5972e+02 rel=6.659e+00 |R_steady|/|R0|=6.659e+00 cfl=0.222 dtau=[1.84e-04,1.14e+03] gmres=6
[nsb] it=68 |R_tau|=6.9854e+02 rel=5.410e+00 |R_steady|/|R0|=5.410e+00 cfl=0.276 dtau=[2.54e-04,1.40e+03] gmres=6
[nsb] it=69 |R_tau|=5.6887e+02 rel=4.406e+00 |R_steady|/|R0|=4.406e+00 cfl=0.34 dtau=[3.32e-04,1.64e+03] gmres=8
[nsb] it=70 |R_tau|=4.6883e+02 rel=3.631e+00 |R_steady|/|R0|=3.631e+00 cfl=0.417 dtau=[4.30e-04,2.01e+03] gmres=5
[nsb] it=71 |R_tau|=3.6707e+02 rel=2.843e+00 |R_steady|/|R0|=2.843e+00 cfl=0.507 dtau=[5.79e-04,2.40e+03] gmres=6
[nsb] it=72 |R_tau|=3.2543e+02 rel=2.521e+00 |R_steady|/|R0|=2.521e+00 cfl=0.647 dtau=[8.05e-04,3.04e+03] gmres=6
[nsb] it=73 |R_tau|=2.3552e+02 rel=1.824e+00 |R_steady|/|R0|=1.824e+00 cfl=0.73 dtau=[9.85e-04,3.45e+03] gmres=7
[nsb] it=74 |R_tau|=1.8489e+02 rel=1.432e+00 |R_steady|/|R0|=1.432e+00 cfl=1.01 dtau=[1.50e-03,4.66e+03] gmres=7
[nsb] it=75 |R_tau|=1.3531e+02 rel=1.048e+00 |R_steady|/|R0|=1.048e+00 cfl=1.28 dtau=[2.10e-03,5.76e+03] gmres=9
[nsb] it=76 |R_tau|=2.5786e+02 rel=1.997e+00 |R_steady|/|R0|=1.997e+00 cfl=1.76 dtau=[3.06e-03,7.86e+03] gmres=8
[nsb] it=77 |R_tau|=1.0560e+03 rel=8.179e+00 |R_steady|/|R0|=8.179e+00 cfl=0.921 dtau=[9.18e-04,4.20e+03] gmres=7
[nsb] it=78 |R_tau|=1.3007e+03 rel=1.007e+01 |R_steady|/|R0|=1.007e+01 cfl=0.225 dtau=[1.19e-04,1.05e+03] gmres=4
[nsb] it=79 |R_tau|=1.0247e+03 rel=7.936e+00 |R_steady|/|R0|=7.936e+00 cfl=0.183 dtau=[1.04e-04,9.26e+02] gmres=4
[nsb] it=80 |R_tau|=8.6391e+02 rel=6.691e+00 |R_steady|/|R0|=6.691e+00 cfl=0.232 dtau=[1.42e-04,1.04e+03] gmres=4
[nsb] it=81 |R_tau|=6.9434e+02 rel=5.378e+00 |R_steady|/|R0|=5.378e+00 cfl=0.275 dtau=[1.86e-04,1.27e+03] gmres=4
[nsb] it=82 |R_tau|=5.3400e+02 rel=4.136e+00 |R_steady|/|R0|=4.136e+00 cfl=0.342 dtau=[2.61e-04,1.60e+03] gmres=4
[nsb] it=83 |R_tau|=4.1336e+02 rel=3.202e+00 |R_steady|/|R0|=3.202e+00 cfl=0.445 dtau=[3.90e-04,2.12e+03] gmres=4
[nsb] it=84 |R_tau|=3.4254e+02 rel=2.653e+00 |R_steady|/|R0|=2.653e+00 cfl=0.575 dtau=[5.93e-04,2.77e+03] gmres=5
[nsb] it=85 |R_tau|=2.5435e+02 rel=1.970e+00 |R_steady|/|R0|=1.970e+00 cfl=0.693 dtau=[7.23e-04,3.37e+03] gmres=4
[nsb] it=86 |R_tau|=1.9260e+02 rel=1.492e+00 |R_steady|/|R0|=1.492e+00 cfl=0.934 dtau=[1.14e-03,4.61e+03] gmres=9
[nsb] it=87 |R_tau|=1.4807e+02 rel=1.147e+00 |R_steady|/|R0|=1.147e+00 cfl=1.23 dtau=[1.54e-03,6.19e+03] gmres=6
[nsb] it=88 |R_tau|=1.0209e+02 rel=7.907e-01 |R_steady|/|R0|=7.907e-01 cfl=1.6 dtau=[2.43e-03,8.23e+03] gmres=10
