===== uturn_r2_U2_floor_it200 =====
[nsb] it=0 |R|=9.1302e+01 cfl=0.5
[nsb] it=1 |R_tau|=4.6524e+03 rel=5.096e+01 |R_steady|/|R0|=5.096e+01 cfl=0.5 dtau=[1.04e-02,1.04e-02] gmres=4
[nsb] it=2 |R_tau|=4.0407e+04 rel=4.426e+02 |R_steady|/|R0|=4.426e+02 cfl=0.05 dtau=[1.03e-05,1.04e-03] gmres=15 (gmres not converged)
[nsb] it=3 |R_tau|=2.4726e+04 rel=2.708e+02 |R_steady|/|R0|=2.708e+02 cfl=0.00576 dtau=[1.28e-06,1.20e-04] gmres=25 (gmres not converged)
[nsb] it=4 |R_tau|=1.7691e+04 rel=1.938e+02 |R_steady|/|R0|=1.938e+02 cfl=0.00941 dtau=[2.11e-06,1.96e-04] gmres=24 (gmres not converged)
[nsb] it=5 |R_tau|=1.4227e+04 rel=1.558e+02 |R_steady|/|R0|=1.558e+02 cfl=0.0131 dtau=[2.98e-06,2.74e-04] gmres=4
[nsb] it=6 |R_tau|=1.1721e+04 rel=1.284e+02 |R_steady|/|R0|=1.284e+02 cfl=0.0164 dtau=[3.76e-06,3.41e-04] gmres=3
[nsb] it=7 |R_tau|=9.6382e+03 rel=1.056e+02 |R_steady|/|R0|=1.056e+02 cfl=0.0198 dtau=[4.63e-06,4.13e-04] gmres=3
[nsb] it=8 |R_tau|=7.7797e+03 rel=8.521e+01 |R_steady|/|R0|=8.521e+01 cfl=0.0241 dtau=[5.73e-06,5.03e-04] gmres=3
[nsb] it=9 |R_tau|=6.3297e+03 rel=6.933e+01 |R_steady|/|R0|=6.933e+01 cfl=0.0299 dtau=[7.24e-06,6.23e-04] gmres=5
[nsb] it=10 |R_tau|=5.1876e+03 rel=5.682e+01 |R_steady|/|R0|=5.682e+01 cfl=0.0368 dtau=[9.10e-06,7.66e-04] gmres=5
[nsb] it=11 |R_tau|=4.2535e+03 rel=4.659e+01 |R_steady|/|R0|=4.659e+01 cfl=0.0448 dtau=[1.14e-05,9.34e-04] gmres=4
[nsb] it=12 |R_tau|=3.4743e+03 rel=3.805e+01 |R_steady|/|R0|=3.805e+01 cfl=0.0547 dtau=[1.43e-05,1.14e-03] gmres=4
[nsb] it=13 |R_tau|=2.8208e+03 rel=3.090e+01 |R_steady|/|R0|=3.090e+01 cfl=0.067 dtau=[1.81e-05,1.39e-03] gmres=4
[nsb] it=14 |R_tau|=2.2663e+03 rel=2.482e+01 |R_steady|/|R0|=2.482e+01 cfl=0.0825 dtau=[2.32e-05,1.72e-03] gmres=4
[nsb] it=15 |R_tau|=1.8005e+03 rel=1.972e+01 |R_steady|/|R0|=1.972e+01 cfl=0.103 dtau=[3.02e-05,2.14e-03] gmres=4
[nsb] it=16 |R_tau|=1.4127e+03 rel=1.547e+01 |R_steady|/|R0|=1.547e+01 cfl=0.129 dtau=[4.02e-05,2.69e-03] gmres=3
[nsb] it=17 |R_tau|=1.0950e+03 rel=1.199e+01 |R_steady|/|R0|=1.199e+01 cfl=0.165 dtau=[5.45e-05,3.43e-03] gmres=4
[nsb] it=18 |R_tau|=8.3807e+02 rel=9.179e+00 |R_steady|/|R0|=9.179e+00 cfl=0.212 dtau=[7.59e-05,4.43e-03] gmres=5
[nsb] it=19 |R_tau|=6.4937e+02 rel=7.112e+00 |R_steady|/|R0|=7.112e+00 cfl=0.278 dtau=[1.09e-04,5.78e-03] gmres=5
[nsb] it=20 |R_tau|=5.4063e+02 rel=5.921e+00 |R_steady|/|R0|=5.921e+00 cfl=0.358 dtau=[1.57e-04,7.46e-03] gmres=8
[nsb] it=21 |R_tau|=3.8032e+02 rel=4.165e+00 |R_steady|/|R0|=4.165e+00 cfl=0.43 dtau=[2.14e-04,8.96e-03] gmres=6
[nsb] it=22 |R_tau|=2.7777e+02 rel=3.042e+00 |R_steady|/|R0|=3.042e+00 cfl=0.612 dtau=[3.56e-04,1.27e-02] gmres=4
[nsb] it=23 |R_tau|=1.9509e+02 rel=2.137e+00 |R_steady|/|R0|=2.137e+00 cfl=0.837 dtau=[5.14e-04,1.74e-02] gmres=6
[nsb] it=24 |R_tau|=1.3047e+02 rel=1.429e+00 |R_steady|/|R0|=1.429e+00 cfl=1.19 dtau=[7.41e-04,2.48e-02] gmres=6
[nsb] it=25 |R_tau|=8.7000e+01 rel=9.529e-01 |R_steady|/|R0|=9.529e-01 cfl=1.78 dtau=[1.13e-03,3.71e-02] gmres=7
[nsb] it=26 |R_tau|=6.0982e+01 rel=6.679e-01 |R_steady|/|R0|=6.679e-01 cfl=2.67 dtau=[1.76e-03,5.57e-02] gmres=8
[nsb] it=27 |R_tau|=4.3168e+01 rel=4.728e-01 |R_steady|/|R0|=4.728e-01 cfl=3.81 dtau=[2.60e-03,7.95e-02] gmres=8
[nsb] it=28 |R_tau|=3.3611e+01 rel=3.681e-01 |R_steady|/|R0|=3.681e-01 cfl=5.39 dtau=[3.83e-03,1.12e-01] gmres=9
[nsb] it=29 |R_tau|=2.7095e+01 rel=2.968e-01 |R_steady|/|R0|=2.968e-01 cfl=6.92 dtau=[5.03e-03,1.44e-01] gmres=7
[nsb] it=30 |R_tau|=2.4736e+01 rel=2.709e-01 |R_steady|/|R0|=2.709e-01 cfl=8.59 dtau=[6.30e-03,1.79e-01] gmres=9
[nsb] it=31 |R_tau|=2.1519e+01 rel=2.357e-01 |R_steady|/|R0|=2.357e-01 cfl=9.4 dtau=[6.74e-03,1.96e-01] gmres=9
[nsb] it=32 |R_tau|=5.5671e+01 rel=6.097e-01 |R_steady|/|R0|=6.097e-01 cfl=10.8 dtau=[8.07e-03,2.25e-01] gmres=12
[nsb] it=33 |R_tau|=2.0995e+03 rel=2.300e+01 |R_steady|/|R0|=2.300e+01 cfl=4.18 dtau=[3.20e-03,8.71e-02] gmres=10
[nsb] it=34 |R_tau|=1.9164e+03 rel=2.099e+01 |R_steady|/|R0|=2.099e+01 cfl=0.418 dtau=[5.33e-05,8.71e-03] gmres=5
[nsb] it=35 |R_tau|=1.3151e+03 rel=1.440e+01 |R_steady|/|R0|=1.440e+01 cfl=0.458 dtau=[6.78e-05,9.54e-03] gmres=5
[nsb] it=36 |R_tau|=9.4459e+02 rel=1.035e+01 |R_steady|/|R0|=1.035e+01 cfl=0.667 dtau=[1.19e-04,1.39e-02] gmres=9
[nsb] it=37 |R_tau|=9.3993e+02 rel=1.029e+01 |R_steady|/|R0|=1.029e+01 cfl=0.929 dtau=[2.18e-04,1.93e-02] gmres=5
[nsb] it=38 |R_tau|=7.1047e+02 rel=7.782e+00 |R_steady|/|R0|=7.782e+00 cfl=0.933 dtau=[2.27e-04,1.94e-02] gmres=10
[nsb] it=39 |R_tau|=5.4147e+02 rel=5.931e+00 |R_steady|/|R0|=5.931e+00 cfl=1.23 dtau=[3.25e-04,2.57e-02] gmres=5
[nsb] it=40 |R_tau|=3.3485e+02 rel=3.667e+00 |R_steady|/|R0|=3.667e+00 cfl=1.62 dtau=[4.48e-04,3.38e-02] gmres=6
[nsb] it=41 |R_tau|=2.6016e+02 rel=2.849e+00 |R_steady|/|R0|=2.849e+00 cfl=2.62 dtau=[7.94e-04,5.46e-02] gmres=8
[nsb] it=42 |R_tau|=1.9916e+02 rel=2.181e+00 |R_steady|/|R0|=2.181e+00 cfl=3.37 dtau=[1.21e-03,7.03e-02] gmres=7
[nsb] it=43 |R_tau|=1.4742e+02 rel=1.615e+00 |R_steady|/|R0|=1.615e+00 cfl=4.4 dtau=[1.86e-03,9.18e-02] gmres=10
[nsb] it=44 |R_tau|=1.4850e+02 rel=1.626e+00 |R_steady|/|R0|=1.626e+00 cfl=5.95 dtau=[2.89e-03,1.24e-01] gmres=12
[nsb] it=45 |R_tau|=1.0729e+02 rel=1.175e+00 |R_steady|/|R0|=1.175e+00 cfl=5.91 dtau=[3.12e-03,1.23e-01] gmres=13
[nsb] it=46 |R_tau|=7.7482e+01 rel=8.486e-01 |R_steady|/|R0|=8.486e-01 cfl=8.18 dtau=[4.75e-03,1.70e-01] gmres=10
[nsb] it=47 |R_tau|=6.1568e+01 rel=6.743e-01 |R_steady|/|R0|=6.743e-01 cfl=11.3 dtau=[7.28e-03,2.36e-01] gmres=9
[nsb] it=48 |R_tau|=4.6976e+01 rel=5.145e-01 |R_steady|/|R0|=5.145e-01 cfl=14.2 dtau=[1.01e-02,2.97e-01] gmres=8
[nsb] it=49 |R_tau|=3.6928e+01 rel=4.045e-01 |R_steady|/|R0|=4.045e-01 cfl=18.7 dtau=[1.32e-02,3.89e-01] gmres=7
[nsb] it=50 |R_tau|=3.0611e+01 rel=3.353e-01 |R_steady|/|R0|=3.353e-01 cfl=23.8 dtau=[1.62e-02,4.95e-01] gmres=9
[nsb] it=51 |R_tau|=2.6167e+01 rel=2.866e-01 |R_steady|/|R0|=2.866e-01 cfl=28.7 dtau=[1.94e-02,5.97e-01] gmres=7
[nsb] it=52 |R_tau|=2.3159e+01 rel=2.537e-01 |R_steady|/|R0|=2.537e-01 cfl=33.5 dtau=[2.26e-02,6.98e-01] gmres=9
[nsb] it=53 |R_tau|=2.0989e+01 rel=2.299e-01 |R_steady|/|R0|=2.299e-01 cfl=37.9 dtau=[2.57e-02,7.89e-01] gmres=9
[nsb] it=54 |R_tau|=1.9529e+01 rel=2.139e-01 |R_steady|/|R0|=2.139e-01 cfl=41.8 dtau=[2.91e-02,8.71e-01] gmres=9
[nsb] it=55 |R_tau|=1.8254e+01 rel=1.999e-01 |R_steady|/|R0|=1.999e-01 cfl=44.9 dtau=[3.21e-02,9.36e-01] gmres=9
[nsb] it=56 |R_tau|=1.7219e+01 rel=1.886e-01 |R_steady|/|R0|=1.886e-01 cfl=48.1 dtau=[3.54e-02,1.00e+00] gmres=9
[nsb] it=57 |R_tau|=1.6308e+01 rel=1.786e-01 |R_steady|/|R0|=1.786e-01 cfl=50.9 dtau=[3.93e-02,1.06e+00] gmres=8
[nsb] it=58 |R_tau|=1.5963e+01 rel=1.748e-01 |R_steady|/|R0|=1.748e-01 cfl=53.8 dtau=[4.29e-02,1.12e+00] gmres=14
[nsb] it=59 |R_tau|=1.4886e+01 rel=1.630e-01 |R_steady|/|R0|=1.630e-01 cfl=55 dtau=[4.52e-02,1.14e+00] gmres=9
[nsb] it=60 |R_tau|=1.3983e+01 rel=1.531e-01 |R_steady|/|R0|=1.531e-01 cfl=58.9 dtau=[5.01e-02,1.23e+00] gmres=8
[nsb] it=61 |R_tau|=1.3260e+01 rel=1.452e-01 |R_steady|/|R0|=1.452e-01 cfl=62.7 dtau=[5.34e-02,1.31e+00] gmres=9
[nsb] it=62 |R_tau|=1.2392e+01 rel=1.357e-01 |R_steady|/|R0|=1.357e-01 cfl=66.2 dtau=[5.64e-02,1.38e+00] gmres=8
[nsb] it=63 |R_tau|=1.1645e+01 rel=1.275e-01 |R_steady|/|R0|=1.275e-01 cfl=70.8 dtau=[6.04e-02,1.47e+00] gmres=7
[nsb] it=64 |R_tau|=1.1056e+01 rel=1.211e-01 |R_steady|/|R0|=1.211e-01 cfl=75.3 dtau=[6.43e-02,1.57e+00] gmres=9
[nsb] it=65 |R_tau|=1.0421e+01 rel=1.141e-01 |R_steady|/|R0|=1.141e-01 cfl=79.3 dtau=[6.77e-02,1.65e+00] gmres=8
[nsb] it=66 |R_tau|=9.9398e+00 rel=1.089e-01 |R_steady|/|R0|=1.089e-01 cfl=84.2 dtau=[7.19e-02,1.75e+00] gmres=7
[nsb] it=67 |R_tau|=9.3938e+00 rel=1.029e-01 |R_steady|/|R0|=1.029e-01 cfl=88.3 dtau=[7.53e-02,1.84e+00] gmres=8
[nsb] it=68 |R_tau|=9.0044e+00 rel=9.862e-02 |R_steady|/|R0|=9.862e-02 cfl=93.4 dtau=[7.97e-02,1.95e+00] gmres=9
[nsb] it=69 |R_tau|=8.9712e+00 rel=9.826e-02 |R_steady|/|R0|=9.826e-02 cfl=97.4 dtau=[8.31e-02,2.03e+00] gmres=9
[nsb] it=70 |R_tau|=8.2289e+00 rel=9.013e-02 |R_steady|/|R0|=9.013e-02 cfl=97.8 dtau=[8.33e-02,2.04e+00] gmres=7
[nsb] it=71 |R_tau|=7.6972e+00 rel=8.430e-02 |R_steady|/|R0|=8.430e-02 cfl=107 dtau=[9.08e-02,2.22e+00] gmres=10
[nsb] it=72 |R_tau|=7.2043e+00 rel=7.891e-02 |R_steady|/|R0|=7.891e-02 cfl=114 dtau=[9.70e-02,2.37e+00] gmres=10
[nsb] it=73 |R_tau|=6.3648e+00 rel=6.971e-02 |R_steady|/|R0|=6.971e-02 cfl=122 dtau=[1.04e-01,2.54e+00] gmres=10
[nsb] it=74 |R_tau|=8.8538e+00 rel=9.697e-02 |R_steady|/|R0|=9.697e-02 cfl=138 dtau=[1.17e-01,2.87e+00] gmres=24
[nsb] it=75 |R_tau|=5.6086e+00 rel=6.143e-02 |R_steady|/|R0|=6.143e-02 cfl=99.1 dtau=[8.41e-02,2.06e+00] gmres=8
[nsb] it=76 |R_tau|=4.7765e+00 rel=5.232e-02 |R_steady|/|R0|=5.232e-02 cfl=156 dtau=[1.33e-01,3.26e+00] gmres=9
[nsb] it=77 |R_tau|=4.2687e+00 rel=4.675e-02 |R_steady|/|R0|=4.675e-02 cfl=184 dtau=[1.56e-01,3.83e+00] gmres=9
[nsb] it=78 |R_tau|=3.8332e+00 rel=4.198e-02 |R_steady|/|R0|=4.198e-02 cfl=206 dtau=[1.74e-01,4.28e+00] gmres=7
[nsb] it=79 |R_tau|=3.4757e+00 rel=3.807e-02 |R_steady|/|R0|=3.807e-02 cfl=229 dtau=[1.94e-01,4.77e+00] gmres=7
[nsb] it=80 |R_tau|=3.1340e+00 rel=3.433e-02 |R_steady|/|R0|=3.433e-02 cfl=252 dtau=[2.14e-01,5.26e+00] gmres=7
[nsb] it=81 |R_tau|=2.8506e+00 rel=3.122e-02 |R_steady|/|R0|=3.122e-02 cfl=280 dtau=[2.37e-01,5.83e+00] gmres=6
[nsb] it=82 |R_tau|=2.5955e+00 rel=2.843e-02 |R_steady|/|R0|=2.843e-02 cfl=308 dtau=[2.60e-01,6.41e+00] gmres=6
[nsb] it=83 |R_tau|=2.3692e+00 rel=2.595e-02 |R_steady|/|R0|=2.595e-02 cfl=338 dtau=[2.86e-01,7.04e+00] gmres=6
[nsb] it=84 |R_tau|=2.1609e+00 rel=2.367e-02 |R_steady|/|R0|=2.367e-02 cfl=370 dtau=[3.13e-01,7.71e+00] gmres=6
[nsb] it=85 |R_tau|=1.9746e+00 rel=2.163e-02 |R_steady|/|R0|=2.163e-02 cfl=406 dtau=[3.43e-01,8.46e+00] gmres=8
[nsb] it=86 |R_tau|=1.8050e+00 rel=1.977e-02 |R_steady|/|R0|=1.977e-02 cfl=444 dtau=[3.75e-01,9.26e+00] gmres=9
[nsb] it=87 |R_tau|=1.6484e+00 rel=1.805e-02 |R_steady|/|R0|=1.805e-02 cfl=486 dtau=[4.11e-01,1.01e+01] gmres=9
[nsb] it=88 |R_tau|=1.5062e+00 rel=1.650e-02 |R_steady|/|R0|=1.650e-02 cfl=532 dtau=[4.50e-01,1.11e+01] gmres=9
[nsb] it=89 |R_tau|=1.3759e+00 rel=1.507e-02 |R_steady|/|R0|=1.507e-02 cfl=582 dtau=[4.92e-01,1.21e+01] gmres=7
[nsb] it=90 |R_tau|=1.2578e+00 rel=1.378e-02 |R_steady|/|R0|=1.378e-02 cfl=638 dtau=[5.39e-01,1.33e+01] gmres=7
[nsb] it=91 |R_tau|=1.1509e+00 rel=1.261e-02 |R_steady|/|R0|=1.261e-02 cfl=697 dtau=[5.89e-01,1.45e+01] gmres=7
[nsb] it=92 |R_tau|=1.0534e+00 rel=1.154e-02 |R_steady|/|R0|=1.154e-02 cfl=762 dtau=[6.44e-01,1.59e+01] gmres=7
[nsb] it=93 |R_tau|=9.6509e-01 rel=1.057e-02 |R_steady|/|R0|=1.057e-02 cfl=833 dtau=[7.04e-01,1.73e+01] gmres=7
[nsb] it=94 |R_tau|=8.8474e-01 rel=9.690e-03 |R_steady|/|R0|=9.690e-03 cfl=909 dtau=[7.68e-01,1.89e+01] gmres=6
[nsb] it=95 |R_tau|=8.1158e-01 rel=8.889e-03 |R_steady|/|R0|=8.889e-03 cfl=992 dtau=[8.38e-01,2.07e+01] gmres=6
[nsb] it=96 |R_tau|=7.4484e-01 rel=8.158e-03 |R_steady|/|R0|=8.158e-03 cfl=1.08e+03 dtau=[9.14e-01,2.25e+01] gmres=6
[nsb] it=97 |R_tau|=6.8392e-01 rel=7.491e-03 |R_steady|/|R0|=7.491e-03 cfl=1.18e+03 dtau=[9.95e-01,2.45e+01] gmres=6
[nsb] it=98 |R_tau|=6.2821e-01 rel=6.881e-03 |R_steady|/|R0|=6.881e-03 cfl=1.28e+03 dtau=[1.08e+00,2.67e+01] gmres=7
[nsb] it=99 |R_tau|=5.7720e-01 rel=6.322e-03 |R_steady|/|R0|=6.322e-03 cfl=1.4e+03 dtau=[1.18e+00,2.91e+01] gmres=8
[nsb] it=100 |R_tau|=5.3046e-01 rel=5.810e-03 |R_steady|/|R0|=5.810e-03 cfl=1.52e+03 dtau=[1.28e+00,3.17e+01] gmres=8
[nsb] it=101 |R_tau|=4.8762e-01 rel=5.341e-03 |R_steady|/|R0|=5.341e-03 cfl=1.65e+03 dtau=[1.40e+00,3.45e+01] gmres=8
[nsb] it=102 |R_tau|=4.4833e-01 rel=4.910e-03 |R_steady|/|R0|=4.910e-03 cfl=1.8e+03 dtau=[1.52e+00,3.75e+01] gmres=8
[nsb] it=103 |R_tau|=4.1230e-01 rel=4.516e-03 |R_steady|/|R0|=4.516e-03 cfl=1.96e+03 dtau=[1.65e+00,4.08e+01] gmres=8
[nsb] it=104 |R_tau|=3.7927e-01 rel=4.154e-03 |R_steady|/|R0|=4.154e-03 cfl=2.13e+03 dtau=[1.80e+00,4.43e+01] gmres=8
[nsb] it=105 |R_tau|=3.4896e-01 rel=3.822e-03 |R_steady|/|R0|=3.822e-03 cfl=2.31e+03 dtau=[1.96e+00,4.82e+01] gmres=5
[nsb] it=106 |R_tau|=3.2116e-01 rel=3.518e-03 |R_steady|/|R0|=3.518e-03 cfl=2.51e+03 dtau=[2.13e+00,5.24e+01] gmres=5
[nsb] it=107 |R_tau|=2.9561e-01 rel=3.238e-03 |R_steady|/|R0|=3.238e-03 cfl=2.73e+03 dtau=[2.31e+00,5.69e+01] gmres=7
[nsb] it=108 |R_tau|=2.7210e-01 rel=2.980e-03 |R_steady|/|R0|=2.980e-03 cfl=2.97e+03 dtau=[2.51e+00,6.18e+01] gmres=7
[nsb] it=109 |R_tau|=2.5042e-01 rel=2.743e-03 |R_steady|/|R0|=2.743e-03 cfl=3.22e+03 dtau=[2.73e+00,6.72e+01] gmres=6
[nsb] it=110 |R_tau|=2.3038e-01 rel=2.523e-03 |R_steady|/|R0|=2.523e-03 cfl=3.5e+03 dtau=[2.96e+00,7.30e+01] gmres=6
[nsb] it=111 |R_tau|=2.1179e-01 rel=2.320e-03 |R_steady|/|R0|=2.320e-03 cfl=3.81e+03 dtau=[3.22e+00,7.93e+01] gmres=6
[nsb] it=112 |R_tau|=1.9447e-01 rel=2.130e-03 |R_steady|/|R0|=2.130e-03 cfl=4.14e+03 dtau=[3.50e+00,8.63e+01] gmres=6
[nsb] it=113 |R_tau|=1.7828e-01 rel=1.953e-03 |R_steady|/|R0|=1.953e-03 cfl=4.51e+03 dtau=[3.81e+00,9.40e+01] gmres=6
[nsb] it=114 |R_tau|=1.6309e-01 rel=1.786e-03 |R_steady|/|R0|=1.786e-03 cfl=4.92e+03 dtau=[4.16e+00,1.03e+02] gmres=7
[nsb] it=115 |R_tau|=1.4885e-01 rel=1.630e-03 |R_steady|/|R0|=1.630e-03 cfl=5.38e+03 dtau=[4.55e+00,1.12e+02] gmres=7
[nsb] it=116 |R_tau|=1.3551e-01 rel=1.484e-03 |R_steady|/|R0|=1.484e-03 cfl=5.89e+03 dtau=[4.98e+00,1.23e+02] gmres=4
[nsb] it=117 |R_tau|=1.2303e-01 rel=1.347e-03 |R_steady|/|R0|=1.347e-03 cfl=6.47e+03 dtau=[5.47e+00,1.35e+02] gmres=4
[nsb] it=118 |R_tau|=1.1144e-01 rel=1.221e-03 |R_steady|/|R0|=1.221e-03 cfl=7.13e+03 dtau=[6.03e+00,1.49e+02] gmres=4
[nsb] it=119 |R_tau|=1.0080e-01 rel=1.104e-03 |R_steady|/|R0|=1.104e-03 cfl=7.87e+03 dtau=[6.65e+00,1.64e+02] gmres=4
[nsb] it=120 |R_tau|=9.1141e-02 rel=9.982e-04 |R_steady|/|R0|=9.982e-04 cfl=8.7e+03 dtau=[7.36e+00,1.81e+02] gmres=4
[nsb] it=121 |R_tau|=8.2440e-02 rel=9.029e-04 |R_steady|/|R0|=9.029e-04 cfl=9.63e+03 dtau=[8.14e+00,2.01e+02] gmres=4
[nsb] it=122 |R_tau|=7.4642e-02 rel=8.175e-04 |R_steady|/|R0|=8.175e-04 cfl=1.06e+04 dtau=[9.00e+00,2.22e+02] gmres=4
[nsb] it=123 |R_tau|=6.7721e-02 rel=7.417e-04 |R_steady|/|R0|=7.417e-04 cfl=1.18e+04 dtau=[9.94e+00,2.45e+02] gmres=4
[nsb] it=124 |R_tau|=6.1554e-02 rel=6.742e-04 |R_steady|/|R0|=6.742e-04 cfl=1.3e+04 dtau=[1.10e+01,2.70e+02] gmres=4
[nsb] it=125 |R_tau|=5.6055e-02 rel=6.140e-04 |R_steady|/|R0|=6.140e-04 cfl=1.43e+04 dtau=[1.20e+01,2.97e+02] gmres=4
[nsb] it=126 |R_tau|=5.1122e-02 rel=5.599e-04 |R_steady|/|R0|=5.599e-04 cfl=1.57e+04 dtau=[1.32e+01,3.26e+02] gmres=4
[nsb] it=127 |R_tau|=4.6645e-02 rel=5.109e-04 |R_steady|/|R0|=5.109e-04 cfl=1.72e+04 dtau=[1.45e+01,3.58e+02] gmres=4
[nsb] it=128 |R_tau|=4.2521e-02 rel=4.657e-04 |R_steady|/|R0|=4.657e-04 cfl=1.88e+04 dtau=[1.59e+01,3.92e+02] gmres=4
[nsb] it=129 |R_tau|=3.8663e-02 rel=4.235e-04 |R_steady|/|R0|=4.235e-04 cfl=2.06e+04 dtau=[1.74e+01,4.30e+02] gmres=4
[nsb] it=130 |R_tau|=3.5012e-02 rel=3.835e-04 |R_steady|/|R0|=3.835e-04 cfl=2.27e+04 dtau=[1.92e+01,4.73e+02] gmres=4
[nsb] it=131 |R_tau|=3.1542e-02 rel=3.455e-04 |R_steady|/|R0|=3.455e-04 cfl=2.51e+04 dtau=[2.12e+01,5.22e+02] gmres=4
[nsb] it=132 |R_tau|=2.8243e-02 rel=3.093e-04 |R_steady|/|R0|=3.093e-04 cfl=2.78e+04 dtau=[2.35e+01,5.79e+02] gmres=4
[nsb] it=133 |R_tau|=2.5121e-02 rel=2.751e-04 |R_steady|/|R0|=2.751e-04 cfl=3.11e+04 dtau=[2.63e+01,6.47e+02] gmres=4
[nsb] it=134 |R_tau|=2.2192e-02 rel=2.431e-04 |R_steady|/|R0|=2.431e-04 cfl=3.49e+04 dtau=[2.95e+01,7.28e+02] gmres=4
[nsb] it=135 |R_tau|=1.9471e-02 rel=2.133e-04 |R_steady|/|R0|=2.133e-04 cfl=3.95e+04 dtau=[3.34e+01,8.24e+02] gmres=4
[nsb] it=136 |R_tau|=1.6973e-02 rel=1.859e-04 |R_steady|/|R0|=1.859e-04 cfl=4.51e+04 dtau=[3.81e+01,9.39e+02] gmres=4
[nsb] it=137 |R_tau|=1.4708e-02 rel=1.611e-04 |R_steady|/|R0|=1.611e-04 cfl=5.17e+04 dtau=[4.37e+01,1.08e+03] gmres=4
[nsb] it=138 |R_tau|=1.2683e-02 rel=1.389e-04 |R_steady|/|R0|=1.389e-04 cfl=5.96e+04 dtau=[5.04e+01,1.24e+03] gmres=4
[nsb] it=139 |R_tau|=1.0894e-02 rel=1.193e-04 |R_steady|/|R0|=1.193e-04 cfl=6.92e+04 dtau=[5.85e+01,1.44e+03] gmres=4
[nsb] it=140 |R_tau|=9.3349e-03 rel=1.022e-04 |R_steady|/|R0|=1.022e-04 cfl=8.05e+04 dtau=[6.81e+01,1.68e+03] gmres=4
[nsb] it=141 |R_tau|=7.9939e-03 rel=8.755e-05 |R_steady|/|R0|=8.755e-05 cfl=9.4e+04 dtau=[7.94e+01,1.96e+03] gmres=4
[nsb] it=142 |R_tau|=6.8526e-03 rel=7.505e-05 |R_steady|/|R0|=7.505e-05 cfl=1.1e+05 dtau=[9.28e+01,2.29e+03] gmres=4
[nsb] it=143 |R_tau|=5.8895e-03 rel=6.451e-05 |R_steady|/|R0|=6.451e-05 cfl=1.28e+05 dtau=[1.08e+02,2.67e+03] gmres=4
[nsb] it=144 |R_tau|=5.0811e-03 rel=5.565e-05 |R_steady|/|R0|=5.565e-05 cfl=1.49e+05 dtau=[1.26e+02,3.10e+03] gmres=4
[nsb] it=145 |R_tau|=4.4030e-03 rel=4.822e-05 |R_steady|/|R0|=4.822e-05 cfl=1.73e+05 dtau=[1.46e+02,3.60e+03] gmres=4
[nsb] it=146 |R_tau|=3.8316e-03 rel=4.197e-05 |R_steady|/|R0|=4.197e-05 cfl=1.99e+05 dtau=[1.68e+02,4.15e+03] gmres=4
[nsb] it=147 |R_tau|=3.3457e-03 rel=3.664e-05 |R_steady|/|R0|=3.664e-05 cfl=2.29e+05 dtau=[1.94e+02,4.77e+03] gmres=4
[nsb] it=148 |R_tau|=2.9278e-03 rel=3.207e-05 |R_steady|/|R0|=3.207e-05 cfl=2.62e+05 dtau=[2.22e+02,5.46e+03] gmres=4
[nsb] it=149 |R_tau|=2.5639e-03 rel=2.808e-05 |R_steady|/|R0|=2.808e-05 cfl=3e+05 dtau=[2.53e+02,6.24e+03] gmres=4
[nsb] it=150 |R_tau|=2.2439e-03 rel=2.458e-05 |R_steady|/|R0|=2.458e-05 cfl=3.42e+05 dtau=[2.89e+02,7.13e+03] gmres=4
[nsb] it=151 |R_tau|=1.9606e-03 rel=2.147e-05 |R_steady|/|R0|=2.147e-05 cfl=3.91e+05 dtau=[3.30e+02,8.14e+03] gmres=4
[nsb] it=152 |R_tau|=1.7091e-03 rel=1.872e-05 |R_steady|/|R0|=1.872e-05 cfl=4.47e+05 dtau=[3.78e+02,9.32e+03] gmres=4
[nsb] it=153 |R_tau|=1.4864e-03 rel=1.628e-05 |R_steady|/|R0|=1.628e-05 cfl=5.13e+05 dtau=[4.34e+02,1.07e+04] gmres=4
[nsb] it=154 |R_tau|=1.2902e-03 rel=1.413e-05 |R_steady|/|R0|=1.413e-05 cfl=5.9e+05 dtau=[4.99e+02,1.23e+04] gmres=4
[nsb] it=155 |R_tau|=1.1188e-03 rel=1.225e-05 |R_steady|/|R0|=1.225e-05 cfl=6.8e+05 dtau=[5.75e+02,1.42e+04] gmres=4
[nsb] it=156 |R_tau|=9.7047e-04 rel=1.063e-05 |R_steady|/|R0|=1.063e-05 cfl=7.84e+05 dtau=[6.63e+02,1.63e+04] gmres=4
[nsb] it=157 |R_tau|=8.4353e-04 rel=9.239e-06 |R_steady|/|R0|=9.239e-06 cfl=9.04e+05 dtau=[7.64e+02,1.88e+04] gmres=4
[nsb] it=158 |R_tau|=7.3596e-04 rel=8.061e-06 |R_steady|/|R0|=8.061e-06 cfl=1e+06 dtau=[8.45e+02,2.08e+04] gmres=4
[nsb] it=159 |R_tau|=6.4554e-04 rel=7.070e-06 |R_steady|/|R0|=7.070e-06 cfl=1e+06 dtau=[8.45e+02,2.08e+04] gmres=4
[nsb] it=160 |R_tau|=5.6987e-04 rel=6.242e-06 |R_steady|/|R0|=6.242e-06 cfl=1e+06 dtau=[8.45e+02,2.08e+04] gmres=4
[nsb] it=161 |R_tau|=5.0651e-04 rel=5.548e-06 |R_steady|/|R0|=5.548e-06 cfl=1e+06 dtau=[8.45e+02,2.08e+04] gmres=4
[nsb] it=162 |R_tau|=4.5312e-04 rel=4.963e-06 |R_steady|/|R0|=4.963e-06 cfl=1e+06 dtau=[8.45e+02,2.08e+04] gmres=4
[nsb] it=163 |R_tau|=4.0758e-04 rel=4.464e-06 |R_steady|/|R0|=4.464e-06 cfl=1e+06 dtau=[8.45e+02,2.08e+04] gmres=4
[nsb] it=164 |R_tau|=3.6811e-04 rel=4.032e-06 |R_steady|/|R0|=4.032e-06 cfl=1e+06 dtau=[8.45e+02,2.08e+04] gmres=4
[nsb] it=165 |R_tau|=3.3325e-04 rel=3.650e-06 |R_steady|/|R0|=3.650e-06 cfl=1e+06 dtau=[8.45e+02,2.08e+04] gmres=4
[nsb] it=166 |R_tau|=3.0193e-04 rel=3.307e-06 |R_steady|/|R0|=3.307e-06 cfl=1e+06 dtau=[8.45e+02,2.08e+04] gmres=4
[nsb] it=167 |R_tau|=2.7337e-04 rel=2.994e-06 |R_steady|/|R0|=2.994e-06 cfl=1e+06 dtau=[8.45e+02,2.08e+04] gmres=4
[nsb] it=168 |R_tau|=2.4702e-04 rel=2.705e-06 |R_steady|/|R0|=2.705e-06 cfl=1e+06 dtau=[8.45e+02,2.08e+04] gmres=3
[nsb] it=169 |R_tau|=2.2254e-04 rel=2.437e-06 |R_steady|/|R0|=2.437e-06 cfl=1e+06 dtau=[8.45e+02,2.08e+04] gmres=3
[nsb] it=170 |R_tau|=1.9972e-04 rel=2.187e-06 |R_steady|/|R0|=2.187e-06 cfl=1e+06 dtau=[8.45e+02,2.08e+04] gmres=3
[nsb] it=171 |R_tau|=1.7845e-04 rel=1.954e-06 |R_steady|/|R0|=1.954e-06 cfl=1e+06 dtau=[8.45e+02,2.08e+04] gmres=3
[nsb] it=172 |R_tau|=1.5864e-04 rel=1.738e-06 |R_steady|/|R0|=1.738e-06 cfl=1e+06 dtau=[8.45e+02,2.08e+04] gmres=3
[nsb] it=173 |R_tau|=1.4027e-04 rel=1.536e-06 |R_steady|/|R0|=1.536e-06 cfl=1e+06 dtau=[8.45e+02,2.08e+04] gmres=3
[nsb] it=174 |R_tau|=1.2333e-04 rel=1.351e-06 |R_steady|/|R0|=1.351e-06 cfl=1e+06 dtau=[8.45e+02,2.08e+04] gmres=3
[nsb] it=175 |R_tau|=1.0779e-04 rel=1.181e-06 |R_steady|/|R0|=1.181e-06 cfl=1e+06 dtau=[8.45e+02,2.08e+04] gmres=3
[nsb] it=176 |R_tau|=9.3648e-05 rel=1.026e-06 |R_steady|/|R0|=1.026e-06 cfl=1e+06 dtau=[8.45e+02,2.08e+04] gmres=3
[nsb] it=177 |R_tau|=8.0873e-05 rel=8.858e-07 |R_steady|/|R0|=8.858e-07 cfl=1e+06 dtau=[8.45e+02,2.08e+04] gmres=3
[nsb] done converged=True reason='' it=177 m_in=2.0000e+02 m_out=2.0000e+02 elapsed=339.4s
--> uturn_r2_U2_floor_it200: {'converged': True, 'reason': '', 'n_iter': 177, 'rel_final': 8.857729091773857e-07, 'rel_steady_final': 8.857729091773857e-07, 'rel_min': 8.857729091773857e-07, 'first_step_ratio': 50.955612599625695, 'mass_ratio': 0.9999999999999534, 'p_inlet_mean': 35555.03198091699, 'speed_max': 3.624474391434982, 'elapsed': 339.4385678790004}
