===== uturn_r1_U2_floor_it200 =====
[nsb] it=0 |R|=1.2911e+02 cfl=0.5
[nsb] it=1 |R_tau|=3.4367e+03 rel=2.662e+01 |R_steady|/|R0|=2.662e+01 cfl=0.5 dtau=[2.08e-02,2.08e-02] gmres=11 (gmres not converged)
[nsb] it=2 |R_tau|=2.2151e+04 rel=1.716e+02 |R_steady|/|R0|=1.716e+02 cfl=0.05 dtau=[2.81e-05,2.08e-03] gmres=15 (gmres not converged)
[nsb] it=3 |R_tau|=1.2684e+04 rel=9.824e+01 |R_steady|/|R0|=9.824e+01 cfl=0.00776 dtau=[4.61e-06,3.23e-04] gmres=3
[nsb] it=4 |R_tau|=1.0285e+04 rel=7.966e+01 |R_steady|/|R0|=7.966e+01 cfl=0.0135 dtau=[8.12e-06,5.64e-04] gmres=4
[nsb] it=5 |R_tau|=8.6337e+03 rel=6.687e+01 |R_steady|/|R0|=6.687e+01 cfl=0.0167 dtau=[1.01e-05,6.96e-04] gmres=3
[nsb] it=6 |R_tau|=7.1969e+03 rel=5.574e+01 |R_steady|/|R0|=5.574e+01 cfl=0.0199 dtau=[1.23e-05,8.29e-04] gmres=3
[nsb] it=7 |R_tau|=6.0383e+03 rel=4.677e+01 |R_steady|/|R0|=4.677e+01 cfl=0.0239 dtau=[1.49e-05,9.95e-04] gmres=3
[nsb] it=8 |R_tau|=5.1424e+03 rel=3.983e+01 |R_steady|/|R0|=3.983e+01 cfl=0.0285 dtau=[1.81e-05,1.19e-03] gmres=3
[nsb] it=9 |R_tau|=4.4222e+03 rel=3.425e+01 |R_steady|/|R0|=3.425e+01 cfl=0.0334 dtau=[2.17e-05,1.39e-03] gmres=3
[nsb] it=10 |R_tau|=3.8175e+03 rel=2.957e+01 |R_steady|/|R0|=2.957e+01 cfl=0.0389 dtau=[2.58e-05,1.62e-03] gmres=3
[nsb] it=11 |R_tau|=3.2948e+03 rel=2.552e+01 |R_steady|/|R0|=2.552e+01 cfl=0.045 dtau=[3.07e-05,1.88e-03] gmres=3
[nsb] it=12 |R_tau|=2.8342e+03 rel=2.195e+01 |R_steady|/|R0|=2.195e+01 cfl=0.0522 dtau=[3.66e-05,2.17e-03] gmres=3
[nsb] it=13 |R_tau|=2.4222e+03 rel=1.876e+01 |R_steady|/|R0|=1.876e+01 cfl=0.0606 dtau=[4.40e-05,2.53e-03] gmres=3
[nsb] it=14 |R_tau|=2.0545e+03 rel=1.591e+01 |R_steady|/|R0|=1.591e+01 cfl=0.0709 dtau=[5.33e-05,2.96e-03] gmres=3
[nsb] it=15 |R_tau|=1.7260e+03 rel=1.337e+01 |R_steady|/|R0|=1.337e+01 cfl=0.0836 dtau=[6.55e-05,3.48e-03] gmres=3
[nsb] it=16 |R_tau|=1.4340e+03 rel=1.111e+01 |R_steady|/|R0|=1.111e+01 cfl=0.0996 dtau=[8.16e-05,4.15e-03] gmres=3
[nsb] it=17 |R_tau|=1.1766e+03 rel=9.113e+00 |R_steady|/|R0|=9.113e+00 cfl=0.12 dtau=[1.03e-04,4.99e-03] gmres=3
[nsb] it=18 |R_tau|=9.5452e+02 rel=7.393e+00 |R_steady|/|R0|=7.393e+00 cfl=0.146 dtau=[1.34e-04,6.09e-03] gmres=3
[nsb] it=19 |R_tau|=7.6636e+02 rel=5.936e+00 |R_steady|/|R0|=5.936e+00 cfl=0.18 dtau=[1.77e-04,7.50e-03] gmres=3
[nsb] it=20 |R_tau|=6.1121e+02 rel=4.734e+00 |R_steady|/|R0|=4.734e+00 cfl=0.224 dtau=[2.39e-04,9.34e-03] gmres=3
[nsb] it=21 |R_tau|=4.7667e+02 rel=3.692e+00 |R_steady|/|R0|=3.692e+00 cfl=0.281 dtau=[3.29e-04,1.17e-02] gmres=4
[nsb] it=22 |R_tau|=3.6542e+02 rel=2.830e+00 |R_steady|/|R0|=2.830e+00 cfl=0.36 dtau=[4.71e-04,1.50e-02] gmres=4
[nsb] it=23 |R_tau|=2.7880e+02 rel=2.159e+00 |R_steady|/|R0|=2.159e+00 cfl=0.47 dtau=[7.02e-04,1.96e-02] gmres=5
[nsb] it=24 |R_tau|=2.0417e+02 rel=1.581e+00 |R_steady|/|R0|=1.581e+00 cfl=0.616 dtau=[9.74e-04,2.57e-02] gmres=4
[nsb] it=25 |R_tau|=1.4385e+02 rel=1.114e+00 |R_steady|/|R0|=1.114e+00 cfl=0.842 dtau=[1.34e-03,3.51e-02] gmres=5
[nsb] it=26 |R_tau|=9.9010e+01 rel=7.669e-01 |R_steady|/|R0|=7.669e-01 cfl=1.19 dtau=[1.92e-03,4.98e-02] gmres=5
[nsb] it=27 |R_tau|=6.8457e+01 rel=5.302e-01 |R_steady|/|R0|=5.302e-01 cfl=1.74 dtau=[2.79e-03,7.23e-02] gmres=7
[nsb] it=28 |R_tau|=4.8915e+01 rel=3.789e-01 |R_steady|/|R0|=3.789e-01 cfl=2.51 dtau=[4.11e-03,1.05e-01] gmres=7
[nsb] it=29 |R_tau|=3.6040e+01 rel=2.791e-01 |R_steady|/|R0|=2.791e-01 cfl=3.51 dtau=[5.87e-03,1.46e-01] gmres=7
[nsb] it=30 |R_tau|=2.7069e+01 rel=2.097e-01 |R_steady|/|R0|=2.097e-01 cfl=4.77 dtau=[8.11e-03,1.99e-01] gmres=8
[nsb] it=31 |R_tau|=2.1208e+01 rel=1.643e-01 |R_steady|/|R0|=1.643e-01 cfl=6.35 dtau=[1.10e-02,2.65e-01] gmres=9
[nsb] it=32 |R_tau|=1.6833e+01 rel=1.304e-01 |R_steady|/|R0|=1.304e-01 cfl=8.1 dtau=[1.41e-02,3.38e-01] gmres=8
[nsb] it=33 |R_tau|=1.3797e+01 rel=1.069e-01 |R_steady|/|R0|=1.069e-01 cfl=10.2 dtau=[1.80e-02,4.25e-01] gmres=7
[nsb] it=34 |R_tau|=1.1476e+01 rel=8.889e-02 |R_steady|/|R0|=8.889e-02 cfl=12.5 dtau=[2.20e-02,5.19e-01] gmres=6
[nsb] it=35 |R_tau|=9.6748e+00 rel=7.493e-02 |R_steady|/|R0|=7.493e-02 cfl=15 dtau=[2.66e-02,6.24e-01] gmres=7
[nsb] it=36 |R_tau|=8.2573e+00 rel=6.396e-02 |R_steady|/|R0|=6.396e-02 cfl=17.8 dtau=[3.16e-02,7.40e-01] gmres=8
[nsb] it=37 |R_tau|=7.0682e+00 rel=5.475e-02 |R_steady|/|R0|=5.475e-02 cfl=20.8 dtau=[3.71e-02,8.67e-01] gmres=8
[nsb] it=38 |R_tau|=5.9140e+00 rel=4.581e-02 |R_steady|/|R0|=4.581e-02 cfl=24.3 dtau=[4.34e-02,1.01e+00] gmres=9
[nsb] it=39 |R_tau|=4.9725e+00 rel=3.851e-02 |R_steady|/|R0|=3.851e-02 cfl=29.1 dtau=[5.19e-02,1.21e+00] gmres=8
[nsb] it=40 |R_tau|=4.1659e+00 rel=3.227e-02 |R_steady|/|R0|=3.227e-02 cfl=34.6 dtau=[6.18e-02,1.44e+00] gmres=9
[nsb] it=41 |R_tau|=3.5384e+00 rel=2.741e-02 |R_steady|/|R0|=2.741e-02 cfl=41.2 dtau=[7.38e-02,1.72e+00] gmres=8
[nsb] it=42 |R_tau|=2.8705e+00 rel=2.223e-02 |R_steady|/|R0|=2.223e-02 cfl=48.6 dtau=[8.69e-02,2.02e+00] gmres=7
[nsb] it=43 |R_tau|=2.3840e+00 rel=1.846e-02 |R_steady|/|R0|=1.846e-02 cfl=59.9 dtau=[1.07e-01,2.49e+00] gmres=7
[nsb] it=44 |R_tau|=1.9926e+00 rel=1.543e-02 |R_steady|/|R0|=1.543e-02 cfl=72.1 dtau=[1.29e-01,3.00e+00] gmres=6
[nsb] it=45 |R_tau|=1.6769e+00 rel=1.299e-02 |R_steady|/|R0|=1.299e-02 cfl=86.2 dtau=[1.54e-01,3.59e+00] gmres=7
[nsb] it=46 |R_tau|=1.4221e+00 rel=1.101e-02 |R_steady|/|R0|=1.101e-02 cfl=102 dtau=[1.83e-01,4.27e+00] gmres=7
[nsb] it=47 |R_tau|=1.2122e+00 rel=9.389e-03 |R_steady|/|R0|=9.389e-03 cfl=121 dtau=[2.16e-01,5.03e+00] gmres=8
[nsb] it=48 |R_tau|=1.0381e+00 rel=8.040e-03 |R_steady|/|R0|=8.040e-03 cfl=142 dtau=[2.53e-01,5.91e+00] gmres=8
[nsb] it=49 |R_tau|=8.9253e-01 rel=6.913e-03 |R_steady|/|R0|=6.913e-03 cfl=166 dtau=[2.96e-01,6.90e+00] gmres=8
[nsb] it=50 |R_tau|=7.7004e-01 rel=5.964e-03 |R_steady|/|R0|=5.964e-03 cfl=193 dtau=[3.44e-01,8.02e+00] gmres=8
[nsb] it=51 |R_tau|=6.6640e-01 rel=5.162e-03 |R_steady|/|R0|=5.162e-03 cfl=223 dtau=[3.99e-01,9.30e+00] gmres=7
[nsb] it=52 |R_tau|=5.7802e-01 rel=4.477e-03 |R_steady|/|R0|=4.477e-03 cfl=258 dtau=[4.61e-01,1.07e+01] gmres=7
[nsb] it=53 |R_tau|=5.0229e-01 rel=3.890e-03 |R_steady|/|R0|=3.890e-03 cfl=297 dtau=[5.31e-01,1.24e+01] gmres=7
[nsb] it=54 |R_tau|=4.3702e-01 rel=3.385e-03 |R_steady|/|R0|=3.385e-03 cfl=342 dtau=[6.11e-01,1.43e+01] gmres=7
[nsb] it=55 |R_tau|=3.8057e-01 rel=2.948e-03 |R_steady|/|R0|=2.948e-03 cfl=393 dtau=[7.03e-01,1.64e+01] gmres=7
[nsb] it=56 |R_tau|=3.3149e-01 rel=2.568e-03 |R_steady|/|R0|=2.568e-03 cfl=452 dtau=[8.07e-01,1.88e+01] gmres=7
[nsb] it=57 |R_tau|=2.8872e-01 rel=2.236e-03 |R_steady|/|R0|=2.236e-03 cfl=518 dtau=[9.26e-01,2.16e+01] gmres=7
[nsb] it=58 |R_tau|=2.5129e-01 rel=1.946e-03 |R_steady|/|R0|=1.946e-03 cfl=595 dtau=[1.06e+00,2.48e+01] gmres=7
[nsb] it=59 |R_tau|=2.1843e-01 rel=1.692e-03 |R_steady|/|R0|=1.692e-03 cfl=684 dtau=[1.22e+00,2.85e+01] gmres=6
[nsb] it=60 |R_tau|=1.8949e-01 rel=1.468e-03 |R_steady|/|R0|=1.468e-03 cfl=787 dtau=[1.41e+00,3.28e+01] gmres=4
[nsb] it=61 |R_tau|=1.6393e-01 rel=1.270e-03 |R_steady|/|R0|=1.270e-03 cfl=907 dtau=[1.62e+00,3.78e+01] gmres=4
[nsb] it=62 |R_tau|=1.4130e-01 rel=1.094e-03 |R_steady|/|R0|=1.094e-03 cfl=1.05e+03 dtau=[1.87e+00,4.37e+01] gmres=7
[nsb] it=63 |R_tau|=1.2124e-01 rel=9.391e-04 |R_steady|/|R0|=9.391e-04 cfl=1.22e+03 dtau=[2.17e+00,5.07e+01] gmres=7
[nsb] it=64 |R_tau|=1.0347e-01 rel=8.014e-04 |R_steady|/|R0|=8.014e-04 cfl=1.42e+03 dtau=[2.53e+00,5.91e+01] gmres=6
[nsb] it=65 |R_tau|=8.7774e-02 rel=6.798e-04 |R_steady|/|R0|=6.798e-04 cfl=1.66e+03 dtau=[2.97e+00,6.92e+01] gmres=6
[nsb] it=66 |R_tau|=7.3960e-02 rel=5.728e-04 |R_steady|/|R0|=5.728e-04 cfl=1.96e+03 dtau=[3.50e+00,8.16e+01] gmres=6
[nsb] it=67 |R_tau|=6.1882e-02 rel=4.793e-04 |R_steady|/|R0|=4.793e-04 cfl=2.32e+03 dtau=[4.15e+00,9.68e+01] gmres=6
[nsb] it=68 |R_tau|=5.1413e-02 rel=3.982e-04 |R_steady|/|R0|=3.982e-04 cfl=2.78e+03 dtau=[4.96e+00,1.16e+02] gmres=6
[nsb] it=69 |R_tau|=4.2425e-02 rel=3.286e-04 |R_steady|/|R0|=3.286e-04 cfl=3.34e+03 dtau=[5.97e+00,1.39e+02] gmres=7
[nsb] it=70 |R_tau|=3.4794e-02 rel=2.695e-04 |R_steady|/|R0|=2.695e-04 cfl=4.05e+03 dtau=[7.24e+00,1.69e+02] gmres=7
[nsb] it=71 |R_tau|=2.8393e-02 rel=2.199e-04 |R_steady|/|R0|=2.199e-04 cfl=4.94e+03 dtau=[8.82e+00,2.06e+02] gmres=7
[nsb] it=72 |R_tau|=2.3089e-02 rel=1.788e-04 |R_steady|/|R0|=1.788e-04 cfl=6.05e+03 dtau=[1.08e+01,2.52e+02] gmres=7
[nsb] it=73 |R_tau|=1.8742e-02 rel=1.452e-04 |R_steady|/|R0|=1.452e-04 cfl=7.44e+03 dtau=[1.33e+01,3.10e+02] gmres=7
[nsb] it=74 |R_tau|=1.5217e-02 rel=1.179e-04 |R_steady|/|R0|=1.179e-04 cfl=9.17e+03 dtau=[1.64e+01,3.82e+02] gmres=7
[nsb] it=75 |R_tau|=1.2378e-02 rel=9.587e-05 |R_steady|/|R0|=9.587e-05 cfl=1.13e+04 dtau=[2.02e+01,4.71e+02] gmres=6
[nsb] it=76 |R_tau|=1.0102e-02 rel=7.824e-05 |R_steady|/|R0|=7.824e-05 cfl=1.39e+04 dtau=[2.48e+01,5.78e+02] gmres=6
[nsb] it=77 |R_tau|=8.2766e-03 rel=6.410e-05 |R_steady|/|R0|=6.410e-05 cfl=1.7e+04 dtau=[3.04e+01,7.09e+02] gmres=6
[nsb] it=78 |R_tau|=6.8079e-03 rel=5.273e-05 |R_steady|/|R0|=5.273e-05 cfl=2.08e+04 dtau=[3.71e+01,8.65e+02] gmres=6
[nsb] it=79 |R_tau|=5.6178e-03 rel=4.351e-05 |R_steady|/|R0|=4.351e-05 cfl=2.52e+04 dtau=[4.51e+01,1.05e+03] gmres=6
[nsb] it=80 |R_tau|=4.6453e-03 rel=3.598e-05 |R_steady|/|R0|=3.598e-05 cfl=3.06e+04 dtau=[5.47e+01,1.27e+03] gmres=6
[nsb] it=81 |R_tau|=3.8438e-03 rel=2.977e-05 |R_steady|/|R0|=2.977e-05 cfl=3.7e+04 dtau=[6.61e+01,1.54e+03] gmres=8
[nsb] it=82 |R_tau|=3.1786e-03 rel=2.462e-05 |R_steady|/|R0|=2.462e-05 cfl=4.47e+04 dtau=[7.99e+01,1.86e+03] gmres=8
[nsb] it=83 |R_tau|=2.6244e-03 rel=2.033e-05 |R_steady|/|R0|=2.033e-05 cfl=5.41e+04 dtau=[9.66e+01,2.25e+03] gmres=8
[nsb] it=84 |R_tau|=2.1623e-03 rel=1.675e-05 |R_steady|/|R0|=1.675e-05 cfl=6.55e+04 dtau=[1.17e+02,2.73e+03] gmres=6
[nsb] it=85 |R_tau|=1.7779e-03 rel=1.377e-05 |R_steady|/|R0|=1.377e-05 cfl=7.95e+04 dtau=[1.42e+02,3.31e+03] gmres=6
[nsb] it=86 |R_tau|=1.4599e-03 rel=1.131e-05 |R_steady|/|R0|=1.131e-05 cfl=9.67e+04 dtau=[1.73e+02,4.03e+03] gmres=6
[nsb] it=87 |R_tau|=1.1984e-03 rel=9.282e-06 |R_steady|/|R0|=9.282e-06 cfl=1.18e+05 dtau=[2.10e+02,4.90e+03] gmres=7
[nsb] it=88 |R_tau|=9.8525e-04 rel=7.631e-06 |R_steady|/|R0|=7.631e-06 cfl=1.43e+05 dtau=[2.56e+02,5.97e+03] gmres=7
[nsb] it=89 |R_tau|=8.1276e-04 rel=6.295e-06 |R_steady|/|R0|=6.295e-06 cfl=1.74e+05 dtau=[3.12e+02,7.27e+03] gmres=7
[nsb] it=90 |R_tau|=6.7414e-04 rel=5.221e-06 |R_steady|/|R0|=5.221e-06 cfl=2.11e+05 dtau=[3.78e+02,8.81e+03] gmres=7
[nsb] it=91 |R_tau|=5.6323e-04 rel=4.362e-06 |R_steady|/|R0|=4.362e-06 cfl=2.55e+05 dtau=[4.55e+02,1.06e+04] gmres=7
[nsb] it=92 |R_tau|=4.7454e-04 rel=3.675e-06 |R_steady|/|R0|=3.675e-06 cfl=3.05e+05 dtau=[5.45e+02,1.27e+04] gmres=7
[nsb] it=93 |R_tau|=4.0335e-04 rel=3.124e-06 |R_steady|/|R0|=3.124e-06 cfl=3.62e+05 dtau=[6.47e+02,1.51e+04] gmres=7
[nsb] it=94 |R_tau|=3.4572e-04 rel=2.678e-06 |R_steady|/|R0|=2.678e-06 cfl=4.26e+05 dtau=[7.61e+02,1.78e+04] gmres=7
[nsb] it=95 |R_tau|=2.9848e-04 rel=2.312e-06 |R_steady|/|R0|=2.312e-06 cfl=4.97e+05 dtau=[8.88e+02,2.07e+04] gmres=7
[nsb] it=96 |R_tau|=2.5920e-04 rel=2.008e-06 |R_steady|/|R0|=2.008e-06 cfl=5.76e+05 dtau=[1.03e+03,2.40e+04] gmres=7
[nsb] it=97 |R_tau|=2.2606e-04 rel=1.751e-06 |R_steady|/|R0|=1.751e-06 cfl=6.63e+05 dtau=[1.18e+03,2.76e+04] gmres=7
[nsb] it=98 |R_tau|=1.9776e-04 rel=1.532e-06 |R_steady|/|R0|=1.532e-06 cfl=7.6e+05 dtau=[1.36e+03,3.17e+04] gmres=6
[nsb] it=99 |R_tau|=1.7332e-04 rel=1.342e-06 |R_steady|/|R0|=1.342e-06 cfl=8.69e+05 dtau=[1.55e+03,3.62e+04] gmres=6
[nsb] it=100 |R_tau|=1.5206e-04 rel=1.178e-06 |R_steady|/|R0|=1.178e-06 cfl=9.91e+05 dtau=[1.77e+03,4.13e+04] gmres=6
[nsb] it=101 |R_tau|=1.3346e-04 rel=1.034e-06 |R_steady|/|R0|=1.034e-06 cfl=1e+06 dtau=[1.79e+03,4.17e+04] gmres=7
[nsb] it=102 |R_tau|=1.1713e-04 rel=9.072e-07 |R_steady|/|R0|=9.072e-07 cfl=1e+06 dtau=[1.79e+03,4.17e+04] gmres=6
[nsb] done converged=True reason='' it=102 m_in=2.0000e+02 m_out=2.0000e+02 elapsed=43.2s
--> uturn_r1_U2_floor_it200: {'converged': True, 'reason': '', 'n_iter': 102, 'rel_final': 9.072023933959847e-07, 'rel_steady_final': 9.072023933959847e-07, 'rel_min': 9.072023933959847e-07, 'first_step_ratio': 26.61855762815728, 'mass_ratio': 0.9999999999999745, 'p_inlet_mean': 35959.88354549843, 'speed_max': 3.4328071219029375, 'elapsed': 43.16206674299974}
