===== uturn_r4_U1_floor_it120 =====
[nsb] it=0 |R|=2.0421e+01 cfl=0.5
[nsb] it=1 |R_tau|=8.3129e+02 rel=4.071e+01 |R_steady|/|R0|=4.071e+01 cfl=0.5 dtau=[1.04e-02,1.04e-02] gmres=2
[nsb] it=2 |R_tau|=7.1576e+03 rel=3.505e+02 |R_steady|/|R0|=3.505e+02 cfl=0.05 dtau=[1.01e-05,1.04e-03] gmres=15 (gmres not converged)
[nsb] it=3 |R_tau|=4.4413e+03 rel=2.175e+02 |R_steady|/|R0|=2.175e+02 cfl=0.00581 dtau=[1.28e-06,1.21e-04] gmres=24 (gmres not converged)
[nsb] it=4 |R_tau|=3.1399e+03 rel=1.538e+02 |R_steady|/|R0|=1.538e+02 cfl=0.00936 dtau=[2.08e-06,1.95e-04] gmres=26 (gmres not converged)
[nsb] it=5 |R_tau|=2.5254e+03 rel=1.237e+02 |R_steady|/|R0|=1.237e+02 cfl=0.0132 dtau=[2.98e-06,2.76e-04] gmres=4
[nsb] it=6 |R_tau|=2.0977e+03 rel=1.027e+02 |R_steady|/|R0|=1.027e+02 cfl=0.0165 dtau=[3.76e-06,3.43e-04] gmres=5
[nsb] it=7 |R_tau|=1.7041e+03 rel=8.345e+01 |R_steady|/|R0|=8.345e+01 cfl=0.0198 dtau=[4.60e-06,4.13e-04] gmres=3
[nsb] it=8 |R_tau|=1.3738e+03 rel=6.728e+01 |R_steady|/|R0|=6.728e+01 cfl=0.0244 dtau=[5.76e-06,5.08e-04] gmres=5
[nsb] it=9 |R_tau|=1.1187e+03 rel=5.478e+01 |R_steady|/|R0|=5.478e+01 cfl=0.0303 dtau=[7.29e-06,6.30e-04] gmres=5
[nsb] it=10 |R_tau|=9.1387e+02 rel=4.475e+01 |R_steady|/|R0|=4.475e+01 cfl=0.0372 dtau=[9.16e-06,7.74e-04] gmres=5
[nsb] it=11 |R_tau|=7.4466e+02 rel=3.647e+01 |R_steady|/|R0|=3.647e+01 cfl=0.0455 dtau=[1.15e-05,9.48e-04] gmres=5
[nsb] it=12 |R_tau|=6.0290e+02 rel=2.952e+01 |R_steady|/|R0|=2.952e+01 cfl=0.0558 dtau=[1.46e-05,1.16e-03] gmres=5
[nsb] it=13 |R_tau|=4.8395e+02 rel=2.370e+01 |R_steady|/|R0|=2.370e+01 cfl=0.0689 dtau=[1.87e-05,1.44e-03] gmres=5
[nsb] it=14 |R_tau|=3.8337e+02 rel=1.877e+01 |R_steady|/|R0|=1.877e+01 cfl=0.0859 dtau=[2.42e-05,1.79e-03] gmres=5
[nsb] it=15 |R_tau|=2.9953e+02 rel=1.467e+01 |R_steady|/|R0|=1.467e+01 cfl=0.108 dtau=[3.21e-05,2.26e-03] gmres=5
[nsb] it=16 |R_tau|=2.3076e+02 rel=1.130e+01 |R_steady|/|R0|=1.130e+01 cfl=0.139 dtau=[4.34e-05,2.89e-03] gmres=4
[nsb] it=17 |R_tau|=1.7541e+02 rel=8.590e+00 |R_steady|/|R0|=8.590e+00 cfl=0.18 dtau=[6.04e-05,3.75e-03] gmres=4
[nsb] it=18 |R_tau|=1.3324e+02 rel=6.525e+00 |R_steady|/|R0|=6.525e+00 cfl=0.237 dtau=[8.63e-05,4.94e-03] gmres=7
[nsb] it=19 |R_tau|=1.0203e+02 rel=4.996e+00 |R_steady|/|R0|=4.996e+00 cfl=0.312 dtau=[1.26e-04,6.50e-03] gmres=6
[nsb] it=20 |R_tau|=7.8567e+01 rel=3.847e+00 |R_steady|/|R0|=3.847e+00 cfl=0.407 dtau=[1.85e-04,8.49e-03] gmres=8
[nsb] it=21 |R_tau|=5.7570e+01 rel=2.819e+00 |R_steady|/|R0|=2.819e+00 cfl=0.529 dtau=[2.52e-04,1.10e-02] gmres=6
[nsb] it=22 |R_tau|=4.0363e+01 rel=1.977e+00 |R_steady|/|R0|=1.977e+00 cfl=0.722 dtau=[3.46e-04,1.50e-02] gmres=6
[nsb] it=23 |R_tau|=2.6900e+01 rel=1.317e+00 |R_steady|/|R0|=1.317e+00 cfl=1.03 dtau=[4.97e-04,2.15e-02] gmres=7
[nsb] it=24 |R_tau|=1.8303e+01 rel=8.963e-01 |R_steady|/|R0|=8.963e-01 cfl=1.55 dtau=[7.58e-04,3.22e-02] gmres=7
[nsb] it=25 |R_tau|=3.7199e+01 rel=1.822e+00 |R_steady|/|R0|=1.822e+00 cfl=2.27 dtau=[1.15e-03,4.73e-02] gmres=11
[nsb] it=26 |R_tau|=8.0613e+01 rel=3.948e+00 |R_steady|/|R0|=3.948e+00 cfl=1.12 dtau=[4.42e-04,2.33e-02] gmres=12
[nsb] it=27 |R_tau|=7.1395e+01 rel=3.496e+00 |R_steady|/|R0|=3.496e+00 cfl=0.516 dtau=[1.91e-04,1.07e-02] gmres=8
[nsb] it=28 |R_tau|=3.7367e+01 rel=1.830e+00 |R_steady|/|R0|=1.830e+00 cfl=0.582 dtau=[2.77e-04,1.21e-02] gmres=9
[nsb] it=29 |R_tau|=2.3737e+01 rel=1.162e+00 |R_steady|/|R0|=1.162e+00 cfl=1.11 dtau=[5.74e-04,2.32e-02] gmres=6
[nsb] it=30 |R_tau|=1.2085e+01 rel=5.918e-01 |R_steady|/|R0|=5.918e-01 cfl=1.75 dtau=[9.12e-04,3.65e-02] gmres=9
[nsb] it=31 |R_tau|=8.2405e+00 rel=4.035e-01 |R_steady|/|R0|=4.035e-01 cfl=3.44 dtau=[1.81e-03,7.17e-02] gmres=9
[nsb] it=32 |R_tau|=7.1492e+00 rel=3.501e-01 |R_steady|/|R0|=3.501e-01 cfl=5.04 dtau=[2.74e-03,1.05e-01] gmres=9
[nsb] it=33 |R_tau|=6.4427e+00 rel=3.155e-01 |R_steady|/|R0|=3.155e-01 cfl=5.81 dtau=[3.28e-03,1.21e-01] gmres=11
[nsb] it=34 |R_tau|=5.2159e+00 rel=2.554e-01 |R_steady|/|R0|=2.554e-01 cfl=6.45 dtau=[3.70e-03,1.34e-01] gmres=8
[nsb] it=35 |R_tau|=4.9094e+00 rel=2.404e-01 |R_steady|/|R0|=2.404e-01 cfl=7.97 dtau=[4.76e-03,1.66e-01] gmres=7
[nsb] it=36 |R_tau|=7.0804e+00 rel=3.467e-01 |R_steady|/|R0|=3.467e-01 cfl=8.47 dtau=[5.12e-03,1.76e-01] gmres=8
[nsb] it=37 |R_tau|=6.4053e+00 rel=3.137e-01 |R_steady|/|R0|=3.137e-01 cfl=5.87 dtau=[3.60e-03,1.22e-01] gmres=7
[nsb] it=38 |R_tau|=4.6059e+00 rel=2.255e-01 |R_steady|/|R0|=2.255e-01 cfl=6.49 dtau=[4.04e-03,1.35e-01] gmres=8
[nsb] it=39 |R_tau|=4.1124e+00 rel=2.014e-01 |R_steady|/|R0|=2.014e-01 cfl=9.02 dtau=[5.72e-03,1.88e-01] gmres=8
[nsb] it=40 |R_tau|=3.8569e+00 rel=1.889e-01 |R_steady|/|R0|=1.889e-01 cfl=10.1 dtau=[6.50e-03,2.11e-01] gmres=9
[nsb] it=41 |R_tau|=3.6093e+00 rel=1.767e-01 |R_steady|/|R0|=1.767e-01 cfl=10.8 dtau=[7.00e-03,2.25e-01] gmres=7
[nsb] it=42 |R_tau|=3.3798e+00 rel=1.655e-01 |R_steady|/|R0|=1.655e-01 cfl=11.5 dtau=[7.71e-03,2.40e-01] gmres=8
[nsb] it=43 |R_tau|=3.1874e+00 rel=1.561e-01 |R_steady|/|R0|=1.561e-01 cfl=12.3 dtau=[8.31e-03,2.56e-01] gmres=7
[nsb] it=44 |R_tau|=3.0307e+00 rel=1.484e-01 |R_steady|/|R0|=1.484e-01 cfl=13 dtau=[8.82e-03,2.72e-01] gmres=9
[nsb] it=45 |R_tau|=2.8784e+00 rel=1.410e-01 |R_steady|/|R0|=1.410e-01 cfl=13.7 dtau=[9.47e-03,2.86e-01] gmres=8
[nsb] it=46 |R_tau|=2.7449e+00 rel=1.344e-01 |R_steady|/|R0|=1.344e-01 cfl=14.4 dtau=[1.01e-02,3.01e-01] gmres=9
[nsb] it=47 |R_tau|=2.6369e+00 rel=1.291e-01 |R_steady|/|R0|=1.291e-01 cfl=15.1 dtau=[1.06e-02,3.15e-01] gmres=8
[nsb] it=48 |R_tau|=2.5186e+00 rel=1.233e-01 |R_steady|/|R0|=1.233e-01 cfl=15.8 dtau=[1.11e-02,3.28e-01] gmres=9
[nsb] it=49 |R_tau|=2.4097e+00 rel=1.180e-01 |R_steady|/|R0|=1.180e-01 cfl=16.5 dtau=[1.17e-02,3.44e-01] gmres=8
[nsb] it=50 |R_tau|=2.3232e+00 rel=1.138e-01 |R_steady|/|R0|=1.138e-01 cfl=17.2 dtau=[1.23e-02,3.59e-01] gmres=8
[nsb] it=51 |R_tau|=2.2310e+00 rel=1.093e-01 |R_steady|/|R0|=1.093e-01 cfl=17.9 dtau=[1.29e-02,3.73e-01] gmres=7
[nsb] it=52 |R_tau|=2.1550e+00 rel=1.055e-01 |R_steady|/|R0|=1.055e-01 cfl=18.6 dtau=[1.35e-02,3.88e-01] gmres=8
[nsb] it=53 |R_tau|=2.0643e+00 rel=1.011e-01 |R_steady|/|R0|=1.011e-01 cfl=19.3 dtau=[1.40e-02,4.02e-01] gmres=8
[nsb] it=54 |R_tau|=1.9989e+00 rel=9.789e-02 |R_steady|/|R0|=9.789e-02 cfl=20.1 dtau=[1.47e-02,4.19e-01] gmres=9
[nsb] it=55 |R_tau|=1.9193e+00 rel=9.399e-02 |R_steady|/|R0|=9.399e-02 cfl=20.8 dtau=[1.53e-02,4.33e-01] gmres=9
[nsb] it=56 |R_tau|=1.8565e+00 rel=9.091e-02 |R_steady|/|R0|=9.091e-02 cfl=21.7 dtau=[1.61e-02,4.51e-01] gmres=9
[nsb] it=57 |R_tau|=1.7905e+00 rel=8.768e-02 |R_steady|/|R0|=8.768e-02 cfl=22.4 dtau=[1.67e-02,4.66e-01] gmres=9
[nsb] it=58 |R_tau|=1.7276e+00 rel=8.460e-02 |R_steady|/|R0|=8.460e-02 cfl=23.2 dtau=[1.74e-02,4.84e-01] gmres=8
[nsb] it=59 |R_tau|=1.6731e+00 rel=8.193e-02 |R_steady|/|R0|=8.193e-02 cfl=24.1 dtau=[1.80e-02,5.01e-01] gmres=8
[nsb] it=60 |R_tau|=1.6232e+00 rel=7.949e-02 |R_steady|/|R0|=7.949e-02 cfl=24.8 dtau=[1.86e-02,5.18e-01] gmres=9
[nsb] it=61 |R_tau|=1.5665e+00 rel=7.671e-02 |R_steady|/|R0|=7.671e-02 cfl=25.6 dtau=[1.92e-02,5.33e-01] gmres=8
[nsb] it=62 |R_tau|=1.5149e+00 rel=7.419e-02 |R_steady|/|R0|=7.419e-02 cfl=26.5 dtau=[1.99e-02,5.53e-01] gmres=10
[nsb] it=63 |R_tau|=1.4816e+00 rel=7.255e-02 |R_steady|/|R0|=7.255e-02 cfl=27.4 dtau=[2.06e-02,5.72e-01] gmres=9
[nsb] it=64 |R_tau|=1.4466e+00 rel=7.084e-02 |R_steady|/|R0|=7.084e-02 cfl=28.1 dtau=[2.11e-02,5.84e-01] gmres=8
[nsb] it=65 |R_tau|=1.4020e+00 rel=6.866e-02 |R_steady|/|R0|=6.866e-02 cfl=28.7 dtau=[2.16e-02,5.99e-01] gmres=11
[nsb] it=66 |R_tau|=1.3615e+00 rel=6.667e-02 |R_steady|/|R0|=6.667e-02 cfl=29.6 dtau=[2.23e-02,6.18e-01] gmres=10
[nsb] it=67 |R_tau|=1.3472e+00 rel=6.597e-02 |R_steady|/|R0|=6.597e-02 cfl=30.5 dtau=[2.29e-02,6.36e-01] gmres=8
[nsb] it=68 |R_tau|=1.4653e+00 rel=7.175e-02 |R_steady|/|R0|=7.175e-02 cfl=30.9 dtau=[2.32e-02,6.43e-01] gmres=7
[nsb] it=69 |R_tau|=2.3438e+00 rel=1.148e-01 |R_steady|/|R0|=1.148e-01 cfl=28.4 dtau=[2.13e-02,5.91e-01] gmres=18
[nsb] it=70 |R_tau|=1.6206e+00 rel=7.936e-02 |R_steady|/|R0|=7.936e-02 cfl=17.7 dtau=[1.33e-02,3.69e-01] gmres=9
[nsb] it=71 |R_tau|=1.4974e+00 rel=7.333e-02 |R_steady|/|R0|=7.333e-02 cfl=25.6 dtau=[1.92e-02,5.34e-01] gmres=11
[nsb] it=72 |R_tau|=2.4083e+00 rel=1.179e-01 |R_steady|/|R0|=1.179e-01 cfl=27.8 dtau=[2.08e-02,5.78e-01] gmres=19
[nsb] it=73 |R_tau|=1.6094e+00 rel=7.881e-02 |R_steady|/|R0|=7.881e-02 cfl=17.3 dtau=[1.29e-02,3.60e-01] gmres=8
[nsb] it=74 |R_tau|=1.2781e+00 rel=6.259e-02 |R_steady|/|R0|=6.259e-02 cfl=25.8 dtau=[1.94e-02,5.38e-01] gmres=9
[nsb] it=75 |R_tau|=1.1119e+00 rel=5.445e-02 |R_steady|/|R0|=5.445e-02 cfl=32.5 dtau=[2.44e-02,6.78e-01] gmres=9
[nsb] it=76 |R_tau|=1.0812e+00 rel=5.295e-02 |R_steady|/|R0|=5.295e-02 cfl=37.4 dtau=[2.80e-02,7.79e-01] gmres=11
[nsb] it=77 |R_tau|=1.0823e+00 rel=5.300e-02 |R_steady|/|R0|=5.300e-02 cfl=38.4 dtau=[2.88e-02,8.01e-01] gmres=8
[nsb] it=78 |R_tau|=1.0019e+00 rel=4.906e-02 |R_steady|/|R0|=4.906e-02 cfl=38.4 dtau=[2.87e-02,8.00e-01] gmres=9
[nsb] it=79 |R_tau|=8.7746e-01 rel=4.297e-02 |R_steady|/|R0|=4.297e-02 cfl=41.5 dtau=[3.10e-02,8.64e-01] gmres=7
[nsb] it=80 |R_tau|=8.7894e-01 rel=4.304e-02 |R_steady|/|R0|=4.304e-02 cfl=47.4 dtau=[3.54e-02,9.87e-01] gmres=9
[nsb] it=81 |R_tau|=7.8890e-01 rel=3.863e-02 |R_steady|/|R0|=3.863e-02 cfl=47.3 dtau=[3.53e-02,9.85e-01] gmres=8
[nsb] it=82 |R_tau|=7.3893e-01 rel=3.619e-02 |R_steady|/|R0|=3.619e-02 cfl=52.7 dtau=[3.93e-02,1.10e+00] gmres=8
[nsb] it=83 |R_tau|=8.1637e-01 rel=3.998e-02 |R_steady|/|R0|=3.998e-02 cfl=56.2 dtau=[4.19e-02,1.17e+00] gmres=9
[nsb] it=84 |R_tau|=6.5271e-01 rel=3.196e-02 |R_steady|/|R0|=3.196e-02 cfl=50.9 dtau=[3.79e-02,1.06e+00] gmres=11
[nsb] it=85 |R_tau|=6.8327e-01 rel=3.346e-02 |R_steady|/|R0|=3.346e-02 cfl=63.7 dtau=[4.74e-02,1.33e+00] gmres=8
[nsb] it=86 |R_tau|=5.5538e-01 rel=2.720e-02 |R_steady|/|R0|=2.720e-02 cfl=60.8 dtau=[4.53e-02,1.27e+00] gmres=8
[nsb] it=87 |R_tau|=5.1085e-01 rel=2.502e-02 |R_steady|/|R0|=2.502e-02 cfl=74.8 dtau=[5.57e-02,1.56e+00] gmres=10
[nsb] it=88 |R_tau|=4.7018e-01 rel=2.302e-02 |R_steady|/|R0|=2.302e-02 cfl=81.4 dtau=[6.05e-02,1.70e+00] gmres=9
[nsb] it=89 |R_tau|=4.3594e-01 rel=2.135e-02 |R_steady|/|R0|=2.135e-02 cfl=88.4 dtau=[6.57e-02,1.84e+00] gmres=11
[nsb] it=90 |R_tau|=3.9838e-01 rel=1.951e-02 |R_steady|/|R0|=1.951e-02 cfl=95.3 dtau=[7.08e-02,1.99e+00] gmres=6
[nsb] it=91 |R_tau|=3.6561e-01 rel=1.790e-02 |R_steady|/|R0|=1.790e-02 cfl=104 dtau=[7.74e-02,2.17e+00] gmres=6
[nsb] it=92 |R_tau|=3.3528e-01 rel=1.642e-02 |R_steady|/|R0|=1.642e-02 cfl=114 dtau=[8.43e-02,2.37e+00] gmres=6
[nsb] it=93 |R_tau|=3.0661e-01 rel=1.501e-02 |R_steady|/|R0|=1.501e-02 cfl=124 dtau=[9.19e-02,2.58e+00] gmres=6
[nsb] it=94 |R_tau|=2.8051e-01 rel=1.374e-02 |R_steady|/|R0|=1.374e-02 cfl=136 dtau=[1.01e-01,2.82e+00] gmres=6
[nsb] it=95 |R_tau|=2.5685e-01 rel=1.258e-02 |R_steady|/|R0|=1.258e-02 cfl=148 dtau=[1.10e-01,3.09e+00] gmres=6
[nsb] it=96 |R_tau|=2.3634e-01 rel=1.157e-02 |R_steady|/|R0|=1.157e-02 cfl=162 dtau=[1.20e-01,3.37e+00] gmres=7
[nsb] it=97 |R_tau|=2.1785e-01 rel=1.067e-02 |R_steady|/|R0|=1.067e-02 cfl=176 dtau=[1.30e-01,3.66e+00] gmres=9
[nsb] it=98 |R_tau|=2.0217e-01 rel=9.900e-03 |R_steady|/|R0|=9.900e-03 cfl=191 dtau=[1.41e-01,3.97e+00] gmres=7
[nsb] it=99 |R_tau|=1.8876e-01 rel=9.243e-03 |R_steady|/|R0|=9.243e-03 cfl=206 dtau=[1.52e-01,4.28e+00] gmres=8
[nsb] it=100 |R_tau|=1.7713e-01 rel=8.674e-03 |R_steady|/|R0|=8.674e-03 cfl=220 dtau=[1.63e-01,4.59e+00] gmres=7
[nsb] it=101 |R_tau|=1.6685e-01 rel=8.171e-03 |R_steady|/|R0|=8.171e-03 cfl=235 dtau=[1.74e-01,4.89e+00] gmres=7
[nsb] it=102 |R_tau|=1.5769e-01 rel=7.722e-03 |R_steady|/|R0|=7.722e-03 cfl=249 dtau=[1.84e-01,5.19e+00] gmres=7
[nsb] it=103 |R_tau|=1.5039e-01 rel=7.365e-03 |R_steady|/|R0|=7.365e-03 cfl=264 dtau=[1.95e-01,5.49e+00] gmres=7
[nsb] it=104 |R_tau|=1.4174e-01 rel=6.941e-03 |R_steady|/|R0|=6.941e-03 cfl=276 dtau=[2.05e-01,5.76e+00] gmres=7
[nsb] it=105 |R_tau|=1.3518e-01 rel=6.620e-03 |R_steady|/|R0|=6.620e-03 cfl=293 dtau=[2.17e-01,6.11e+00] gmres=7
[nsb] it=106 |R_tau|=1.3201e-01 rel=6.464e-03 |R_steady|/|R0|=6.464e-03 cfl=307 dtau=[2.28e-01,6.41e+00] gmres=7
[nsb] it=107 |R_tau|=1.2169e-01 rel=5.959e-03 |R_steady|/|R0|=5.959e-03 cfl=315 dtau=[2.33e-01,6.56e+00] gmres=7
[nsb] it=108 |R_tau|=1.1541e-01 rel=5.651e-03 |R_steady|/|R0|=5.651e-03 cfl=342 dtau=[2.53e-01,7.12e+00] gmres=7
[nsb] it=109 |R_tau|=1.0901e-01 rel=5.338e-03 |R_steady|/|R0|=5.338e-03 cfl=360 dtau=[2.67e-01,7.50e+00] gmres=8
[nsb] it=110 |R_tau|=1.0637e-01 rel=5.209e-03 |R_steady|/|R0|=5.209e-03 cfl=381 dtau=[2.82e-01,7.94e+00] gmres=9
[nsb] it=111 |R_tau|=9.7021e-02 rel=4.751e-03 |R_steady|/|R0|=4.751e-03 cfl=391 dtau=[2.89e-01,8.14e+00] gmres=7
[nsb] it=112 |R_tau|=9.2628e-02 rel=4.536e-03 |R_steady|/|R0|=4.536e-03 cfl=428 dtau=[3.17e-01,8.93e+00] gmres=8
[nsb] it=113 |R_tau|=8.7512e-02 rel=4.285e-03 |R_steady|/|R0|=4.285e-03 cfl=449 dtau=[3.32e-01,9.35e+00] gmres=7
[nsb] it=114 |R_tau|=7.9991e-02 rel=3.917e-03 |R_steady|/|R0|=3.917e-03 cfl=475 dtau=[3.52e-01,9.89e+00] gmres=8
[nsb] it=115 |R_tau|=7.4697e-02 rel=3.658e-03 |R_steady|/|R0|=3.658e-03 cfl=520 dtau=[3.85e-01,1.08e+01] gmres=8
[nsb] it=116 |R_tau|=6.9653e-02 rel=3.411e-03 |R_steady|/|R0|=3.411e-03 cfl=556 dtau=[4.12e-01,1.16e+01] gmres=7
[nsb] it=117 |R_tau|=6.4866e-02 rel=3.176e-03 |R_steady|/|R0|=3.176e-03 cfl=597 dtau=[4.42e-01,1.24e+01] gmres=7
[nsb] it=118 |R_tau|=6.0347e-02 rel=2.955e-03 |R_steady|/|R0|=2.955e-03 cfl=641 dtau=[4.74e-01,1.33e+01] gmres=7
[nsb] it=119 |R_tau|=5.6103e-02 rel=2.747e-03 |R_steady|/|R0|=2.747e-03 cfl=689 dtau=[5.10e-01,1.43e+01] gmres=7
[nsb] it=120 |R_tau|=5.2140e-02 rel=2.553e-03 |R_steady|/|R0|=2.553e-03 cfl=741 dtau=[5.48e-01,1.54e+01] gmres=7
[nsb] done converged=False reason='max_iter' it=120 m_in=1.0000e+02 m_out=1.0000e+02 elapsed=1589.8s
--> uturn_r4_U1_floor_it120: {'converged': False, 'reason': 'max_iter', 'n_iter': 120, 'rel_final': 0.0025532758392928343, 'rel_steady_final': 0.0025532758392928343, 'rel_min': 0.0025532758392928343, 'first_step_ratio': 40.70782513892346, 'mass_ratio': 1.0000000000697324, 'p_inlet_mean': 17554.39973692109, 'speed_max': 2.065036153650911, 'elapsed': 1589.7887177079992}
