===== west_y0.25-0.35 =====
[nsb] stokes init: |R_stokes(0)|=2.8868e+01 speed_max=2.44 m/s
[nsb] it=0 |R|=5.0883e+01 cfl=0.5
[nsb] it=1 |R_tau|=3.3498e+01 rel=6.583e-01 |R_steady|/|R0|=6.583e-01 cfl=0.5 dtau=[1.25e-03,4.17e-02] gmres=7
[nsb] it=2 |R_tau|=2.1402e+01 rel=4.206e-01 |R_steady|/|R0|=4.206e-01 cfl=0.759 dtau=[2.13e-03,6.33e-02] gmres=5
[nsb] it=3 |R_tau|=1.3134e+01 rel=2.581e-01 |R_steady|/|R0|=2.581e-01 cfl=1.19 dtau=[3.84e-03,9.91e-02] gmres=11
[nsb] it=4 |R_tau|=7.5718e+00 rel=1.488e-01 |R_steady|/|R0|=1.488e-01 cfl=1.94 dtau=[7.13e-03,1.61e-01] gmres=6
[nsb] it=5 |R_tau|=3.7473e+00 rel=7.365e-02 |R_steady|/|R0|=7.365e-02 cfl=3.36 dtau=[1.30e-02,2.80e-01] gmres=7
[nsb] it=6 |R_tau|=1.5987e+00 rel=3.142e-02 |R_steady|/|R0|=3.142e-02 cfl=6.72 dtau=[2.82e-02,5.60e-01] gmres=9
[nsb] it=7 |R_tau|=6.9981e-01 rel=1.375e-02 |R_steady|/|R0|=1.375e-02 cfl=13.4 dtau=[5.94e-02,1.12e+00] gmres=10
[nsb] it=8 |R_tau|=1.0725e-01 rel=2.108e-03 |R_steady|/|R0|=2.108e-03 cfl=26.9 dtau=[1.22e-01,2.24e+00] gmres=8
[nsb] it=9 |R_tau|=6.7093e-03 rel=1.319e-04 |R_steady|/|R0|=1.319e-04 cfl=53.8 dtau=[2.46e-01,4.48e+00] gmres=8
[nsb] it=10 |R_tau|=2.3140e-04 rel=4.548e-06 |R_steady|/|R0|=4.548e-06 cfl=108 dtau=[4.92e-01,8.96e+00] gmres=16
[nsb] it=11 |R_tau|=4.0334e-06 rel=7.927e-08 |R_steady|/|R0|=7.927e-08 cfl=215 dtau=[9.84e-01,1.79e+01] gmres=9
[nsb] done converged=True reason='' it=11 m_in=1.0000e+02 m_out=1.0000e+02 rejected=0 elapsed=3.1s
--> west_y0.25-0.35: {'converged': True, 'reason': '', 'n_iter': 11, 'n_rejected': 0, 'rel_final': 7.9268945650931e-08, 'rel_steady_final': 7.9268945650931e-08, 'rel_min': 7.9268945650931e-08, 'first_step_ratio': 0.6583397526914861, 'mass_ratio': 0.9999999999969651, 'p_inlet_mean': 2396.152932848781, 'speed_max': 1.2939642095606185, 'elapsed': 3.0845573530004913, 'u_inlet': 0.9999999999999999}
===== west_y0.3-0.35 =====
[nsb] stokes init: |R_stokes(0)|=4.0825e+01 speed_max=2.39 m/s
[nsb] it=0 |R|=8.9210e+01 cfl=0.5
[nsb] it=1 |R_tau|=5.5041e+01 rel=6.170e-01 |R_steady|/|R0|=6.170e-01 cfl=0.5 dtau=[1.28e-03,2.08e-02] gmres=5
[nsb] it=2 |R_tau|=3.1669e+01 rel=3.550e-01 |R_steady|/|R0|=3.550e-01 cfl=0.81 dtau=[2.31e-03,3.38e-02] gmres=6
[nsb] it=3 |R_tau|=1.9873e+01 rel=2.228e-01 |R_steady|/|R0|=2.228e-01 cfl=1.41 dtau=[4.66e-03,5.87e-02] gmres=6
[nsb] it=4 |R_tau|=1.5005e+01 rel=1.682e-01 |R_steady|/|R0|=1.682e-01 cfl=2.24 dtau=[8.38e-03,9.35e-02] gmres=8
[nsb] it=5 |R_tau|=1.0111e+01 rel=1.133e-01 |R_steady|/|R0|=1.133e-01 cfl=2.97 dtau=[1.13e-02,1.24e-01] gmres=9
[nsb] it=6 |R_tau|=6.1807e+00 rel=6.928e-02 |R_steady|/|R0|=6.928e-02 cfl=4.41 dtau=[1.66e-02,1.84e-01] gmres=7
[nsb] it=7 |R_tau|=3.6695e+00 rel=4.113e-02 |R_steady|/|R0|=4.113e-02 cfl=7.22 dtau=[2.64e-02,3.01e-01] gmres=9
[nsb] it=8 |R_tau|=2.3719e+00 rel=2.659e-02 |R_steady|/|R0|=2.659e-02 cfl=12.2 dtau=[4.56e-02,5.06e-01] gmres=11
[nsb] it=9 |R_tau|=6.8365e-01 rel=7.663e-03 |R_steady|/|R0|=7.663e-03 cfl=18.8 dtau=[7.20e-02,7.84e-01] gmres=9
[nsb] it=10 |R_tau|=1.3401e-01 rel=1.502e-03 |R_steady|/|R0|=1.502e-03 cfl=37.6 dtau=[1.45e-01,1.57e+00] gmres=14
[nsb] it=11 |R_tau|=8.9219e-03 rel=1.000e-04 |R_steady|/|R0|=1.000e-04 cfl=75.2 dtau=[2.89e-01,3.13e+00] gmres=9
[nsb] it=12 |R_tau|=4.6271e-04 rel=5.187e-06 |R_steady|/|R0|=5.187e-06 cfl=150 dtau=[5.79e-01,6.27e+00] gmres=8
[nsb] it=13 |R_tau|=6.4359e-06 rel=7.214e-08 |R_steady|/|R0|=7.214e-08 cfl=301 dtau=[1.16e+00,1.25e+01] gmres=8
[nsb] done converged=True reason='' it=13 m_in=1.0000e+02 m_out=1.0000e+02 rejected=0 elapsed=3.7s
--> west_y0.3-0.35: {'converged': True, 'reason': '', 'n_iter': 13, 'n_rejected': 0, 'rel_final': 7.214290196576771e-08, 'rel_steady_final': 7.214290196576771e-08, 'rel_min': 7.214290196576771e-08, 'first_step_ratio': 0.6169804115471929, 'mass_ratio': 0.9999999999995975, 'p_inlet_mean': 2271.970991184282, 'speed_max': 1.9571375815294076, 'elapsed': 3.6921731929996895, 'u_inlet': 1.9999999999999998}
===== west_y0.2-0.35 =====
[nsb] stokes init: |R_stokes(0)|=2.3570e+01 speed_max=2.53 m/s
[nsb] it=0 |R|=4.7760e+01 cfl=0.5
[nsb] it=1 |R_tau|=3.2777e+01 rel=6.863e-01 |R_steady|/|R0|=6.863e-01 cfl=0.5 dtau=[1.20e-03,6.25e-02] gmres=4
[nsb] it=2 |R_tau|=2.1698e+01 rel=4.543e-01 |R_steady|/|R0|=4.543e-01 cfl=0.729 dtau=[1.96e-03,9.11e-02] gmres=5
[nsb] it=3 |R_tau|=1.3459e+01 rel=2.818e-01 |R_steady|/|R0|=2.818e-01 cfl=1.1 dtau=[3.43e-03,1.38e-01] gmres=6
[nsb] it=4 |R_tau|=7.1701e+00 rel=1.501e-01 |R_steady|/|R0|=1.501e-01 cfl=1.77 dtau=[6.38e-03,2.22e-01] gmres=12
[nsb] it=5 |R_tau|=3.0436e+00 rel=6.373e-02 |R_steady|/|R0|=6.373e-02 cfl=3.33 dtau=[1.27e-02,4.16e-01] gmres=7
[nsb] it=6 |R_tau|=8.4273e-01 rel=1.765e-02 |R_steady|/|R0|=1.765e-02 cfl=6.66 dtau=[2.82e-02,8.33e-01] gmres=8
[nsb] it=7 |R_tau|=1.6659e-01 rel=3.488e-03 |R_steady|/|R0|=3.488e-03 cfl=13.3 dtau=[6.00e-02,1.67e+00] gmres=7
[nsb] it=8 |R_tau|=2.2034e-02 rel=4.614e-04 |R_steady|/|R0|=4.614e-04 cfl=26.6 dtau=[1.24e-01,3.33e+00] gmres=8
[nsb] it=9 |R_tau|=1.4909e-03 rel=3.122e-05 |R_steady|/|R0|=3.122e-05 cfl=53.3 dtau=[2.50e-01,6.66e+00] gmres=8
[nsb] it=10 |R_tau|=4.7675e-05 rel=9.982e-07 |R_steady|/|R0|=9.982e-07 cfl=107 dtau=[5.00e-01,1.33e+01] gmres=8
[nsb] done converged=True reason='' it=10 m_in=1.0000e+02 m_out=1.0000e+02 rejected=0 elapsed=2.8s
--> west_y0.2-0.35: {'converged': True, 'reason': '', 'n_iter': 10, 'n_rejected': 0, 'rel_final': 9.982300251981788e-07, 'rel_steady_final': 9.982300251981788e-07, 'rel_min': 9.982300251981788e-07, 'first_step_ratio': 0.6862882848328932, 'mass_ratio': 1.000000000006356, 'p_inlet_mean': 2207.6093575845935, 'speed_max': 1.2659169530426995, 'elapsed': 2.7952741809986037, 'u_inlet': 0.6666666666666666}
===== west_y0.15-0.35 =====
[nsb] stokes init: |R_stokes(0)|=2.0412e+01 speed_max=2.85 m/s
[nsb] it=0 |R|=5.9393e+01 cfl=0.5
[nsb] it=1 |R_tau|=4.3971e+01 rel=7.403e-01 |R_steady|/|R0|=7.403e-01 cfl=0.5 dtau=[1.06e-03,8.33e-02] gmres=4
[nsb] it=2 |R_tau|=2.9916e+01 rel=5.037e-01 |R_steady|/|R0|=5.037e-01 cfl=0.675 dtau=[1.63e-03,1.13e-01] gmres=5
[nsb] it=3 |R_tau|=1.9038e+01 rel=3.205e-01 |R_steady|/|R0|=3.205e-01 cfl=0.993 dtau=[2.88e-03,1.65e-01] gmres=6
[nsb] it=4 |R_tau|=1.0571e+01 rel=1.780e-01 |R_steady|/|R0|=1.780e-01 cfl=1.56 dtau=[5.37e-03,2.60e-01] gmres=8
[nsb] it=5 |R_tau|=5.3149e+00 rel=8.949e-02 |R_steady|/|R0|=8.949e-02 cfl=2.81 dtau=[1.07e-02,4.68e-01] gmres=7
[nsb] it=6 |R_tau|=1.8963e+00 rel=3.193e-02 |R_steady|/|R0|=3.193e-02 cfl=5.59 dtau=[2.30e-02,9.31e-01] gmres=7
[nsb] it=7 |R_tau|=5.8147e-01 rel=9.790e-03 |R_steady|/|R0|=9.790e-03 cfl=11.2 dtau=[4.77e-02,1.86e+00] gmres=8
[nsb] it=8 |R_tau|=4.7327e-02 rel=7.968e-04 |R_steady|/|R0|=7.968e-04 cfl=22.3 dtau=[9.87e-02,3.72e+00] gmres=9
[nsb] it=9 |R_tau|=2.1562e-03 rel=3.630e-05 |R_steady|/|R0|=3.630e-05 cfl=44.7 dtau=[2.01e-01,7.45e+00] gmres=6
[nsb] it=10 |R_tau|=5.8591e-05 rel=9.865e-07 |R_steady|/|R0|=9.865e-07 cfl=89.4 dtau=[4.02e-01,1.49e+01] gmres=7
[nsb] done converged=True reason='' it=10 m_in=1.0000e+02 m_out=1.0000e+02 rejected=0 elapsed=2.7s
--> west_y0.15-0.35: {'converged': True, 'reason': '', 'n_iter': 10, 'n_rejected': 0, 'rel_final': 9.864919435733923e-07, 'rel_steady_final': 9.864919435733923e-07, 'rel_min': 9.864919435733923e-07, 'first_step_ratio': 0.7403402749029109, 'mass_ratio': 1.0000000000003044, 'p_inlet_mean': 2181.642193474633, 'speed_max': 1.3624819285118128, 'elapsed': 2.7402818129994557, 'u_inlet': 0.5}
===== west_y0.3-0.4 =====
[nsb] stokes init: |R_stokes(0)|=2.8868e+01 speed_max=2.37 m/s
[nsb] it=0 |R|=4.9345e+01 cfl=0.5
[nsb] it=1 |R_tau|=3.2205e+01 rel=6.526e-01 |R_steady|/|R0|=6.526e-01 cfl=0.5 dtau=[1.29e-03,4.17e-02] gmres=4
[nsb] it=2 |R_tau|=2.0506e+01 rel=4.156e-01 |R_steady|/|R0|=4.156e-01 cfl=0.766 dtau=[2.21e-03,6.38e-02] gmres=5
[nsb] it=3 |R_tau|=1.2612e+01 rel=2.556e-01 |R_steady|/|R0|=2.556e-01 cfl=1.2 dtau=[3.98e-03,1.00e-01] gmres=13
[nsb] it=4 |R_tau|=7.1123e+00 rel=1.441e-01 |R_steady|/|R0|=1.441e-01 cfl=1.96 dtau=[7.33e-03,1.63e-01] gmres=11
[nsb] it=5 |R_tau|=3.5674e+00 rel=7.230e-02 |R_steady|/|R0|=7.230e-02 cfl=3.47 dtau=[1.36e-02,2.89e-01] gmres=7
[nsb] it=6 |R_tau|=1.7641e+00 rel=3.575e-02 |R_steady|/|R0|=3.575e-02 cfl=6.92 dtau=[2.91e-02,5.76e-01] gmres=8
[nsb] it=7 |R_tau|=6.8881e-01 rel=1.396e-02 |R_steady|/|R0|=1.396e-02 cfl=13.8 dtau=[6.07e-02,1.15e+00] gmres=11
[nsb] it=8 |R_tau|=1.4809e-01 rel=3.001e-03 |R_steady|/|R0|=3.001e-03 cfl=27.7 dtau=[1.23e-01,2.31e+00] gmres=8
[nsb] it=9 |R_tau|=5.6455e-03 rel=1.144e-04 |R_steady|/|R0|=1.144e-04 cfl=55.3 dtau=[2.48e-01,4.61e+00] gmres=8
[nsb] it=10 |R_tau|=1.8260e-04 rel=3.701e-06 |R_steady|/|R0|=3.701e-06 cfl=111 dtau=[4.96e-01,9.22e+00] gmres=8
[nsb] it=11 |R_tau|=4.0676e-06 rel=8.243e-08 |R_steady|/|R0|=8.243e-08 cfl=221 dtau=[9.92e-01,1.84e+01] gmres=8
[nsb] done converged=True reason='' it=11 m_in=1.0000e+02 m_out=1.0000e+02 rejected=0 elapsed=3.1s
--> west_y0.3-0.4: {'converged': True, 'reason': '', 'n_iter': 11, 'n_rejected': 0, 'rel_final': 8.243162956627322e-08, 'rel_steady_final': 8.243162956627322e-08, 'rel_min': 8.243162956627322e-08, 'first_step_ratio': 0.652644806152699, 'mass_ratio': 0.9999999999998995, 'p_inlet_mean': 2785.000205894265, 'speed_max': 1.3175717835549177, 'elapsed': 3.06049440499919, 'u_inlet': 0.9999999999999999}
===== north_x0.3-0.4 =====
[nsb] stokes init: |R_stokes(0)|=3.1623e+01 speed_max=2.09 m/s
[nsb] it=0 |R|=4.5421e+01 cfl=0.5
[nsb] it=1 |R_tau|=2.7139e+01 rel=5.975e-01 |R_steady|/|R0|=5.975e-01 cfl=0.5 dtau=[1.48e-03,4.05e-02] gmres=8
[nsb] it=2 |R_tau|=1.6114e+01 rel=3.548e-01 |R_steady|/|R0|=3.548e-01 cfl=0.837 dtau=[2.73e-03,6.78e-02] gmres=4
[nsb] it=3 |R_tau|=9.3132e+00 rel=2.050e-01 |R_steady|/|R0|=2.050e-01 cfl=1.41 dtau=[5.28e-03,1.14e-01] gmres=8
[nsb] it=4 |R_tau|=5.9673e+00 rel=1.314e-01 |R_steady|/|R0|=1.314e-01 cfl=2.44 dtau=[1.00e-02,1.98e-01] gmres=7
[nsb] it=5 |R_tau|=3.2368e+00 rel=7.126e-02 |R_steady|/|R0|=7.126e-02 cfl=3.81 dtau=[1.62e-02,3.08e-01] gmres=12
[nsb] it=6 |R_tau|=1.1797e+00 rel=2.597e-02 |R_steady|/|R0|=2.597e-02 cfl=7.02 dtau=[3.16e-02,5.68e-01] gmres=9
[nsb] it=7 |R_tau|=2.9234e-01 rel=6.436e-03 |R_steady|/|R0|=6.436e-03 cfl=14 dtau=[6.43e-02,1.14e+00] gmres=10
[nsb] it=8 |R_tau|=4.4728e-02 rel=9.847e-04 |R_steady|/|R0|=9.847e-04 cfl=28.1 dtau=[1.29e-01,2.27e+00] gmres=12
[nsb] it=9 |R_tau|=2.3747e-03 rel=5.228e-05 |R_steady|/|R0|=5.228e-05 cfl=56.1 dtau=[2.59e-01,4.55e+00] gmres=8
[nsb] it=10 |R_tau|=5.7028e-05 rel=1.256e-06 |R_steady|/|R0|=1.256e-06 cfl=112 dtau=[5.18e-01,9.10e+00] gmres=8
[nsb] it=11 |R_tau|=9.2238e-07 rel=2.031e-08 |R_steady|/|R0|=2.031e-08 cfl=225 dtau=[1.04e+00,1.82e+01] gmres=8
[nsb] done converged=True reason='' it=11 m_in=1.0000e+02 m_out=1.0000e+02 rejected=0 elapsed=2.9s
--> north_x0.3-0.4: {'converged': True, 'reason': '', 'n_iter': 11, 'n_rejected': 0, 'rel_final': 2.030722799323046e-08, 'rel_steady_final': 2.030722799323046e-08, 'rel_min': 2.030722799323046e-08, 'first_step_ratio': 0.5974939464687974, 'mass_ratio': 0.9999999999998557, 'p_inlet_mean': 2858.3123909854294, 'speed_max': 1.2880232732196886, 'elapsed': 2.873683850000816, 'u_inlet': 1.0285714285714287}
===== north_x0.55-0.65 =====
[nsb] stokes init: |R_stokes(0)|=3.1623e+01 speed_max=2.04 m/s
[nsb] it=0 |R|=4.4875e+01 cfl=0.5
[nsb] it=1 |R_tau|=2.6694e+01 rel=5.949e-01 |R_steady|/|R0|=5.949e-01 cfl=0.5 dtau=[1.51e-03,4.05e-02] gmres=5
[nsb] it=2 |R_tau|=1.5835e+01 rel=3.529e-01 |R_steady|/|R0|=3.529e-01 cfl=0.841 dtau=[2.81e-03,6.81e-02] gmres=4
[nsb] it=3 |R_tau|=9.1882e+00 rel=2.048e-01 |R_steady|/|R0|=2.048e-01 cfl=1.42 dtau=[5.42e-03,1.15e-01] gmres=7
[nsb] it=4 |R_tau|=5.1550e+00 rel=1.149e-01 |R_steady|/|R0|=1.149e-01 cfl=2.44 dtau=[1.02e-02,1.98e-01] gmres=8
[nsb] it=5 |R_tau|=3.6687e+00 rel=8.175e-02 |R_steady|/|R0|=8.175e-02 cfl=4.35 dtau=[1.88e-02,3.53e-01] gmres=7
[nsb] it=6 |R_tau|=1.8389e+00 rel=4.098e-02 |R_steady|/|R0|=4.098e-02 cfl=6.12 dtau=[2.78e-02,4.96e-01] gmres=9
[nsb] it=7 |R_tau|=5.0517e-01 rel=1.126e-02 |R_steady|/|R0|=1.126e-02 cfl=12.2 dtau=[5.63e-02,9.89e-01] gmres=7
[nsb] it=8 |R_tau|=1.2998e-01 rel=2.896e-03 |R_steady|/|R0|=2.896e-03 cfl=24.4 dtau=[1.13e-01,1.98e+00] gmres=9
[nsb] it=9 |R_tau|=6.5565e-03 rel=1.461e-04 |R_steady|/|R0|=1.461e-04 cfl=48.8 dtau=[2.27e-01,3.95e+00] gmres=10
[nsb] it=10 |R_tau|=1.1499e-04 rel=2.562e-06 |R_steady|/|R0|=2.562e-06 cfl=97.6 dtau=[4.54e-01,7.91e+00] gmres=10
[nsb] it=11 |R_tau|=2.0777e-06 rel=4.630e-08 |R_steady|/|R0|=4.630e-08 cfl=195 dtau=[9.07e-01,1.58e+01] gmres=10
[nsb] done converged=True reason='' it=11 m_in=1.0000e+02 m_out=1.0000e+02 rejected=0 elapsed=2.9s
--> north_x0.55-0.65: {'converged': True, 'reason': '', 'n_iter': 11, 'n_rejected': 0, 'rel_final': 4.629896996671646e-08, 'rel_steady_final': 4.629896996671646e-08, 'rel_min': 4.629896996671646e-08, 'first_step_ratio': 0.5948651435982181, 'mass_ratio': 0.9999999999999489, 'p_inlet_mean': 3643.5592209066003, 'speed_max': 1.2815054331141464, 'elapsed': 2.9081267729998217, 'u_inlet': 1.0285714285714287}
===== east_y0.25-0.35 =====
[nsb] stokes init: |R_stokes(0)|=2.8868e+01 speed_max=2.03 m/s
[nsb] it=0 |R|=4.1433e+01 cfl=0.5
[nsb] it=1 |R_tau|=2.5191e+01 rel=6.080e-01 |R_steady|/|R0|=6.080e-01 cfl=0.5 dtau=[1.52e-03,4.17e-02] gmres=5
[nsb] it=2 |R_tau|=1.5267e+01 rel=3.685e-01 |R_steady|/|R0|=3.685e-01 cfl=0.822 dtau=[2.76e-03,6.85e-02] gmres=5
[nsb] it=3 |R_tau|=8.9156e+00 rel=2.152e-01 |R_steady|/|R0|=2.152e-01 cfl=1.36 dtau=[5.19e-03,1.13e-01] gmres=12
[nsb] it=4 |R_tau|=5.6281e+00 rel=1.358e-01 |R_steady|/|R0|=1.358e-01 cfl=2.32 dtau=[9.74e-03,1.94e-01] gmres=6
[nsb] it=5 |R_tau|=4.2443e+00 rel=1.024e-01 |R_steady|/|R0|=1.024e-01 cfl=3.68 dtau=[1.59e-02,3.07e-01] gmres=7
[nsb] it=6 |R_tau|=1.7552e+00 rel=4.236e-02 |R_steady|/|R0|=4.236e-02 cfl=4.88 dtau=[2.22e-02,4.07e-01] gmres=8
[nsb] it=7 |R_tau|=1.8021e+00 rel=4.349e-02 |R_steady|/|R0|=4.349e-02 cfl=9.76 dtau=[4.49e-02,8.13e-01] gmres=11
[nsb] it=8 |R_tau|=1.6523e-01 rel=3.988e-03 |R_steady|/|R0|=3.988e-03 cfl=9.51 dtau=[4.41e-02,7.92e-01] gmres=8
[nsb] it=9 |R_tau|=1.6702e-02 rel=4.031e-04 |R_steady|/|R0|=4.031e-04 cfl=19 dtau=[8.84e-02,1.58e+00] gmres=9
[nsb] it=10 |R_tau|=3.4657e-03 rel=8.365e-05 |R_steady|/|R0|=8.365e-05 cfl=38 dtau=[1.77e-01,3.17e+00] gmres=15
[nsb] it=11 |R_tau|=7.5276e-05 rel=1.817e-06 |R_steady|/|R0|=1.817e-06 cfl=76.1 dtau=[3.53e-01,6.34e+00] gmres=16
[nsb] it=12 |R_tau|=2.2776e-06 rel=5.497e-08 |R_steady|/|R0|=5.497e-08 cfl=152 dtau=[7.07e-01,1.27e+01] gmres=16
[nsb] done converged=True reason='' it=12 m_in=1.0000e+02 m_out=1.0000e+02 rejected=0 elapsed=3.4s
--> east_y0.25-0.35: {'converged': True, 'reason': '', 'n_iter': 12, 'n_rejected': 0, 'rel_final': 5.4970042295296916e-08, 'rel_steady_final': 5.4970042295296916e-08, 'rel_min': 5.4970042295296916e-08, 'first_step_ratio': 0.6079898677816091, 'mass_ratio': 1.00000000000002, 'p_inlet_mean': 3685.376992625965, 'speed_max': 1.2815481365635704, 'elapsed': 3.3653882919988973, 'u_inlet': 0.9999999999999999}

==== summary (mdot fixed = 0.1 kg/s) ====
west_y0.25-0.35      conv=True  it= 11 u_in=1.000 p_in=   2396.2 Pa  speed_max=1.294  m_out/m_in=1.0000
west_y0.3-0.35       conv=True  it= 13 u_in=2.000 p_in=   2272.0 Pa  speed_max=1.957  m_out/m_in=1.0000
west_y0.2-0.35       conv=True  it= 10 u_in=0.667 p_in=   2207.6 Pa  speed_max=1.266  m_out/m_in=1.0000
west_y0.15-0.35      conv=True  it= 10 u_in=0.500 p_in=   2181.6 Pa  speed_max=1.362  m_out/m_in=1.0000
west_y0.3-0.4        conv=True  it= 11 u_in=1.000 p_in=   2785.0 Pa  speed_max=1.318  m_out/m_in=1.0000
north_x0.3-0.4       conv=True  it= 11 u_in=1.029 p_in=   2858.3 Pa  speed_max=1.288  m_out/m_in=1.0000
north_x0.55-0.65     conv=True  it= 11 u_in=1.029 p_in=   3643.6 Pa  speed_max=1.282  m_out/m_in=1.0000
east_y0.25-0.35      conv=True  it= 12 u_in=1.000 p_in=   3685.4 Pa  speed_max=1.282  m_out/m_in=1.0000
