===== uturn_r1_U2_fixed =====
[nsb] it=0 |R|=1.2911e+02 cfl=0.5
[nsb] it=1 |R_tau|=3.4367e+03 rel=2.662e+01 |R_steady|/|R0|=2.662e+01 cfl=0.5 dtau=[2.08e-02,2.08e-02] gmres=11 (gmres not converged)
[nsb] it=2 |R_tau|=2.2151e+04 rel=1.716e+02 |R_steady|/|R0|=1.716e+02 cfl=0.05 dtau=[2.81e-05,2.08e-03] gmres=15 (gmres not converged)
[nsb] it=3 |R_tau|=1.2684e+04 rel=9.824e+01 |R_steady|/|R0|=9.824e+01 cfl=0.00776 dtau=[4.61e-06,3.23e-04] gmres=3
[nsb] it=4 |R_tau|=1.0285e+04 rel=7.966e+01 |R_steady|/|R0|=7.966e+01 cfl=0.0135 dtau=[8.12e-06,5.64e-04] gmres=4
[nsb] it=5 |R_tau|=8.6337e+03 rel=6.687e+01 |R_steady|/|R0|=6.687e+01 cfl=0.0167 dtau=[1.01e-05,6.96e-04] gmres=3
[nsb] it=6 |R_tau|=7.1969e+03 rel=5.574e+01 |R_steady|/|R0|=5.574e+01 cfl=0.0199 dtau=[1.23e-05,8.29e-04] gmres=3
[nsb] it=7 |R_tau|=6.0383e+03 rel=4.677e+01 |R_steady|/|R0|=4.677e+01 cfl=0.0239 dtau=[1.49e-05,9.95e-04] gmres=3
[nsb] it=8 |R_tau|=5.1424e+03 rel=3.983e+01 |R_steady|/|R0|=3.983e+01 cfl=0.0285 dtau=[1.81e-05,1.19e-03] gmres=3
[nsb] it=9 |R_tau|=4.4222e+03 rel=3.425e+01 |R_steady|/|R0|=3.425e+01 cfl=0.0334 dtau=[2.17e-05,1.39e-03] gmres=3
[nsb] it=10 |R_tau|=3.8175e+03 rel=2.957e+01 |R_steady|/|R0|=2.957e+01 cfl=0.0389 dtau=[2.58e-05,1.62e-03] gmres=3
[nsb] it=11 |R_tau|=3.2948e+03 rel=2.552e+01 |R_steady|/|R0|=2.552e+01 cfl=0.045 dtau=[3.07e-05,1.88e-03] gmres=3
[nsb] it=12 |R_tau|=2.8342e+03 rel=2.195e+01 |R_steady|/|R0|=2.195e+01 cfl=0.0522 dtau=[3.66e-05,2.17e-03] gmres=3
[nsb] it=13 |R_tau|=2.4222e+03 rel=1.876e+01 |R_steady|/|R0|=1.876e+01 cfl=0.0606 dtau=[4.40e-05,2.53e-03] gmres=3
[nsb] it=14 |R_tau|=2.0545e+03 rel=1.591e+01 |R_steady|/|R0|=1.591e+01 cfl=0.0709 dtau=[5.33e-05,2.96e-03] gmres=3
[nsb] it=15 |R_tau|=1.7260e+03 rel=1.337e+01 |R_steady|/|R0|=1.337e+01 cfl=0.0836 dtau=[6.55e-05,3.48e-03] gmres=3
[nsb] it=16 |R_tau|=1.4340e+03 rel=1.111e+01 |R_steady|/|R0|=1.111e+01 cfl=0.0996 dtau=[8.16e-05,4.15e-03] gmres=3
[nsb] it=17 |R_tau|=1.1766e+03 rel=9.113e+00 |R_steady|/|R0|=9.113e+00 cfl=0.12 dtau=[1.03e-04,4.99e-03] gmres=3
[nsb] it=18 |R_tau|=9.5452e+02 rel=7.393e+00 |R_steady|/|R0|=7.393e+00 cfl=0.146 dtau=[1.34e-04,6.09e-03] gmres=3
[nsb] it=19 |R_tau|=7.6636e+02 rel=5.936e+00 |R_steady|/|R0|=5.936e+00 cfl=0.18 dtau=[1.77e-04,7.50e-03] gmres=3
[nsb] it=20 |R_tau|=6.1121e+02 rel=4.734e+00 |R_steady|/|R0|=4.734e+00 cfl=0.224 dtau=[2.39e-04,9.34e-03] gmres=3
[nsb] it=21 |R_tau|=4.7667e+02 rel=3.692e+00 |R_steady|/|R0|=3.692e+00 cfl=0.281 dtau=[3.29e-04,1.17e-02] gmres=4
[nsb] it=22 |R_tau|=3.6542e+02 rel=2.830e+00 |R_steady|/|R0|=2.830e+00 cfl=0.36 dtau=[4.71e-04,1.50e-02] gmres=4
[nsb] it=23 |R_tau|=2.7880e+02 rel=2.159e+00 |R_steady|/|R0|=2.159e+00 cfl=0.47 dtau=[7.02e-04,1.96e-02] gmres=5
[nsb] it=24 |R_tau|=2.0417e+02 rel=1.581e+00 |R_steady|/|R0|=1.581e+00 cfl=0.616 dtau=[9.74e-04,2.57e-02] gmres=4
[nsb] it=25 |R_tau|=1.4385e+02 rel=1.114e+00 |R_steady|/|R0|=1.114e+00 cfl=0.842 dtau=[1.34e-03,3.51e-02] gmres=5
[nsb] it=26 |R_tau|=9.9010e+01 rel=7.669e-01 |R_steady|/|R0|=7.669e-01 cfl=1.19 dtau=[1.92e-03,4.98e-02] gmres=5
[nsb] it=27 |R_tau|=6.8457e+01 rel=5.302e-01 |R_steady|/|R0|=5.302e-01 cfl=1.74 dtau=[2.79e-03,7.23e-02] gmres=7
[nsb] it=28 |R_tau|=4.8915e+01 rel=3.789e-01 |R_steady|/|R0|=3.789e-01 cfl=2.51 dtau=[4.11e-03,1.05e-01] gmres=7
[nsb] it=29 |R_tau|=3.6040e+01 rel=2.791e-01 |R_steady|/|R0|=2.791e-01 cfl=3.51 dtau=[5.87e-03,1.46e-01] gmres=7
[nsb] it=30 |R_tau|=2.7069e+01 rel=2.097e-01 |R_steady|/|R0|=2.097e-01 cfl=4.77 dtau=[8.11e-03,1.99e-01] gmres=8
[nsb] it=31 |R_tau|=2.1208e+01 rel=1.643e-01 |R_steady|/|R0|=1.643e-01 cfl=6.35 dtau=[1.10e-02,2.65e-01] gmres=9
[nsb] it=32 |R_tau|=1.6833e+01 rel=1.304e-01 |R_steady|/|R0|=1.304e-01 cfl=8.1 dtau=[1.41e-02,3.38e-01] gmres=8
[nsb] it=33 |R_tau|=1.3797e+01 rel=1.069e-01 |R_steady|/|R0|=1.069e-01 cfl=10.2 dtau=[1.80e-02,4.25e-01] gmres=7
[nsb] it=34 |R_tau|=1.1476e+01 rel=8.889e-02 |R_steady|/|R0|=8.889e-02 cfl=12.5 dtau=[2.20e-02,5.19e-01] gmres=6
[nsb] it=35 |R_tau|=9.6748e+00 rel=7.493e-02 |R_steady|/|R0|=7.493e-02 cfl=15 dtau=[2.66e-02,6.24e-01] gmres=7
[nsb] it=36 |R_tau|=8.2573e+00 rel=6.396e-02 |R_steady|/|R0|=6.396e-02 cfl=17.8 dtau=[3.16e-02,7.40e-01] gmres=8
[nsb] it=37 |R_tau|=7.0682e+00 rel=5.475e-02 |R_steady|/|R0|=5.475e-02 cfl=20.8 dtau=[3.71e-02,8.67e-01] gmres=8
[nsb] it=38 |R_tau|=5.9140e+00 rel=4.581e-02 |R_steady|/|R0|=4.581e-02 cfl=24.3 dtau=[4.34e-02,1.01e+00] gmres=9
[nsb] it=39 |R_tau|=4.9725e+00 rel=3.851e-02 |R_steady|/|R0|=3.851e-02 cfl=29.1 dtau=[5.19e-02,1.21e+00] gmres=8
[nsb] it=40 |R_tau|=4.1659e+00 rel=3.227e-02 |R_steady|/|R0|=3.227e-02 cfl=34.6 dtau=[6.18e-02,1.44e+00] gmres=9
[nsb] it=41 |R_tau|=3.5384e+00 rel=2.741e-02 |R_steady|/|R0|=2.741e-02 cfl=41.2 dtau=[7.38e-02,1.72e+00] gmres=8
[nsb] it=42 |R_tau|=2.8705e+00 rel=2.223e-02 |R_steady|/|R0|=2.223e-02 cfl=48.6 dtau=[8.69e-02,2.02e+00] gmres=7
[nsb] it=43 |R_tau|=2.3840e+00 rel=1.846e-02 |R_steady|/|R0|=1.846e-02 cfl=59.9 dtau=[1.07e-01,2.49e+00] gmres=7
[nsb] it=44 |R_tau|=1.9926e+00 rel=1.543e-02 |R_steady|/|R0|=1.543e-02 cfl=72.1 dtau=[1.29e-01,3.00e+00] gmres=6
[nsb] it=45 |R_tau|=1.6769e+00 rel=1.299e-02 |R_steady|/|R0|=1.299e-02 cfl=86.2 dtau=[1.54e-01,3.59e+00] gmres=7
[nsb] it=46 |R_tau|=1.4221e+00 rel=1.101e-02 |R_steady|/|R0|=1.101e-02 cfl=102 dtau=[1.83e-01,4.27e+00] gmres=7
[nsb] it=47 |R_tau|=1.2122e+00 rel=9.389e-03 |R_steady|/|R0|=9.389e-03 cfl=121 dtau=[2.16e-01,5.03e+00] gmres=8
[nsb] it=48 |R_tau|=1.0381e+00 rel=8.040e-03 |R_steady|/|R0|=8.040e-03 cfl=142 dtau=[2.53e-01,5.91e+00] gmres=8
[nsb] it=49 |R_tau|=8.9253e-01 rel=6.913e-03 |R_steady|/|R0|=6.913e-03 cfl=166 dtau=[2.96e-01,6.90e+00] gmres=8
[nsb] it=50 |R_tau|=7.7004e-01 rel=5.964e-03 |R_steady|/|R0|=5.964e-03 cfl=193 dtau=[3.44e-01,8.02e+00] gmres=8
[nsb] it=51 |R_tau|=6.6640e-01 rel=5.162e-03 |R_steady|/|R0|=5.162e-03 cfl=223 dtau=[3.99e-01,9.30e+00] gmres=7
[nsb] it=52 |R_tau|=5.7802e-01 rel=4.477e-03 |R_steady|/|R0|=4.477e-03 cfl=258 dtau=[4.61e-01,1.07e+01] gmres=7
[nsb] it=53 |R_tau|=5.0229e-01 rel=3.890e-03 |R_steady|/|R0|=3.890e-03 cfl=297 dtau=[5.31e-01,1.24e+01] gmres=7
[nsb] it=54 |R_tau|=4.3702e-01 rel=3.385e-03 |R_steady|/|R0|=3.385e-03 cfl=342 dtau=[6.11e-01,1.43e+01] gmres=7
[nsb] it=55 |R_tau|=3.8057e-01 rel=2.948e-03 |R_steady|/|R0|=2.948e-03 cfl=393 dtau=[7.03e-01,1.64e+01] gmres=7
[nsb] it=56 |R_tau|=3.3149e-01 rel=2.568e-03 |R_steady|/|R0|=2.568e-03 cfl=452 dtau=[8.07e-01,1.88e+01] gmres=7
[nsb] it=57 |R_tau|=2.8872e-01 rel=2.236e-03 |R_steady|/|R0|=2.236e-03 cfl=518 dtau=[9.26e-01,2.16e+01] gmres=7
[nsb] it=58 |R_tau|=2.5129e-01 rel=1.946e-03 |R_steady|/|R0|=1.946e-03 cfl=595 dtau=[1.06e+00,2.48e+01] gmres=7
[nsb] it=59 |R_tau|=2.1843e-01 rel=1.692e-03 |R_steady|/|R0|=1.692e-03 cfl=684 dtau=[1.22e+00,2.85e+01] gmres=6
[nsb] it=60 |R_tau|=1.8949e-01 rel=1.468e-03 |R_steady|/|R0|=1.468e-03 cfl=787 dtau=[1.41e+00,3.28e+01] gmres=4
[nsb] it=61 |R_tau|=1.6393e-01 rel=1.270e-03 |R_steady|/|R0|=1.270e-03 cfl=907 dtau=[1.62e+00,3.78e+01] gmres=4
[nsb] it=62 |R_tau|=1.4130e-01 rel=1.094e-03 |R_steady|/|R0|=1.094e-03 cfl=1.05e+03 dtau=[1.87e+00,4.37e+01] gmres=7
[nsb] it=63 |R_tau|=1.2124e-01 rel=9.391e-04 |R_steady|/|R0|=9.391e-04 cfl=1.22e+03 dtau=[2.17e+00,5.07e+01] gmres=7
[nsb] it=64 |R_tau|=1.0347e-01 rel=8.014e-04 |R_steady|/|R0|=8.014e-04 cfl=1.42e+03 dtau=[2.53e+00,5.91e+01] gmres=6
[nsb] it=65 |R_tau|=8.7774e-02 rel=6.798e-04 |R_steady|/|R0|=6.798e-04 cfl=1.66e+03 dtau=[2.97e+00,6.92e+01] gmres=6
[nsb] it=66 |R_tau|=7.3960e-02 rel=5.728e-04 |R_steady|/|R0|=5.728e-04 cfl=1.96e+03 dtau=[3.50e+00,8.16e+01] gmres=6
[nsb] it=67 |R_tau|=6.1882e-02 rel=4.793e-04 |R_steady|/|R0|=4.793e-04 cfl=2.32e+03 dtau=[4.15e+00,9.68e+01] gmres=6
[nsb] it=68 |R_tau|=5.1413e-02 rel=3.982e-04 |R_steady|/|R0|=3.982e-04 cfl=2.78e+03 dtau=[4.96e+00,1.16e+02] gmres=6
[nsb] it=69 |R_tau|=4.2425e-02 rel=3.286e-04 |R_steady|/|R0|=3.286e-04 cfl=3.34e+03 dtau=[5.97e+00,1.39e+02] gmres=7
[nsb] it=70 |R_tau|=3.4794e-02 rel=2.695e-04 |R_steady|/|R0|=2.695e-04 cfl=4.05e+03 dtau=[7.24e+00,1.69e+02] gmres=7
[nsb] it=71 |R_tau|=2.8393e-02 rel=2.199e-04 |R_steady|/|R0|=2.199e-04 cfl=4.94e+03 dtau=[8.82e+00,2.06e+02] gmres=7
[nsb] it=72 |R_tau|=2.3089e-02 rel=1.788e-04 |R_steady|/|R0|=1.788e-04 cfl=6.05e+03 dtau=[1.08e+01,2.52e+02] gmres=7
[nsb] it=73 |R_tau|=1.8742e-02 rel=1.452e-04 |R_steady|/|R0|=1.452e-04 cfl=7.44e+03 dtau=[1.33e+01,3.10e+02] gmres=7
[nsb] it=74 |R_tau|=1.5217e-02 rel=1.179e-04 |R_steady|/|R0|=1.179e-04 cfl=9.17e+03 dtau=[1.64e+01,3.82e+02] gmres=7
[nsb] it=75 |R_tau|=1.2378e-02 rel=9.587e-05 |R_steady|/|R0|=9.587e-05 cfl=1.13e+04 dtau=[2.02e+01,4.71e+02] gmres=6
[nsb] it=76 |R_tau|=1.0102e-02 rel=7.824e-05 |R_steady|/|R0|=7.824e-05 cfl=1.39e+04 dtau=[2.48e+01,5.78e+02] gmres=6
[nsb] it=77 |R_tau|=8.2766e-03 rel=6.410e-05 |R_steady|/|R0|=6.410e-05 cfl=1.7e+04 dtau=[3.04e+01,7.09e+02] gmres=6
[nsb] it=78 |R_tau|=6.8079e-03 rel=5.273e-05 |R_steady|/|R0|=5.273e-05 cfl=2.08e+04 dtau=[3.71e+01,8.65e+02] gmres=6
[nsb] it=79 |R_tau|=5.6178e-03 rel=4.351e-05 |R_steady|/|R0|=4.351e-05 cfl=2.52e+04 dtau=[4.51e+01,1.05e+03] gmres=6
[nsb] it=80 |R_tau|=4.6453e-03 rel=3.598e-05 |R_steady|/|R0|=3.598e-05 cfl=3.06e+04 dtau=[5.47e+01,1.27e+03] gmres=6
[nsb] it=81 |R_tau|=3.8438e-03 rel=2.977e-05 |R_steady|/|R0|=2.977e-05 cfl=3.7e+04 dtau=[6.61e+01,1.54e+03] gmres=8
[nsb] it=82 |R_tau|=3.1786e-03 rel=2.462e-05 |R_steady|/|R0|=2.462e-05 cfl=4.47e+04 dtau=[7.99e+01,1.86e+03] gmres=8
[nsb] it=83 |R_tau|=2.6244e-03 rel=2.033e-05 |R_steady|/|R0|=2.033e-05 cfl=5.41e+04 dtau=[9.66e+01,2.25e+03] gmres=8
[nsb] it=84 |R_tau|=2.1623e-03 rel=1.675e-05 |R_steady|/|R0|=1.675e-05 cfl=6.55e+04 dtau=[1.17e+02,2.73e+03] gmres=6
[nsb] it=85 |R_tau|=1.7779e-03 rel=1.377e-05 |R_steady|/|R0|=1.377e-05 cfl=7.95e+04 dtau=[1.42e+02,3.31e+03] gmres=6
[nsb] it=86 |R_tau|=1.4599e-03 rel=1.131e-05 |R_steady|/|R0|=1.131e-05 cfl=9.67e+04 dtau=[1.73e+02,4.03e+03] gmres=6
[nsb] it=87 |R_tau|=1.1984e-03 rel=9.282e-06 |R_steady|/|R0|=9.282e-06 cfl=1.18e+05 dtau=[2.10e+02,4.90e+03] gmres=7
[nsb] it=88 |R_tau|=9.8525e-04 rel=7.631e-06 |R_steady|/|R0|=7.631e-06 cfl=1.43e+05 dtau=[2.56e+02,5.97e+03] gmres=7
[nsb] it=89 |R_tau|=8.1276e-04 rel=6.295e-06 |R_steady|/|R0|=6.295e-06 cfl=1.74e+05 dtau=[3.12e+02,7.27e+03] gmres=7
[nsb] it=90 |R_tau|=6.7414e-04 rel=5.221e-06 |R_steady|/|R0|=5.221e-06 cfl=2.11e+05 dtau=[3.78e+02,8.81e+03] gmres=7
[nsb] it=91 |R_tau|=5.6323e-04 rel=4.362e-06 |R_steady|/|R0|=4.362e-06 cfl=2.55e+05 dtau=[4.55e+02,1.06e+04] gmres=7
[nsb] it=92 |R_tau|=4.7454e-04 rel=3.675e-06 |R_steady|/|R0|=3.675e-06 cfl=3.05e+05 dtau=[5.45e+02,1.27e+04] gmres=7
[nsb] it=93 |R_tau|=4.0335e-04 rel=3.124e-06 |R_steady|/|R0|=3.124e-06 cfl=3.62e+05 dtau=[6.47e+02,1.51e+04] gmres=7
[nsb] it=94 |R_tau|=3.4572e-04 rel=2.678e-06 |R_steady|/|R0|=2.678e-06 cfl=4.26e+05 dtau=[7.61e+02,1.78e+04] gmres=7
[nsb] it=95 |R_tau|=2.9848e-04 rel=2.312e-06 |R_steady|/|R0|=2.312e-06 cfl=4.97e+05 dtau=[8.88e+02,2.07e+04] gmres=7
[nsb] it=96 |R_tau|=2.5920e-04 rel=2.008e-06 |R_steady|/|R0|=2.008e-06 cfl=5.76e+05 dtau=[1.03e+03,2.40e+04] gmres=7
[nsb] it=97 |R_tau|=2.2606e-04 rel=1.751e-06 |R_steady|/|R0|=1.751e-06 cfl=6.63e+05 dtau=[1.18e+03,2.76e+04] gmres=7
[nsb] it=98 |R_tau|=1.9776e-04 rel=1.532e-06 |R_steady|/|R0|=1.532e-06 cfl=7.6e+05 dtau=[1.36e+03,3.17e+04] gmres=6
[nsb] it=99 |R_tau|=1.7332e-04 rel=1.342e-06 |R_steady|/|R0|=1.342e-06 cfl=8.69e+05 dtau=[1.55e+03,3.62e+04] gmres=6
[nsb] it=100 |R_tau|=1.5206e-04 rel=1.178e-06 |R_steady|/|R0|=1.178e-06 cfl=9.91e+05 dtau=[1.77e+03,4.13e+04] gmres=6
[nsb] it=101 |R_tau|=1.3346e-04 rel=1.034e-06 |R_steady|/|R0|=1.034e-06 cfl=1e+06 dtau=[1.79e+03,4.17e+04] gmres=7
[nsb] it=102 |R_tau|=1.1713e-04 rel=9.072e-07 |R_steady|/|R0|=9.072e-07 cfl=1e+06 dtau=[1.79e+03,4.17e+04] gmres=6
[nsb] done converged=True reason='' it=102 m_in=2.0000e+02 m_out=2.0000e+02 rejected=0 elapsed=107.4s
--> uturn_r1_U2_fixed: {'converged': True, 'reason': '', 'n_iter': 102, 'n_rejected': 0, 'rel_final': 9.072023933959847e-07, 'rel_steady_final': 9.072023933959847e-07, 'rel_min': 9.072023933959847e-07, 'first_step_ratio': 26.61855762815728, 'mass_ratio': 0.9999999999999745, 'p_inlet_mean': 35959.88354549843, 'speed_max': 3.4328071219029375, 'elapsed': 107.36549120199925}
===== uturn_r1_U2_fixed_bt =====
[nsb] it=0 |R|=1.2911e+02 cfl=0.5
[nsb] it=1 |R_tau|=3.4367e+03 rel=2.662e+01 |R_steady|/|R0|=2.662e+01 cfl=0.5 dtau=[2.08e-02,2.08e-02] gmres=11 (gmres not converged)
[nsb]   reject: |R_tau|=2.2151e+04 > 2×3.4367e+03 -> cfl=0.025 (rejects=1)
[nsb]   reject: |R_tau|=3.0761e+04 > 2×3.4367e+03 -> cfl=0.0125 (rejects=2)
[nsb]   reject: |R_tau|=4.1427e+04 > 2×3.4367e+03 -> cfl=0.00625 (rejects=3)
[nsb] it=2 |R_tau|=5.2673e+04 rel=4.080e+02 |R_steady|/|R0|=4.080e+02 cfl=0.00625 dtau=[3.51e-06,2.60e-04] gmres=11 (gmres not converged)
[nsb] it=3 |R_tau|=4.5424e+04 rel=3.518e+02 |R_steady|/|R0|=3.518e+02 cfl=0.000625 dtau=[3.55e-07,2.60e-05] gmres=22 (gmres not converged)
[nsb] it=4 |R_tau|=4.0385e+04 rel=3.128e+02 |R_steady|/|R0|=3.128e+02 cfl=0.000725 dtau=[4.12e-07,3.02e-05] gmres=2
[nsb] it=5 |R_tau|=3.7956e+04 rel=2.940e+02 |R_steady|/|R0|=2.940e+02 cfl=0.000815 dtau=[4.64e-07,3.40e-05] gmres=4
[nsb] it=6 |R_tau|=3.5692e+04 rel=2.764e+02 |R_steady|/|R0|=2.764e+02 cfl=0.000867 dtau=[4.94e-07,3.61e-05] gmres=4
[nsb] it=7 |R_tau|=3.3528e+04 rel=2.597e+02 |R_steady|/|R0|=2.597e+02 cfl=0.000922 dtau=[5.26e-07,3.84e-05] gmres=4
[nsb] it=8 |R_tau|=3.1444e+04 rel=2.435e+02 |R_steady|/|R0|=2.435e+02 cfl=0.000982 dtau=[5.61e-07,4.09e-05] gmres=4
[nsb] it=9 |R_tau|=2.9460e+04 rel=2.282e+02 |R_steady|/|R0|=2.282e+02 cfl=0.00105 dtau=[5.99e-07,4.36e-05] gmres=4
[nsb] it=10 |R_tau|=2.7585e+04 rel=2.137e+02 |R_steady|/|R0|=2.137e+02 cfl=0.00112 dtau=[6.40e-07,4.66e-05] gmres=4
[nsb] it=11 |R_tau|=2.5839e+04 rel=2.001e+02 |R_steady|/|R0|=2.001e+02 cfl=0.00119 dtau=[6.84e-07,4.97e-05] gmres=4
[nsb] it=12 |R_tau|=2.4134e+04 rel=1.869e+02 |R_steady|/|R0|=1.869e+02 cfl=0.00127 dtau=[7.32e-07,5.31e-05] gmres=3
[nsb] it=13 |R_tau|=2.2633e+04 rel=1.753e+02 |R_steady|/|R0|=1.753e+02 cfl=0.00136 dtau=[7.85e-07,5.68e-05] gmres=3
[nsb] it=14 |R_tau|=2.1291e+04 rel=1.649e+02 |R_steady|/|R0|=1.649e+02 cfl=0.00145 dtau=[8.38e-07,6.06e-05] gmres=3
[nsb] it=15 |R_tau|=2.0099e+04 rel=1.557e+02 |R_steady|/|R0|=1.557e+02 cfl=0.00155 dtau=[8.93e-07,6.44e-05] gmres=3
[nsb] it=16 |R_tau|=1.9022e+04 rel=1.473e+02 |R_steady|/|R0|=1.473e+02 cfl=0.00164 dtau=[9.47e-07,6.82e-05] gmres=3
[nsb] it=17 |R_tau|=1.8055e+04 rel=1.398e+02 |R_steady|/|R0|=1.398e+02 cfl=0.00173 dtau=[1.00e-06,7.21e-05] gmres=3
[nsb] it=18 |R_tau|=1.7178e+04 rel=1.330e+02 |R_steady|/|R0|=1.330e+02 cfl=0.00182 dtau=[1.06e-06,7.60e-05] gmres=3
[nsb] it=19 |R_tau|=1.6416e+04 rel=1.271e+02 |R_steady|/|R0|=1.271e+02 cfl=0.00192 dtau=[1.11e-06,7.99e-05] gmres=3
[nsb] it=20 |R_tau|=1.5686e+04 rel=1.215e+02 |R_steady|/|R0|=1.215e+02 cfl=0.00201 dtau=[1.17e-06,8.36e-05] gmres=3
[nsb] it=21 |R_tau|=1.4983e+04 rel=1.160e+02 |R_steady|/|R0|=1.160e+02 cfl=0.0021 dtau=[1.23e-06,8.74e-05] gmres=3
[nsb] it=22 |R_tau|=1.4336e+04 rel=1.110e+02 |R_steady|/|R0|=1.110e+02 cfl=0.0022 dtau=[1.29e-06,9.16e-05] gmres=3
[nsb] it=23 |R_tau|=1.3720e+04 rel=1.063e+02 |R_steady|/|R0|=1.063e+02 cfl=0.0023 dtau=[1.35e-06,9.57e-05] gmres=3
[nsb] it=24 |R_tau|=1.3136e+04 rel=1.017e+02 |R_steady|/|R0|=1.017e+02 cfl=0.0024 dtau=[1.41e-06,1.00e-04] gmres=3
[nsb] it=25 |R_tau|=1.2614e+04 rel=9.770e+01 |R_steady|/|R0|=9.770e+01 cfl=0.00251 dtau=[1.48e-06,1.04e-04] gmres=3
[nsb] it=26 |R_tau|=1.2127e+04 rel=9.393e+01 |R_steady|/|R0|=9.393e+01 cfl=0.00261 dtau=[1.54e-06,1.09e-04] gmres=3
[nsb] it=27 |R_tau|=1.1651e+04 rel=9.024e+01 |R_steady|/|R0|=9.024e+01 cfl=0.00271 dtau=[1.61e-06,1.13e-04] gmres=3
[nsb] it=28 |R_tau|=1.1196e+04 rel=8.671e+01 |R_steady|/|R0|=8.671e+01 cfl=0.00283 dtau=[1.68e-06,1.18e-04] gmres=3
[nsb] it=29 |R_tau|=1.0758e+04 rel=8.332e+01 |R_steady|/|R0|=8.332e+01 cfl=0.00294 dtau=[1.75e-06,1.23e-04] gmres=3
[nsb] it=30 |R_tau|=1.0366e+04 rel=8.029e+01 |R_steady|/|R0|=8.029e+01 cfl=0.00306 dtau=[1.83e-06,1.28e-04] gmres=3
[nsb] it=31 |R_tau|=9.9723e+03 rel=7.724e+01 |R_steady|/|R0|=7.724e+01 cfl=0.00318 dtau=[1.90e-06,1.32e-04] gmres=3
[nsb] it=32 |R_tau|=9.5917e+03 rel=7.429e+01 |R_steady|/|R0|=7.429e+01 cfl=0.0033 dtau=[1.98e-06,1.38e-04] gmres=3
[nsb] it=33 |R_tau|=9.2229e+03 rel=7.143e+01 |R_steady|/|R0|=7.143e+01 cfl=0.00343 dtau=[2.07e-06,1.43e-04] gmres=3
[nsb] it=34 |R_tau|=8.8657e+03 rel=6.867e+01 |R_steady|/|R0|=6.867e+01 cfl=0.00357 dtau=[2.16e-06,1.49e-04] gmres=3
[nsb] it=35 |R_tau|=8.5192e+03 rel=6.598e+01 |R_steady|/|R0|=6.598e+01 cfl=0.00371 dtau=[2.25e-06,1.55e-04] gmres=3
[nsb] it=36 |R_tau|=8.1861e+03 rel=6.340e+01 |R_steady|/|R0|=6.340e+01 cfl=0.00386 dtau=[2.35e-06,1.61e-04] gmres=3
[nsb] it=37 |R_tau|=7.8678e+03 rel=6.094e+01 |R_steady|/|R0|=6.094e+01 cfl=0.00402 dtau=[2.45e-06,1.68e-04] gmres=3
[nsb] it=38 |R_tau|=7.5653e+03 rel=5.860e+01 |R_steady|/|R0|=5.860e+01 cfl=0.00418 dtau=[2.56e-06,1.74e-04] gmres=3
[nsb] it=39 |R_tau|=7.2758e+03 rel=5.635e+01 |R_steady|/|R0|=5.635e+01 cfl=0.00435 dtau=[2.67e-06,1.81e-04] gmres=3
[nsb] it=40 |R_tau|=7.0017e+03 rel=5.423e+01 |R_steady|/|R0|=5.423e+01 cfl=0.00452 dtau=[2.79e-06,1.89e-04] gmres=3
[nsb] it=41 |R_tau|=6.7417e+03 rel=5.222e+01 |R_steady|/|R0|=5.222e+01 cfl=0.0047 dtau=[2.91e-06,1.96e-04] gmres=3
[nsb] it=42 |R_tau|=6.4970e+03 rel=5.032e+01 |R_steady|/|R0|=5.032e+01 cfl=0.00488 dtau=[3.03e-06,2.03e-04] gmres=3
[nsb] it=43 |R_tau|=6.2682e+03 rel=4.855e+01 |R_steady|/|R0|=4.855e+01 cfl=0.00507 dtau=[3.16e-06,2.11e-04] gmres=3
[nsb] it=44 |R_tau|=6.0534e+03 rel=4.689e+01 |R_steady|/|R0|=4.689e+01 cfl=0.00525 dtau=[3.28e-06,2.19e-04] gmres=3
[nsb] it=45 |R_tau|=5.8514e+03 rel=4.532e+01 |R_steady|/|R0|=4.532e+01 cfl=0.00544 dtau=[3.41e-06,2.27e-04] gmres=3
[nsb] it=46 |R_tau|=5.6608e+03 rel=4.385e+01 |R_steady|/|R0|=4.385e+01 cfl=0.00563 dtau=[3.55e-06,2.34e-04] gmres=3
[nsb] it=47 |R_tau|=5.4804e+03 rel=4.245e+01 |R_steady|/|R0|=4.245e+01 cfl=0.00582 dtau=[3.68e-06,2.42e-04] gmres=3
[nsb] it=48 |R_tau|=5.3092e+03 rel=4.112e+01 |R_steady|/|R0|=4.112e+01 cfl=0.00601 dtau=[3.82e-06,2.50e-04] gmres=3
[nsb] it=49 |R_tau|=5.1460e+03 rel=3.986e+01 |R_steady|/|R0|=3.986e+01 cfl=0.0062 dtau=[3.96e-06,2.58e-04] gmres=3
[nsb] it=50 |R_tau|=4.9900e+03 rel=3.865e+01 |R_steady|/|R0|=3.865e+01 cfl=0.0064 dtau=[4.10e-06,2.67e-04] gmres=3
[nsb] it=51 |R_tau|=4.8403e+03 rel=3.749e+01 |R_steady|/|R0|=3.749e+01 cfl=0.0066 dtau=[4.25e-06,2.75e-04] gmres=3
[nsb] it=52 |R_tau|=4.6964e+03 rel=3.638e+01 |R_steady|/|R0|=3.638e+01 cfl=0.0068 dtau=[4.40e-06,2.83e-04] gmres=3
[nsb] it=53 |R_tau|=4.5579e+03 rel=3.530e+01 |R_steady|/|R0|=3.530e+01 cfl=0.00701 dtau=[4.56e-06,2.92e-04] gmres=3
[nsb] it=54 |R_tau|=4.4242e+03 rel=3.427e+01 |R_steady|/|R0|=3.427e+01 cfl=0.00722 dtau=[4.72e-06,3.01e-04] gmres=3
[nsb] it=55 |R_tau|=4.2947e+03 rel=3.326e+01 |R_steady|/|R0|=3.326e+01 cfl=0.00744 dtau=[4.89e-06,3.10e-04] gmres=3
[nsb] it=56 |R_tau|=4.1694e+03 rel=3.229e+01 |R_steady|/|R0|=3.229e+01 cfl=0.00767 dtau=[5.06e-06,3.19e-04] gmres=3
[nsb] it=57 |R_tau|=4.0477e+03 rel=3.135e+01 |R_steady|/|R0|=3.135e+01 cfl=0.0079 dtau=[5.24e-06,3.29e-04] gmres=3
[nsb] it=58 |R_tau|=3.9296e+03 rel=3.044e+01 |R_steady|/|R0|=3.044e+01 cfl=0.00813 dtau=[5.43e-06,3.39e-04] gmres=3
[nsb] it=59 |R_tau|=3.8146e+03 rel=2.955e+01 |R_steady|/|R0|=2.955e+01 cfl=0.00838 dtau=[5.63e-06,3.49e-04] gmres=3
[nsb] it=60 |R_tau|=3.7026e+03 rel=2.868e+01 |R_steady|/|R0|=2.868e+01 cfl=0.00863 dtau=[5.83e-06,3.60e-04] gmres=3
[nsb] it=61 |R_tau|=3.5935e+03 rel=2.783e+01 |R_steady|/|R0|=2.783e+01 cfl=0.00889 dtau=[6.04e-06,3.70e-04] gmres=3
[nsb] it=62 |R_tau|=3.4868e+03 rel=2.701e+01 |R_steady|/|R0|=2.701e+01 cfl=0.00916 dtau=[6.26e-06,3.82e-04] gmres=3
[nsb] it=63 |R_tau|=3.3825e+03 rel=2.620e+01 |R_steady|/|R0|=2.620e+01 cfl=0.00944 dtau=[6.49e-06,3.93e-04] gmres=3
[nsb] it=64 |R_tau|=3.2804e+03 rel=2.541e+01 |R_steady|/|R0|=2.541e+01 cfl=0.00973 dtau=[6.73e-06,4.06e-04] gmres=3
[nsb] it=65 |R_tau|=3.1805e+03 rel=2.463e+01 |R_steady|/|R0|=2.463e+01 cfl=0.01 dtau=[6.99e-06,4.18e-04] gmres=3
[nsb] it=66 |R_tau|=3.0827e+03 rel=2.388e+01 |R_steady|/|R0|=2.388e+01 cfl=0.0104 dtau=[7.25e-06,4.31e-04] gmres=3
[nsb] it=67 |R_tau|=2.9870e+03 rel=2.314e+01 |R_steady|/|R0|=2.314e+01 cfl=0.0107 dtau=[7.53e-06,4.45e-04] gmres=3
[nsb] it=68 |R_tau|=2.8933e+03 rel=2.241e+01 |R_steady|/|R0|=2.241e+01 cfl=0.011 dtau=[7.83e-06,4.59e-04] gmres=3
[nsb] it=69 |R_tau|=2.8017e+03 rel=2.170e+01 |R_steady|/|R0|=2.170e+01 cfl=0.0114 dtau=[8.14e-06,4.74e-04] gmres=3
[nsb] it=70 |R_tau|=2.7117e+03 rel=2.100e+01 |R_steady|/|R0|=2.100e+01 cfl=0.0118 dtau=[8.47e-06,4.90e-04] gmres=3
[nsb] it=71 |R_tau|=2.6238e+03 rel=2.032e+01 |R_steady|/|R0|=2.032e+01 cfl=0.0121 dtau=[8.81e-06,5.06e-04] gmres=3
[nsb] it=72 |R_tau|=2.5376e+03 rel=1.965e+01 |R_steady|/|R0|=1.965e+01 cfl=0.0125 dtau=[9.18e-06,5.23e-04] gmres=3
[nsb] it=73 |R_tau|=2.4533e+03 rel=1.900e+01 |R_steady|/|R0|=1.900e+01 cfl=0.013 dtau=[9.57e-06,5.41e-04] gmres=3
[nsb] it=74 |R_tau|=2.3707e+03 rel=1.836e+01 |R_steady|/|R0|=1.836e+01 cfl=0.0134 dtau=[9.97e-06,5.59e-04] gmres=3
[nsb] it=75 |R_tau|=2.2897e+03 rel=1.773e+01 |R_steady|/|R0|=1.773e+01 cfl=0.0139 dtau=[1.04e-05,5.79e-04] gmres=3
[nsb] it=76 |R_tau|=2.2104e+03 rel=1.712e+01 |R_steady|/|R0|=1.712e+01 cfl=0.0144 dtau=[1.09e-05,5.99e-04] gmres=3
[nsb] it=77 |R_tau|=2.1329e+03 rel=1.652e+01 |R_steady|/|R0|=1.652e+01 cfl=0.0149 dtau=[1.14e-05,6.21e-04] gmres=3
[nsb] it=78 |R_tau|=2.0570e+03 rel=1.593e+01 |R_steady|/|R0|=1.593e+01 cfl=0.0154 dtau=[1.19e-05,6.43e-04] gmres=3
[nsb] it=79 |R_tau|=1.9825e+03 rel=1.536e+01 |R_steady|/|R0|=1.536e+01 cfl=0.016 dtau=[1.24e-05,6.67e-04] gmres=3
[nsb] it=80 |R_tau|=1.9095e+03 rel=1.479e+01 |R_steady|/|R0|=1.479e+01 cfl=0.0166 dtau=[1.30e-05,6.92e-04] gmres=3
[nsb] it=81 |R_tau|=1.8380e+03 rel=1.424e+01 |R_steady|/|R0|=1.424e+01 cfl=0.0172 dtau=[1.36e-05,7.18e-04] gmres=3
[nsb] it=82 |R_tau|=1.7679e+03 rel=1.369e+01 |R_steady|/|R0|=1.369e+01 cfl=0.0179 dtau=[1.43e-05,7.46e-04] gmres=3
[nsb] it=83 |R_tau|=1.6995e+03 rel=1.316e+01 |R_steady|/|R0|=1.316e+01 cfl=0.0186 dtau=[1.50e-05,7.76e-04] gmres=3
[nsb] it=84 |R_tau|=1.6325e+03 rel=1.264e+01 |R_steady|/|R0|=1.264e+01 cfl=0.0194 dtau=[1.58e-05,8.07e-04] gmres=3
[nsb] it=85 |R_tau|=1.5672e+03 rel=1.214e+01 |R_steady|/|R0|=1.214e+01 cfl=0.0202 dtau=[1.67e-05,8.40e-04] gmres=3
[nsb] it=86 |R_tau|=1.5035e+03 rel=1.164e+01 |R_steady|/|R0|=1.164e+01 cfl=0.021 dtau=[1.75e-05,8.75e-04] gmres=3
[nsb] it=87 |R_tau|=1.4414e+03 rel=1.116e+01 |R_steady|/|R0|=1.116e+01 cfl=0.0219 dtau=[1.85e-05,9.12e-04] gmres=3
[nsb] it=88 |R_tau|=1.3808e+03 rel=1.070e+01 |R_steady|/|R0|=1.070e+01 cfl=0.0228 dtau=[1.95e-05,9.52e-04] gmres=3
[nsb] it=89 |R_tau|=1.3218e+03 rel=1.024e+01 |R_steady|/|R0|=1.024e+01 cfl=0.0238 dtau=[2.07e-05,9.93e-04] gmres=3
[nsb] it=90 |R_tau|=1.2657e+03 rel=9.803e+00 |R_steady|/|R0|=9.803e+00 cfl=0.0249 dtau=[2.19e-05,1.04e-03] gmres=3
[nsb] it=91 |R_tau|=1.2103e+03 rel=9.374e+00 |R_steady|/|R0|=9.374e+00 cfl=0.026 dtau=[2.32e-05,1.08e-03] gmres=3
[nsb] it=92 |R_tau|=1.1569e+03 rel=8.960e+00 |R_steady|/|R0|=8.960e+00 cfl=0.0272 dtau=[2.46e-05,1.13e-03] gmres=3
[nsb] it=93 |R_tau|=1.1046e+03 rel=8.555e+00 |R_steady|/|R0|=8.555e+00 cfl=0.0285 dtau=[2.61e-05,1.19e-03] gmres=3
[nsb] it=94 |R_tau|=1.0537e+03 rel=8.161e+00 |R_steady|/|R0|=8.161e+00 cfl=0.0298 dtau=[2.77e-05,1.24e-03] gmres=3
[nsb] it=95 |R_tau|=1.0042e+03 rel=7.778e+00 |R_steady|/|R0|=7.778e+00 cfl=0.0312 dtau=[2.95e-05,1.30e-03] gmres=3
[nsb] it=96 |R_tau|=9.5636e+02 rel=7.407e+00 |R_steady|/|R0|=7.407e+00 cfl=0.0328 dtau=[3.15e-05,1.37e-03] gmres=3
[nsb] it=97 |R_tau|=9.1046e+02 rel=7.052e+00 |R_steady|/|R0|=7.052e+00 cfl=0.0344 dtau=[3.36e-05,1.43e-03] gmres=3
[nsb] it=98 |R_tau|=8.6798e+02 rel=6.723e+00 |R_steady|/|R0|=6.723e+00 cfl=0.0362 dtau=[3.60e-05,1.51e-03] gmres=3
[nsb] it=99 |R_tau|=8.2615e+02 rel=6.399e+00 |R_steady|/|R0|=6.399e+00 cfl=0.0379 dtau=[3.85e-05,1.58e-03] gmres=3
[nsb] it=100 |R_tau|=7.8523e+02 rel=6.082e+00 |R_steady|/|R0|=6.082e+00 cfl=0.0398 dtau=[4.12e-05,1.66e-03] gmres=3
[nsb] it=101 |R_tau|=7.4523e+02 rel=5.772e+00 |R_steady|/|R0|=5.772e+00 cfl=0.0419 dtau=[4.42e-05,1.75e-03] gmres=3
[nsb] it=102 |R_tau|=7.0632e+02 rel=5.471e+00 |R_steady|/|R0|=5.471e+00 cfl=0.0442 dtau=[4.76e-05,1.84e-03] gmres=3
[nsb] it=103 |R_tau|=6.6848e+02 rel=5.178e+00 |R_steady|/|R0|=5.178e+00 cfl=0.0466 dtau=[5.13e-05,1.94e-03] gmres=3
[nsb] it=104 |R_tau|=6.3181e+02 rel=4.894e+00 |R_steady|/|R0|=4.894e+00 cfl=0.0492 dtau=[5.55e-05,2.05e-03] gmres=3
[nsb] it=105 |R_tau|=5.9677e+02 rel=4.622e+00 |R_steady|/|R0|=4.622e+00 cfl=0.0521 dtau=[6.02e-05,2.17e-03] gmres=3
[nsb] it=106 |R_tau|=5.6280e+02 rel=4.359e+00 |R_steady|/|R0|=4.359e+00 cfl=0.0552 dtau=[6.54e-05,2.30e-03] gmres=3
[nsb] it=107 |R_tau|=5.2994e+02 rel=4.105e+00 |R_steady|/|R0|=4.105e+00 cfl=0.0585 dtau=[7.12e-05,2.44e-03] gmres=3
[nsb] it=108 |R_tau|=4.9820e+02 rel=3.859e+00 |R_steady|/|R0|=3.859e+00 cfl=0.0621 dtau=[7.78e-05,2.59e-03] gmres=3
[nsb] it=109 |R_tau|=4.6759e+02 rel=3.622e+00 |R_steady|/|R0|=3.622e+00 cfl=0.0661 dtau=[8.53e-05,2.75e-03] gmres=3
[nsb] it=110 |R_tau|=4.3848e+02 rel=3.396e+00 |R_steady|/|R0|=3.396e+00 cfl=0.0704 dtau=[9.38e-05,2.93e-03] gmres=3
[nsb] it=111 |R_tau|=4.1152e+02 rel=3.187e+00 |R_steady|/|R0|=3.187e+00 cfl=0.0751 dtau=[1.03e-04,3.13e-03] gmres=3
[nsb] it=112 |R_tau|=3.8649e+02 rel=2.993e+00 |R_steady|/|R0|=2.993e+00 cfl=0.08 dtau=[1.14e-04,3.33e-03] gmres=3
[nsb] it=113 |R_tau|=3.6146e+02 rel=2.800e+00 |R_steady|/|R0|=2.800e+00 cfl=0.0852 dtau=[1.26e-04,3.55e-03] gmres=3
[nsb] it=114 |R_tau|=3.3714e+02 rel=2.611e+00 |R_steady|/|R0|=2.611e+00 cfl=0.0911 dtau=[1.40e-04,3.79e-03] gmres=3
[nsb] it=115 |R_tau|=3.1354e+02 rel=2.428e+00 |R_steady|/|R0|=2.428e+00 cfl=0.0976 dtau=[1.53e-04,4.07e-03] gmres=3
[nsb] it=116 |R_tau|=2.9090e+02 rel=2.253e+00 |R_steady|/|R0|=2.253e+00 cfl=0.105 dtau=[1.65e-04,4.37e-03] gmres=3
[nsb] it=117 |R_tau|=2.6916e+02 rel=2.085e+00 |R_steady|/|R0|=2.085e+00 cfl=0.113 dtau=[1.78e-04,4.72e-03] gmres=3
[nsb] it=118 |R_tau|=2.4835e+02 rel=1.924e+00 |R_steady|/|R0|=1.924e+00 cfl=0.122 dtau=[1.93e-04,5.10e-03] gmres=3
[nsb] it=119 |R_tau|=2.2814e+02 rel=1.767e+00 |R_steady|/|R0|=1.767e+00 cfl=0.133 dtau=[2.10e-04,5.52e-03] gmres=3
[nsb] it=120 |R_tau|=2.0859e+02 rel=1.616e+00 |R_steady|/|R0|=1.616e+00 cfl=0.144 dtau=[2.29e-04,6.01e-03] gmres=3
[nsb] it=121 |R_tau|=1.9001e+02 rel=1.472e+00 |R_steady|/|R0|=1.472e+00 cfl=0.158 dtau=[2.51e-04,6.58e-03] gmres=3
[nsb] it=122 |R_tau|=1.7214e+02 rel=1.333e+00 |R_steady|/|R0|=1.333e+00 cfl=0.173 dtau=[2.76e-04,7.22e-03] gmres=3
[nsb] it=123 |R_tau|=1.5510e+02 rel=1.201e+00 |R_steady|/|R0|=1.201e+00 cfl=0.191 dtau=[3.06e-04,7.97e-03] gmres=3
[nsb] it=124 |R_tau|=1.3879e+02 rel=1.075e+00 |R_steady|/|R0|=1.075e+00 cfl=0.212 dtau=[3.40e-04,8.84e-03] gmres=3
[nsb] it=125 |R_tau|=1.2397e+02 rel=9.602e-01 |R_steady|/|R0|=9.602e-01 cfl=0.237 dtau=[3.81e-04,9.88e-03] gmres=3
[nsb] it=126 |R_tau|=1.1060e+02 rel=8.566e-01 |R_steady|/|R0|=8.566e-01 cfl=0.266 dtau=[4.28e-04,1.11e-02] gmres=3
[nsb] it=127 |R_tau|=9.8907e+01 rel=7.661e-01 |R_steady|/|R0|=7.661e-01 cfl=0.298 dtau=[4.81e-04,1.24e-02] gmres=4
[nsb] it=128 |R_tau|=8.8786e+01 rel=6.877e-01 |R_steady|/|R0|=6.877e-01 cfl=0.333 dtau=[5.40e-04,1.39e-02] gmres=4
[nsb] it=129 |R_tau|=7.9204e+01 rel=6.135e-01 |R_steady|/|R0|=6.135e-01 cfl=0.371 dtau=[6.04e-04,1.54e-02] gmres=4
[nsb] it=130 |R_tau|=7.0715e+01 rel=5.477e-01 |R_steady|/|R0|=5.477e-01 cfl=0.416 dtau=[6.80e-04,1.73e-02] gmres=4
[nsb] it=131 |R_tau|=6.3381e+01 rel=4.909e-01 |R_steady|/|R0|=4.909e-01 cfl=0.466 dtau=[7.67e-04,1.94e-02] gmres=4
[nsb] it=132 |R_tau|=5.6844e+01 rel=4.403e-01 |R_steady|/|R0|=4.403e-01 cfl=0.519 dtau=[8.61e-04,2.16e-02] gmres=4
[nsb] it=133 |R_tau|=5.0335e+01 rel=3.899e-01 |R_steady|/|R0|=3.899e-01 cfl=0.579 dtau=[9.67e-04,2.41e-02] gmres=5
[nsb] it=134 |R_tau|=4.4824e+01 rel=3.472e-01 |R_steady|/|R0|=3.472e-01 cfl=0.654 dtau=[1.10e-03,2.73e-02] gmres=5
[nsb] it=135 |R_tau|=3.9942e+01 rel=3.094e-01 |R_steady|/|R0|=3.094e-01 cfl=0.734 dtau=[1.24e-03,3.06e-02] gmres=6
[nsb] it=136 |R_tau|=3.5682e+01 rel=2.764e-01 |R_steady|/|R0|=2.764e-01 cfl=0.824 dtau=[1.41e-03,3.43e-02] gmres=5
[nsb] it=137 |R_tau|=3.1969e+01 rel=2.476e-01 |R_steady|/|R0|=2.476e-01 cfl=0.923 dtau=[1.58e-03,3.84e-02] gmres=6
[nsb] it=138 |R_tau|=2.8497e+01 rel=2.207e-01 |R_steady|/|R0|=2.207e-01 cfl=1.03 dtau=[1.78e-03,4.29e-02] gmres=6
[nsb] it=139 |R_tau|=2.5389e+01 rel=1.966e-01 |R_steady|/|R0|=1.966e-01 cfl=1.16 dtau=[2.01e-03,4.81e-02] gmres=6
[nsb] it=140 |R_tau|=2.2632e+01 rel=1.753e-01 |R_steady|/|R0|=1.753e-01 cfl=1.3 dtau=[2.26e-03,5.40e-02] gmres=6
[nsb] it=141 |R_tau|=2.0192e+01 rel=1.564e-01 |R_steady|/|R0|=1.564e-01 cfl=1.45 dtau=[2.55e-03,6.06e-02] gmres=6
[nsb] it=142 |R_tau|=1.8026e+01 rel=1.396e-01 |R_steady|/|R0|=1.396e-01 cfl=1.63 dtau=[2.87e-03,6.79e-02] gmres=6
[nsb] it=143 |R_tau|=1.6150e+01 rel=1.251e-01 |R_steady|/|R0|=1.251e-01 cfl=1.83 dtau=[3.23e-03,7.61e-02] gmres=5
[nsb] it=144 |R_tau|=1.4492e+01 rel=1.122e-01 |R_steady|/|R0|=1.122e-01 cfl=2.04 dtau=[3.61e-03,8.49e-02] gmres=5
[nsb] it=145 |R_tau|=1.2997e+01 rel=1.007e-01 |R_steady|/|R0|=1.007e-01 cfl=2.27 dtau=[4.03e-03,9.47e-02] gmres=6
[nsb] it=146 |R_tau|=1.1638e+01 rel=9.014e-02 |R_steady|/|R0|=9.014e-02 cfl=2.53 dtau=[4.51e-03,1.06e-01] gmres=6
[nsb] it=147 |R_tau|=1.0476e+01 rel=8.114e-02 |R_steady|/|R0|=8.114e-02 cfl=2.83 dtau=[5.04e-03,1.18e-01] gmres=7
[nsb] it=148 |R_tau|=9.4710e+00 rel=7.336e-02 |R_steady|/|R0|=7.336e-02 cfl=3.14 dtau=[5.61e-03,1.31e-01] gmres=8
[nsb] it=149 |R_tau|=8.4664e+00 rel=6.558e-02 |R_steady|/|R0|=6.558e-02 cfl=3.48 dtau=[6.21e-03,1.45e-01] gmres=8
[nsb] it=150 |R_tau|=7.5011e+00 rel=5.810e-02 |R_steady|/|R0|=5.810e-02 cfl=3.89 dtau=[6.95e-03,1.62e-01] gmres=7
[nsb] it=151 |R_tau|=6.6523e+00 rel=5.152e-02 |R_steady|/|R0|=5.152e-02 cfl=4.39 dtau=[7.85e-03,1.83e-01] gmres=7
[nsb] it=152 |R_tau|=5.8362e+00 rel=4.520e-02 |R_steady|/|R0|=4.520e-02 cfl=4.95 dtau=[8.86e-03,2.06e-01] gmres=7
[nsb] it=153 |R_tau|=5.1029e+00 rel=3.952e-02 |R_steady|/|R0|=3.952e-02 cfl=5.64 dtau=[1.01e-02,2.35e-01] gmres=7
[nsb] it=154 |R_tau|=4.5497e+00 rel=3.524e-02 |R_steady|/|R0|=3.524e-02 cfl=6.45 dtau=[1.15e-02,2.69e-01] gmres=8
[nsb] it=155 |R_tau|=3.8602e+00 rel=2.990e-02 |R_steady|/|R0|=2.990e-02 cfl=7.24 dtau=[1.29e-02,3.01e-01] gmres=8
[nsb] it=156 |R_tau|=3.2966e+00 rel=2.553e-02 |R_steady|/|R0|=2.553e-02 cfl=8.53 dtau=[1.53e-02,3.55e-01] gmres=8
[nsb] it=157 |R_tau|=2.8221e+00 rel=2.186e-02 |R_steady|/|R0|=2.186e-02 cfl=9.99 dtau=[1.79e-02,4.16e-01] gmres=6
[nsb] it=158 |R_tau|=2.4145e+00 rel=1.870e-02 |R_steady|/|R0|=1.870e-02 cfl=11.7 dtau=[2.09e-02,4.86e-01] gmres=6
[nsb] it=159 |R_tau|=2.0686e+00 rel=1.602e-02 |R_steady|/|R0|=1.602e-02 cfl=13.6 dtau=[2.44e-02,5.68e-01] gmres=6
[nsb] it=160 |R_tau|=1.7759e+00 rel=1.376e-02 |R_steady|/|R0|=1.376e-02 cfl=15.9 dtau=[2.85e-02,6.63e-01] gmres=8
[nsb] it=161 |R_tau|=1.5300e+00 rel=1.185e-02 |R_steady|/|R0|=1.185e-02 cfl=18.5 dtau=[3.32e-02,7.72e-01] gmres=8
[nsb] it=162 |R_tau|=1.3202e+00 rel=1.023e-02 |R_steady|/|R0|=1.023e-02 cfl=21.5 dtau=[3.85e-02,8.97e-01] gmres=8
[nsb] it=163 |R_tau|=1.1414e+00 rel=8.840e-03 |R_steady|/|R0|=8.840e-03 cfl=24.9 dtau=[4.46e-02,1.04e+00] gmres=8
[nsb] it=164 |R_tau|=9.8882e-01 rel=7.659e-03 |R_steady|/|R0|=7.659e-03 cfl=28.8 dtau=[5.16e-02,1.20e+00] gmres=8
[nsb] it=165 |R_tau|=8.5833e-01 rel=6.648e-03 |R_steady|/|R0|=6.648e-03 cfl=33.3 dtau=[5.95e-02,1.39e+00] gmres=7
[nsb] it=166 |R_tau|=7.4635e-01 rel=5.781e-03 |R_steady|/|R0|=5.781e-03 cfl=38.4 dtau=[6.86e-02,1.60e+00] gmres=7
[nsb] it=167 |R_tau|=6.4982e-01 rel=5.033e-03 |R_steady|/|R0|=5.033e-03 cfl=44.1 dtau=[7.88e-02,1.84e+00] gmres=7
[nsb] it=168 |R_tau|=5.6635e-01 rel=4.387e-03 |R_steady|/|R0|=4.387e-03 cfl=50.7 dtau=[9.05e-02,2.11e+00] gmres=7
[nsb] it=169 |R_tau|=4.9397e-01 rel=3.826e-03 |R_steady|/|R0|=3.826e-03 cfl=58.1 dtau=[1.04e-01,2.42e+00] gmres=7
[nsb] it=170 |R_tau|=4.3106e-01 rel=3.339e-03 |R_steady|/|R0|=3.339e-03 cfl=66.6 dtau=[1.19e-01,2.78e+00] gmres=5
[nsb] it=171 |R_tau|=3.7619e-01 rel=2.914e-03 |R_steady|/|R0|=2.914e-03 cfl=76.4 dtau=[1.36e-01,3.18e+00] gmres=7
[nsb] it=172 |R_tau|=3.2822e-01 rel=2.542e-03 |R_steady|/|R0|=2.542e-03 cfl=87.5 dtau=[1.56e-01,3.65e+00] gmres=7
[nsb] it=173 |R_tau|=2.8616e-01 rel=2.216e-03 |R_steady|/|R0|=2.216e-03 cfl=100 dtau=[1.79e-01,4.18e+00] gmres=5
[nsb] it=174 |R_tau|=2.4916e-01 rel=1.930e-03 |R_steady|/|R0|=1.930e-03 cfl=115 dtau=[2.06e-01,4.79e+00] gmres=6
[nsb] it=175 |R_tau|=2.1651e-01 rel=1.677e-03 |R_steady|/|R0|=1.677e-03 cfl=132 dtau=[2.36e-01,5.51e+00] gmres=4
[nsb] it=176 |R_tau|=1.8758e-01 rel=1.453e-03 |R_steady|/|R0|=1.453e-03 cfl=152 dtau=[2.72e-01,6.34e+00] gmres=7
[nsb] it=177 |R_tau|=1.6188e-01 rel=1.254e-03 |R_steady|/|R0|=1.254e-03 cfl=175 dtau=[3.14e-01,7.31e+00] gmres=7
[nsb] it=178 |R_tau|=1.3902e-01 rel=1.077e-03 |R_steady|/|R0|=1.077e-03 cfl=203 dtau=[3.63e-01,8.47e+00] gmres=7
[nsb] it=179 |R_tau|=1.1868e-01 rel=9.192e-04 |R_steady|/|R0|=9.192e-04 cfl=237 dtau=[4.23e-01,9.87e+00] gmres=7
[nsb] it=180 |R_tau|=1.0064e-01 rel=7.795e-04 |R_steady|/|R0|=7.795e-04 cfl=277 dtau=[4.96e-01,1.16e+01] gmres=7
[nsb] it=181 |R_tau|=8.4717e-02 rel=6.562e-04 |R_steady|/|R0|=6.562e-04 cfl=327 dtau=[5.84e-01,1.36e+01] gmres=7
[nsb] it=182 |R_tau|=7.0765e-02 rel=5.481e-04 |R_steady|/|R0|=5.481e-04 cfl=389 dtau=[6.94e-01,1.62e+01] gmres=7
[nsb] it=183 |R_tau|=5.8654e-02 rel=4.543e-04 |R_steady|/|R0|=4.543e-04 cfl=465 dtau=[8.31e-01,1.94e+01] gmres=7
[nsb] it=184 |R_tau|=4.8260e-02 rel=3.738e-04 |R_steady|/|R0|=3.738e-04 cfl=561 dtau=[1.00e+00,2.34e+01] gmres=7
[nsb] it=185 |R_tau|=3.9441e-02 rel=3.055e-04 |R_steady|/|R0|=3.055e-04 cfl=682 dtau=[1.22e+00,2.84e+01] gmres=7
[nsb] it=186 |R_tau|=3.2053e-02 rel=2.483e-04 |R_steady|/|R0|=2.483e-04 cfl=835 dtau=[1.49e+00,3.48e+01] gmres=7
[nsb] it=187 |R_tau|=2.5938e-02 rel=2.009e-04 |R_steady|/|R0|=2.009e-04 cfl=1.03e+03 dtau=[1.84e+00,4.28e+01] gmres=7
[nsb] it=188 |R_tau|=2.0933e-02 rel=1.621e-04 |R_steady|/|R0|=1.621e-04 cfl=1.27e+03 dtau=[2.27e+00,5.29e+01] gmres=7
[nsb] it=189 |R_tau|=1.6875e-02 rel=1.307e-04 |R_steady|/|R0|=1.307e-04 cfl=1.57e+03 dtau=[2.81e+00,6.55e+01] gmres=7
[nsb] it=190 |R_tau|=1.3608e-02 rel=1.054e-04 |R_steady|/|R0|=1.054e-04 cfl=1.95e+03 dtau=[3.49e+00,8.13e+01] gmres=7
[nsb] it=191 |R_tau|=1.0988e-02 rel=8.510e-05 |R_steady|/|R0|=8.510e-05 cfl=2.42e+03 dtau=[4.32e+00,1.01e+02] gmres=6
[nsb] it=192 |R_tau|=8.8901e-03 rel=6.886e-05 |R_steady|/|R0|=6.886e-05 cfl=3e+03 dtau=[5.35e+00,1.25e+02] gmres=6
[nsb] it=193 |R_tau|=7.2073e-03 rel=5.582e-05 |R_steady|/|R0|=5.582e-05 cfl=3.7e+03 dtau=[6.62e+00,1.54e+02] gmres=6
[nsb] it=194 |R_tau|=5.8513e-03 rel=4.532e-05 |R_steady|/|R0|=4.532e-05 cfl=4.57e+03 dtau=[8.16e+00,1.90e+02] gmres=6
[nsb] it=195 |R_tau|=4.7528e-03 rel=3.681e-05 |R_steady|/|R0|=3.681e-05 cfl=5.63e+03 dtau=[1.01e+01,2.34e+02] gmres=6
[nsb] it=196 |R_tau|=3.8576e-03 rel=2.988e-05 |R_steady|/|R0|=2.988e-05 cfl=6.93e+03 dtau=[1.24e+01,2.89e+02] gmres=6
[nsb] it=197 |R_tau|=3.1246e-03 rel=2.420e-05 |R_steady|/|R0|=2.420e-05 cfl=8.53e+03 dtau=[1.52e+01,3.56e+02] gmres=8
[nsb] it=198 |R_tau|=2.5227e-03 rel=1.954e-05 |R_steady|/|R0|=1.954e-05 cfl=1.05e+04 dtau=[1.88e+01,4.39e+02] gmres=8
[nsb] it=199 |R_tau|=2.0283e-03 rel=1.571e-05 |R_steady|/|R0|=1.571e-05 cfl=1.3e+04 dtau=[2.33e+01,5.44e+02] gmres=8
[nsb] it=200 |R_tau|=1.6232e-03 rel=1.257e-05 |R_steady|/|R0|=1.257e-05 cfl=1.62e+04 dtau=[2.90e+01,6.76e+02] gmres=8
[nsb] done converged=False reason='max_iter' it=200 m_in=2.0000e+02 m_out=2.0000e+02 rejected=3 elapsed=131.4s
--> uturn_r1_U2_fixed_bt: {'converged': False, 'reason': 'max_iter', 'n_iter': 200, 'n_rejected': 3, 'rel_final': 1.2571990794050017e-05, 'rel_steady_final': 1.2571990794050017e-05, 'rel_min': 1.2571990794050017e-05, 'first_step_ratio': 26.61855762815728, 'mass_ratio': 0.999999999999573, 'p_inlet_mean': 35959.89197537854, 'speed_max': 3.4328065543111914, 'elapsed': 131.38326211499952}
===== uturn_r1_U2_fixed_stokes =====
[nsb] stokes init: |R_stokes(0)|=5.7735e+01 speed_max=4.29 m/s
[nsb] it=0 |R|=6.6189e+02 cfl=0.5
[nsb] it=1 |R_tau|=1.2544e+03 rel=1.895e+00 |R_steady|/|R0|=1.895e+00 cfl=0.5 dtau=[7.20e-04,2.08e-02] gmres=4
[nsb] it=2 |R_tau|=4.5614e+02 rel=6.891e-01 |R_steady|/|R0|=6.891e-01 cfl=0.264 dtau=[4.02e-04,1.10e-02] gmres=3
[nsb] it=3 |R_tau|=2.6370e+02 rel=3.984e-01 |R_steady|/|R0|=3.984e-01 cfl=0.528 dtau=[8.05e-04,2.20e-02] gmres=5
[nsb] it=4 |R_tau|=1.5190e+02 rel=2.295e-01 |R_steady|/|R0|=2.295e-01 cfl=0.913 dtau=[1.40e-03,3.80e-02] gmres=5
[nsb] it=5 |R_tau|=9.0722e+01 rel=1.371e-01 |R_steady|/|R0|=1.371e-01 cfl=1.58 dtau=[2.46e-03,6.60e-02] gmres=5
[nsb] it=6 |R_tau|=5.5767e+01 rel=8.425e-02 |R_steady|/|R0|=8.425e-02 cfl=2.65 dtau=[4.19e-03,1.11e-01] gmres=7
[nsb] it=7 |R_tau|=3.7608e+01 rel=5.682e-02 |R_steady|/|R0|=5.682e-02 cfl=4.32 dtau=[6.94e-03,1.80e-01] gmres=7
[nsb] it=8 |R_tau|=2.8403e+01 rel=4.291e-02 |R_steady|/|R0|=4.291e-02 cfl=6.4 dtau=[1.02e-02,2.67e-01] gmres=7
[nsb] it=9 |R_tau|=2.3021e+01 rel=3.478e-02 |R_steady|/|R0|=3.478e-02 cfl=8.47 dtau=[1.41e-02,3.53e-01] gmres=8
[nsb] it=10 |R_tau|=1.8666e+01 rel=2.820e-02 |R_steady|/|R0|=2.820e-02 cfl=10.5 dtau=[1.78e-02,4.36e-01] gmres=7
[nsb] it=11 |R_tau|=1.5005e+01 rel=2.267e-02 |R_steady|/|R0|=2.267e-02 cfl=12.9 dtau=[2.23e-02,5.37e-01] gmres=8
[nsb] it=12 |R_tau|=1.2446e+01 rel=1.880e-02 |R_steady|/|R0|=1.880e-02 cfl=16 dtau=[2.80e-02,6.68e-01] gmres=7
[nsb] it=13 |R_tau|=1.0468e+01 rel=1.582e-02 |R_steady|/|R0|=1.582e-02 cfl=19.3 dtau=[3.41e-02,8.06e-01] gmres=7
[nsb] it=14 |R_tau|=8.9268e+00 rel=1.349e-02 |R_steady|/|R0|=1.349e-02 cfl=23 dtau=[4.07e-02,9.58e-01] gmres=7
[nsb] it=15 |R_tau|=7.7616e+00 rel=1.173e-02 |R_steady|/|R0|=1.173e-02 cfl=27 dtau=[4.79e-02,1.12e+00] gmres=9
[nsb] it=16 |R_tau|=6.6559e+00 rel=1.006e-02 |R_steady|/|R0|=1.006e-02 cfl=31 dtau=[5.52e-02,1.29e+00] gmres=8
[nsb] it=17 |R_tau|=5.5652e+00 rel=8.408e-03 |R_steady|/|R0|=8.408e-03 cfl=36.2 dtau=[6.45e-02,1.51e+00] gmres=9
[nsb] it=18 |R_tau|=4.6857e+00 rel=7.079e-03 |R_steady|/|R0|=7.079e-03 cfl=43.2 dtau=[7.72e-02,1.80e+00] gmres=8
[nsb] it=19 |R_tau|=3.9521e+00 rel=5.971e-03 |R_steady|/|R0|=5.971e-03 cfl=51.4 dtau=[9.18e-02,2.14e+00] gmres=9
[nsb] it=20 |R_tau|=3.3673e+00 rel=5.087e-03 |R_steady|/|R0|=5.087e-03 cfl=60.9 dtau=[1.09e-01,2.54e+00] gmres=9
[nsb] it=21 |R_tau|=2.7286e+00 rel=4.123e-03 |R_steady|/|R0|=4.123e-03 cfl=71.5 dtau=[1.28e-01,2.98e+00] gmres=7
[nsb] it=22 |R_tau|=2.2648e+00 rel=3.422e-03 |R_steady|/|R0|=3.422e-03 cfl=88.2 dtau=[1.58e-01,3.68e+00] gmres=7
[nsb] it=23 |R_tau|=1.8925e+00 rel=2.859e-03 |R_steady|/|R0|=2.859e-03 cfl=106 dtau=[1.90e-01,4.43e+00] gmres=6
[nsb] it=24 |R_tau|=1.5925e+00 rel=2.406e-03 |R_steady|/|R0|=2.406e-03 cfl=127 dtau=[2.27e-01,5.30e+00] gmres=7
[nsb] it=25 |R_tau|=1.3506e+00 rel=2.041e-03 |R_steady|/|R0|=2.041e-03 cfl=151 dtau=[2.70e-01,6.30e+00] gmres=7
[nsb] it=26 |R_tau|=1.1508e+00 rel=1.739e-03 |R_steady|/|R0|=1.739e-03 cfl=178 dtau=[3.18e-01,7.43e+00] gmres=8
[nsb] it=27 |R_tau|=9.8585e-01 rel=1.489e-03 |R_steady|/|R0|=1.489e-03 cfl=209 dtau=[3.74e-01,8.71e+00] gmres=8
[nsb] it=28 |R_tau|=8.4789e-01 rel=1.281e-03 |R_steady|/|R0|=1.281e-03 cfl=244 dtau=[4.36e-01,1.02e+01] gmres=7
[nsb] it=29 |R_tau|=7.3187e-01 rel=1.106e-03 |R_steady|/|R0|=1.106e-03 cfl=284 dtau=[5.07e-01,1.18e+01] gmres=7
[nsb] it=30 |R_tau|=6.3381e-01 rel=9.576e-04 |R_steady|/|R0|=9.576e-04 cfl=329 dtau=[5.88e-01,1.37e+01] gmres=8
[nsb] it=31 |R_tau|=5.5008e-01 rel=8.311e-04 |R_steady|/|R0|=8.311e-04 cfl=380 dtau=[6.79e-01,1.58e+01] gmres=8
[nsb] it=32 |R_tau|=4.7835e-01 rel=7.227e-04 |R_steady|/|R0|=7.227e-04 cfl=438 dtau=[7.82e-01,1.82e+01] gmres=8
[nsb] it=33 |R_tau|=4.1646e-01 rel=6.292e-04 |R_steady|/|R0|=6.292e-04 cfl=503 dtau=[8.99e-01,2.10e+01] gmres=7
[nsb] it=34 |R_tau|=3.6285e-01 rel=5.482e-04 |R_steady|/|R0|=5.482e-04 cfl=578 dtau=[1.03e+00,2.41e+01] gmres=7
[nsb] it=35 |R_tau|=3.1618e-01 rel=4.777e-04 |R_steady|/|R0|=4.777e-04 cfl=663 dtau=[1.19e+00,2.76e+01] gmres=5
[nsb] it=36 |R_tau|=2.7542e-01 rel=4.161e-04 |R_steady|/|R0|=4.161e-04 cfl=761 dtau=[1.36e+00,3.17e+01] gmres=6
[nsb] it=37 |R_tau|=2.3971e-01 rel=3.622e-04 |R_steady|/|R0|=3.622e-04 cfl=874 dtau=[1.56e+00,3.64e+01] gmres=6
[nsb] it=38 |R_tau|=2.0830e-01 rel=3.147e-04 |R_steady|/|R0|=3.147e-04 cfl=1e+03 dtau=[1.79e+00,4.18e+01] gmres=5
[nsb] it=39 |R_tau|=1.8061e-01 rel=2.729e-04 |R_steady|/|R0|=2.729e-04 cfl=1.16e+03 dtau=[2.06e+00,4.81e+01] gmres=5
[nsb] it=40 |R_tau|=1.5613e-01 rel=2.359e-04 |R_steady|/|R0|=2.359e-04 cfl=1.33e+03 dtau=[2.38e+00,5.55e+01] gmres=4
[nsb] it=41 |R_tau|=1.3447e-01 rel=2.032e-04 |R_steady|/|R0|=2.032e-04 cfl=1.54e+03 dtau=[2.75e+00,6.42e+01] gmres=6
[nsb] it=42 |R_tau|=1.1525e-01 rel=1.741e-04 |R_steady|/|R0|=1.741e-04 cfl=1.79e+03 dtau=[3.20e+00,7.46e+01] gmres=6
[nsb] it=43 |R_tau|=9.8242e-02 rel=1.484e-04 |R_steady|/|R0|=1.484e-04 cfl=2.09e+03 dtau=[3.73e+00,8.70e+01] gmres=6
[nsb] it=44 |R_tau|=8.3218e-02 rel=1.257e-04 |R_steady|/|R0|=1.257e-04 cfl=2.45e+03 dtau=[4.38e+00,1.02e+02] gmres=7
[nsb] it=45 |R_tau|=7.0010e-02 rel=1.058e-04 |R_steady|/|R0|=1.058e-04 cfl=2.89e+03 dtau=[5.17e+00,1.21e+02] gmres=6
[nsb] it=46 |R_tau|=5.8472e-02 rel=8.834e-05 |R_steady|/|R0|=8.834e-05 cfl=3.44e+03 dtau=[6.14e+00,1.43e+02] gmres=7
[nsb] it=47 |R_tau|=4.8482e-02 rel=7.325e-05 |R_steady|/|R0|=7.325e-05 cfl=4.12e+03 dtau=[7.35e+00,1.72e+02] gmres=4
[nsb] it=48 |R_tau|=3.9917e-02 rel=6.031e-05 |R_steady|/|R0|=6.031e-05 cfl=4.96e+03 dtau=[8.87e+00,2.07e+02] gmres=4
[nsb] it=49 |R_tau|=3.2655e-02 rel=4.934e-05 |R_steady|/|R0|=4.934e-05 cfl=6.03e+03 dtau=[1.08e+01,2.51e+02] gmres=4
[nsb] it=50 |R_tau|=2.6572e-02 rel=4.015e-05 |R_steady|/|R0|=4.015e-05 cfl=7.37e+03 dtau=[1.32e+01,3.07e+02] gmres=4
[nsb] it=51 |R_tau|=2.1534e-02 rel=3.253e-05 |R_steady|/|R0|=3.253e-05 cfl=9.06e+03 dtau=[1.62e+01,3.77e+02] gmres=4
[nsb] it=52 |R_tau|=1.7406e-02 rel=2.630e-05 |R_steady|/|R0|=2.630e-05 cfl=1.12e+04 dtau=[2.00e+01,4.66e+02] gmres=4
[nsb] it=53 |R_tau|=1.4054e-02 rel=2.123e-05 |R_steady|/|R0|=2.123e-05 cfl=1.38e+04 dtau=[2.47e+01,5.76e+02] gmres=4
[nsb] it=54 |R_tau|=1.1351e-02 rel=1.715e-05 |R_steady|/|R0|=1.715e-05 cfl=1.71e+04 dtau=[3.06e+01,7.14e+02] gmres=4
[nsb] it=55 |R_tau|=9.1785e-03 rel=1.387e-05 |R_steady|/|R0|=1.387e-05 cfl=2.12e+04 dtau=[3.79e+01,8.84e+02] gmres=4
[nsb] it=56 |R_tau|=7.4349e-03 rel=1.123e-05 |R_steady|/|R0|=1.123e-05 cfl=2.62e+04 dtau=[4.69e+01,1.09e+03] gmres=4
[nsb] it=57 |R_tau|=6.0322e-03 rel=9.114e-06 |R_steady|/|R0|=9.114e-06 cfl=3.24e+04 dtau=[5.78e+01,1.35e+03] gmres=4
[nsb] it=58 |R_tau|=4.8993e-03 rel=7.402e-06 |R_steady|/|R0|=7.402e-06 cfl=3.99e+04 dtau=[7.13e+01,1.66e+03] gmres=4
[nsb] it=59 |R_tau|=3.9794e-03 rel=6.012e-06 |R_steady|/|R0|=6.012e-06 cfl=4.91e+04 dtau=[8.78e+01,2.05e+03] gmres=4
[nsb] it=60 |R_tau|=3.2280e-03 rel=4.877e-06 |R_steady|/|R0|=4.877e-06 cfl=6.05e+04 dtau=[1.08e+02,2.52e+03] gmres=4
[nsb] it=61 |R_tau|=2.6113e-03 rel=3.945e-06 |R_steady|/|R0|=3.945e-06 cfl=7.46e+04 dtau=[1.33e+02,3.11e+03] gmres=4
[nsb] it=62 |R_tau|=2.1035e-03 rel=3.178e-06 |R_steady|/|R0|=3.178e-06 cfl=9.22e+04 dtau=[1.65e+02,3.84e+03] gmres=4
[nsb] it=63 |R_tau|=1.6848e-03 rel=2.545e-06 |R_steady|/|R0|=2.545e-06 cfl=1.14e+05 dtau=[2.04e+02,4.77e+03] gmres=5
[nsb] it=64 |R_tau|=1.3402e-03 rel=2.025e-06 |R_steady|/|R0|=2.025e-06 cfl=1.43e+05 dtau=[2.55e+02,5.95e+03] gmres=4
[nsb] it=65 |R_tau|=1.0576e-03 rel=1.598e-06 |R_steady|/|R0|=1.598e-06 cfl=1.8e+05 dtau=[3.21e+02,7.48e+03] gmres=4
[nsb] it=66 |R_tau|=8.2718e-04 rel=1.250e-06 |R_steady|/|R0|=1.250e-06 cfl=2.28e+05 dtau=[4.07e+02,9.48e+03] gmres=4
[nsb] it=67 |R_tau|=6.4077e-04 rel=9.681e-07 |R_steady|/|R0|=9.681e-07 cfl=2.91e+05 dtau=[5.20e+02,1.21e+04] gmres=4
[nsb] done converged=True reason='' it=67 m_in=2.0000e+02 m_out=2.0000e+02 rejected=0 elapsed=33.1s
--> uturn_r1_U2_fixed_stokes: {'converged': True, 'reason': '', 'n_iter': 67, 'n_rejected': 0, 'rel_final': 9.68090904140572e-07, 'rel_steady_final': 9.68090904140572e-07, 'rel_min': 9.68090904140572e-07, 'first_step_ratio': 1.8951576568826398, 'mass_ratio': 0.9999999999999433, 'p_inlet_mean': 35959.88280320779, 'speed_max': 3.4328071368155255, 'elapsed': 33.14318076299969}
===== uturn_r1_U2_fixed_stokes_bt =====
[nsb] stokes init: |R_stokes(0)|=5.7735e+01 speed_max=4.29 m/s
[nsb] it=0 |R|=6.6189e+02 cfl=0.5
[nsb] it=1 |R_tau|=1.2544e+03 rel=1.895e+00 |R_steady|/|R0|=1.895e+00 cfl=0.5 dtau=[7.20e-04,2.08e-02] gmres=4
[nsb] it=2 |R_tau|=4.5614e+02 rel=6.891e-01 |R_steady|/|R0|=6.891e-01 cfl=0.264 dtau=[4.02e-04,1.10e-02] gmres=3
[nsb] it=3 |R_tau|=2.6370e+02 rel=3.984e-01 |R_steady|/|R0|=3.984e-01 cfl=0.528 dtau=[8.05e-04,2.20e-02] gmres=5
[nsb] it=4 |R_tau|=1.5190e+02 rel=2.295e-01 |R_steady|/|R0|=2.295e-01 cfl=0.913 dtau=[1.40e-03,3.80e-02] gmres=5
[nsb] it=5 |R_tau|=9.0722e+01 rel=1.371e-01 |R_steady|/|R0|=1.371e-01 cfl=1.58 dtau=[2.46e-03,6.60e-02] gmres=5
[nsb] it=6 |R_tau|=5.5767e+01 rel=8.425e-02 |R_steady|/|R0|=8.425e-02 cfl=2.65 dtau=[4.19e-03,1.11e-01] gmres=7
[nsb] it=7 |R_tau|=3.7608e+01 rel=5.682e-02 |R_steady|/|R0|=5.682e-02 cfl=4.32 dtau=[6.94e-03,1.80e-01] gmres=7
[nsb] it=8 |R_tau|=2.8403e+01 rel=4.291e-02 |R_steady|/|R0|=4.291e-02 cfl=6.4 dtau=[1.02e-02,2.67e-01] gmres=7
[nsb] it=9 |R_tau|=2.3021e+01 rel=3.478e-02 |R_steady|/|R0|=3.478e-02 cfl=8.47 dtau=[1.41e-02,3.53e-01] gmres=8
[nsb] it=10 |R_tau|=1.8666e+01 rel=2.820e-02 |R_steady|/|R0|=2.820e-02 cfl=10.5 dtau=[1.78e-02,4.36e-01] gmres=7
[nsb] it=11 |R_tau|=1.5005e+01 rel=2.267e-02 |R_steady|/|R0|=2.267e-02 cfl=12.9 dtau=[2.23e-02,5.37e-01] gmres=8
[nsb] it=12 |R_tau|=1.2446e+01 rel=1.880e-02 |R_steady|/|R0|=1.880e-02 cfl=16 dtau=[2.80e-02,6.68e-01] gmres=7
[nsb] it=13 |R_tau|=1.0468e+01 rel=1.582e-02 |R_steady|/|R0|=1.582e-02 cfl=19.3 dtau=[3.41e-02,8.06e-01] gmres=7
[nsb] it=14 |R_tau|=8.9268e+00 rel=1.349e-02 |R_steady|/|R0|=1.349e-02 cfl=23 dtau=[4.07e-02,9.58e-01] gmres=7
[nsb] it=15 |R_tau|=7.7616e+00 rel=1.173e-02 |R_steady|/|R0|=1.173e-02 cfl=27 dtau=[4.79e-02,1.12e+00] gmres=9
[nsb] it=16 |R_tau|=6.6559e+00 rel=1.006e-02 |R_steady|/|R0|=1.006e-02 cfl=31 dtau=[5.52e-02,1.29e+00] gmres=8
[nsb] it=17 |R_tau|=5.5652e+00 rel=8.408e-03 |R_steady|/|R0|=8.408e-03 cfl=36.2 dtau=[6.45e-02,1.51e+00] gmres=9
[nsb] it=18 |R_tau|=4.6857e+00 rel=7.079e-03 |R_steady|/|R0|=7.079e-03 cfl=43.2 dtau=[7.72e-02,1.80e+00] gmres=8
[nsb] it=19 |R_tau|=3.9521e+00 rel=5.971e-03 |R_steady|/|R0|=5.971e-03 cfl=51.4 dtau=[9.18e-02,2.14e+00] gmres=9
[nsb] it=20 |R_tau|=3.3673e+00 rel=5.087e-03 |R_steady|/|R0|=5.087e-03 cfl=60.9 dtau=[1.09e-01,2.54e+00] gmres=9
[nsb] it=21 |R_tau|=2.7286e+00 rel=4.123e-03 |R_steady|/|R0|=4.123e-03 cfl=71.5 dtau=[1.28e-01,2.98e+00] gmres=7
[nsb] it=22 |R_tau|=2.2648e+00 rel=3.422e-03 |R_steady|/|R0|=3.422e-03 cfl=88.2 dtau=[1.58e-01,3.68e+00] gmres=7
[nsb] it=23 |R_tau|=1.8925e+00 rel=2.859e-03 |R_steady|/|R0|=2.859e-03 cfl=106 dtau=[1.90e-01,4.43e+00] gmres=6
[nsb] it=24 |R_tau|=1.5925e+00 rel=2.406e-03 |R_steady|/|R0|=2.406e-03 cfl=127 dtau=[2.27e-01,5.30e+00] gmres=7
[nsb] it=25 |R_tau|=1.3506e+00 rel=2.041e-03 |R_steady|/|R0|=2.041e-03 cfl=151 dtau=[2.70e-01,6.30e+00] gmres=7
[nsb] it=26 |R_tau|=1.1508e+00 rel=1.739e-03 |R_steady|/|R0|=1.739e-03 cfl=178 dtau=[3.18e-01,7.43e+00] gmres=8
[nsb] it=27 |R_tau|=9.8585e-01 rel=1.489e-03 |R_steady|/|R0|=1.489e-03 cfl=209 dtau=[3.74e-01,8.71e+00] gmres=8
[nsb] it=28 |R_tau|=8.4789e-01 rel=1.281e-03 |R_steady|/|R0|=1.281e-03 cfl=244 dtau=[4.36e-01,1.02e+01] gmres=7
[nsb] it=29 |R_tau|=7.3187e-01 rel=1.106e-03 |R_steady|/|R0|=1.106e-03 cfl=284 dtau=[5.07e-01,1.18e+01] gmres=7
[nsb] it=30 |R_tau|=6.3381e-01 rel=9.576e-04 |R_steady|/|R0|=9.576e-04 cfl=329 dtau=[5.88e-01,1.37e+01] gmres=8
[nsb] it=31 |R_tau|=5.5008e-01 rel=8.311e-04 |R_steady|/|R0|=8.311e-04 cfl=380 dtau=[6.79e-01,1.58e+01] gmres=8
[nsb] it=32 |R_tau|=4.7835e-01 rel=7.227e-04 |R_steady|/|R0|=7.227e-04 cfl=438 dtau=[7.82e-01,1.82e+01] gmres=8
[nsb] it=33 |R_tau|=4.1646e-01 rel=6.292e-04 |R_steady|/|R0|=6.292e-04 cfl=503 dtau=[8.99e-01,2.10e+01] gmres=7
[nsb] it=34 |R_tau|=3.6285e-01 rel=5.482e-04 |R_steady|/|R0|=5.482e-04 cfl=578 dtau=[1.03e+00,2.41e+01] gmres=7
[nsb] it=35 |R_tau|=3.1618e-01 rel=4.777e-04 |R_steady|/|R0|=4.777e-04 cfl=663 dtau=[1.19e+00,2.76e+01] gmres=5
[nsb] it=36 |R_tau|=2.7542e-01 rel=4.161e-04 |R_steady|/|R0|=4.161e-04 cfl=761 dtau=[1.36e+00,3.17e+01] gmres=6
[nsb] it=37 |R_tau|=2.3971e-01 rel=3.622e-04 |R_steady|/|R0|=3.622e-04 cfl=874 dtau=[1.56e+00,3.64e+01] gmres=6
[nsb] it=38 |R_tau|=2.0830e-01 rel=3.147e-04 |R_steady|/|R0|=3.147e-04 cfl=1e+03 dtau=[1.79e+00,4.18e+01] gmres=5
[nsb] it=39 |R_tau|=1.8061e-01 rel=2.729e-04 |R_steady|/|R0|=2.729e-04 cfl=1.16e+03 dtau=[2.06e+00,4.81e+01] gmres=5
[nsb] it=40 |R_tau|=1.5613e-01 rel=2.359e-04 |R_steady|/|R0|=2.359e-04 cfl=1.33e+03 dtau=[2.38e+00,5.55e+01] gmres=4
[nsb] it=41 |R_tau|=1.3447e-01 rel=2.032e-04 |R_steady|/|R0|=2.032e-04 cfl=1.54e+03 dtau=[2.75e+00,6.42e+01] gmres=6
[nsb] it=42 |R_tau|=1.1525e-01 rel=1.741e-04 |R_steady|/|R0|=1.741e-04 cfl=1.79e+03 dtau=[3.20e+00,7.46e+01] gmres=6
[nsb] it=43 |R_tau|=9.8242e-02 rel=1.484e-04 |R_steady|/|R0|=1.484e-04 cfl=2.09e+03 dtau=[3.73e+00,8.70e+01] gmres=6
[nsb] it=44 |R_tau|=8.3218e-02 rel=1.257e-04 |R_steady|/|R0|=1.257e-04 cfl=2.45e+03 dtau=[4.38e+00,1.02e+02] gmres=7
[nsb] it=45 |R_tau|=7.0010e-02 rel=1.058e-04 |R_steady|/|R0|=1.058e-04 cfl=2.89e+03 dtau=[5.17e+00,1.21e+02] gmres=6
[nsb] it=46 |R_tau|=5.8472e-02 rel=8.834e-05 |R_steady|/|R0|=8.834e-05 cfl=3.44e+03 dtau=[6.14e+00,1.43e+02] gmres=7
[nsb] it=47 |R_tau|=4.8482e-02 rel=7.325e-05 |R_steady|/|R0|=7.325e-05 cfl=4.12e+03 dtau=[7.35e+00,1.72e+02] gmres=4
[nsb] it=48 |R_tau|=3.9917e-02 rel=6.031e-05 |R_steady|/|R0|=6.031e-05 cfl=4.96e+03 dtau=[8.87e+00,2.07e+02] gmres=4
[nsb] it=49 |R_tau|=3.2655e-02 rel=4.934e-05 |R_steady|/|R0|=4.934e-05 cfl=6.03e+03 dtau=[1.08e+01,2.51e+02] gmres=4
[nsb] it=50 |R_tau|=2.6572e-02 rel=4.015e-05 |R_steady|/|R0|=4.015e-05 cfl=7.37e+03 dtau=[1.32e+01,3.07e+02] gmres=4
[nsb] it=51 |R_tau|=2.1534e-02 rel=3.253e-05 |R_steady|/|R0|=3.253e-05 cfl=9.06e+03 dtau=[1.62e+01,3.77e+02] gmres=4
[nsb] it=52 |R_tau|=1.7406e-02 rel=2.630e-05 |R_steady|/|R0|=2.630e-05 cfl=1.12e+04 dtau=[2.00e+01,4.66e+02] gmres=4
[nsb] it=53 |R_tau|=1.4054e-02 rel=2.123e-05 |R_steady|/|R0|=2.123e-05 cfl=1.38e+04 dtau=[2.47e+01,5.76e+02] gmres=4
[nsb] it=54 |R_tau|=1.1351e-02 rel=1.715e-05 |R_steady|/|R0|=1.715e-05 cfl=1.71e+04 dtau=[3.06e+01,7.14e+02] gmres=4
[nsb] it=55 |R_tau|=9.1785e-03 rel=1.387e-05 |R_steady|/|R0|=1.387e-05 cfl=2.12e+04 dtau=[3.79e+01,8.84e+02] gmres=4
[nsb] it=56 |R_tau|=7.4349e-03 rel=1.123e-05 |R_steady|/|R0|=1.123e-05 cfl=2.62e+04 dtau=[4.69e+01,1.09e+03] gmres=4
[nsb] it=57 |R_tau|=6.0322e-03 rel=9.114e-06 |R_steady|/|R0|=9.114e-06 cfl=3.24e+04 dtau=[5.78e+01,1.35e+03] gmres=4
[nsb] it=58 |R_tau|=4.8993e-03 rel=7.402e-06 |R_steady|/|R0|=7.402e-06 cfl=3.99e+04 dtau=[7.13e+01,1.66e+03] gmres=4
[nsb] it=59 |R_tau|=3.9794e-03 rel=6.012e-06 |R_steady|/|R0|=6.012e-06 cfl=4.91e+04 dtau=[8.78e+01,2.05e+03] gmres=4
[nsb] it=60 |R_tau|=3.2280e-03 rel=4.877e-06 |R_steady|/|R0|=4.877e-06 cfl=6.05e+04 dtau=[1.08e+02,2.52e+03] gmres=4
[nsb] it=61 |R_tau|=2.6113e-03 rel=3.945e-06 |R_steady|/|R0|=3.945e-06 cfl=7.46e+04 dtau=[1.33e+02,3.11e+03] gmres=4
[nsb] it=62 |R_tau|=2.1035e-03 rel=3.178e-06 |R_steady|/|R0|=3.178e-06 cfl=9.22e+04 dtau=[1.65e+02,3.84e+03] gmres=4
[nsb] it=63 |R_tau|=1.6848e-03 rel=2.545e-06 |R_steady|/|R0|=2.545e-06 cfl=1.14e+05 dtau=[2.04e+02,4.77e+03] gmres=5
[nsb] it=64 |R_tau|=1.3402e-03 rel=2.025e-06 |R_steady|/|R0|=2.025e-06 cfl=1.43e+05 dtau=[2.55e+02,5.95e+03] gmres=4
[nsb] it=65 |R_tau|=1.0576e-03 rel=1.598e-06 |R_steady|/|R0|=1.598e-06 cfl=1.8e+05 dtau=[3.21e+02,7.48e+03] gmres=4
[nsb] it=66 |R_tau|=8.2718e-04 rel=1.250e-06 |R_steady|/|R0|=1.250e-06 cfl=2.28e+05 dtau=[4.07e+02,9.48e+03] gmres=4
[nsb] it=67 |R_tau|=6.4077e-04 rel=9.681e-07 |R_steady|/|R0|=9.681e-07 cfl=2.91e+05 dtau=[5.20e+02,1.21e+04] gmres=4
[nsb] done converged=True reason='' it=67 m_in=2.0000e+02 m_out=2.0000e+02 rejected=0 elapsed=33.4s
--> uturn_r1_U2_fixed_stokes_bt: {'converged': True, 'reason': '', 'n_iter': 67, 'n_rejected': 0, 'rel_final': 9.68090904140572e-07, 'rel_steady_final': 9.68090904140572e-07, 'rel_min': 9.68090904140572e-07, 'first_step_ratio': 1.8951576568826398, 'mass_ratio': 0.9999999999999433, 'p_inlet_mean': 35959.88280320779, 'speed_max': 3.4328071368155255, 'elapsed': 33.351513849000185}

==== summary ====
uturn_r1_U2_fixed            conv=True  reason=           it=102 rej= 0 step1=2.66e+01 rel=9.07e-07 steady=9.07e-07 m_out/m_in=1.0000
uturn_r1_U2_fixed_bt         conv=False reason=max_iter   it=200 rej= 3 step1=2.66e+01 rel=1.26e-05 steady=1.26e-05 m_out/m_in=1.0000
uturn_r1_U2_fixed_stokes     conv=True  reason=           it= 67 rej= 0 step1=1.90e+00 rel=9.68e-07 steady=9.68e-07 m_out/m_in=1.0000
uturn_r1_U2_fixed_stokes_bt  conv=True  reason=           it= 67 rej= 0 step1=1.90e+00 rel=9.68e-07 steady=9.68e-07 m_out/m_in=1.0000
saved: experiments/nsb/results/main-robust-uturn-r1.yaml
