===== flat_r2_U2_fixed_stokes =====
[nsb] stokes init: |R_stokes(0)|=4.0825e+01 speed_max=6.79 m/s
[nsb] it=0 |R|=1.7476e+02 cfl=0.5
[nsb] it=1 |R_tau|=1.3028e+02 rel=7.455e-01 |R_steady|/|R0|=7.455e-01 cfl=0.5 dtau=[2.25e-04,1.04e-02] gmres=4
[nsb] it=2 |R_tau|=9.3155e+01 rel=5.330e-01 |R_steady|/|R0|=5.330e-01 cfl=0.671 dtau=[3.35e-04,1.40e-02] gmres=4
[nsb] it=3 |R_tau|=6.9444e+01 rel=3.974e-01 |R_steady|/|R0|=3.974e-01 cfl=0.938 dtau=[5.29e-04,1.95e-02] gmres=4
[nsb] it=4 |R_tau|=5.0301e+01 rel=2.878e-01 |R_steady|/|R0|=2.878e-01 cfl=1.26 dtau=[8.33e-04,2.62e-02] gmres=5
[nsb] it=5 |R_tau|=1.0930e+02 rel=6.254e-01 |R_steady|/|R0|=6.254e-01 cfl=1.74 dtau=[1.22e-03,3.62e-02] gmres=8
[nsb] it=6 |R_tau|=5.4842e+01 rel=3.138e-01 |R_steady|/|R0|=3.138e-01 cfl=0.799 dtau=[6.00e-04,1.67e-02] gmres=14
[nsb] it=7 |R_tau|=4.1618e+01 rel=2.381e-01 |R_steady|/|R0|=2.381e-01 cfl=1.59 dtau=[1.28e-03,3.32e-02] gmres=9
[nsb] it=8 |R_tau|=3.0031e+01 rel=1.718e-01 |R_steady|/|R0|=1.718e-01 cfl=2.1 dtau=[1.77e-03,4.37e-02] gmres=6
[nsb] it=9 |R_tau|=2.4522e+01 rel=1.403e-01 |R_steady|/|R0|=1.403e-01 cfl=2.91 dtau=[2.57e-03,6.06e-02] gmres=7
[nsb] it=10 |R_tau|=1.8465e+01 rel=1.057e-01 |R_steady|/|R0|=1.057e-01 cfl=3.56 dtau=[3.33e-03,7.42e-02] gmres=7
[nsb] it=11 |R_tau|=1.4424e+01 rel=8.254e-02 |R_steady|/|R0|=8.254e-02 cfl=4.73 dtau=[4.56e-03,9.86e-02] gmres=11
[nsb] it=12 |R_tau|=1.2351e+01 rel=7.067e-02 |R_steady|/|R0|=7.067e-02 cfl=6.06 dtau=[6.10e-03,1.26e-01] gmres=12
[nsb] it=13 |R_tau|=1.0297e+01 rel=5.892e-02 |R_steady|/|R0|=5.892e-02 cfl=7.07 dtau=[7.28e-03,1.47e-01] gmres=9
[nsb] it=14 |R_tau|=8.7730e+00 rel=5.020e-02 |R_steady|/|R0|=5.020e-02 cfl=8.49 dtau=[8.96e-03,1.77e-01] gmres=8
[nsb] it=15 |R_tau|=7.5973e+00 rel=4.347e-02 |R_steady|/|R0|=4.347e-02 cfl=9.96 dtau=[1.07e-02,2.08e-01] gmres=12
[nsb] it=16 |R_tau|=6.7337e+00 rel=3.853e-02 |R_steady|/|R0|=3.853e-02 cfl=11.5 dtau=[1.26e-02,2.40e-01] gmres=9
[nsb] it=17 |R_tau|=5.8346e+00 rel=3.339e-02 |R_steady|/|R0|=3.339e-02 cfl=13 dtau=[1.43e-02,2.70e-01] gmres=8
[nsb] it=18 |R_tau|=5.1726e+00 rel=2.960e-02 |R_steady|/|R0|=2.960e-02 cfl=15 dtau=[1.67e-02,3.12e-01] gmres=7
[nsb] it=19 |R_tau|=4.6290e+00 rel=2.649e-02 |R_steady|/|R0|=2.649e-02 cfl=16.9 dtau=[1.89e-02,3.52e-01] gmres=8
[nsb] it=20 |R_tau|=4.1440e+00 rel=2.371e-02 |R_steady|/|R0|=2.371e-02 cfl=18.9 dtau=[2.12e-02,3.93e-01] gmres=8
[nsb] it=21 |R_tau|=3.7313e+00 rel=2.135e-02 |R_steady|/|R0|=2.135e-02 cfl=21.1 dtau=[2.38e-02,4.39e-01] gmres=8
[nsb] it=22 |R_tau|=3.4103e+00 rel=1.951e-02 |R_steady|/|R0|=1.951e-02 cfl=23.4 dtau=[2.66e-02,4.88e-01] gmres=9
[nsb] it=23 |R_tau|=3.0333e+00 rel=1.736e-02 |R_steady|/|R0|=1.736e-02 cfl=25.6 dtau=[2.92e-02,5.34e-01] gmres=7
[nsb] it=24 |R_tau|=2.7308e+00 rel=1.563e-02 |R_steady|/|R0|=1.563e-02 cfl=28.8 dtau=[3.30e-02,6.00e-01] gmres=8
[nsb] it=25 |R_tau|=2.4851e+00 rel=1.422e-02 |R_steady|/|R0|=1.422e-02 cfl=32 dtau=[3.68e-02,6.67e-01] gmres=9
[nsb] it=26 |R_tau|=2.2099e+00 rel=1.265e-02 |R_steady|/|R0|=1.265e-02 cfl=35.2 dtau=[4.06e-02,7.33e-01] gmres=8
[nsb] it=27 |R_tau|=1.9706e+00 rel=1.128e-02 |R_steady|/|R0|=1.128e-02 cfl=39.5 dtau=[4.59e-02,8.24e-01] gmres=9
[nsb] it=28 |R_tau|=1.7581e+00 rel=1.006e-02 |R_steady|/|R0|=1.006e-02 cfl=44.3 dtau=[5.17e-02,9.24e-01] gmres=6
[nsb] it=29 |R_tau|=1.5662e+00 rel=8.962e-03 |R_steady|/|R0|=8.962e-03 cfl=49.7 dtau=[5.82e-02,1.04e+00] gmres=7
[nsb] it=30 |R_tau|=1.3873e+00 rel=7.938e-03 |R_steady|/|R0|=7.938e-03 cfl=55.8 dtau=[6.57e-02,1.16e+00] gmres=6
[nsb] it=31 |R_tau|=1.2235e+00 rel=7.001e-03 |R_steady|/|R0|=7.001e-03 cfl=63 dtau=[7.44e-02,1.31e+00] gmres=6
[nsb] it=32 |R_tau|=1.1297e+00 rel=6.464e-03 |R_steady|/|R0|=6.464e-03 cfl=71.4 dtau=[8.48e-02,1.49e+00] gmres=6
[nsb] it=33 |R_tau|=9.3304e-01 rel=5.339e-03 |R_steady|/|R0|=5.339e-03 cfl=77.3 dtau=[9.22e-02,1.61e+00] gmres=8
[nsb] it=34 |R_tau|=8.0716e-01 rel=4.619e-03 |R_steady|/|R0|=4.619e-03 cfl=93.7 dtau=[1.12e-01,1.95e+00] gmres=8
[nsb] it=35 |R_tau|=6.9282e-01 rel=3.964e-03 |R_steady|/|R0|=3.964e-03 cfl=108 dtau=[1.30e-01,2.26e+00] gmres=8
[nsb] it=36 |R_tau|=5.8827e-01 rel=3.366e-03 |R_steady|/|R0|=3.366e-03 cfl=126 dtau=[1.52e-01,2.63e+00] gmres=8
[nsb] it=37 |R_tau|=4.9268e-01 rel=2.819e-03 |R_steady|/|R0|=2.819e-03 cfl=149 dtau=[1.79e-01,3.09e+00] gmres=8
[nsb] it=38 |R_tau|=4.0532e-01 rel=2.319e-03 |R_steady|/|R0|=2.319e-03 cfl=177 dtau=[2.15e-01,3.69e+00] gmres=5
[nsb] it=39 |R_tau|=3.2613e-01 rel=1.866e-03 |R_steady|/|R0|=1.866e-03 cfl=216 dtau=[2.62e-01,4.49e+00] gmres=6
[nsb] it=40 |R_tau|=2.5653e-01 rel=1.468e-03 |R_steady|/|R0|=1.468e-03 cfl=268 dtau=[3.26e-01,5.58e+00] gmres=6
[nsb] it=41 |R_tau|=1.9780e-01 rel=1.132e-03 |R_steady|/|R0|=1.132e-03 cfl=341 dtau=[4.15e-01,7.10e+00] gmres=8
[nsb] it=42 |R_tau|=1.5067e-01 rel=8.622e-04 |R_steady|/|R0|=8.622e-04 cfl=442 dtau=[5.38e-01,9.20e+00] gmres=5
[nsb] it=43 |R_tau|=1.1494e-01 rel=6.577e-04 |R_steady|/|R0|=6.577e-04 cfl=580 dtau=[7.07e-01,1.21e+01] gmres=7
[nsb] it=44 |R_tau|=8.9174e-02 rel=5.103e-04 |R_steady|/|R0|=5.103e-04 cfl=760 dtau=[9.27e-01,1.58e+01] gmres=7
[nsb] it=45 |R_tau|=7.1042e-02 rel=4.065e-04 |R_steady|/|R0|=4.065e-04 cfl=980 dtau=[1.19e+00,2.04e+01] gmres=9
[nsb] it=46 |R_tau|=5.8037e-02 rel=3.321e-04 |R_steady|/|R0|=3.321e-04 cfl=1.23e+03 dtau=[1.50e+00,2.56e+01] gmres=5
[nsb] it=47 |R_tau|=4.8165e-02 rel=2.756e-04 |R_steady|/|R0|=2.756e-04 cfl=1.51e+03 dtau=[1.84e+00,3.14e+01] gmres=5
[nsb] it=48 |R_tau|=4.0188e-02 rel=2.300e-04 |R_steady|/|R0|=2.300e-04 cfl=1.81e+03 dtau=[2.21e+00,3.78e+01] gmres=5
[nsb] it=49 |R_tau|=3.3469e-02 rel=1.915e-04 |R_steady|/|R0|=1.915e-04 cfl=2.17e+03 dtau=[2.65e+00,4.53e+01] gmres=5
[nsb] it=50 |R_tau|=2.7720e-02 rel=1.586e-04 |R_steady|/|R0|=1.586e-04 cfl=2.61e+03 dtau=[3.18e+00,5.44e+01] gmres=5
[nsb] it=51 |R_tau|=2.2810e-02 rel=1.305e-04 |R_steady|/|R0|=1.305e-04 cfl=3.15e+03 dtau=[3.84e+00,6.57e+01] gmres=5
[nsb] it=52 |R_tau|=1.8658e-02 rel=1.068e-04 |R_steady|/|R0|=1.068e-04 cfl=3.83e+03 dtau=[4.67e+00,7.98e+01] gmres=5
[nsb] it=53 |R_tau|=1.5190e-02 rel=8.692e-05 |R_steady|/|R0|=8.692e-05 cfl=4.68e+03 dtau=[5.71e+00,9.76e+01] gmres=5
[nsb] it=54 |R_tau|=1.2328e-02 rel=7.054e-05 |R_steady|/|R0|=7.054e-05 cfl=5.75e+03 dtau=[7.01e+00,1.20e+02] gmres=5
[nsb] it=55 |R_tau|=9.9920e-03 rel=5.718e-05 |R_steady|/|R0|=5.718e-05 cfl=7.09e+03 dtau=[8.64e+00,1.48e+02] gmres=5
[nsb] it=56 |R_tau|=8.1018e-03 rel=4.636e-05 |R_steady|/|R0|=4.636e-05 cfl=8.74e+03 dtau=[1.07e+01,1.82e+02] gmres=5
[nsb] it=57 |R_tau|=6.5832e-03 rel=3.767e-05 |R_steady|/|R0|=3.767e-05 cfl=1.08e+04 dtau=[1.31e+01,2.25e+02] gmres=5
[nsb] it=58 |R_tau|=5.3691e-03 rel=3.072e-05 |R_steady|/|R0|=3.072e-05 cfl=1.33e+04 dtau=[1.62e+01,2.77e+02] gmres=5
[nsb] it=59 |R_tau|=4.4003e-03 rel=2.518e-05 |R_steady|/|R0|=2.518e-05 cfl=1.63e+04 dtau=[1.98e+01,3.39e+02] gmres=5
[nsb] it=60 |R_tau|=3.6264e-03 rel=2.075e-05 |R_steady|/|R0|=2.075e-05 cfl=1.99e+04 dtau=[2.42e+01,4.14e+02] gmres=5
[nsb] it=61 |R_tau|=3.0050e-03 rel=1.720e-05 |R_steady|/|R0|=1.720e-05 cfl=2.41e+04 dtau=[2.94e+01,5.02e+02] gmres=5
[nsb] it=62 |R_tau|=2.5023e-03 rel=1.432e-05 |R_steady|/|R0|=1.432e-05 cfl=2.91e+04 dtau=[3.54e+01,6.06e+02] gmres=5
[nsb] it=63 |R_tau|=2.0917e-03 rel=1.197e-05 |R_steady|/|R0|=1.197e-05 cfl=3.49e+04 dtau=[4.26e+01,7.27e+02] gmres=5
[nsb] it=64 |R_tau|=1.7527e-03 rel=1.003e-05 |R_steady|/|R0|=1.003e-05 cfl=4.18e+04 dtau=[5.09e+01,8.70e+02] gmres=5
[nsb] it=65 |R_tau|=1.4704e-03 rel=8.414e-06 |R_steady|/|R0|=8.414e-06 cfl=4.99e+04 dtau=[6.07e+01,1.04e+03] gmres=5
[nsb] it=66 |R_tau|=1.2335e-03 rel=7.058e-06 |R_steady|/|R0|=7.058e-06 cfl=5.94e+04 dtau=[7.24e+01,1.24e+03] gmres=7
[nsb] it=67 |R_tau|=1.0339e-03 rel=5.916e-06 |R_steady|/|R0|=5.916e-06 cfl=7.08e+04 dtau=[8.63e+01,1.48e+03] gmres=7
[nsb] it=68 |R_tau|=8.6529e-04 rel=4.951e-06 |R_steady|/|R0|=4.951e-06 cfl=8.45e+04 dtau=[1.03e+02,1.76e+03] gmres=7
[nsb] it=69 |R_tau|=7.2295e-04 rel=4.137e-06 |R_steady|/|R0|=4.137e-06 cfl=1.01e+05 dtau=[1.23e+02,2.10e+03] gmres=7
[nsb] it=70 |R_tau|=6.0300e-04 rel=3.450e-06 |R_steady|/|R0|=3.450e-06 cfl=1.21e+05 dtau=[1.47e+02,2.52e+03] gmres=7
[nsb] it=71 |R_tau|=5.0223e-04 rel=2.874e-06 |R_steady|/|R0|=2.874e-06 cfl=1.45e+05 dtau=[1.77e+02,3.02e+03] gmres=7
[nsb] it=72 |R_tau|=4.1790e-04 rel=2.391e-06 |R_steady|/|R0|=2.391e-06 cfl=1.74e+05 dtau=[2.12e+02,3.62e+03] gmres=7
[nsb] it=73 |R_tau|=3.4760e-04 rel=1.989e-06 |R_steady|/|R0|=1.989e-06 cfl=2.09e+05 dtau=[2.55e+02,4.36e+03] gmres=7
[nsb] it=74 |R_tau|=2.8922e-04 rel=1.655e-06 |R_steady|/|R0|=1.655e-06 cfl=2.51e+05 dtau=[3.06e+02,5.24e+03] gmres=7
[nsb] it=75 |R_tau|=2.4091e-04 rel=1.379e-06 |R_steady|/|R0|=1.379e-06 cfl=3.02e+05 dtau=[3.68e+02,6.29e+03] gmres=7
[nsb] it=76 |R_tau|=2.0103e-04 rel=1.150e-06 |R_steady|/|R0|=1.150e-06 cfl=3.63e+05 dtau=[4.42e+02,7.56e+03] gmres=7
[nsb] it=77 |R_tau|=1.6818e-04 rel=9.623e-07 |R_steady|/|R0|=9.623e-07 cfl=4.35e+05 dtau=[5.30e+02,9.06e+03] gmres=7
[nsb] done converged=True reason='' it=77 m_in=2.0000e+02 m_out=2.0000e+02 rejected=0 elapsed=245.5s
--> flat_r2_U2_fixed_stokes: {'converged': True, 'reason': '', 'n_iter': 77, 'n_rejected': 0, 'rel_final': 9.623422129090418e-07, 'rel_steady_final': 9.623422129090418e-07, 'rel_min': 9.623422129090418e-07, 'first_step_ratio': 0.7455008693112016, 'mass_ratio': 1.0000000000005027, 'p_inlet_mean': 5614.622919502751, 'speed_max': 2.4696308315410116, 'elapsed': 245.50642402999983}
===== flat_r2_U2_fixed_stokes_bt =====
[nsb] stokes init: |R_stokes(0)|=4.0825e+01 speed_max=6.79 m/s
[nsb] it=0 |R|=1.7476e+02 cfl=0.5
[nsb] it=1 |R_tau|=1.3028e+02 rel=7.455e-01 |R_steady|/|R0|=7.455e-01 cfl=0.5 dtau=[2.25e-04,1.04e-02] gmres=4
[nsb] it=2 |R_tau|=9.3155e+01 rel=5.330e-01 |R_steady|/|R0|=5.330e-01 cfl=0.671 dtau=[3.35e-04,1.40e-02] gmres=4
[nsb] it=3 |R_tau|=6.9444e+01 rel=3.974e-01 |R_steady|/|R0|=3.974e-01 cfl=0.938 dtau=[5.29e-04,1.95e-02] gmres=4
[nsb] it=4 |R_tau|=5.0301e+01 rel=2.878e-01 |R_steady|/|R0|=2.878e-01 cfl=1.26 dtau=[8.33e-04,2.62e-02] gmres=5
[nsb]   reject: |R_tau|=1.0930e+02 > 2×5.0301e+01 -> cfl=0.869 (rejects=1)
[nsb] it=5 |R_tau|=5.6032e+01 rel=3.206e-01 |R_steady|/|R0|=3.206e-01 cfl=0.869 dtau=[6.09e-04,1.81e-02] gmres=8
[nsb] it=6 |R_tau|=4.9766e+01 rel=2.848e-01 |R_steady|/|R0|=2.848e-01 cfl=0.78 dtau=[5.70e-04,1.62e-02] gmres=7
[nsb] it=7 |R_tau|=3.3743e+01 rel=1.931e-01 |R_steady|/|R0|=1.931e-01 cfl=0.878 dtau=[6.80e-04,1.83e-02] gmres=6
[nsb] it=8 |R_tau|=2.8027e+01 rel=1.604e-01 |R_steady|/|R0|=1.604e-01 cfl=1.29 dtau=[1.08e-03,2.70e-02] gmres=5
[nsb] it=9 |R_tau|=2.4630e+01 rel=1.409e-01 |R_steady|/|R0|=1.409e-01 cfl=1.56 dtau=[1.32e-03,3.25e-02] gmres=6
[nsb] it=10 |R_tau|=2.0435e+01 rel=1.169e-01 |R_steady|/|R0|=1.169e-01 cfl=1.77 dtau=[1.57e-03,3.70e-02] gmres=6
[nsb] it=11 |R_tau|=1.7116e+01 rel=9.794e-02 |R_steady|/|R0|=9.794e-02 cfl=2.14 dtau=[1.99e-03,4.45e-02] gmres=7
[nsb] it=12 |R_tau|=1.4614e+01 rel=8.362e-02 |R_steady|/|R0|=8.362e-02 cfl=2.55 dtau=[2.42e-03,5.32e-02] gmres=6
[nsb] it=13 |R_tau|=1.2662e+01 rel=7.246e-02 |R_steady|/|R0|=7.246e-02 cfl=2.99 dtau=[2.95e-03,6.23e-02] gmres=7
[nsb] it=14 |R_tau|=1.1038e+01 rel=6.316e-02 |R_steady|/|R0|=6.316e-02 cfl=3.45 dtau=[3.49e-03,7.19e-02] gmres=8
[nsb] it=15 |R_tau|=9.6701e+00 rel=5.533e-02 |R_steady|/|R0|=5.533e-02 cfl=3.96 dtau=[4.09e-03,8.25e-02] gmres=8
[nsb] it=16 |R_tau|=8.4952e+00 rel=4.861e-02 |R_steady|/|R0|=4.861e-02 cfl=4.52 dtau=[4.77e-03,9.41e-02] gmres=6
[nsb] it=17 |R_tau|=7.5560e+00 rel=4.324e-02 |R_steady|/|R0|=4.324e-02 cfl=5.14 dtau=[5.53e-03,1.07e-01] gmres=7
[nsb] it=18 |R_tau|=6.8041e+00 rel=3.893e-02 |R_steady|/|R0|=3.893e-02 cfl=5.78 dtau=[6.30e-03,1.20e-01] gmres=8
[nsb] it=19 |R_tau|=6.0994e+00 rel=3.490e-02 |R_steady|/|R0|=3.490e-02 cfl=6.42 dtau=[7.07e-03,1.34e-01] gmres=8
[nsb] it=20 |R_tau|=5.4868e+00 rel=3.140e-02 |R_steady|/|R0|=3.140e-02 cfl=7.16 dtau=[7.95e-03,1.49e-01] gmres=6
[nsb] it=21 |R_tau|=4.9648e+00 rel=2.841e-02 |R_steady|/|R0|=2.841e-02 cfl=7.96 dtau=[8.88e-03,1.66e-01] gmres=9
[nsb] it=22 |R_tau|=4.5067e+00 rel=2.579e-02 |R_steady|/|R0|=2.579e-02 cfl=8.8 dtau=[9.86e-03,1.83e-01] gmres=6
[nsb] it=23 |R_tau|=4.0891e+00 rel=2.340e-02 |R_steady|/|R0|=2.340e-02 cfl=9.69 dtau=[1.09e-02,2.02e-01] gmres=8
[nsb] it=24 |R_tau|=3.7257e+00 rel=2.132e-02 |R_steady|/|R0|=2.132e-02 cfl=10.7 dtau=[1.21e-02,2.23e-01] gmres=6
[nsb] it=25 |R_tau|=3.3957e+00 rel=1.943e-02 |R_steady|/|R0|=1.943e-02 cfl=11.7 dtau=[1.33e-02,2.44e-01] gmres=8
[nsb] it=26 |R_tau|=3.0926e+00 rel=1.770e-02 |R_steady|/|R0|=1.770e-02 cfl=12.9 dtau=[1.46e-02,2.68e-01] gmres=11
[nsb] it=27 |R_tau|=2.8092e+00 rel=1.607e-02 |R_steady|/|R0|=1.607e-02 cfl=14.1 dtau=[1.62e-02,2.94e-01] gmres=7
[nsb] it=28 |R_tau|=2.5517e+00 rel=1.460e-02 |R_steady|/|R0|=1.460e-02 cfl=15.6 dtau=[1.79e-02,3.24e-01] gmres=8
[nsb] it=29 |R_tau|=2.3116e+00 rel=1.323e-02 |R_steady|/|R0|=1.323e-02 cfl=17.1 dtau=[1.97e-02,3.57e-01] gmres=7
[nsb] it=30 |R_tau|=2.0891e+00 rel=1.195e-02 |R_steady|/|R0|=1.195e-02 cfl=18.9 dtau=[2.19e-02,3.94e-01] gmres=7
[nsb] it=31 |R_tau|=1.8817e+00 rel=1.077e-02 |R_steady|/|R0|=1.077e-02 cfl=20.9 dtau=[2.43e-02,4.36e-01] gmres=6
[nsb] it=32 |R_tau|=1.6892e+00 rel=9.666e-03 |R_steady|/|R0|=9.666e-03 cfl=23.2 dtau=[2.71e-02,4.84e-01] gmres=7
[nsb] it=33 |R_tau|=1.5091e+00 rel=8.635e-03 |R_steady|/|R0|=8.635e-03 cfl=25.9 dtau=[3.03e-02,5.39e-01] gmres=7
[nsb] it=34 |R_tau|=1.3416e+00 rel=7.677e-03 |R_steady|/|R0|=7.677e-03 cfl=29 dtau=[3.41e-02,6.03e-01] gmres=8
[nsb] it=35 |R_tau|=1.1864e+00 rel=6.789e-03 |R_steady|/|R0|=6.789e-03 cfl=32.6 dtau=[3.85e-02,6.78e-01] gmres=10
[nsb] it=36 |R_tau|=1.1888e+00 rel=6.802e-03 |R_steady|/|R0|=6.802e-03 cfl=36.8 dtau=[4.37e-02,7.67e-01] gmres=7
[nsb] it=37 |R_tau|=9.0813e-01 rel=5.196e-03 |R_steady|/|R0|=5.196e-03 cfl=36.8 dtau=[4.38e-02,7.66e-01] gmres=8
[nsb] it=38 |R_tau|=7.8587e-01 rel=4.497e-03 |R_steady|/|R0|=4.497e-03 cfl=48.1 dtau=[5.76e-02,1.00e+00] gmres=6
[nsb] it=39 |R_tau|=6.7431e-01 rel=3.859e-03 |R_steady|/|R0|=3.859e-03 cfl=55.6 dtau=[6.68e-02,1.16e+00] gmres=8
[nsb] it=40 |R_tau|=5.7181e-01 rel=3.272e-03 |R_steady|/|R0|=3.272e-03 cfl=64.8 dtau=[7.81e-02,1.35e+00] gmres=8
[nsb] it=41 |R_tau|=4.7775e-01 rel=2.734e-03 |R_steady|/|R0|=2.734e-03 cfl=76.4 dtau=[9.24e-02,1.59e+00] gmres=8
[nsb] it=42 |R_tau|=3.9187e-01 rel=2.242e-03 |R_steady|/|R0|=2.242e-03 cfl=91.4 dtau=[1.11e-01,1.91e+00] gmres=8
[nsb] it=43 |R_tau|=3.1403e-01 rel=1.797e-03 |R_steady|/|R0|=1.797e-03 cfl=111 dtau=[1.35e-01,2.32e+00] gmres=6
[nsb] it=44 |R_tau|=2.4601e-01 rel=1.408e-03 |R_steady|/|R0|=1.408e-03 cfl=139 dtau=[1.69e-01,2.90e+00] gmres=6
[nsb] it=45 |R_tau|=1.8913e-01 rel=1.082e-03 |R_steady|/|R0|=1.082e-03 cfl=178 dtau=[2.16e-01,3.70e+00] gmres=8
[nsb] it=46 |R_tau|=1.4397e-01 rel=8.238e-04 |R_steady|/|R0|=8.238e-04 cfl=231 dtau=[2.82e-01,4.81e+00] gmres=5
[nsb] it=47 |R_tau|=1.1014e-01 rel=6.303e-04 |R_steady|/|R0|=6.303e-04 cfl=303 dtau=[3.70e-01,6.32e+00] gmres=7
[nsb] it=48 |R_tau|=8.5961e-02 rel=4.919e-04 |R_steady|/|R0|=4.919e-04 cfl=397 dtau=[4.84e-01,8.26e+00] gmres=6
[nsb] it=49 |R_tau|=6.8959e-02 rel=3.946e-04 |R_steady|/|R0|=3.946e-04 cfl=508 dtau=[6.20e-01,1.06e+01] gmres=9
[nsb] it=50 |R_tau|=5.6649e-02 rel=3.242e-04 |R_steady|/|R0|=3.242e-04 cfl=634 dtau=[7.72e-01,1.32e+01] gmres=5
[nsb] it=51 |R_tau|=4.7167e-02 rel=2.699e-04 |R_steady|/|R0|=2.699e-04 cfl=771 dtau=[9.40e-01,1.61e+01] gmres=5
[nsb] it=52 |R_tau|=3.9410e-02 rel=2.255e-04 |R_steady|/|R0|=2.255e-04 cfl=926 dtau=[1.13e+00,1.93e+01] gmres=5
[nsb] it=53 |R_tau|=3.2831e-02 rel=1.879e-04 |R_steady|/|R0|=1.879e-04 cfl=1.11e+03 dtau=[1.35e+00,2.31e+01] gmres=5
[nsb] it=54 |R_tau|=2.7188e-02 rel=1.556e-04 |R_steady|/|R0|=1.556e-04 cfl=1.33e+03 dtau=[1.62e+00,2.77e+01] gmres=5
[nsb] it=55 |R_tau|=2.2368e-02 rel=1.280e-04 |R_steady|/|R0|=1.280e-04 cfl=1.61e+03 dtau=[1.96e+00,3.35e+01] gmres=5
[nsb] it=56 |R_tau|=1.8293e-02 rel=1.047e-04 |R_steady|/|R0|=1.047e-04 cfl=1.95e+03 dtau=[2.38e+00,4.07e+01] gmres=5
[nsb] it=57 |R_tau|=1.4892e-02 rel=8.522e-05 |R_steady|/|R0|=8.522e-05 cfl=2.39e+03 dtau=[2.91e+00,4.98e+01] gmres=5
[nsb] it=58 |R_tau|=1.2084e-02 rel=6.915e-05 |R_steady|/|R0|=6.915e-05 cfl=2.93e+03 dtau=[3.58e+00,6.11e+01] gmres=5
[nsb] it=59 |R_tau|=9.7893e-03 rel=5.602e-05 |R_steady|/|R0|=5.602e-05 cfl=3.62e+03 dtau=[4.41e+00,7.53e+01] gmres=5
[nsb] it=60 |R_tau|=7.9303e-03 rel=4.538e-05 |R_steady|/|R0|=4.538e-05 cfl=4.46e+03 dtau=[5.44e+00,9.30e+01] gmres=5
[nsb] it=61 |R_tau|=6.4345e-03 rel=3.682e-05 |R_steady|/|R0|=3.682e-05 cfl=5.51e+03 dtau=[6.71e+00,1.15e+02] gmres=5
[nsb] it=62 |R_tau|=5.2367e-03 rel=2.996e-05 |R_steady|/|R0|=2.996e-05 cfl=6.79e+03 dtau=[8.27e+00,1.41e+02] gmres=5
[nsb] it=63 |R_tau|=4.2795e-03 rel=2.449e-05 |R_steady|/|R0|=2.449e-05 cfl=8.34e+03 dtau=[1.02e+01,1.74e+02] gmres=5
[nsb] it=64 |R_tau|=3.5141e-03 rel=2.011e-05 |R_steady|/|R0|=2.011e-05 cfl=1.02e+04 dtau=[1.24e+01,2.13e+02] gmres=5
[nsb] it=65 |R_tau|=2.8993e-03 rel=1.659e-05 |R_steady|/|R0|=1.659e-05 cfl=1.24e+04 dtau=[1.51e+01,2.59e+02] gmres=5
[nsb] it=66 |R_tau|=2.4022e-03 rel=1.375e-05 |R_steady|/|R0|=1.375e-05 cfl=1.51e+04 dtau=[1.84e+01,3.14e+02] gmres=5
[nsb] it=67 |R_tau|=1.9967e-03 rel=1.143e-05 |R_steady|/|R0|=1.143e-05 cfl=1.82e+04 dtau=[2.22e+01,3.79e+02] gmres=5
[nsb] it=68 |R_tau|=1.6629e-03 rel=9.515e-06 |R_steady|/|R0|=9.515e-06 cfl=2.19e+04 dtau=[2.67e+01,4.56e+02] gmres=5
[nsb] it=69 |R_tau|=1.3858e-03 rel=7.930e-06 |R_steady|/|R0|=7.930e-06 cfl=2.63e+04 dtau=[3.20e+01,5.47e+02] gmres=5
[nsb] it=70 |R_tau|=1.1544e-03 rel=6.606e-06 |R_steady|/|R0|=6.606e-06 cfl=3.15e+04 dtau=[3.84e+01,6.57e+02] gmres=7
[nsb] it=71 |R_tau|=9.6050e-04 rel=5.496e-06 |R_steady|/|R0|=5.496e-06 cfl=3.78e+04 dtau=[4.61e+01,7.88e+02] gmres=7
[nsb] it=72 |R_tau|=7.9782e-04 rel=4.565e-06 |R_steady|/|R0|=4.565e-06 cfl=4.55e+04 dtau=[5.54e+01,9.48e+02] gmres=7
[nsb] it=73 |R_tau|=6.6151e-04 rel=3.785e-06 |R_steady|/|R0|=3.785e-06 cfl=5.48e+04 dtau=[6.67e+01,1.14e+03] gmres=7
[nsb] it=74 |R_tau|=5.4763e-04 rel=3.134e-06 |R_steady|/|R0|=3.134e-06 cfl=6.6e+04 dtau=[8.05e+01,1.38e+03] gmres=7
[nsb] it=75 |R_tau|=4.5288e-04 rel=2.591e-06 |R_steady|/|R0|=2.591e-06 cfl=7.98e+04 dtau=[9.72e+01,1.66e+03] gmres=7
[nsb] it=76 |R_tau|=3.7439e-04 rel=2.142e-06 |R_steady|/|R0|=2.142e-06 cfl=9.65e+04 dtau=[1.18e+02,2.01e+03] gmres=7
[nsb] it=77 |R_tau|=3.0966e-04 rel=1.772e-06 |R_steady|/|R0|=1.772e-06 cfl=1.17e+05 dtau=[1.42e+02,2.43e+03] gmres=7
[nsb] it=78 |R_tau|=2.5648e-04 rel=1.468e-06 |R_steady|/|R0|=1.468e-06 cfl=1.41e+05 dtau=[1.72e+02,2.94e+03] gmres=7
[nsb] it=79 |R_tau|=2.1289e-04 rel=1.218e-06 |R_steady|/|R0|=1.218e-06 cfl=1.7e+05 dtau=[2.08e+02,3.55e+03] gmres=7
[nsb] it=80 |R_tau|=1.7720e-04 rel=1.014e-06 |R_steady|/|R0|=1.014e-06 cfl=2.05e+05 dtau=[2.50e+02,4.28e+03] gmres=7
[nsb] it=81 |R_tau|=1.4797e-04 rel=8.467e-07 |R_steady|/|R0|=8.467e-07 cfl=2.47e+05 dtau=[3.00e+02,5.14e+03] gmres=7
[nsb] done converged=True reason='' it=81 m_in=2.0000e+02 m_out=2.0000e+02 rejected=1 elapsed=159.4s
--> flat_r2_U2_fixed_stokes_bt: {'converged': True, 'reason': '', 'n_iter': 81, 'n_rejected': 1, 'rel_final': 8.467194569668262e-07, 'rel_steady_final': 8.467194569668262e-07, 'rel_min': 8.467194569668262e-07, 'first_step_ratio': 0.7455008693112016, 'mass_ratio': 0.9999999999986707, 'p_inlet_mean': 5614.62198093973, 'speed_max': 2.4696300232747177, 'elapsed': 159.35707302300034}
===== uturn_r2_U2_fixed_stokes =====
[nsb] stokes init: |R_stokes(0)|=4.0825e+01 speed_max=5.01 m/s
[nsb] it=0 |R|=4.4725e+02 cfl=0.5
[nsb] it=1 |R_tau|=8.7144e+02 rel=1.948e+00 |R_steady|/|R0|=1.948e+00 cfl=0.5 dtau=[2.99e-04,1.04e-02] gmres=5
[nsb] it=2 |R_tau|=3.0635e+02 rel=6.850e-01 |R_steady|/|R0|=6.850e-01 cfl=0.257 dtau=[1.58e-04,5.35e-03] gmres=3
[nsb] it=3 |R_tau|=1.7812e+02 rel=3.983e-01 |R_steady|/|R0|=3.983e-01 cfl=0.513 dtau=[3.15e-04,1.07e-02] gmres=4
[nsb] it=4 |R_tau|=1.0734e+02 rel=2.400e-01 |R_steady|/|R0|=2.400e-01 cfl=0.883 dtau=[5.44e-04,1.84e-02] gmres=5
[nsb] it=5 |R_tau|=6.6030e+01 rel=1.476e-01 |R_steady|/|R0|=1.476e-01 cfl=1.46 dtau=[9.17e-04,3.05e-02] gmres=5
[nsb] it=6 |R_tau|=4.3476e+01 rel=9.721e-02 |R_steady|/|R0|=9.721e-02 cfl=2.38 dtau=[1.52e-03,4.96e-02] gmres=8
[nsb] it=7 |R_tau|=3.2880e+01 rel=7.352e-02 |R_steady|/|R0|=7.352e-02 cfl=3.62 dtau=[2.35e-03,7.53e-02] gmres=11
[nsb] it=8 |R_tau|=3.7761e+01 rel=8.443e-02 |R_steady|/|R0|=8.443e-02 cfl=4.78 dtau=[3.24e-03,9.96e-02] gmres=7
[nsb] it=9 |R_tau|=2.8663e+01 rel=6.409e-02 |R_steady|/|R0|=6.409e-02 cfl=4.16 dtau=[2.95e-03,8.67e-02] gmres=7
[nsb] it=10 |R_tau|=2.3207e+01 rel=5.189e-02 |R_steady|/|R0|=5.189e-02 cfl=5.49 dtau=[4.03e-03,1.14e-01] gmres=7
[nsb] it=11 |R_tau|=2.1304e+01 rel=4.763e-02 |R_steady|/|R0|=4.763e-02 cfl=6.77 dtau=[5.05e-03,1.41e-01] gmres=8
[nsb] it=12 |R_tau|=2.1685e+01 rel=4.849e-02 |R_steady|/|R0|=4.849e-02 cfl=7.38 dtau=[5.56e-03,1.54e-01] gmres=8
[nsb] it=13 |R_tau|=1.9039e+01 rel=4.257e-02 |R_steady|/|R0|=4.257e-02 cfl=7.25 dtau=[5.25e-03,1.51e-01] gmres=9
[nsb] it=14 |R_tau|=1.8148e+01 rel=4.058e-02 |R_steady|/|R0|=4.058e-02 cfl=8.26 dtau=[6.29e-03,1.72e-01] gmres=9
[nsb] it=15 |R_tau|=1.7390e+01 rel=3.888e-02 |R_steady|/|R0|=3.888e-02 cfl=8.66 dtau=[6.79e-03,1.80e-01] gmres=12
[nsb] it=16 |R_tau|=1.6008e+01 rel=3.579e-02 |R_steady|/|R0|=3.579e-02 cfl=9.04 dtau=[7.20e-03,1.88e-01] gmres=10
[nsb] it=17 |R_tau|=1.5036e+01 rel=3.362e-02 |R_steady|/|R0|=3.362e-02 cfl=9.82 dtau=[7.93e-03,2.05e-01] gmres=10
[nsb] it=18 |R_tau|=1.4378e+01 rel=3.215e-02 |R_steady|/|R0|=3.215e-02 cfl=10.5 dtau=[8.55e-03,2.18e-01] gmres=8
[nsb] it=19 |R_tau|=1.3520e+01 rel=3.023e-02 |R_steady|/|R0|=3.023e-02 cfl=10.9 dtau=[9.03e-03,2.28e-01] gmres=8
[nsb] it=20 |R_tau|=1.2782e+01 rel=2.858e-02 |R_steady|/|R0|=2.858e-02 cfl=11.6 dtau=[9.55e-03,2.42e-01] gmres=8
[nsb] it=21 |R_tau|=1.2033e+01 rel=2.690e-02 |R_steady|/|R0|=2.690e-02 cfl=12.3 dtau=[1.02e-02,2.56e-01] gmres=9
[nsb] it=22 |R_tau|=1.1398e+01 rel=2.548e-02 |R_steady|/|R0|=2.548e-02 cfl=13.1 dtau=[1.09e-02,2.72e-01] gmres=7
[nsb] it=23 |R_tau|=1.0875e+01 rel=2.431e-02 |R_steady|/|R0|=2.431e-02 cfl=13.8 dtau=[1.16e-02,2.87e-01] gmres=9
[nsb] it=24 |R_tau|=1.0357e+01 rel=2.316e-02 |R_steady|/|R0|=2.316e-02 cfl=14.5 dtau=[1.22e-02,3.01e-01] gmres=9
[nsb] it=25 |R_tau|=9.8510e+00 rel=2.203e-02 |R_steady|/|R0|=2.203e-02 cfl=15.2 dtau=[1.29e-02,3.16e-01] gmres=9
[nsb] it=26 |R_tau|=9.3995e+00 rel=2.102e-02 |R_steady|/|R0|=2.102e-02 cfl=16 dtau=[1.36e-02,3.33e-01] gmres=9
[nsb] it=27 |R_tau|=8.9832e+00 rel=2.009e-02 |R_steady|/|R0|=2.009e-02 cfl=16.7 dtau=[1.43e-02,3.48e-01] gmres=8
[nsb] it=28 |R_tau|=8.5389e+00 rel=1.909e-02 |R_steady|/|R0|=1.909e-02 cfl=17.5 dtau=[1.50e-02,3.65e-01] gmres=8
[nsb] it=29 |R_tau|=8.2219e+00 rel=1.838e-02 |R_steady|/|R0|=1.838e-02 cfl=18.4 dtau=[1.58e-02,3.84e-01] gmres=8
[nsb] it=30 |R_tau|=7.9496e+00 rel=1.777e-02 |R_steady|/|R0|=1.777e-02 cfl=19.1 dtau=[1.64e-02,3.98e-01] gmres=9
[nsb] it=31 |R_tau|=7.6002e+00 rel=1.699e-02 |R_steady|/|R0|=1.699e-02 cfl=19.8 dtau=[1.69e-02,4.12e-01] gmres=9
[nsb] it=32 |R_tau|=7.2452e+00 rel=1.620e-02 |R_steady|/|R0|=1.620e-02 cfl=20.7 dtau=[1.77e-02,4.31e-01] gmres=10
[nsb] it=33 |R_tau|=6.9746e+00 rel=1.559e-02 |R_steady|/|R0|=1.559e-02 cfl=21.7 dtau=[1.86e-02,4.52e-01] gmres=9
[nsb] it=34 |R_tau|=6.7951e+00 rel=1.519e-02 |R_steady|/|R0|=1.519e-02 cfl=22.5 dtau=[1.93e-02,4.70e-01] gmres=10
[nsb] it=35 |R_tau|=6.5462e+00 rel=1.464e-02 |R_steady|/|R0|=1.464e-02 cfl=23.1 dtau=[1.98e-02,4.82e-01] gmres=8
[nsb] it=36 |R_tau|=6.2638e+00 rel=1.401e-02 |R_steady|/|R0|=1.401e-02 cfl=24 dtau=[2.05e-02,5.00e-01] gmres=9
[nsb] it=37 |R_tau|=6.0140e+00 rel=1.345e-02 |R_steady|/|R0|=1.345e-02 cfl=25.1 dtau=[2.14e-02,5.23e-01] gmres=9
[nsb] it=38 |R_tau|=5.7470e+00 rel=1.285e-02 |R_steady|/|R0|=1.285e-02 cfl=26.1 dtau=[2.23e-02,5.45e-01] gmres=10
[nsb] it=39 |R_tau|=5.7084e+00 rel=1.276e-02 |R_steady|/|R0|=1.276e-02 cfl=27.4 dtau=[2.33e-02,5.70e-01] gmres=8
[nsb] it=40 |R_tau|=5.6777e+00 rel=1.269e-02 |R_steady|/|R0|=1.269e-02 cfl=27.5 dtau=[2.34e-02,5.74e-01] gmres=8
[nsb] it=41 |R_tau|=5.2081e+00 rel=1.164e-02 |R_steady|/|R0|=1.164e-02 cfl=27.7 dtau=[2.36e-02,5.77e-01] gmres=8
[nsb] it=42 |R_tau|=4.7441e+00 rel=1.061e-02 |R_steady|/|R0|=1.061e-02 cfl=30.2 dtau=[2.57e-02,6.29e-01] gmres=7
[nsb] it=43 |R_tau|=4.6444e+00 rel=1.038e-02 |R_steady|/|R0|=1.038e-02 cfl=33.1 dtau=[2.81e-02,6.90e-01] gmres=8
[nsb] it=44 |R_tau|=3.8763e+00 rel=8.667e-03 |R_steady|/|R0|=8.667e-03 cfl=33.9 dtau=[2.87e-02,7.05e-01] gmres=7
[nsb] it=45 |R_tau|=4.4282e+00 rel=9.901e-03 |R_steady|/|R0|=9.901e-03 cfl=40.6 dtau=[3.44e-02,8.45e-01] gmres=13
[nsb] it=46 |R_tau|=3.5351e+00 rel=7.904e-03 |R_steady|/|R0|=7.904e-03 cfl=35.5 dtau=[3.01e-02,7.40e-01] gmres=9
[nsb] it=47 |R_tau|=3.0441e+00 rel=6.806e-03 |R_steady|/|R0|=6.806e-03 cfl=44.5 dtau=[3.77e-02,9.27e-01] gmres=8
[nsb] it=48 |R_tau|=2.6633e+00 rel=5.955e-03 |R_steady|/|R0|=5.955e-03 cfl=51.6 dtau=[4.37e-02,1.08e+00] gmres=7
[nsb] it=49 |R_tau|=2.3989e+00 rel=5.364e-03 |R_steady|/|R0|=5.364e-03 cfl=59 dtau=[5.00e-02,1.23e+00] gmres=7
[nsb] it=50 |R_tau|=2.1832e+00 rel=4.881e-03 |R_steady|/|R0|=4.881e-03 cfl=65.5 dtau=[5.55e-02,1.37e+00] gmres=6
[nsb] it=51 |R_tau|=1.9918e+00 rel=4.453e-03 |R_steady|/|R0|=4.453e-03 cfl=72 dtau=[6.09e-02,1.50e+00] gmres=9
[nsb] it=52 |R_tau|=1.8175e+00 rel=4.064e-03 |R_steady|/|R0|=4.064e-03 cfl=78.9 dtau=[6.68e-02,1.64e+00] gmres=9
[nsb] it=53 |R_tau|=1.6587e+00 rel=3.709e-03 |R_steady|/|R0|=3.709e-03 cfl=86.5 dtau=[7.32e-02,1.80e+00] gmres=9
[nsb] it=54 |R_tau|=1.5108e+00 rel=3.378e-03 |R_steady|/|R0|=3.378e-03 cfl=94.8 dtau=[8.02e-02,1.97e+00] gmres=9
[nsb] it=55 |R_tau|=1.3770e+00 rel=3.079e-03 |R_steady|/|R0|=3.079e-03 cfl=104 dtau=[8.80e-02,2.17e+00] gmres=9
[nsb] it=56 |R_tau|=1.2541e+00 rel=2.804e-03 |R_steady|/|R0|=2.804e-03 cfl=114 dtau=[9.65e-02,2.38e+00] gmres=7
[nsb] it=57 |R_tau|=1.1427e+00 rel=2.555e-03 |R_steady|/|R0|=2.555e-03 cfl=125 dtau=[1.06e-01,2.61e+00] gmres=7
[nsb] it=58 |R_tau|=1.0416e+00 rel=2.329e-03 |R_steady|/|R0|=2.329e-03 cfl=138 dtau=[1.16e-01,2.87e+00] gmres=7
[nsb] it=59 |R_tau|=9.4920e-01 rel=2.122e-03 |R_steady|/|R0|=2.122e-03 cfl=151 dtau=[1.28e-01,3.14e+00] gmres=7
[nsb] it=60 |R_tau|=8.6551e-01 rel=1.935e-03 |R_steady|/|R0|=1.935e-03 cfl=166 dtau=[1.40e-01,3.45e+00] gmres=9
[nsb] it=61 |R_tau|=7.8959e-01 rel=1.765e-03 |R_steady|/|R0|=1.765e-03 cfl=182 dtau=[1.54e-01,3.78e+00] gmres=8
[nsb] it=62 |R_tau|=7.2071e-01 rel=1.611e-03 |R_steady|/|R0|=1.611e-03 cfl=199 dtau=[1.68e-01,4.15e+00] gmres=6
[nsb] it=63 |R_tau|=6.5811e-01 rel=1.471e-03 |R_steady|/|R0|=1.471e-03 cfl=218 dtau=[1.84e-01,4.54e+00] gmres=8
[nsb] it=64 |R_tau|=6.0118e-01 rel=1.344e-03 |R_steady|/|R0|=1.344e-03 cfl=239 dtau=[2.02e-01,4.98e+00] gmres=8
[nsb] it=65 |R_tau|=5.4933e-01 rel=1.228e-03 |R_steady|/|R0|=1.228e-03 cfl=262 dtau=[2.21e-01,5.45e+00] gmres=8
[nsb] it=66 |R_tau|=5.0205e-01 rel=1.123e-03 |R_steady|/|R0|=1.123e-03 cfl=286 dtau=[2.42e-01,5.96e+00] gmres=8
[nsb] it=67 |R_tau|=4.5892e-01 rel=1.026e-03 |R_steady|/|R0|=1.026e-03 cfl=313 dtau=[2.65e-01,6.52e+00] gmres=5
[nsb] it=68 |R_tau|=4.1958e-01 rel=9.381e-04 |R_steady|/|R0|=9.381e-04 cfl=343 dtau=[2.90e-01,7.14e+00] gmres=5
[nsb] it=69 |R_tau|=3.8368e-01 rel=8.579e-04 |R_steady|/|R0|=8.579e-04 cfl=375 dtau=[3.17e-01,7.81e+00] gmres=5
[nsb] it=70 |R_tau|=3.5096e-01 rel=7.847e-04 |R_steady|/|R0|=7.847e-04 cfl=410 dtau=[3.46e-01,8.54e+00] gmres=5
[nsb] it=71 |R_tau|=3.2111e-01 rel=7.180e-04 |R_steady|/|R0|=7.180e-04 cfl=448 dtau=[3.79e-01,9.33e+00] gmres=6
[nsb] it=72 |R_tau|=2.9391e-01 rel=6.571e-04 |R_steady|/|R0|=6.571e-04 cfl=490 dtau=[4.14e-01,1.02e+01] gmres=6
[nsb] it=73 |R_tau|=2.6912e-01 rel=6.017e-04 |R_steady|/|R0|=6.017e-04 cfl=535 dtau=[4.52e-01,1.11e+01] gmres=6
[nsb] it=74 |R_tau|=2.4652e-01 rel=5.512e-04 |R_steady|/|R0|=5.512e-04 cfl=584 dtau=[4.94e-01,1.22e+01] gmres=6
[nsb] it=75 |R_tau|=2.2591e-01 rel=5.051e-04 |R_steady|/|R0|=5.051e-04 cfl=638 dtau=[5.39e-01,1.33e+01] gmres=6
[nsb] it=76 |R_tau|=2.0712e-01 rel=4.631e-04 |R_steady|/|R0|=4.631e-04 cfl=696 dtau=[5.88e-01,1.45e+01] gmres=6
[nsb] it=77 |R_tau|=1.8996e-01 rel=4.247e-04 |R_steady|/|R0|=4.247e-04 cfl=759 dtau=[6.42e-01,1.58e+01] gmres=5
[nsb] it=78 |R_tau|=1.7426e-01 rel=3.896e-04 |R_steady|/|R0|=3.896e-04 cfl=828 dtau=[7.00e-01,1.72e+01] gmres=5
[nsb] it=79 |R_tau|=1.5988e-01 rel=3.575e-04 |R_steady|/|R0|=3.575e-04 cfl=902 dtau=[7.63e-01,1.88e+01] gmres=5
[nsb] it=80 |R_tau|=1.4666e-01 rel=3.279e-04 |R_steady|/|R0|=3.279e-04 cfl=983 dtau=[8.31e-01,2.05e+01] gmres=5
[nsb] it=81 |R_tau|=1.3449e-01 rel=3.007e-04 |R_steady|/|R0|=3.007e-04 cfl=1.07e+03 dtau=[9.06e-01,2.23e+01] gmres=5
[nsb] it=82 |R_tau|=1.2323e-01 rel=2.755e-04 |R_steady|/|R0|=2.755e-04 cfl=1.17e+03 dtau=[9.88e-01,2.44e+01] gmres=5
[nsb] it=83 |R_tau|=1.1279e-01 rel=2.522e-04 |R_steady|/|R0|=2.522e-04 cfl=1.28e+03 dtau=[1.08e+00,2.66e+01] gmres=5
[nsb] it=84 |R_tau|=1.0306e-01 rel=2.304e-04 |R_steady|/|R0|=2.304e-04 cfl=1.39e+03 dtau=[1.18e+00,2.90e+01] gmres=5
[nsb] it=85 |R_tau|=9.3956e-02 rel=2.101e-04 |R_steady|/|R0|=2.101e-04 cfl=1.53e+03 dtau=[1.29e+00,3.18e+01] gmres=4
[nsb] it=86 |R_tau|=8.5421e-02 rel=1.910e-04 |R_steady|/|R0|=1.910e-04 cfl=1.67e+03 dtau=[1.41e+00,3.49e+01] gmres=4
[nsb] it=87 |R_tau|=7.7410e-02 rel=1.731e-04 |R_steady|/|R0|=1.731e-04 cfl=1.84e+03 dtau=[1.56e+00,3.83e+01] gmres=4
[nsb] it=88 |R_tau|=6.9889e-02 rel=1.563e-04 |R_steady|/|R0|=1.563e-04 cfl=2.03e+03 dtau=[1.72e+00,4.23e+01] gmres=4
[nsb] it=89 |R_tau|=6.2851e-02 rel=1.405e-04 |R_steady|/|R0|=1.405e-04 cfl=2.25e+03 dtau=[1.90e+00,4.69e+01] gmres=4
[nsb] it=90 |R_tau|=5.6288e-02 rel=1.259e-04 |R_steady|/|R0|=1.259e-04 cfl=2.5e+03 dtau=[2.11e+00,5.21e+01] gmres=4
[nsb] it=91 |R_tau|=5.0261e-02 rel=1.124e-04 |R_steady|/|R0|=1.124e-04 cfl=2.79e+03 dtau=[2.36e+00,5.82e+01] gmres=4
[nsb] it=92 |R_tau|=4.4811e-02 rel=1.002e-04 |R_steady|/|R0|=1.002e-04 cfl=3.13e+03 dtau=[2.64e+00,6.52e+01] gmres=4
[nsb] it=93 |R_tau|=3.9954e-02 rel=8.933e-05 |R_steady|/|R0|=8.933e-05 cfl=3.51e+03 dtau=[2.97e+00,7.31e+01] gmres=4
[nsb] it=94 |R_tau|=3.5679e-02 rel=7.977e-05 |R_steady|/|R0|=7.977e-05 cfl=3.94e+03 dtau=[3.33e+00,8.20e+01] gmres=4
[nsb] it=95 |R_tau|=3.1970e-02 rel=7.148e-05 |R_steady|/|R0|=7.148e-05 cfl=4.41e+03 dtau=[3.73e+00,9.18e+01] gmres=4
[nsb] it=96 |R_tau|=2.8778e-02 rel=6.434e-05 |R_steady|/|R0|=6.434e-05 cfl=4.92e+03 dtau=[4.16e+00,1.02e+02] gmres=4
[nsb] it=97 |R_tau|=2.6035e-02 rel=5.821e-05 |R_steady|/|R0|=5.821e-05 cfl=5.46e+03 dtau=[4.62e+00,1.14e+02] gmres=4
[nsb] it=98 |R_tau|=2.3670e-02 rel=5.292e-05 |R_steady|/|R0|=5.292e-05 cfl=6.04e+03 dtau=[5.10e+00,1.26e+02] gmres=4
[nsb] it=99 |R_tau|=2.1591e-02 rel=4.828e-05 |R_steady|/|R0|=4.828e-05 cfl=6.64e+03 dtau=[5.62e+00,1.38e+02] gmres=4
[nsb] it=100 |R_tau|=1.9714e-02 rel=4.408e-05 |R_steady|/|R0|=4.408e-05 cfl=7.28e+03 dtau=[6.16e+00,1.52e+02] gmres=4
[nsb] it=101 |R_tau|=1.7970e-02 rel=4.018e-05 |R_steady|/|R0|=4.018e-05 cfl=7.98e+03 dtau=[6.74e+00,1.66e+02] gmres=4
[nsb] it=102 |R_tau|=1.6317e-02 rel=3.648e-05 |R_steady|/|R0|=3.648e-05 cfl=8.75e+03 dtau=[7.40e+00,1.82e+02] gmres=4
[nsb] it=103 |R_tau|=1.4735e-02 rel=3.294e-05 |R_steady|/|R0|=3.294e-05 cfl=9.64e+03 dtau=[8.15e+00,2.01e+02] gmres=4
[nsb] it=104 |R_tau|=1.3221e-02 rel=2.956e-05 |R_steady|/|R0|=2.956e-05 cfl=1.07e+04 dtau=[9.02e+00,2.22e+02] gmres=4
[nsb] it=105 |R_tau|=1.1784e-02 rel=2.635e-05 |R_steady|/|R0|=2.635e-05 cfl=1.19e+04 dtau=[1.01e+01,2.48e+02] gmres=4
[nsb] it=106 |R_tau|=1.0436e-02 rel=2.333e-05 |R_steady|/|R0|=2.333e-05 cfl=1.33e+04 dtau=[1.13e+01,2.78e+02] gmres=4
[nsb] it=107 |R_tau|=9.1913e-03 rel=2.055e-05 |R_steady|/|R0|=2.055e-05 cfl=1.51e+04 dtau=[1.27e+01,3.14e+02] gmres=4
[nsb] it=108 |R_tau|=8.0607e-03 rel=1.802e-05 |R_steady|/|R0|=1.802e-05 cfl=1.71e+04 dtau=[1.45e+01,3.56e+02] gmres=3
[nsb] it=109 |R_tau|=7.0489e-03 rel=1.576e-05 |R_steady|/|R0|=1.576e-05 cfl=1.95e+04 dtau=[1.65e+01,4.06e+02] gmres=3
[nsb] it=110 |R_tau|=6.1560e-03 rel=1.376e-05 |R_steady|/|R0|=1.376e-05 cfl=2.23e+04 dtau=[1.89e+01,4.65e+02] gmres=3
[nsb] it=111 |R_tau|=5.3761e-03 rel=1.202e-05 |R_steady|/|R0|=1.202e-05 cfl=2.55e+04 dtau=[2.16e+01,5.32e+02] gmres=3
[nsb] it=112 |R_tau|=4.6997e-03 rel=1.051e-05 |R_steady|/|R0|=1.051e-05 cfl=2.92e+04 dtau=[2.47e+01,6.09e+02] gmres=3
[nsb] it=113 |R_tau|=4.1136e-03 rel=9.198e-06 |R_steady|/|R0|=9.198e-06 cfl=3.35e+04 dtau=[2.83e+01,6.97e+02] gmres=3
[nsb] it=114 |R_tau|=3.6045e-03 rel=8.059e-06 |R_steady|/|R0|=8.059e-06 cfl=3.82e+04 dtau=[3.23e+01,7.96e+02] gmres=3
[nsb] it=115 |R_tau|=3.1595e-03 rel=7.064e-06 |R_steady|/|R0|=7.064e-06 cfl=4.36e+04 dtau=[3.69e+01,9.09e+02] gmres=3
[nsb] it=116 |R_tau|=2.7675e-03 rel=6.188e-06 |R_steady|/|R0|=6.188e-06 cfl=4.98e+04 dtau=[4.21e+01,1.04e+03] gmres=3
[nsb] it=117 |R_tau|=2.4199e-03 rel=5.411e-06 |R_steady|/|R0|=5.411e-06 cfl=5.68e+04 dtau=[4.80e+01,1.18e+03] gmres=3
[nsb] it=118 |R_tau|=2.1102e-03 rel=4.718e-06 |R_steady|/|R0|=4.718e-06 cfl=6.5e+04 dtau=[5.49e+01,1.35e+03] gmres=3
[nsb] it=119 |R_tau|=1.8340e-03 rel=4.100e-06 |R_steady|/|R0|=4.100e-06 cfl=7.45e+04 dtau=[6.30e+01,1.55e+03] gmres=3
[nsb] it=120 |R_tau|=1.5881e-03 rel=3.551e-06 |R_steady|/|R0|=3.551e-06 cfl=8.57e+04 dtau=[7.25e+01,1.79e+03] gmres=3
[nsb] it=121 |R_tau|=1.3705e-03 rel=3.064e-06 |R_steady|/|R0|=3.064e-06 cfl=9.9e+04 dtau=[8.37e+01,2.06e+03] gmres=3
[nsb] it=122 |R_tau|=1.1797e-03 rel=2.638e-06 |R_steady|/|R0|=2.638e-06 cfl=1.15e+05 dtau=[9.70e+01,2.39e+03] gmres=3
[nsb] it=123 |R_tau|=1.0141e-03 rel=2.267e-06 |R_steady|/|R0|=2.267e-06 cfl=1.33e+05 dtau=[1.13e+02,2.78e+03] gmres=3
[nsb] it=124 |R_tau|=8.7212e-04 rel=1.950e-06 |R_steady|/|R0|=1.950e-06 cfl=1.55e+05 dtau=[1.31e+02,3.23e+03] gmres=3
[nsb] it=125 |R_tau|=7.5198e-04 rel=1.681e-06 |R_steady|/|R0|=1.681e-06 cfl=1.8e+05 dtau=[1.52e+02,3.76e+03] gmres=3
[nsb] it=126 |R_tau|=6.5150e-04 rel=1.457e-06 |R_steady|/|R0|=1.457e-06 cfl=2.09e+05 dtau=[1.77e+02,4.36e+03] gmres=3
[nsb] it=127 |R_tau|=5.6826e-04 rel=1.271e-06 |R_steady|/|R0|=1.271e-06 cfl=2.41e+05 dtau=[2.04e+02,5.03e+03] gmres=3
[nsb] it=128 |R_tau|=4.9966e-04 rel=1.117e-06 |R_steady|/|R0|=1.117e-06 cfl=2.77e+05 dtau=[2.34e+02,5.76e+03] gmres=3
[nsb] it=129 |R_tau|=4.4306e-04 rel=9.906e-07 |R_steady|/|R0|=9.906e-07 cfl=3.15e+05 dtau=[2.66e+02,6.56e+03] gmres=3
[nsb] done converged=True reason='' it=129 m_in=2.0000e+02 m_out=2.0000e+02 rejected=0 elapsed=202.1s
--> uturn_r2_U2_fixed_stokes: {'converged': True, 'reason': '', 'n_iter': 129, 'n_rejected': 0, 'rel_final': 9.906361469644285e-07, 'rel_steady_final': 9.906361469644285e-07, 'rel_min': 9.906361469644285e-07, 'first_step_ratio': 1.9484448844862527, 'mass_ratio': 1.0000000000000366, 'p_inlet_mean': 35555.03122991678, 'speed_max': 3.6244743988903854, 'elapsed': 202.11173395100013}
===== uturn_r2_U2_fixed_stokes_bt =====
[nsb] stokes init: |R_stokes(0)|=4.0825e+01 speed_max=5.01 m/s
[nsb] it=0 |R|=4.4725e+02 cfl=0.5
[nsb] it=1 |R_tau|=8.7144e+02 rel=1.948e+00 |R_steady|/|R0|=1.948e+00 cfl=0.5 dtau=[2.99e-04,1.04e-02] gmres=5
[nsb] it=2 |R_tau|=3.0635e+02 rel=6.850e-01 |R_steady|/|R0|=6.850e-01 cfl=0.257 dtau=[1.58e-04,5.35e-03] gmres=3
[nsb] it=3 |R_tau|=1.7812e+02 rel=3.983e-01 |R_steady|/|R0|=3.983e-01 cfl=0.513 dtau=[3.15e-04,1.07e-02] gmres=4
[nsb] it=4 |R_tau|=1.0734e+02 rel=2.400e-01 |R_steady|/|R0|=2.400e-01 cfl=0.883 dtau=[5.44e-04,1.84e-02] gmres=5
[nsb] it=5 |R_tau|=6.6030e+01 rel=1.476e-01 |R_steady|/|R0|=1.476e-01 cfl=1.46 dtau=[9.17e-04,3.05e-02] gmres=5
[nsb] it=6 |R_tau|=4.3476e+01 rel=9.721e-02 |R_steady|/|R0|=9.721e-02 cfl=2.38 dtau=[1.52e-03,4.96e-02] gmres=8
[nsb] it=7 |R_tau|=3.2880e+01 rel=7.352e-02 |R_steady|/|R0|=7.352e-02 cfl=3.62 dtau=[2.35e-03,7.53e-02] gmres=11
[nsb] it=8 |R_tau|=3.7761e+01 rel=8.443e-02 |R_steady|/|R0|=8.443e-02 cfl=4.78 dtau=[3.24e-03,9.96e-02] gmres=7
[nsb] it=9 |R_tau|=2.8663e+01 rel=6.409e-02 |R_steady|/|R0|=6.409e-02 cfl=4.16 dtau=[2.95e-03,8.67e-02] gmres=7
[nsb] it=10 |R_tau|=2.3207e+01 rel=5.189e-02 |R_steady|/|R0|=5.189e-02 cfl=5.49 dtau=[4.03e-03,1.14e-01] gmres=7
[nsb] it=11 |R_tau|=2.1304e+01 rel=4.763e-02 |R_steady|/|R0|=4.763e-02 cfl=6.77 dtau=[5.05e-03,1.41e-01] gmres=8
[nsb] it=12 |R_tau|=2.1685e+01 rel=4.849e-02 |R_steady|/|R0|=4.849e-02 cfl=7.38 dtau=[5.56e-03,1.54e-01] gmres=8
[nsb] it=13 |R_tau|=1.9039e+01 rel=4.257e-02 |R_steady|/|R0|=4.257e-02 cfl=7.25 dtau=[5.25e-03,1.51e-01] gmres=9
[nsb] it=14 |R_tau|=1.8148e+01 rel=4.058e-02 |R_steady|/|R0|=4.058e-02 cfl=8.26 dtau=[6.29e-03,1.72e-01] gmres=9
[nsb] it=15 |R_tau|=1.7390e+01 rel=3.888e-02 |R_steady|/|R0|=3.888e-02 cfl=8.66 dtau=[6.79e-03,1.80e-01] gmres=12
[nsb] it=16 |R_tau|=1.6008e+01 rel=3.579e-02 |R_steady|/|R0|=3.579e-02 cfl=9.04 dtau=[7.20e-03,1.88e-01] gmres=10
[nsb] it=17 |R_tau|=1.5036e+01 rel=3.362e-02 |R_steady|/|R0|=3.362e-02 cfl=9.82 dtau=[7.93e-03,2.05e-01] gmres=10
[nsb] it=18 |R_tau|=1.4378e+01 rel=3.215e-02 |R_steady|/|R0|=3.215e-02 cfl=10.5 dtau=[8.55e-03,2.18e-01] gmres=8
[nsb] it=19 |R_tau|=1.3520e+01 rel=3.023e-02 |R_steady|/|R0|=3.023e-02 cfl=10.9 dtau=[9.03e-03,2.28e-01] gmres=8
[nsb] it=20 |R_tau|=1.2782e+01 rel=2.858e-02 |R_steady|/|R0|=2.858e-02 cfl=11.6 dtau=[9.55e-03,2.42e-01] gmres=8
[nsb] it=21 |R_tau|=1.2033e+01 rel=2.690e-02 |R_steady|/|R0|=2.690e-02 cfl=12.3 dtau=[1.02e-02,2.56e-01] gmres=9
[nsb] it=22 |R_tau|=1.1398e+01 rel=2.548e-02 |R_steady|/|R0|=2.548e-02 cfl=13.1 dtau=[1.09e-02,2.72e-01] gmres=7
[nsb] it=23 |R_tau|=1.0875e+01 rel=2.431e-02 |R_steady|/|R0|=2.431e-02 cfl=13.8 dtau=[1.16e-02,2.87e-01] gmres=9
[nsb] it=24 |R_tau|=1.0357e+01 rel=2.316e-02 |R_steady|/|R0|=2.316e-02 cfl=14.5 dtau=[1.22e-02,3.01e-01] gmres=9
[nsb] it=25 |R_tau|=9.8510e+00 rel=2.203e-02 |R_steady|/|R0|=2.203e-02 cfl=15.2 dtau=[1.29e-02,3.16e-01] gmres=9
[nsb] it=26 |R_tau|=9.3995e+00 rel=2.102e-02 |R_steady|/|R0|=2.102e-02 cfl=16 dtau=[1.36e-02,3.33e-01] gmres=9
[nsb] it=27 |R_tau|=8.9832e+00 rel=2.009e-02 |R_steady|/|R0|=2.009e-02 cfl=16.7 dtau=[1.43e-02,3.48e-01] gmres=8
[nsb] it=28 |R_tau|=8.5389e+00 rel=1.909e-02 |R_steady|/|R0|=1.909e-02 cfl=17.5 dtau=[1.50e-02,3.65e-01] gmres=8
[nsb] it=29 |R_tau|=8.2219e+00 rel=1.838e-02 |R_steady|/|R0|=1.838e-02 cfl=18.4 dtau=[1.58e-02,3.84e-01] gmres=8
[nsb] it=30 |R_tau|=7.9496e+00 rel=1.777e-02 |R_steady|/|R0|=1.777e-02 cfl=19.1 dtau=[1.64e-02,3.98e-01] gmres=9
[nsb] it=31 |R_tau|=7.6002e+00 rel=1.699e-02 |R_steady|/|R0|=1.699e-02 cfl=19.8 dtau=[1.69e-02,4.12e-01] gmres=9
[nsb] it=32 |R_tau|=7.2452e+00 rel=1.620e-02 |R_steady|/|R0|=1.620e-02 cfl=20.7 dtau=[1.77e-02,4.31e-01] gmres=10
[nsb] it=33 |R_tau|=6.9746e+00 rel=1.559e-02 |R_steady|/|R0|=1.559e-02 cfl=21.7 dtau=[1.86e-02,4.52e-01] gmres=9
[nsb] it=34 |R_tau|=6.7951e+00 rel=1.519e-02 |R_steady|/|R0|=1.519e-02 cfl=22.5 dtau=[1.93e-02,4.70e-01] gmres=10
[nsb] it=35 |R_tau|=6.5462e+00 rel=1.464e-02 |R_steady|/|R0|=1.464e-02 cfl=23.1 dtau=[1.98e-02,4.82e-01] gmres=8
[nsb] it=36 |R_tau|=6.2638e+00 rel=1.401e-02 |R_steady|/|R0|=1.401e-02 cfl=24 dtau=[2.05e-02,5.00e-01] gmres=9
[nsb] it=37 |R_tau|=6.0140e+00 rel=1.345e-02 |R_steady|/|R0|=1.345e-02 cfl=25.1 dtau=[2.14e-02,5.23e-01] gmres=9
[nsb] it=38 |R_tau|=5.7470e+00 rel=1.285e-02 |R_steady|/|R0|=1.285e-02 cfl=26.1 dtau=[2.23e-02,5.45e-01] gmres=10
[nsb] it=39 |R_tau|=5.7084e+00 rel=1.276e-02 |R_steady|/|R0|=1.276e-02 cfl=27.4 dtau=[2.33e-02,5.70e-01] gmres=8
[nsb] it=40 |R_tau|=5.6777e+00 rel=1.269e-02 |R_steady|/|R0|=1.269e-02 cfl=27.5 dtau=[2.34e-02,5.74e-01] gmres=8
[nsb] it=41 |R_tau|=5.2081e+00 rel=1.164e-02 |R_steady|/|R0|=1.164e-02 cfl=27.7 dtau=[2.36e-02,5.77e-01] gmres=8
[nsb] it=42 |R_tau|=4.7441e+00 rel=1.061e-02 |R_steady|/|R0|=1.061e-02 cfl=30.2 dtau=[2.57e-02,6.29e-01] gmres=7
[nsb] it=43 |R_tau|=4.6444e+00 rel=1.038e-02 |R_steady|/|R0|=1.038e-02 cfl=33.1 dtau=[2.81e-02,6.90e-01] gmres=8
[nsb] it=44 |R_tau|=3.8763e+00 rel=8.667e-03 |R_steady|/|R0|=8.667e-03 cfl=33.9 dtau=[2.87e-02,7.05e-01] gmres=7
[nsb] it=45 |R_tau|=4.4282e+00 rel=9.901e-03 |R_steady|/|R0|=9.901e-03 cfl=40.6 dtau=[3.44e-02,8.45e-01] gmres=13
[nsb] it=46 |R_tau|=3.5351e+00 rel=7.904e-03 |R_steady|/|R0|=7.904e-03 cfl=35.5 dtau=[3.01e-02,7.40e-01] gmres=9
[nsb] it=47 |R_tau|=3.0441e+00 rel=6.806e-03 |R_steady|/|R0|=6.806e-03 cfl=44.5 dtau=[3.77e-02,9.27e-01] gmres=8
[nsb] it=48 |R_tau|=2.6633e+00 rel=5.955e-03 |R_steady|/|R0|=5.955e-03 cfl=51.6 dtau=[4.37e-02,1.08e+00] gmres=7
[nsb] it=49 |R_tau|=2.3989e+00 rel=5.364e-03 |R_steady|/|R0|=5.364e-03 cfl=59 dtau=[5.00e-02,1.23e+00] gmres=7
[nsb] it=50 |R_tau|=2.1832e+00 rel=4.881e-03 |R_steady|/|R0|=4.881e-03 cfl=65.5 dtau=[5.55e-02,1.37e+00] gmres=6
[nsb] it=51 |R_tau|=1.9918e+00 rel=4.453e-03 |R_steady|/|R0|=4.453e-03 cfl=72 dtau=[6.09e-02,1.50e+00] gmres=9
[nsb] it=52 |R_tau|=1.8175e+00 rel=4.064e-03 |R_steady|/|R0|=4.064e-03 cfl=78.9 dtau=[6.68e-02,1.64e+00] gmres=9
[nsb] it=53 |R_tau|=1.6587e+00 rel=3.709e-03 |R_steady|/|R0|=3.709e-03 cfl=86.5 dtau=[7.32e-02,1.80e+00] gmres=9
[nsb] it=54 |R_tau|=1.5108e+00 rel=3.378e-03 |R_steady|/|R0|=3.378e-03 cfl=94.8 dtau=[8.02e-02,1.97e+00] gmres=9
[nsb] it=55 |R_tau|=1.3770e+00 rel=3.079e-03 |R_steady|/|R0|=3.079e-03 cfl=104 dtau=[8.80e-02,2.17e+00] gmres=9
[nsb] it=56 |R_tau|=1.2541e+00 rel=2.804e-03 |R_steady|/|R0|=2.804e-03 cfl=114 dtau=[9.65e-02,2.38e+00] gmres=7
[nsb] it=57 |R_tau|=1.1427e+00 rel=2.555e-03 |R_steady|/|R0|=2.555e-03 cfl=125 dtau=[1.06e-01,2.61e+00] gmres=7
[nsb] it=58 |R_tau|=1.0416e+00 rel=2.329e-03 |R_steady|/|R0|=2.329e-03 cfl=138 dtau=[1.16e-01,2.87e+00] gmres=7
[nsb] it=59 |R_tau|=9.4920e-01 rel=2.122e-03 |R_steady|/|R0|=2.122e-03 cfl=151 dtau=[1.28e-01,3.14e+00] gmres=7
[nsb] it=60 |R_tau|=8.6551e-01 rel=1.935e-03 |R_steady|/|R0|=1.935e-03 cfl=166 dtau=[1.40e-01,3.45e+00] gmres=9
[nsb] it=61 |R_tau|=7.8959e-01 rel=1.765e-03 |R_steady|/|R0|=1.765e-03 cfl=182 dtau=[1.54e-01,3.78e+00] gmres=8
[nsb] it=62 |R_tau|=7.2071e-01 rel=1.611e-03 |R_steady|/|R0|=1.611e-03 cfl=199 dtau=[1.68e-01,4.15e+00] gmres=6
[nsb] it=63 |R_tau|=6.5811e-01 rel=1.471e-03 |R_steady|/|R0|=1.471e-03 cfl=218 dtau=[1.84e-01,4.54e+00] gmres=8
[nsb] it=64 |R_tau|=6.0118e-01 rel=1.344e-03 |R_steady|/|R0|=1.344e-03 cfl=239 dtau=[2.02e-01,4.98e+00] gmres=8
[nsb] it=65 |R_tau|=5.4933e-01 rel=1.228e-03 |R_steady|/|R0|=1.228e-03 cfl=262 dtau=[2.21e-01,5.45e+00] gmres=8
[nsb] it=66 |R_tau|=5.0205e-01 rel=1.123e-03 |R_steady|/|R0|=1.123e-03 cfl=286 dtau=[2.42e-01,5.96e+00] gmres=8
[nsb] it=67 |R_tau|=4.5892e-01 rel=1.026e-03 |R_steady|/|R0|=1.026e-03 cfl=313 dtau=[2.65e-01,6.52e+00] gmres=5
[nsb] it=68 |R_tau|=4.1958e-01 rel=9.381e-04 |R_steady|/|R0|=9.381e-04 cfl=343 dtau=[2.90e-01,7.14e+00] gmres=5
[nsb] it=69 |R_tau|=3.8368e-01 rel=8.579e-04 |R_steady|/|R0|=8.579e-04 cfl=375 dtau=[3.17e-01,7.81e+00] gmres=5
[nsb] it=70 |R_tau|=3.5096e-01 rel=7.847e-04 |R_steady|/|R0|=7.847e-04 cfl=410 dtau=[3.46e-01,8.54e+00] gmres=5
[nsb] it=71 |R_tau|=3.2111e-01 rel=7.180e-04 |R_steady|/|R0|=7.180e-04 cfl=448 dtau=[3.79e-01,9.33e+00] gmres=6
[nsb] it=72 |R_tau|=2.9391e-01 rel=6.571e-04 |R_steady|/|R0|=6.571e-04 cfl=490 dtau=[4.14e-01,1.02e+01] gmres=6
[nsb] it=73 |R_tau|=2.6912e-01 rel=6.017e-04 |R_steady|/|R0|=6.017e-04 cfl=535 dtau=[4.52e-01,1.11e+01] gmres=6
[nsb] it=74 |R_tau|=2.4652e-01 rel=5.512e-04 |R_steady|/|R0|=5.512e-04 cfl=584 dtau=[4.94e-01,1.22e+01] gmres=6
[nsb] it=75 |R_tau|=2.2591e-01 rel=5.051e-04 |R_steady|/|R0|=5.051e-04 cfl=638 dtau=[5.39e-01,1.33e+01] gmres=6
[nsb] it=76 |R_tau|=2.0712e-01 rel=4.631e-04 |R_steady|/|R0|=4.631e-04 cfl=696 dtau=[5.88e-01,1.45e+01] gmres=6
[nsb] it=77 |R_tau|=1.8996e-01 rel=4.247e-04 |R_steady|/|R0|=4.247e-04 cfl=759 dtau=[6.42e-01,1.58e+01] gmres=5
[nsb] it=78 |R_tau|=1.7426e-01 rel=3.896e-04 |R_steady|/|R0|=3.896e-04 cfl=828 dtau=[7.00e-01,1.72e+01] gmres=5
[nsb] it=79 |R_tau|=1.5988e-01 rel=3.575e-04 |R_steady|/|R0|=3.575e-04 cfl=902 dtau=[7.63e-01,1.88e+01] gmres=5
[nsb] it=80 |R_tau|=1.4666e-01 rel=3.279e-04 |R_steady|/|R0|=3.279e-04 cfl=983 dtau=[8.31e-01,2.05e+01] gmres=5
[nsb] it=81 |R_tau|=1.3449e-01 rel=3.007e-04 |R_steady|/|R0|=3.007e-04 cfl=1.07e+03 dtau=[9.06e-01,2.23e+01] gmres=5
[nsb] it=82 |R_tau|=1.2323e-01 rel=2.755e-04 |R_steady|/|R0|=2.755e-04 cfl=1.17e+03 dtau=[9.88e-01,2.44e+01] gmres=5
[nsb] it=83 |R_tau|=1.1279e-01 rel=2.522e-04 |R_steady|/|R0|=2.522e-04 cfl=1.28e+03 dtau=[1.08e+00,2.66e+01] gmres=5
[nsb] it=84 |R_tau|=1.0306e-01 rel=2.304e-04 |R_steady|/|R0|=2.304e-04 cfl=1.39e+03 dtau=[1.18e+00,2.90e+01] gmres=5
[nsb] it=85 |R_tau|=9.3956e-02 rel=2.101e-04 |R_steady|/|R0|=2.101e-04 cfl=1.53e+03 dtau=[1.29e+00,3.18e+01] gmres=4
[nsb] it=86 |R_tau|=8.5421e-02 rel=1.910e-04 |R_steady|/|R0|=1.910e-04 cfl=1.67e+03 dtau=[1.41e+00,3.49e+01] gmres=4
[nsb] it=87 |R_tau|=7.7410e-02 rel=1.731e-04 |R_steady|/|R0|=1.731e-04 cfl=1.84e+03 dtau=[1.56e+00,3.83e+01] gmres=4
[nsb] it=88 |R_tau|=6.9889e-02 rel=1.563e-04 |R_steady|/|R0|=1.563e-04 cfl=2.03e+03 dtau=[1.72e+00,4.23e+01] gmres=4
[nsb] it=89 |R_tau|=6.2851e-02 rel=1.405e-04 |R_steady|/|R0|=1.405e-04 cfl=2.25e+03 dtau=[1.90e+00,4.69e+01] gmres=4
[nsb] it=90 |R_tau|=5.6288e-02 rel=1.259e-04 |R_steady|/|R0|=1.259e-04 cfl=2.5e+03 dtau=[2.11e+00,5.21e+01] gmres=4
[nsb] it=91 |R_tau|=5.0261e-02 rel=1.124e-04 |R_steady|/|R0|=1.124e-04 cfl=2.79e+03 dtau=[2.36e+00,5.82e+01] gmres=4
[nsb] it=92 |R_tau|=4.4811e-02 rel=1.002e-04 |R_steady|/|R0|=1.002e-04 cfl=3.13e+03 dtau=[2.64e+00,6.52e+01] gmres=4
[nsb] it=93 |R_tau|=3.9954e-02 rel=8.933e-05 |R_steady|/|R0|=8.933e-05 cfl=3.51e+03 dtau=[2.97e+00,7.31e+01] gmres=4
[nsb] it=94 |R_tau|=3.5679e-02 rel=7.977e-05 |R_steady|/|R0|=7.977e-05 cfl=3.94e+03 dtau=[3.33e+00,8.20e+01] gmres=4
[nsb] it=95 |R_tau|=3.1970e-02 rel=7.148e-05 |R_steady|/|R0|=7.148e-05 cfl=4.41e+03 dtau=[3.73e+00,9.18e+01] gmres=4
[nsb] it=96 |R_tau|=2.8778e-02 rel=6.434e-05 |R_steady|/|R0|=6.434e-05 cfl=4.92e+03 dtau=[4.16e+00,1.02e+02] gmres=4
[nsb] it=97 |R_tau|=2.6035e-02 rel=5.821e-05 |R_steady|/|R0|=5.821e-05 cfl=5.46e+03 dtau=[4.62e+00,1.14e+02] gmres=4
[nsb] it=98 |R_tau|=2.3670e-02 rel=5.292e-05 |R_steady|/|R0|=5.292e-05 cfl=6.04e+03 dtau=[5.10e+00,1.26e+02] gmres=4
[nsb] it=99 |R_tau|=2.1591e-02 rel=4.828e-05 |R_steady|/|R0|=4.828e-05 cfl=6.64e+03 dtau=[5.62e+00,1.38e+02] gmres=4
[nsb] it=100 |R_tau|=1.9714e-02 rel=4.408e-05 |R_steady|/|R0|=4.408e-05 cfl=7.28e+03 dtau=[6.16e+00,1.52e+02] gmres=4
[nsb] it=101 |R_tau|=1.7970e-02 rel=4.018e-05 |R_steady|/|R0|=4.018e-05 cfl=7.98e+03 dtau=[6.74e+00,1.66e+02] gmres=4
[nsb] it=102 |R_tau|=1.6317e-02 rel=3.648e-05 |R_steady|/|R0|=3.648e-05 cfl=8.75e+03 dtau=[7.40e+00,1.82e+02] gmres=4
[nsb] it=103 |R_tau|=1.4735e-02 rel=3.294e-05 |R_steady|/|R0|=3.294e-05 cfl=9.64e+03 dtau=[8.15e+00,2.01e+02] gmres=4
[nsb] it=104 |R_tau|=1.3221e-02 rel=2.956e-05 |R_steady|/|R0|=2.956e-05 cfl=1.07e+04 dtau=[9.02e+00,2.22e+02] gmres=4
[nsb] it=105 |R_tau|=1.1784e-02 rel=2.635e-05 |R_steady|/|R0|=2.635e-05 cfl=1.19e+04 dtau=[1.01e+01,2.48e+02] gmres=4
[nsb] it=106 |R_tau|=1.0436e-02 rel=2.333e-05 |R_steady|/|R0|=2.333e-05 cfl=1.33e+04 dtau=[1.13e+01,2.78e+02] gmres=4
[nsb] it=107 |R_tau|=9.1913e-03 rel=2.055e-05 |R_steady|/|R0|=2.055e-05 cfl=1.51e+04 dtau=[1.27e+01,3.14e+02] gmres=4
[nsb] it=108 |R_tau|=8.0607e-03 rel=1.802e-05 |R_steady|/|R0|=1.802e-05 cfl=1.71e+04 dtau=[1.45e+01,3.56e+02] gmres=3
[nsb] it=109 |R_tau|=7.0489e-03 rel=1.576e-05 |R_steady|/|R0|=1.576e-05 cfl=1.95e+04 dtau=[1.65e+01,4.06e+02] gmres=3
[nsb] it=110 |R_tau|=6.1560e-03 rel=1.376e-05 |R_steady|/|R0|=1.376e-05 cfl=2.23e+04 dtau=[1.89e+01,4.65e+02] gmres=3
[nsb] it=111 |R_tau|=5.3761e-03 rel=1.202e-05 |R_steady|/|R0|=1.202e-05 cfl=2.55e+04 dtau=[2.16e+01,5.32e+02] gmres=3
[nsb] it=112 |R_tau|=4.6997e-03 rel=1.051e-05 |R_steady|/|R0|=1.051e-05 cfl=2.92e+04 dtau=[2.47e+01,6.09e+02] gmres=3
[nsb] it=113 |R_tau|=4.1136e-03 rel=9.198e-06 |R_steady|/|R0|=9.198e-06 cfl=3.35e+04 dtau=[2.83e+01,6.97e+02] gmres=3
[nsb] it=114 |R_tau|=3.6045e-03 rel=8.059e-06 |R_steady|/|R0|=8.059e-06 cfl=3.82e+04 dtau=[3.23e+01,7.96e+02] gmres=3
[nsb] it=115 |R_tau|=3.1595e-03 rel=7.064e-06 |R_steady|/|R0|=7.064e-06 cfl=4.36e+04 dtau=[3.69e+01,9.09e+02] gmres=3
[nsb] it=116 |R_tau|=2.7675e-03 rel=6.188e-06 |R_steady|/|R0|=6.188e-06 cfl=4.98e+04 dtau=[4.21e+01,1.04e+03] gmres=3
[nsb] it=117 |R_tau|=2.4199e-03 rel=5.411e-06 |R_steady|/|R0|=5.411e-06 cfl=5.68e+04 dtau=[4.80e+01,1.18e+03] gmres=3
[nsb] it=118 |R_tau|=2.1102e-03 rel=4.718e-06 |R_steady|/|R0|=4.718e-06 cfl=6.5e+04 dtau=[5.49e+01,1.35e+03] gmres=3
[nsb] it=119 |R_tau|=1.8340e-03 rel=4.100e-06 |R_steady|/|R0|=4.100e-06 cfl=7.45e+04 dtau=[6.30e+01,1.55e+03] gmres=3
[nsb] it=120 |R_tau|=1.5881e-03 rel=3.551e-06 |R_steady|/|R0|=3.551e-06 cfl=8.57e+04 dtau=[7.25e+01,1.79e+03] gmres=3
[nsb] it=121 |R_tau|=1.3705e-03 rel=3.064e-06 |R_steady|/|R0|=3.064e-06 cfl=9.9e+04 dtau=[8.37e+01,2.06e+03] gmres=3
[nsb] it=122 |R_tau|=1.1797e-03 rel=2.638e-06 |R_steady|/|R0|=2.638e-06 cfl=1.15e+05 dtau=[9.70e+01,2.39e+03] gmres=3
[nsb] it=123 |R_tau|=1.0141e-03 rel=2.267e-06 |R_steady|/|R0|=2.267e-06 cfl=1.33e+05 dtau=[1.13e+02,2.78e+03] gmres=3
[nsb] it=124 |R_tau|=8.7212e-04 rel=1.950e-06 |R_steady|/|R0|=1.950e-06 cfl=1.55e+05 dtau=[1.31e+02,3.23e+03] gmres=3
[nsb] it=125 |R_tau|=7.5198e-04 rel=1.681e-06 |R_steady|/|R0|=1.681e-06 cfl=1.8e+05 dtau=[1.52e+02,3.76e+03] gmres=3
[nsb] it=126 |R_tau|=6.5150e-04 rel=1.457e-06 |R_steady|/|R0|=1.457e-06 cfl=2.09e+05 dtau=[1.77e+02,4.36e+03] gmres=3
[nsb] it=127 |R_tau|=5.6826e-04 rel=1.271e-06 |R_steady|/|R0|=1.271e-06 cfl=2.41e+05 dtau=[2.04e+02,5.03e+03] gmres=3
[nsb] it=128 |R_tau|=4.9966e-04 rel=1.117e-06 |R_steady|/|R0|=1.117e-06 cfl=2.77e+05 dtau=[2.34e+02,5.76e+03] gmres=3
[nsb] it=129 |R_tau|=4.4306e-04 rel=9.906e-07 |R_steady|/|R0|=9.906e-07 cfl=3.15e+05 dtau=[2.66e+02,6.56e+03] gmres=3
[nsb] done converged=True reason='' it=129 m_in=2.0000e+02 m_out=2.0000e+02 rejected=0 elapsed=201.8s
--> uturn_r2_U2_fixed_stokes_bt: {'converged': True, 'reason': '', 'n_iter': 129, 'n_rejected': 0, 'rel_final': 9.906361469644285e-07, 'rel_steady_final': 9.906361469644285e-07, 'rel_min': 9.906361469644285e-07, 'first_step_ratio': 1.9484448844862527, 'mass_ratio': 1.0000000000000366, 'p_inlet_mean': 35555.03122991678, 'speed_max': 3.6244743988903854, 'elapsed': 201.8148002300004}

==== summary ====
flat_r2_U2_fixed_stokes      conv=True  reason=           it= 77 rej= 0 step1=7.46e-01 rel=9.62e-07 steady=9.62e-07 m_out/m_in=1.0000
flat_r2_U2_fixed_stokes_bt   conv=True  reason=           it= 81 rej= 1 step1=7.46e-01 rel=8.47e-07 steady=8.47e-07 m_out/m_in=1.0000
uturn_r2_U2_fixed_stokes     conv=True  reason=           it=129 rej= 0 step1=1.95e+00 rel=9.91e-07 steady=9.91e-07 m_out/m_in=1.0000
uturn_r2_U2_fixed_stokes_bt  conv=True  reason=           it=129 rej= 0 step1=1.95e+00 rel=9.91e-07 steady=9.91e-07 m_out/m_in=1.0000
saved: experiments/nsb/results/main-robust-r2.yaml
