===== uturn_r1_U0.1_mine =====
[nsb] it=0 |R|=2.9012e+00 cfl=0.5
[nsb] it=1 |R_tau|=1.2168e+01 rel=4.194e+00 |R_steady|/|R0|=4.194e+00 cfl=0.5 dtau=[1.00e+30,1.00e+30] gmres=1
[nsb] it=2 |R_tau|=5.4730e+00 rel=1.886e+00 |R_steady|/|R0|=3.328e+00 cfl=0.119 dtau=[2.91e-03,1.45e+03] gmres=6
[nsb] it=3 |R_tau|=2.2403e+00 rel=7.722e-01 |R_steady|/|R0|=1.373e+00 cfl=0.238 dtau=[6.50e-03,3.16e+03] gmres=6
[nsb] it=4 |R_tau|=1.2369e+00 rel=4.264e-01 |R_steady|/|R0|=6.847e-01 cfl=0.477 dtau=[1.43e-02,6.20e+03] gmres=4
[nsb] it=5 |R_tau|=6.3739e-01 rel=2.197e-01 |R_steady|/|R0|=3.220e-01 cfl=0.864 dtau=[2.64e-02,1.11e+04] gmres=4
[nsb] it=6 |R_tau|=3.0867e-01 rel=1.064e-01 |R_steady|/|R0|=1.406e-01 cfl=1.68 dtau=[5.12e-02,2.16e+04] gmres=5
[nsb] it=7 |R_tau|=1.3978e-01 rel=4.818e-02 |R_steady|/|R0|=5.784e-02 cfl=3.35 dtau=[1.02e-01,4.31e+04] gmres=4
[nsb] it=8 |R_tau|=5.9808e-02 rel=2.061e-02 |R_steady|/|R0|=2.301e-02 cfl=6.7 dtau=[2.05e-01,8.61e+04] gmres=4
[nsb] it=9 |R_tau|=2.4801e-02 rel=8.549e-03 |R_steady|/|R0|=9.110e-03 cfl=13.4 dtau=[4.11e-01,1.72e+05] gmres=4
[nsb] it=10 |R_tau|=1.0276e-02 rel=3.542e-03 |R_steady|/|R0|=3.672e-03 cfl=26.8 dtau=[8.23e-01,3.45e+05] gmres=6
[nsb] it=11 |R_tau|=4.3406e-03 rel=1.496e-03 |R_steady|/|R0|=1.526e-03 cfl=53.6 dtau=[1.65e+00,6.89e+05] gmres=6
[nsb] it=12 |R_tau|=1.8793e-03 rel=6.478e-04 |R_steady|/|R0|=6.548e-04 cfl=107 dtau=[3.29e+00,1.38e+06] gmres=6
[nsb] it=13 |R_tau|=8.3112e-04 rel=2.865e-04 |R_steady|/|R0|=2.881e-04 cfl=215 dtau=[6.59e+00,2.76e+06] gmres=6
[nsb] it=14 |R_tau|=3.7371e-04 rel=1.288e-04 |R_steady|/|R0|=1.292e-04 cfl=429 dtau=[1.32e+01,5.51e+06] gmres=6
[nsb] it=15 |R_tau|=1.7001e-04 rel=5.860e-05 |R_steady|/|R0|=5.869e-05 cfl=858 dtau=[2.64e+01,1.10e+07] gmres=6
[nsb] it=16 |R_tau|=7.7987e-05 rel=2.688e-05 |R_steady|/|R0|=2.690e-05 cfl=1.72e+03 dtau=[5.27e+01,2.21e+07] gmres=6
[nsb] it=17 |R_tau|=3.6003e-05 rel=1.241e-05 |R_steady|/|R0|=1.241e-05 cfl=3.43e+03 dtau=[1.05e+02,4.41e+07] gmres=5
[nsb] it=18 |R_tau|=1.6710e-05 rel=5.760e-06 |R_steady|/|R0|=5.761e-06 cfl=6.87e+03 dtau=[2.11e+02,8.82e+07] gmres=5
[nsb] it=19 |R_tau|=7.7923e-06 rel=2.686e-06 |R_steady|/|R0|=2.686e-06 cfl=1.37e+04 dtau=[4.22e+02,1.76e+08] gmres=6
[nsb] it=20 |R_tau|=3.6496e-06 rel=1.258e-06 |R_steady|/|R0|=1.258e-06 cfl=2.75e+04 dtau=[8.43e+02,3.53e+08] gmres=6
[nsb] it=21 |R_tau|=1.7156e-06 rel=5.914e-07 |R_steady|/|R0|=5.914e-07 cfl=5.49e+04 dtau=[1.69e+03,7.06e+08] gmres=4
[nsb] done converged=True reason='' it=21 m_in=1.0000e+01 m_out=1.0000e+01 elapsed=9.1s
--> uturn_r1_U0.1_mine: {'converged': True, 'reason': '', 'n_iter': 21, 'rel_final': 5.913502863361187e-07, 'rel_steady_final': 5.913653061878934e-07, 'rel_min': 5.913502863361187e-07, 'first_step_ratio': 4.194079327324941, 'mass_ratio': 1.0000000000000007, 'p_inlet_mean': 1700.9690043419644, 'speed_max': 0.19247469579498533, 'elapsed': 9.065566647000196}
===== uturn_r1_U0.1_mine_nores =====
[nsb] it=0 |R|=2.9012e+00 cfl=0.5
[nsb] it=1 |R_tau|=1.2168e+01 rel=4.194e+00 |R_steady|/|R0|=4.194e+00 cfl=0.5 dtau=[1.00e+30,1.00e+30] gmres=1
[nsb] it=2 |R_tau|=7.0742e+00 rel=2.438e+00 |R_steady|/|R0|=2.438e+00 cfl=0.119 dtau=[2.91e-03,1.45e+03] gmres=3
[nsb] it=3 |R_tau|=2.5875e+00 rel=8.919e-01 |R_steady|/|R0|=8.919e-01 cfl=0.205 dtau=[5.89e-03,2.66e+03] gmres=3
[nsb] it=4 |R_tau|=1.1729e+00 rel=4.043e-01 |R_steady|/|R0|=4.043e-01 cfl=0.41 dtau=[1.24e-02,5.29e+03] gmres=3
[nsb] it=5 |R_tau|=4.9531e-01 rel=1.707e-01 |R_steady|/|R0|=1.707e-01 cfl=0.82 dtau=[2.51e-02,1.06e+04] gmres=3
[nsb] it=6 |R_tau|=1.9898e-01 rel=6.859e-02 |R_steady|/|R0|=6.859e-02 cfl=1.64 dtau=[5.01e-02,2.11e+04] gmres=3
[nsb] it=7 |R_tau|=7.7342e-02 rel=2.666e-02 |R_steady|/|R0|=2.666e-02 cfl=3.28 dtau=[1.00e-01,4.22e+04] gmres=4
[nsb] it=8 |R_tau|=2.9993e-02 rel=1.034e-02 |R_steady|/|R0|=1.034e-02 cfl=6.56 dtau=[2.01e-01,8.43e+04] gmres=6
[nsb] it=9 |R_tau|=1.1870e-02 rel=4.091e-03 |R_steady|/|R0|=4.091e-03 cfl=13.1 dtau=[4.03e-01,1.69e+05] gmres=6
[nsb] it=10 |R_tau|=4.8632e-03 rel=1.676e-03 |R_steady|/|R0|=1.676e-03 cfl=26.2 dtau=[8.06e-01,3.37e+05] gmres=6
[nsb] it=11 |R_tau|=2.0663e-03 rel=7.122e-04 |R_steady|/|R0|=7.122e-04 cfl=52.5 dtau=[1.61e+00,6.74e+05] gmres=6
[nsb] it=12 |R_tau|=9.0424e-04 rel=3.117e-04 |R_steady|/|R0|=3.117e-04 cfl=105 dtau=[3.22e+00,1.35e+06] gmres=6
[nsb] it=13 |R_tau|=4.0431e-04 rel=1.394e-04 |R_steady|/|R0|=1.394e-04 cfl=210 dtau=[6.45e+00,2.70e+06] gmres=6
[nsb] it=14 |R_tau|=1.8344e-04 rel=6.323e-05 |R_steady|/|R0|=6.323e-05 cfl=420 dtau=[1.29e+01,5.40e+06] gmres=6
[nsb] it=15 |R_tau|=8.4048e-05 rel=2.897e-05 |R_steady|/|R0|=2.897e-05 cfl=840 dtau=[2.58e+01,1.08e+07] gmres=6
[nsb] it=16 |R_tau|=3.8782e-05 rel=1.337e-05 |R_steady|/|R0|=1.337e-05 cfl=1.68e+03 dtau=[5.16e+01,2.16e+07] gmres=5
[nsb] it=17 |R_tau|=1.7996e-05 rel=6.203e-06 |R_steady|/|R0|=6.203e-06 cfl=3.36e+03 dtau=[1.03e+02,4.32e+07] gmres=5
[nsb] it=18 |R_tau|=8.3919e-06 rel=2.893e-06 |R_steady|/|R0|=2.893e-06 cfl=6.72e+03 dtau=[2.06e+02,8.63e+07] gmres=5
[nsb] it=19 |R_tau|=3.9303e-06 rel=1.355e-06 |R_steady|/|R0|=1.355e-06 cfl=1.34e+04 dtau=[4.13e+02,1.73e+08] gmres=6
[nsb] it=20 |R_tau|=1.8476e-06 rel=6.369e-07 |R_steady|/|R0|=6.369e-07 cfl=2.69e+04 dtau=[8.26e+02,3.45e+08] gmres=4
[nsb] done converged=True reason='' it=20 m_in=1.0000e+01 m_out=1.0000e+01 elapsed=10.5s
--> uturn_r1_U0.1_mine_nores: {'converged': True, 'reason': '', 'n_iter': 20, 'rel_final': 6.3685310713094e-07, 'rel_steady_final': 6.3685310713094e-07, 'rel_min': 6.3685310713094e-07, 'first_step_ratio': 4.194079327324941, 'mass_ratio': 0.9999999999999982, 'p_inlet_mean': 1700.9690045344425, 'speed_max': 0.19247469519399565, 'elapsed': 10.454766453999582}
===== uturn_r1_U0.1_floor =====
[nsb] it=0 |R|=2.9012e+00 cfl=0.5
[nsb] it=1 |R_tau|=1.5266e+01 rel=5.262e+00 |R_steady|/|R0|=5.317e+00 cfl=0.5 dtau=[4.17e-01,4.17e-01] gmres=6
[nsb] it=2 |R_tau|=7.9354e+00 rel=2.735e+00 |R_steady|/|R0|=5.104e+00 cfl=0.095 dtau=[2.02e-03,7.92e-02] gmres=6
[nsb] it=3 |R_tau|=3.8265e+00 rel=1.319e+00 |R_steady|/|R0|=2.277e+00 cfl=0.183 dtau=[4.34e-03,1.52e-01] gmres=6
[nsb] it=4 |R_tau|=2.1472e+00 rel=7.401e-01 |R_steady|/|R0|=1.192e+00 cfl=0.366 dtau=[9.56e-03,3.05e-01] gmres=5
[nsb] it=5 |R_tau|=1.1259e+00 rel=3.881e-01 |R_steady|/|R0|=5.879e-01 cfl=0.652 dtau=[1.92e-02,5.43e-01] gmres=4
[nsb] it=6 |R_tau|=5.5991e-01 rel=1.930e-01 |R_steady|/|R0|=2.665e-01 cfl=1.24 dtau=[3.81e-02,1.04e+00] gmres=5
[nsb] it=7 |R_tau|=2.6115e-01 rel=9.001e-02 |R_steady|/|R0|=1.123e-01 cfl=2.49 dtau=[7.59e-02,2.07e+00] gmres=4
[nsb] it=8 |R_tau|=1.1360e-01 rel=3.916e-02 |R_steady|/|R0|=4.487e-02 cfl=4.97 dtau=[1.52e-01,4.14e+00] gmres=4
[nsb] it=9 |R_tau|=4.6988e-02 rel=1.620e-02 |R_steady|/|R0|=1.750e-02 cfl=9.94 dtau=[3.05e-01,8.28e+00] gmres=4
[nsb] it=10 |R_tau|=1.8949e-02 rel=6.531e-03 |R_steady|/|R0|=6.823e-03 cfl=19.9 dtau=[6.10e-01,1.66e+01] gmres=4
[nsb] it=11 |R_tau|=7.6747e-03 rel=2.645e-03 |R_steady|/|R0|=2.711e-03 cfl=39.8 dtau=[1.22e+00,3.31e+01] gmres=6
[nsb] it=12 |R_tau|=3.1736e-03 rel=1.094e-03 |R_steady|/|R0|=1.109e-03 cfl=79.5 dtau=[2.44e+00,6.63e+01] gmres=6
[nsb] it=13 |R_tau|=1.3465e-03 rel=4.641e-04 |R_steady|/|R0|=4.675e-04 cfl=159 dtau=[4.89e+00,1.33e+02] gmres=6
[nsb] it=14 |R_tau|=5.8508e-04 rel=2.017e-04 |R_steady|/|R0|=2.024e-04 cfl=318 dtau=[9.77e+00,2.65e+02] gmres=6
[nsb] it=15 |R_tau|=2.5915e-04 rel=8.933e-05 |R_steady|/|R0|=8.950e-05 cfl=636 dtau=[1.95e+01,5.30e+02] gmres=6
[nsb] it=16 |R_tau|=1.1646e-04 rel=4.014e-05 |R_steady|/|R0|=4.018e-05 cfl=1.27e+03 dtau=[3.91e+01,1.06e+03] gmres=6
[nsb] it=17 |R_tau|=5.2905e-05 rel=1.824e-05 |R_steady|/|R0|=1.825e-05 cfl=2.54e+03 dtau=[7.82e+01,2.12e+03] gmres=5
[nsb] it=18 |R_tau|=2.4241e-05 rel=8.356e-06 |R_steady|/|R0|=8.358e-06 cfl=5.09e+03 dtau=[1.56e+02,4.24e+03] gmres=5
[nsb] it=19 |R_tau|=1.1186e-05 rel=3.856e-06 |R_steady|/|R0|=3.856e-06 cfl=1.02e+04 dtau=[3.13e+02,8.48e+03] gmres=5
[nsb] it=20 |R_tau|=5.1926e-06 rel=1.790e-06 |R_steady|/|R0|=1.790e-06 cfl=2.04e+04 dtau=[6.25e+02,1.70e+04] gmres=6
[nsb] it=21 |R_tau|=2.4231e-06 rel=8.352e-07 |R_steady|/|R0|=8.352e-07 cfl=4.07e+04 dtau=[1.25e+03,3.39e+04] gmres=6
[nsb] done converged=True reason='' it=21 m_in=1.0000e+01 m_out=1.0000e+01 elapsed=10.3s
--> uturn_r1_U0.1_floor: {'converged': True, 'reason': '', 'n_iter': 21, 'rel_final': 8.351879799214433e-07, 'rel_steady_final': 8.352163805684549e-07, 'rel_min': 8.351879799214433e-07, 'first_step_ratio': 5.261993621749598, 'mass_ratio': 1.0000000000000033, 'p_inlet_mean': 1700.9690069004384, 'speed_max': 0.19247468929005807, 'elapsed': 10.287374808000095}
===== uturn_r1_U0.1_fixed =====
[nsb] it=0 |R|=2.9012e+00 cfl=0.5
[nsb] it=1 |R_tau|=1.3796e+01 rel=4.755e+00 |R_steady|/|R0|=4.755e+00 cfl=0.5 dtau=[4.17e-01,4.17e-01] gmres=1
[nsb] it=2 |R_tau|=8.9213e+00 rel=3.075e+00 |R_steady|/|R0|=3.075e+00 cfl=0.105 dtau=[2.39e-03,8.76e-02] gmres=3
[nsb] it=3 |R_tau|=3.6186e+00 rel=1.247e+00 |R_steady|/|R0|=1.247e+00 cfl=0.163 dtau=[4.35e-03,1.36e-01] gmres=3
[nsb] it=4 |R_tau|=1.7173e+00 rel=5.919e-01 |R_steady|/|R0|=5.919e-01 cfl=0.325 dtau=[9.72e-03,2.71e-01] gmres=3
[nsb] it=5 |R_tau|=7.4601e-01 rel=2.571e-01 |R_steady|/|R0|=2.571e-01 cfl=0.65 dtau=[2.00e-02,5.42e-01] gmres=3
[nsb] it=6 |R_tau|=3.0450e-01 rel=1.050e-01 |R_steady|/|R0|=1.050e-01 cfl=1.3 dtau=[3.97e-02,1.08e+00] gmres=3
[nsb] it=7 |R_tau|=1.1892e-01 rel=4.099e-02 |R_steady|/|R0|=4.099e-02 cfl=2.6 dtau=[7.95e-02,2.17e+00] gmres=3
[nsb] it=8 |R_tau|=4.5712e-02 rel=1.576e-02 |R_steady|/|R0|=1.576e-02 cfl=5.2 dtau=[1.59e-01,4.34e+00] gmres=4
[nsb] it=9 |R_tau|=1.7710e-02 rel=6.104e-03 |R_steady|/|R0|=6.104e-03 cfl=10.4 dtau=[3.19e-01,8.67e+00] gmres=6
[nsb] it=10 |R_tau|=7.0540e-03 rel=2.431e-03 |R_steady|/|R0|=2.431e-03 cfl=20.8 dtau=[6.39e-01,1.73e+01] gmres=6
[nsb] it=11 |R_tau|=2.9131e-03 rel=1.004e-03 |R_steady|/|R0|=1.004e-03 cfl=41.6 dtau=[1.28e+00,3.47e+01] gmres=6
[nsb] it=12 |R_tau|=1.2448e-03 rel=4.291e-04 |R_steady|/|R0|=4.291e-04 cfl=83.3 dtau=[2.56e+00,6.94e+01] gmres=6
[nsb] it=13 |R_tau|=5.4651e-04 rel=1.884e-04 |R_steady|/|R0|=1.884e-04 cfl=167 dtau=[5.11e+00,1.39e+02] gmres=6
[nsb] it=14 |R_tau|=2.4465e-04 rel=8.433e-05 |R_steady|/|R0|=8.433e-05 cfl=333 dtau=[1.02e+01,2.78e+02] gmres=6
[nsb] it=15 |R_tau|=1.1099e-04 rel=3.826e-05 |R_steady|/|R0|=3.826e-05 cfl=666 dtau=[2.05e+01,5.55e+02] gmres=6
[nsb] it=16 |R_tau|=5.0825e-05 rel=1.752e-05 |R_steady|/|R0|=1.752e-05 cfl=1.33e+03 dtau=[4.09e+01,1.11e+03] gmres=5
[nsb] it=17 |R_tau|=2.3441e-05 rel=8.080e-06 |R_steady|/|R0|=8.080e-06 cfl=2.66e+03 dtau=[8.18e+01,2.22e+03] gmres=5
[nsb] it=18 |R_tau|=1.0874e-05 rel=3.748e-06 |R_steady|/|R0|=3.748e-06 cfl=5.33e+03 dtau=[1.64e+02,4.44e+03] gmres=5
[nsb] it=19 |R_tau|=5.0700e-06 rel=1.748e-06 |R_steady|/|R0|=1.748e-06 cfl=1.07e+04 dtau=[3.27e+02,8.88e+03] gmres=6
[nsb] it=20 |R_tau|=2.3742e-06 rel=8.184e-07 |R_steady|/|R0|=8.184e-07 cfl=2.13e+04 dtau=[6.55e+02,1.78e+04] gmres=6
[nsb] done converged=True reason='' it=20 m_in=1.0000e+01 m_out=1.0000e+01 elapsed=12.9s
--> uturn_r1_U0.1_fixed: {'converged': True, 'reason': '', 'n_iter': 20, 'rel_final': 8.183529470994047e-07, 'rel_steady_final': 8.183529470994047e-07, 'rel_min': 8.183529470994047e-07, 'first_step_ratio': 4.755104514073091, 'mass_ratio': 1.0000000000000036, 'p_inlet_mean': 1700.9690060353043, 'speed_max': 0.19247469120320865, 'elapsed': 12.923651651}
===== uturn_r1_U1_mine =====
[nsb] it=0 |R|=4.0829e+01 cfl=0.5
[nsb] it=1 |R_tau|=5.4644e+02 rel=1.338e+01 |R_steady|/|R0|=1.338e+01 cfl=0.5 dtau=[1.00e+30,1.00e+30] gmres=11 (gmres not converged)
[nsb] it=2 |R_tau|=9.0150e+02 rel=2.208e+01 |R_steady|/|R0|=4.186e+01 cfl=0.05 dtau=[5.71e-05,6.08e+01] gmres=11
[nsb] it=3 |R_tau|=5.0172e+02 rel=1.229e+01 |R_steady|/|R0|=2.432e+01 cfl=0.0303 dtau=[3.51e-05,1.34e+01] gmres=10
[nsb] it=4 |R_tau|=5.1528e+02 rel=1.262e+01 |R_steady|/|R0|=1.983e+01 cfl=0.0545 dtau=[6.35e-05,9.88e+01] gmres=12
[nsb] it=5 |R_tau|=3.3093e+02 rel=8.105e+00 |R_steady|/|R0|=1.582e+01 cfl=0.053 dtau=[6.25e-05,2.86e+02] gmres=8
[nsb] it=6 |R_tau|=2.7563e+02 rel=6.751e+00 |R_steady|/|R0|=1.326e+01 cfl=0.0826 dtau=[9.85e-05,3.36e+02] gmres=8
[nsb] it=7 |R_tau|=2.3724e+02 rel=5.811e+00 |R_steady|/|R0|=1.139e+01 cfl=0.0991 dtau=[1.20e-04,1.66e+02] gmres=8
[nsb] it=8 |R_tau|=2.0791e+02 rel=5.092e+00 |R_steady|/|R0|=9.967e+00 cfl=0.115 dtau=[1.42e-04,1.90e+02] gmres=7
[nsb] it=9 |R_tau|=1.8455e+02 rel=4.520e+00 |R_steady|/|R0|=8.844e+00 cfl=0.131 dtau=[1.66e-04,2.34e+02] gmres=7
[nsb] it=10 |R_tau|=1.6607e+02 rel=4.068e+00 |R_steady|/|R0|=7.948e+00 cfl=0.148 dtau=[1.91e-04,2.86e+02] gmres=8
[nsb] it=11 |R_tau|=1.5081e+02 rel=3.694e+00 |R_steady|/|R0|=7.214e+00 cfl=0.165 dtau=[2.18e-04,3.41e+02] gmres=8
[nsb] it=12 |R_tau|=1.3864e+02 rel=3.396e+00 |R_steady|/|R0|=6.620e+00 cfl=0.181 dtau=[2.47e-04,3.96e+02] gmres=8
[nsb] it=13 |R_tau|=1.2850e+02 rel=3.147e+00 |R_steady|/|R0|=6.132e+00 cfl=0.197 dtau=[2.78e-04,4.47e+02] gmres=8
[nsb] it=14 |R_tau|=1.2023e+02 rel=2.945e+00 |R_steady|/|R0|=5.724e+00 cfl=0.213 dtau=[3.10e-04,4.96e+02] gmres=6
[nsb] it=15 |R_tau|=1.1237e+02 rel=2.752e+00 |R_steady|/|R0|=5.351e+00 cfl=0.227 dtau=[3.43e-04,5.42e+02] gmres=6
[nsb] it=16 |R_tau|=1.0580e+02 rel=2.591e+00 |R_steady|/|R0|=5.021e+00 cfl=0.243 dtau=[3.82e-04,5.89e+02] gmres=9
[nsb] it=17 |R_tau|=9.8722e+01 rel=2.418e+00 |R_steady|/|R0|=4.688e+00 cfl=0.258 dtau=[4.23e-04,6.35e+02] gmres=7
[nsb] it=18 |R_tau|=9.2883e+01 rel=2.275e+00 |R_steady|/|R0|=4.387e+00 cfl=0.277 dtau=[4.73e-04,6.88e+02] gmres=6
[nsb] it=19 |R_tau|=8.6194e+01 rel=2.111e+00 |R_steady|/|R0|=4.070e+00 cfl=0.294 dtau=[5.26e-04,7.38e+02] gmres=7
[nsb] it=20 |R_tau|=8.0012e+01 rel=1.960e+00 |R_steady|/|R0|=3.755e+00 cfl=0.317 dtau=[5.96e-04,8.01e+02] gmres=8
[nsb] it=21 |R_tau|=7.3502e+01 rel=1.800e+00 |R_steady|/|R0|=3.447e+00 cfl=0.341 dtau=[6.74e-04,8.69e+02] gmres=5
[nsb] it=22 |R_tau|=6.7102e+01 rel=1.643e+00 |R_steady|/|R0|=3.129e+00 cfl=0.372 dtau=[7.54e-04,9.52e+02] gmres=5
[nsb] it=23 |R_tau|=6.0929e+01 rel=1.492e+00 |R_steady|/|R0|=2.827e+00 cfl=0.407 dtau=[8.52e-04,1.05e+03] gmres=5
[nsb] it=24 |R_tau|=5.5138e+01 rel=1.350e+00 |R_steady|/|R0|=2.541e+00 cfl=0.448 dtau=[9.73e-04,1.16e+03] gmres=5
[nsb] it=25 |R_tau|=4.9563e+01 rel=1.214e+00 |R_steady|/|R0|=2.278e+00 cfl=0.496 dtau=[1.12e-03,1.29e+03] gmres=5
[nsb] it=26 |R_tau|=4.4497e+01 rel=1.090e+00 |R_steady|/|R0|=2.032e+00 cfl=0.551 dtau=[1.31e-03,1.44e+03] gmres=5
[nsb] it=27 |R_tau|=3.9877e+01 rel=9.767e-01 |R_steady|/|R0|=1.801e+00 cfl=0.614 dtau=[1.55e-03,1.62e+03] gmres=5
[nsb] it=28 |R_tau|=4.6830e+01 rel=1.147e+00 |R_steady|/|R0|=1.840e+00 cfl=0.685 dtau=[1.86e-03,1.81e+03] gmres=6
[nsb] it=29 |R_tau|=3.5430e+01 rel=8.678e-01 |R_steady|/|R0|=1.553e+00 cfl=0.583 dtau=[1.71e-03,1.55e+03] gmres=6
[nsb] it=30 |R_tau|=3.0987e+01 rel=7.590e-01 |R_steady|/|R0|=1.333e+00 cfl=0.771 dtau=[2.41e-03,2.06e+03] gmres=6
[nsb] it=31 |R_tau|=2.5129e+01 rel=6.155e-01 |R_steady|/|R0|=1.082e+00 cfl=0.882 dtau=[2.81e-03,2.36e+03] gmres=5
[nsb] it=32 |R_tau|=2.2100e+01 rel=5.413e-01 |R_steady|/|R0|=9.101e-01 cfl=1.09 dtau=[3.48e-03,2.93e+03] gmres=7
[nsb] it=33 |R_tau|=1.7749e+01 rel=4.347e-01 |R_steady|/|R0|=7.156e-01 cfl=1.24 dtau=[3.97e-03,3.35e+03] gmres=7
[nsb] it=34 |R_tau|=1.3201e+01 rel=3.233e-01 |R_steady|/|R0|=5.213e-01 cfl=1.54 dtau=[4.96e-03,1.22e+04] gmres=7
[nsb] it=35 |R_tau|=1.0350e+01 rel=2.535e-01 |R_steady|/|R0|=3.881e-01 cfl=2.07 dtau=[6.71e-03,5.66e+03] gmres=7
[nsb] it=36 |R_tau|=8.4170e+00 rel=2.062e-01 |R_steady|/|R0|=3.007e-01 cfl=2.64 dtau=[8.63e-03,7.25e+03] gmres=7
[nsb] it=37 |R_tau|=6.8081e+00 rel=1.667e-01 |R_steady|/|R0|=2.359e-01 cfl=3.25 dtau=[1.07e-02,8.95e+03] gmres=7
[nsb] it=38 |R_tau|=5.5123e+00 rel=1.350e-01 |R_steady|/|R0|=1.849e-01 cfl=4.01 dtau=[1.33e-02,1.11e+04] gmres=8
[nsb] it=39 |R_tau|=4.5283e+00 rel=1.109e-01 |R_steady|/|R0|=1.460e-01 cfl=4.96 dtau=[1.66e-02,1.37e+04] gmres=7
[nsb] it=40 |R_tau|=3.6431e+00 rel=8.923e-02 |R_steady|/|R0|=1.144e-01 cfl=6.03 dtau=[2.03e-02,1.67e+04] gmres=7
[nsb] it=41 |R_tau|=2.9448e+00 rel=7.212e-02 |R_steady|/|R0|=8.949e-02 cfl=7.5 dtau=[2.53e-02,2.08e+04] gmres=7
[nsb] it=42 |R_tau|=2.3744e+00 rel=5.816e-02 |R_steady|/|R0|=6.999e-02 cfl=9.28 dtau=[3.14e-02,2.58e+04] gmres=6
[nsb] it=43 |R_tau|=1.9051e+00 rel=4.666e-02 |R_steady|/|R0|=5.465e-02 cfl=11.5 dtau=[3.90e-02,3.20e+04] gmres=5
[nsb] it=44 |R_tau|=1.5215e+00 rel=3.726e-02 |R_steady|/|R0|=4.255e-02 cfl=14.3 dtau=[4.87e-02,3.98e+04] gmres=8
[nsb] it=45 |R_tau|=1.2114e+00 rel=2.967e-02 |R_steady|/|R0|=3.312e-02 cfl=18 dtau=[6.10e-02,4.98e+04] gmres=8
[nsb] it=46 |R_tau|=9.5267e-01 rel=2.333e-02 |R_steady|/|R0|=2.557e-02 cfl=22.6 dtau=[7.67e-02,6.25e+04] gmres=6
[nsb] it=47 |R_tau|=7.4939e-01 rel=1.835e-02 |R_steady|/|R0|=1.977e-02 cfl=28.7 dtau=[9.76e-02,7.94e+04] gmres=7
[nsb] it=48 |R_tau|=5.8700e-01 rel=1.438e-02 |R_steady|/|R0|=1.527e-02 cfl=36.5 dtau=[1.24e-01,1.01e+05] gmres=7
[nsb] it=49 |R_tau|=4.5925e-01 rel=1.125e-02 |R_steady|/|R0|=1.180e-02 cfl=46.5 dtau=[1.58e-01,1.29e+05] gmres=7
[nsb] it=50 |R_tau|=3.5870e-01 rel=8.785e-03 |R_steady|/|R0|=9.131e-03 cfl=59.5 dtau=[2.02e-01,1.64e+05] gmres=7
[nsb] it=51 |R_tau|=2.8075e-01 rel=6.876e-03 |R_steady|/|R0|=7.091e-03 cfl=76.2 dtau=[2.59e-01,2.10e+05] gmres=7
[nsb] it=52 |R_tau|=2.2057e-01 rel=5.402e-03 |R_steady|/|R0|=5.536e-03 cfl=97.3 dtau=[3.31e-01,2.69e+05] gmres=8
[nsb] it=53 |R_tau|=1.7412e-01 rel=4.265e-03 |R_steady|/|R0|=4.348e-03 cfl=124 dtau=[4.22e-01,3.42e+05] gmres=8
[nsb] it=54 |R_tau|=1.3794e-01 rel=3.378e-03 |R_steady|/|R0|=3.431e-03 cfl=157 dtau=[5.34e-01,4.33e+05] gmres=8
[nsb] it=55 |R_tau|=1.0881e-01 rel=2.665e-03 |R_steady|/|R0|=2.698e-03 cfl=198 dtau=[6.74e-01,5.47e+05] gmres=6
[nsb] it=56 |R_tau|=8.6092e-02 rel=2.109e-03 |R_steady|/|R0|=2.129e-03 cfl=251 dtau=[8.54e-01,6.93e+05] gmres=6
[nsb] it=57 |R_tau|=6.8240e-02 rel=1.671e-03 |R_steady|/|R0|=1.684e-03 cfl=317 dtau=[1.08e+00,8.76e+05] gmres=6
[nsb] it=58 |R_tau|=5.4168e-02 rel=1.327e-03 |R_steady|/|R0|=1.335e-03 cfl=400 dtau=[1.36e+00,1.11e+06] gmres=6
[nsb] it=59 |R_tau|=4.3045e-02 rel=1.054e-03 |R_steady|/|R0|=1.059e-03 cfl=504 dtau=[1.72e+00,1.39e+06] gmres=6
[nsb] it=60 |R_tau|=3.4231e-02 rel=8.384e-04 |R_steady|/|R0|=8.417e-04 cfl=635 dtau=[2.16e+00,1.75e+06] gmres=7
[nsb] it=61 |R_tau|=2.7233e-02 rel=6.670e-04 |R_steady|/|R0|=6.691e-04 cfl=798 dtau=[2.72e+00,2.20e+06] gmres=7
[nsb] it=62 |R_tau|=2.1673e-02 rel=5.308e-04 |R_steady|/|R0|=5.321e-04 cfl=1e+03 dtau=[3.41e+00,2.77e+06] gmres=5
[nsb] it=63 |R_tau|=1.7252e-02 rel=4.225e-04 |R_steady|/|R0|=4.234e-04 cfl=1.26e+03 dtau=[4.29e+00,3.48e+06] gmres=5
[nsb] it=64 |R_tau|=1.3734e-02 rel=3.364e-04 |R_steady|/|R0|=3.369e-04 cfl=1.58e+03 dtau=[5.39e+00,4.37e+06] gmres=5
[nsb] it=65 |R_tau|=1.0934e-02 rel=2.678e-04 |R_steady|/|R0|=2.682e-04 cfl=1.99e+03 dtau=[6.77e+00,5.49e+06] gmres=5
[nsb] it=66 |R_tau|=8.7051e-03 rel=2.132e-04 |R_steady|/|R0|=2.134e-04 cfl=2.5e+03 dtau=[8.50e+00,6.90e+06] gmres=5
[nsb] it=67 |R_tau|=6.9291e-03 rel=1.697e-04 |R_steady|/|R0|=1.698e-04 cfl=3.14e+03 dtau=[1.07e+01,8.66e+06] gmres=5
[nsb] it=68 |R_tau|=5.5137e-03 rel=1.350e-04 |R_steady|/|R0|=1.351e-04 cfl=3.94e+03 dtau=[1.34e+01,1.09e+07] gmres=5
[nsb] it=69 |R_tau|=4.3858e-03 rel=1.074e-04 |R_steady|/|R0|=1.075e-04 cfl=4.96e+03 dtau=[1.69e+01,1.37e+07] gmres=5
[nsb] it=70 |R_tau|=3.4876e-03 rel=8.542e-05 |R_steady|/|R0|=8.546e-05 cfl=6.23e+03 dtau=[2.12e+01,1.72e+07] gmres=5
[nsb] it=71 |R_tau|=2.7730e-03 rel=6.792e-05 |R_steady|/|R0|=6.794e-05 cfl=7.83e+03 dtau=[2.67e+01,2.16e+07] gmres=6
[nsb] it=72 |R_tau|=2.2054e-03 rel=5.402e-05 |R_steady|/|R0|=5.403e-05 cfl=9.85e+03 dtau=[3.35e+01,2.72e+07] gmres=7
[nsb] it=73 |R_tau|=1.7556e-03 rel=4.300e-05 |R_steady|/|R0|=4.301e-05 cfl=1.24e+04 dtau=[4.22e+01,3.42e+07] gmres=6
[nsb] it=74 |R_tau|=1.3993e-03 rel=3.427e-05 |R_steady|/|R0|=3.428e-05 cfl=1.56e+04 dtau=[5.30e+01,4.30e+07] gmres=6
[nsb] it=75 |R_tau|=1.1171e-03 rel=2.736e-05 |R_steady|/|R0|=2.736e-05 cfl=1.95e+04 dtau=[6.64e+01,5.39e+07] gmres=6
[nsb] it=76 |R_tau|=8.9311e-04 rel=2.187e-05 |R_steady|/|R0|=2.188e-05 cfl=2.45e+04 dtau=[8.32e+01,6.75e+07] gmres=6
[nsb] it=77 |R_tau|=7.1482e-04 rel=1.751e-05 |R_steady|/|R0|=1.751e-05 cfl=3.06e+04 dtau=[1.04e+02,8.44e+07] gmres=6
[nsb] it=78 |R_tau|=5.7232e-04 rel=1.402e-05 |R_steady|/|R0|=1.402e-05 cfl=3.82e+04 dtau=[1.30e+02,1.06e+08] gmres=6
[nsb] it=79 |R_tau|=4.5792e-04 rel=1.122e-05 |R_steady|/|R0|=1.122e-05 cfl=4.77e+04 dtau=[1.62e+02,1.32e+08] gmres=10
[nsb] it=80 |R_tau|=3.6576e-04 rel=8.958e-06 |R_steady|/|R0|=8.959e-06 cfl=5.97e+04 dtau=[2.03e+02,1.65e+08] gmres=10
[nsb] done converged=False reason='max_iter' it=80 m_in=1.0000e+02 m_out=1.0000e+02 elapsed=71.3s
--> uturn_r1_U1_mine: {'converged': False, 'reason': 'max_iter', 'n_iter': 80, 'rel_final': 8.958411840241973e-06, 'rel_steady_final': 8.95877618171021e-06, 'rel_min': 8.958411840241973e-06, 'first_step_ratio': 13.383646073972335, 'mass_ratio': 1.0000000000003628, 'p_inlet_mean': 17545.21269851137, 'speed_max': 1.7788418520133502, 'elapsed': 71.34307502299998}
===== uturn_r1_U1_mine_nores =====
[nsb] it=0 |R|=4.0829e+01 cfl=0.5
[nsb] it=1 |R_tau|=5.4644e+02 rel=1.338e+01 |R_steady|/|R0|=1.338e+01 cfl=0.5 dtau=[1.00e+30,1.00e+30] gmres=11 (gmres not converged)
[nsb] it=2 |R_tau|=1.2873e+03 rel=3.153e+01 |R_steady|/|R0|=3.153e+01 cfl=0.05 dtau=[5.71e-05,6.08e+01] gmres=3
[nsb] it=3 |R_tau|=7.7038e+02 rel=1.887e+01 |R_steady|/|R0|=1.887e+01 cfl=0.0212 dtau=[2.48e-05,2.90e+01] gmres=13
[nsb] it=4 |R_tau|=7.1245e+02 rel=1.745e+01 |R_steady|/|R0|=1.745e+01 cfl=0.0355 dtau=[4.19e-05,2.03e+02] gmres=7
[nsb] it=5 |R_tau|=5.3479e+02 rel=1.310e+01 |R_steady|/|R0|=1.310e+01 cfl=0.0383 dtau=[4.59e-05,1.25e+02] gmres=3
[nsb] it=6 |R_tau|=4.6183e+02 rel=1.131e+01 |R_steady|/|R0|=1.131e+01 cfl=0.0511 dtau=[6.21e-05,9.56e+01] gmres=4
[nsb] it=7 |R_tau|=4.0814e+02 rel=9.996e+00 |R_steady|/|R0|=9.996e+00 cfl=0.0592 dtau=[7.34e-05,1.05e+02] gmres=5
[nsb] it=8 |R_tau|=3.6665e+02 rel=8.980e+00 |R_steady|/|R0|=8.980e+00 cfl=0.0669 dtau=[8.49e-05,1.25e+02] gmres=4
[nsb] it=9 |R_tau|=3.3283e+02 rel=8.152e+00 |R_steady|/|R0|=8.152e+00 cfl=0.0745 dtau=[9.68e-05,1.49e+02] gmres=4
[nsb] it=10 |R_tau|=3.0781e+02 rel=7.539e+00 |R_steady|/|R0|=7.539e+00 cfl=0.0821 dtau=[1.09e-04,1.73e+02] gmres=6
[nsb] it=11 |R_tau|=2.8817e+02 rel=7.058e+00 |R_steady|/|R0|=7.058e+00 cfl=0.0888 dtau=[1.22e-04,1.96e+02] gmres=4
[nsb] it=12 |R_tau|=2.7027e+02 rel=6.620e+00 |R_steady|/|R0|=6.620e+00 cfl=0.0948 dtau=[1.34e-04,2.17e+02] gmres=4
[nsb] it=13 |R_tau|=2.5418e+02 rel=6.225e+00 |R_steady|/|R0|=6.225e+00 cfl=0.101 dtau=[1.48e-04,2.37e+02] gmres=4
[nsb] it=14 |R_tau|=2.3946e+02 rel=5.865e+00 |R_steady|/|R0|=5.865e+00 cfl=0.107 dtau=[1.63e-04,2.57e+02] gmres=4
[nsb] it=15 |R_tau|=2.2514e+02 rel=5.514e+00 |R_steady|/|R0|=5.514e+00 cfl=0.114 dtau=[1.79e-04,2.76e+02] gmres=4
[nsb] it=16 |R_tau|=2.1116e+02 rel=5.172e+00 |R_steady|/|R0|=5.172e+00 cfl=0.121 dtau=[1.98e-04,2.98e+02] gmres=5
[nsb] it=17 |R_tau|=1.9640e+02 rel=4.810e+00 |R_steady|/|R0|=4.810e+00 cfl=0.129 dtau=[2.20e-04,3.22e+02] gmres=5
[nsb] it=18 |R_tau|=1.8365e+02 rel=4.498e+00 |R_steady|/|R0|=4.498e+00 cfl=0.139 dtau=[2.48e-04,3.49e+02] gmres=6
[nsb] it=19 |R_tau|=1.7117e+02 rel=4.192e+00 |R_steady|/|R0|=4.192e+00 cfl=0.149 dtau=[2.78e-04,3.76e+02] gmres=5
[nsb] it=20 |R_tau|=1.5753e+02 rel=3.858e+00 |R_steady|/|R0|=3.858e+00 cfl=0.16 dtau=[3.14e-04,4.06e+02] gmres=5
[nsb] it=21 |R_tau|=1.4336e+02 rel=3.511e+00 |R_steady|/|R0|=3.511e+00 cfl=0.173 dtau=[3.61e-04,4.44e+02] gmres=5
[nsb] it=22 |R_tau|=1.2845e+02 rel=3.146e+00 |R_steady|/|R0|=3.146e+00 cfl=0.191 dtau=[4.22e-04,4.90e+02] gmres=5
[nsb] it=23 |R_tau|=1.1295e+02 rel=2.766e+00 |R_steady|/|R0|=2.766e+00 cfl=0.213 dtau=[5.04e-04,5.50e+02] gmres=4
[nsb] it=24 |R_tau|=9.6891e+01 rel=2.373e+00 |R_steady|/|R0|=2.373e+00 cfl=0.242 dtau=[6.18e-04,6.29e+02] gmres=4
[nsb] it=25 |R_tau|=8.0009e+01 rel=1.960e+00 |R_steady|/|R0|=1.960e+00 cfl=0.282 dtau=[7.84e-04,7.37e+02] gmres=4
[nsb] it=26 |R_tau|=6.2947e+01 rel=1.542e+00 |R_steady|/|R0|=1.542e+00 cfl=0.341 dtau=[1.05e-03,8.97e+02] gmres=5
[nsb] it=27 |R_tau|=4.8173e+01 rel=1.180e+00 |R_steady|/|R0|=1.180e+00 cfl=0.434 dtau=[1.37e-03,1.15e+03] gmres=5
[nsb] it=28 |R_tau|=3.6145e+01 rel=8.853e-01 |R_steady|/|R0|=8.853e-01 cfl=0.567 dtau=[1.80e-03,1.51e+03] gmres=6
[nsb] it=29 |R_tau|=2.6773e+01 rel=6.557e-01 |R_steady|/|R0|=6.557e-01 cfl=0.756 dtau=[2.41e-03,2.02e+03] gmres=6
[nsb] it=30 |R_tau|=2.0032e+01 rel=4.906e-01 |R_steady|/|R0|=4.906e-01 cfl=1.02 dtau=[3.25e-03,2.91e+03] gmres=7
[nsb] it=31 |R_tau|=1.3302e+01 rel=3.258e-01 |R_steady|/|R0|=3.258e-01 cfl=1.36 dtau=[4.37e-03,3.71e+03] gmres=7
[nsb] it=32 |R_tau|=9.0920e+00 rel=2.227e-01 |R_steady|/|R0|=2.227e-01 cfl=2.05 dtau=[6.65e-03,5.62e+03] gmres=7
[nsb] it=33 |R_tau|=6.5439e+00 rel=1.603e-01 |R_steady|/|R0|=1.603e-01 cfl=3.01 dtau=[9.84e-03,8.27e+03] gmres=8
[nsb] it=34 |R_tau|=4.8440e+00 rel=1.186e-01 |R_steady|/|R0|=1.186e-01 cfl=4.18 dtau=[1.38e-02,1.15e+04] gmres=8
[nsb] it=35 |R_tau|=3.6426e+00 rel=8.922e-02 |R_steady|/|R0|=8.922e-02 cfl=5.64 dtau=[1.89e-02,1.56e+04] gmres=8
[nsb] it=36 |R_tau|=2.7583e+00 rel=6.756e-02 |R_steady|/|R0|=6.756e-02 cfl=7.5 dtau=[2.52e-02,2.08e+04] gmres=7
[nsb] it=37 |R_tau|=2.0981e+00 rel=5.139e-02 |R_steady|/|R0|=5.139e-02 cfl=9.91 dtau=[3.35e-02,2.75e+04] gmres=6
[nsb] it=38 |R_tau|=1.6025e+00 rel=3.925e-02 |R_steady|/|R0|=3.925e-02 cfl=13 dtau=[4.41e-02,3.61e+04] gmres=7
[nsb] it=39 |R_tau|=1.2254e+00 rel=3.001e-02 |R_steady|/|R0|=3.001e-02 cfl=17 dtau=[5.79e-02,4.73e+04] gmres=7
[nsb] it=40 |R_tau|=9.3767e-01 rel=2.297e-02 |R_steady|/|R0|=2.297e-02 cfl=22.3 dtau=[7.58e-02,6.18e+04] gmres=7
[nsb] it=41 |R_tau|=7.1587e-01 rel=1.753e-02 |R_steady|/|R0|=1.753e-02 cfl=29.1 dtau=[9.91e-02,8.07e+04] gmres=7
[nsb] it=42 |R_tau|=5.4706e-01 rel=1.340e-02 |R_steady|/|R0|=1.340e-02 cfl=38.2 dtau=[1.30e-01,1.06e+05] gmres=7
[nsb] it=43 |R_tau|=4.1925e-01 rel=1.027e-02 |R_steady|/|R0|=1.027e-02 cfl=49.9 dtau=[1.70e-01,1.38e+05] gmres=7
[nsb] it=44 |R_tau|=3.2110e-01 rel=7.865e-03 |R_steady|/|R0|=7.865e-03 cfl=65.2 dtau=[2.22e-01,1.80e+05] gmres=7
[nsb] it=45 |R_tau|=2.4725e-01 rel=6.056e-03 |R_steady|/|R0|=6.056e-03 cfl=85.1 dtau=[2.90e-01,2.35e+05] gmres=7
[nsb] it=46 |R_tau|=1.9205e-01 rel=4.704e-03 |R_steady|/|R0|=4.704e-03 cfl=111 dtau=[3.76e-01,3.05e+05] gmres=7
[nsb] it=47 |R_tau|=1.5053e-01 rel=3.687e-03 |R_steady|/|R0|=3.687e-03 cfl=142 dtau=[4.84e-01,3.93e+05] gmres=8
[nsb] it=48 |R_tau|=1.1914e-01 rel=2.918e-03 |R_steady|/|R0|=2.918e-03 cfl=182 dtau=[6.18e-01,5.01e+05] gmres=8
[nsb] it=49 |R_tau|=9.7128e-02 rel=2.379e-03 |R_steady|/|R0|=2.379e-03 cfl=229 dtau=[7.80e-01,6.33e+05] gmres=8
[nsb] it=50 |R_tau|=7.4411e-02 rel=1.823e-03 |R_steady|/|R0|=1.823e-03 cfl=281 dtau=[9.57e-01,7.77e+05] gmres=8
[nsb] it=51 |R_tau|=5.8771e-02 rel=1.439e-03 |R_steady|/|R0|=1.439e-03 cfl=367 dtau=[1.25e+00,1.01e+06] gmres=6
[nsb] it=52 |R_tau|=4.6667e-02 rel=1.143e-03 |R_steady|/|R0|=1.143e-03 cfl=465 dtau=[1.58e+00,1.28e+06] gmres=6
[nsb] it=53 |R_tau|=3.7163e-02 rel=9.102e-04 |R_steady|/|R0|=9.102e-04 cfl=585 dtau=[1.99e+00,1.62e+06] gmres=6
[nsb] it=54 |R_tau|=2.9644e-02 rel=7.260e-04 |R_steady|/|R0|=7.260e-04 cfl=735 dtau=[2.50e+00,2.03e+06] gmres=7
[nsb] it=55 |R_tau|=2.3665e-02 rel=5.796e-04 |R_steady|/|R0|=5.796e-04 cfl=922 dtau=[3.14e+00,2.54e+06] gmres=7
[nsb] it=56 |R_tau|=1.8898e-02 rel=4.629e-04 |R_steady|/|R0|=4.629e-04 cfl=1.15e+03 dtau=[3.93e+00,3.19e+06] gmres=7
[nsb] it=57 |R_tau|=1.5091e-02 rel=3.696e-04 |R_steady|/|R0|=3.696e-04 cfl=1.45e+03 dtau=[4.92e+00,3.99e+06] gmres=7
[nsb] it=58 |R_tau|=1.2050e-02 rel=2.951e-04 |R_steady|/|R0|=2.951e-04 cfl=1.81e+03 dtau=[6.16e+00,5.00e+06] gmres=5
[nsb] it=59 |R_tau|=9.6184e-03 rel=2.356e-04 |R_steady|/|R0|=2.356e-04 cfl=2.27e+03 dtau=[7.72e+00,6.26e+06] gmres=5
[nsb] it=60 |R_tau|=7.6747e-03 rel=1.880e-04 |R_steady|/|R0|=1.880e-04 cfl=2.84e+03 dtau=[9.67e+00,7.84e+06] gmres=5
[nsb] it=61 |R_tau|=6.1205e-03 rel=1.499e-04 |R_steady|/|R0|=1.499e-04 cfl=3.56e+03 dtau=[1.21e+01,9.83e+06] gmres=5
[nsb] it=62 |R_tau|=4.8776e-03 rel=1.195e-04 |R_steady|/|R0|=1.195e-04 cfl=4.46e+03 dtau=[1.52e+01,1.23e+07] gmres=5
[nsb] it=63 |R_tau|=3.8834e-03 rel=9.511e-05 |R_steady|/|R0|=9.511e-05 cfl=5.6e+03 dtau=[1.91e+01,1.55e+07] gmres=5
[nsb] it=64 |R_tau|=3.0881e-03 rel=7.564e-05 |R_steady|/|R0|=7.564e-05 cfl=7.04e+03 dtau=[2.39e+01,1.94e+07] gmres=5
[nsb] it=65 |R_tau|=2.4522e-03 rel=6.006e-05 |R_steady|/|R0|=6.006e-05 cfl=8.85e+03 dtau=[3.01e+01,2.44e+07] gmres=5
[nsb] it=66 |R_tau|=1.9439e-03 rel=4.761e-05 |R_steady|/|R0|=4.761e-05 cfl=1.11e+04 dtau=[3.79e+01,3.08e+07] gmres=5
[nsb] it=67 |R_tau|=1.5380e-03 rel=3.767e-05 |R_steady|/|R0|=3.767e-05 cfl=1.41e+04 dtau=[4.78e+01,3.88e+07] gmres=6
[nsb] it=68 |R_tau|=1.2144e-03 rel=2.974e-05 |R_steady|/|R0|=2.974e-05 cfl=1.78e+04 dtau=[6.04e+01,4.90e+07] gmres=4
[nsb] it=69 |R_tau|=9.5688e-04 rel=2.344e-05 |R_steady|/|R0|=2.344e-05 cfl=2.25e+04 dtau=[7.66e+01,6.21e+07] gmres=4
[nsb] it=70 |R_tau|=7.5227e-04 rel=1.842e-05 |R_steady|/|R0|=1.842e-05 cfl=2.86e+04 dtau=[9.72e+01,7.88e+07] gmres=6
[nsb] it=71 |R_tau|=5.9006e-04 rel=1.445e-05 |R_steady|/|R0|=1.445e-05 cfl=3.63e+04 dtau=[1.24e+02,1.00e+08] gmres=6
[nsb] it=72 |R_tau|=4.6176e-04 rel=1.131e-05 |R_steady|/|R0|=1.131e-05 cfl=4.63e+04 dtau=[1.58e+02,1.28e+08] gmres=6
[nsb] it=73 |R_tau|=3.6052e-04 rel=8.830e-06 |R_steady|/|R0|=8.830e-06 cfl=5.92e+04 dtau=[2.01e+02,1.63e+08] gmres=6
[nsb] it=74 |R_tau|=2.8086e-04 rel=6.879e-06 |R_steady|/|R0|=6.879e-06 cfl=7.58e+04 dtau=[2.58e+02,2.09e+08] gmres=6
[nsb] it=75 |R_tau|=2.1836e-04 rel=5.348e-06 |R_steady|/|R0|=5.348e-06 cfl=9.73e+04 dtau=[3.31e+02,2.69e+08] gmres=6
[nsb] it=76 |R_tau|=1.6949e-04 rel=4.151e-06 |R_steady|/|R0|=4.151e-06 cfl=1.25e+05 dtau=[4.26e+02,3.45e+08] gmres=6
[nsb] it=77 |R_tau|=1.3143e-04 rel=3.219e-06 |R_steady|/|R0|=3.219e-06 cfl=1.61e+05 dtau=[5.49e+02,4.45e+08] gmres=7
[nsb] it=78 |R_tau|=1.0191e-04 rel=2.496e-06 |R_steady|/|R0|=2.496e-06 cfl=2.08e+05 dtau=[7.07e+02,5.74e+08] gmres=7
[nsb] it=79 |R_tau|=7.9113e-05 rel=1.938e-06 |R_steady|/|R0|=1.938e-06 cfl=2.68e+05 dtau=[9.12e+02,7.40e+08] gmres=6
[nsb] it=80 |R_tau|=6.1581e-05 rel=1.508e-06 |R_steady|/|R0|=1.508e-06 cfl=3.45e+05 dtau=[1.18e+03,9.53e+08] gmres=6
[nsb] done converged=False reason='max_iter' it=80 m_in=1.0000e+02 m_out=1.0000e+02 elapsed=49.0s
--> uturn_r1_U1_mine_nores: {'converged': False, 'reason': 'max_iter', 'n_iter': 80, 'rel_final': 1.5082663469897096e-06, 'rel_steady_final': 1.5082663469897096e-06, 'rel_min': 1.5082663469897096e-06, 'first_step_ratio': 13.383646073972335, 'mass_ratio': 1.0000000000000053, 'p_inlet_mean': 17545.207648382533, 'speed_max': 1.7788506434668863, 'elapsed': 48.99669356499999}
===== uturn_r1_U1_floor =====
[nsb] it=0 |R|=4.0829e+01 cfl=0.5
[nsb] it=1 |R_tau|=9.0786e+02 rel=2.224e+01 |R_steady|/|R0|=2.216e+01 cfl=0.5 dtau=[4.17e-02,4.17e-02] gmres=33 (gmres not converged)
[nsb] it=2 |R_tau|=3.8909e+03 rel=9.530e+01 |R_steady|/|R0|=1.837e+02 cfl=0.05 dtau=[6.12e-05,4.17e-03] gmres=33 (gmres not converged)
[nsb] it=3 |R_tau|=2.2052e+03 rel=5.401e+01 |R_steady|/|R0|=1.072e+02 cfl=0.0117 dtau=[1.59e-05,9.72e-04] gmres=7
[nsb] it=4 |R_tau|=1.7758e+03 rel=4.349e+01 |R_steady|/|R0|=8.651e+01 cfl=0.0206 dtau=[2.84e-05,1.72e-03] gmres=6
[nsb] it=5 |R_tau|=1.4696e+03 rel=3.599e+01 |R_steady|/|R0|=7.154e+01 cfl=0.0256 dtau=[3.59e-05,2.13e-03] gmres=7
[nsb] it=6 |R_tau|=1.2405e+03 rel=3.038e+01 |R_steady|/|R0|=6.022e+01 cfl=0.0309 dtau=[4.42e-05,2.57e-03] gmres=7
[nsb] it=7 |R_tau|=1.0587e+03 rel=2.593e+01 |R_steady|/|R0|=5.128e+01 cfl=0.0366 dtau=[5.35e-05,3.05e-03] gmres=7
[nsb] it=8 |R_tau|=8.9472e+02 rel=2.191e+01 |R_steady|/|R0|=4.318e+01 cfl=0.0429 dtau=[6.41e-05,3.57e-03] gmres=7
[nsb] it=9 |R_tau|=7.6164e+02 rel=1.865e+01 |R_steady|/|R0|=3.666e+01 cfl=0.0507 dtau=[7.76e-05,4.23e-03] gmres=7
[nsb] it=10 |R_tau|=6.5472e+02 rel=1.604e+01 |R_steady|/|R0|=3.147e+01 cfl=0.0596 dtau=[9.35e-05,4.97e-03] gmres=7
[nsb] it=11 |R_tau|=5.6481e+02 rel=1.383e+01 |R_steady|/|R0|=2.712e+01 cfl=0.0693 dtau=[1.12e-04,5.78e-03] gmres=7
[nsb] it=12 |R_tau|=4.8618e+02 rel=1.191e+01 |R_steady|/|R0|=2.332e+01 cfl=0.0804 dtau=[1.34e-04,6.70e-03] gmres=7
[nsb] it=13 |R_tau|=4.1666e+02 rel=1.021e+01 |R_steady|/|R0|=1.996e+01 cfl=0.0934 dtau=[1.61e-04,7.78e-03] gmres=7
[nsb] it=14 |R_tau|=3.5456e+02 rel=8.684e+00 |R_steady|/|R0|=1.696e+01 cfl=0.109 dtau=[1.94e-04,9.08e-03] gmres=7
[nsb] it=15 |R_tau|=2.9885e+02 rel=7.320e+00 |R_steady|/|R0|=1.426e+01 cfl=0.128 dtau=[2.37e-04,1.07e-02] gmres=7
[nsb] it=16 |R_tau|=2.4938e+02 rel=6.108e+00 |R_steady|/|R0|=1.186e+01 cfl=0.152 dtau=[2.94e-04,1.27e-02] gmres=7
[nsb] it=17 |R_tau|=2.0565e+02 rel=5.037e+00 |R_steady|/|R0|=9.735e+00 cfl=0.182 dtau=[3.68e-04,1.52e-02] gmres=7
[nsb] it=18 |R_tau|=1.6712e+02 rel=4.093e+00 |R_steady|/|R0|=7.864e+00 cfl=0.221 dtau=[4.69e-04,1.84e-02] gmres=6
[nsb] it=19 |R_tau|=1.3375e+02 rel=3.276e+00 |R_steady|/|R0|=6.245e+00 cfl=0.272 dtau=[6.09e-04,2.26e-02] gmres=5
[nsb] it=20 |R_tau|=1.0553e+02 rel=2.585e+00 |R_steady|/|R0|=4.874e+00 cfl=0.339 dtau=[8.08e-04,2.83e-02] gmres=5
[nsb] it=21 |R_tau|=8.2619e+01 rel=2.024e+00 |R_steady|/|R0|=3.751e+00 cfl=0.43 dtau=[1.10e-03,3.58e-02] gmres=5
[nsb] it=22 |R_tau|=6.3501e+01 rel=1.555e+00 |R_steady|/|R0|=2.845e+00 cfl=0.549 dtau=[1.51e-03,4.58e-02] gmres=5
[nsb] it=23 |R_tau|=4.8006e+01 rel=1.176e+00 |R_steady|/|R0|=2.103e+00 cfl=0.715 dtau=[2.13e-03,5.96e-02] gmres=5
[nsb] it=24 |R_tau|=3.6084e+01 rel=8.838e-01 |R_steady|/|R0|=1.540e+00 cfl=0.946 dtau=[2.95e-03,7.88e-02] gmres=5
[nsb] it=25 |R_tau|=2.7177e+01 rel=6.656e-01 |R_steady|/|R0|=1.128e+00 cfl=1.26 dtau=[3.95e-03,1.05e-01] gmres=6
[nsb] it=26 |R_tau|=2.0053e+01 rel=4.912e-01 |R_steady|/|R0|=8.044e-01 cfl=1.67 dtau=[5.28e-03,1.39e-01] gmres=6
[nsb] it=27 |R_tau|=1.4686e+01 rel=3.597e-01 |R_steady|/|R0|=5.614e-01 cfl=2.26 dtau=[7.22e-03,1.89e-01] gmres=5
[nsb] it=28 |R_tau|=1.0837e+01 rel=2.654e-01 |R_steady|/|R0|=3.901e-01 cfl=3.09 dtau=[9.88e-03,2.58e-01] gmres=6
[nsb] it=29 |R_tau|=7.9640e+00 rel=1.951e-01 |R_steady|/|R0|=2.712e-01 cfl=4.19 dtau=[1.35e-02,3.49e-01] gmres=5
[nsb] it=30 |R_tau|=6.0049e+00 rel=1.471e-01 |R_steady|/|R0|=1.921e-01 cfl=5.7 dtau=[1.86e-02,4.75e-01] gmres=7
[nsb] it=31 |R_tau|=4.5165e+00 rel=1.106e-01 |R_steady|/|R0|=1.381e-01 cfl=7.56 dtau=[2.49e-02,6.30e-01] gmres=6
[nsb] it=32 |R_tau|=3.4596e+00 rel=8.473e-02 |R_steady|/|R0|=1.012e-01 cfl=10.1 dtau=[3.35e-02,8.38e-01] gmres=7
[nsb] it=33 |R_tau|=2.6805e+00 rel=6.565e-02 |R_steady|/|R0|=7.577e-02 cfl=13.1 dtau=[4.41e-02,1.09e+00] gmres=6
[nsb] it=34 |R_tau|=2.0779e+00 rel=5.089e-02 |R_steady|/|R0|=5.713e-02 cfl=16.9 dtau=[5.72e-02,1.41e+00] gmres=6
[nsb] it=35 |R_tau|=1.6225e+00 rel=3.974e-02 |R_steady|/|R0|=4.357e-02 cfl=21.8 dtau=[7.40e-02,1.82e+00] gmres=6
[nsb] it=36 |R_tau|=1.2590e+00 rel=3.083e-02 |R_steady|/|R0|=3.320e-02 cfl=28 dtau=[9.50e-02,2.33e+00] gmres=6
[nsb] it=37 |R_tau|=9.7677e-01 rel=2.392e-02 |R_steady|/|R0|=2.536e-02 cfl=36.1 dtau=[1.23e-01,3.00e+00] gmres=6
[nsb] it=38 |R_tau|=7.5176e-01 rel=1.841e-02 |R_steady|/|R0|=1.928e-02 cfl=46.5 dtau=[1.58e-01,3.87e+00] gmres=6
[nsb] it=39 |R_tau|=5.7771e-01 rel=1.415e-02 |R_steady|/|R0|=1.467e-02 cfl=60.4 dtau=[2.05e-01,5.03e+00] gmres=6
[nsb] it=40 |R_tau|=4.4324e-01 rel=1.086e-02 |R_steady|/|R0|=1.117e-02 cfl=78.6 dtau=[2.67e-01,6.55e+00] gmres=7
[nsb] it=41 |R_tau|=3.4241e-01 rel=8.386e-03 |R_steady|/|R0|=8.573e-03 cfl=102 dtau=[3.49e-01,8.53e+00] gmres=7
[nsb] it=42 |R_tau|=2.6092e-01 rel=6.391e-03 |R_steady|/|R0|=6.504e-03 cfl=133 dtau=[4.51e-01,1.10e+01] gmres=7
[nsb] it=43 |R_tau|=2.0151e-01 rel=4.935e-03 |R_steady|/|R0|=5.003e-03 cfl=174 dtau=[5.92e-01,1.45e+01] gmres=7
[nsb] it=44 |R_tau|=1.5706e-01 rel=3.847e-03 |R_steady|/|R0|=3.888e-03 cfl=225 dtau=[7.67e-01,1.88e+01] gmres=7
[nsb] it=45 |R_tau|=1.2382e-01 rel=3.033e-03 |R_steady|/|R0|=3.058e-03 cfl=289 dtau=[9.84e-01,2.41e+01] gmres=8
[nsb] it=46 |R_tau|=9.8306e-02 rel=2.408e-03 |R_steady|/|R0|=2.424e-03 cfl=367 dtau=[1.25e+00,3.06e+01] gmres=8
[nsb] it=47 |R_tau|=7.7518e-02 rel=1.899e-03 |R_steady|/|R0|=1.909e-03 cfl=462 dtau=[1.57e+00,3.85e+01] gmres=9
[nsb] it=48 |R_tau|=6.1509e-02 rel=1.507e-03 |R_steady|/|R0|=1.513e-03 cfl=586 dtau=[1.99e+00,4.88e+01] gmres=6
[nsb] it=49 |R_tau|=4.8978e-02 rel=1.200e-03 |R_steady|/|R0|=1.204e-03 cfl=738 dtau=[2.51e+00,6.15e+01] gmres=6
[nsb] it=50 |R_tau|=3.9095e-02 rel=9.575e-04 |R_steady|/|R0|=9.601e-04 cfl=927 dtau=[3.15e+00,7.72e+01] gmres=6
[nsb] it=51 |R_tau|=3.1249e-02 rel=7.654e-04 |R_steady|/|R0|=7.670e-04 cfl=1.16e+03 dtau=[3.95e+00,9.68e+01] gmres=7
[nsb] it=52 |R_tau|=2.4992e-02 rel=6.121e-04 |R_steady|/|R0|=6.132e-04 cfl=1.45e+03 dtau=[4.94e+00,1.21e+02] gmres=7
[nsb] it=53 |R_tau|=1.9990e-02 rel=4.896e-04 |R_steady|/|R0|=4.903e-04 cfl=1.82e+03 dtau=[6.18e+00,1.51e+02] gmres=7
[nsb] it=54 |R_tau|=1.5985e-02 rel=3.915e-04 |R_steady|/|R0|=3.920e-04 cfl=2.27e+03 dtau=[7.73e+00,1.89e+02] gmres=7
[nsb] it=55 |R_tau|=1.2778e-02 rel=3.130e-04 |R_steady|/|R0|=3.133e-04 cfl=2.84e+03 dtau=[9.66e+00,2.37e+02] gmres=7
[nsb] it=56 |R_tau|=1.0212e-02 rel=2.501e-04 |R_steady|/|R0|=2.503e-04 cfl=3.55e+03 dtau=[1.21e+01,2.96e+02] gmres=8
[nsb] it=57 |R_tau|=8.1577e-03 rel=1.998e-04 |R_steady|/|R0|=1.999e-04 cfl=4.45e+03 dtau=[1.51e+01,3.70e+02] gmres=8
[nsb] it=58 |R_tau|=6.5149e-03 rel=1.596e-04 |R_steady|/|R0|=1.596e-04 cfl=5.56e+03 dtau=[1.89e+01,4.64e+02] gmres=5
[nsb] it=59 |R_tau|=5.2006e-03 rel=1.274e-04 |R_steady|/|R0|=1.274e-04 cfl=6.97e+03 dtau=[2.37e+01,5.81e+02] gmres=5
[nsb] it=60 |R_tau|=4.1490e-03 rel=1.016e-04 |R_steady|/|R0|=1.016e-04 cfl=8.73e+03 dtau=[2.97e+01,7.27e+02] gmres=5
[nsb] it=61 |R_tau|=3.3072e-03 rel=8.100e-05 |R_steady|/|R0|=8.102e-05 cfl=1.09e+04 dtau=[3.72e+01,9.12e+02] gmres=5
[nsb] it=62 |R_tau|=2.6332e-03 rel=6.449e-05 |R_steady|/|R0|=6.450e-05 cfl=1.37e+04 dtau=[4.67e+01,1.14e+03] gmres=5
[nsb] it=63 |R_tau|=2.0934e-03 rel=5.127e-05 |R_steady|/|R0|=5.128e-05 cfl=1.72e+04 dtau=[5.87e+01,1.44e+03] gmres=5
[nsb] it=64 |R_tau|=1.6613e-03 rel=4.069e-05 |R_steady|/|R0|=4.069e-05 cfl=2.17e+04 dtau=[7.38e+01,1.81e+03] gmres=6
[nsb] it=65 |R_tau|=1.3156e-03 rel=3.222e-05 |R_steady|/|R0|=3.222e-05 cfl=2.73e+04 dtau=[9.30e+01,2.28e+03] gmres=6
[nsb] it=66 |R_tau|=1.0393e-03 rel=2.546e-05 |R_steady|/|R0|=2.546e-05 cfl=3.45e+04 dtau=[1.17e+02,2.88e+03] gmres=6
[nsb] it=67 |R_tau|=8.1899e-04 rel=2.006e-05 |R_steady|/|R0|=2.006e-05 cfl=4.37e+04 dtau=[1.49e+02,3.64e+03] gmres=4
[nsb] it=68 |R_tau|=6.4364e-04 rel=1.576e-05 |R_steady|/|R0|=1.577e-05 cfl=5.54e+04 dtau=[1.89e+02,4.62e+03] gmres=4
[nsb] it=69 |R_tau|=5.0448e-04 rel=1.236e-05 |R_steady|/|R0|=1.236e-05 cfl=7.05e+04 dtau=[2.40e+02,5.88e+03] gmres=4
[nsb] it=70 |R_tau|=3.9436e-04 rel=9.659e-06 |R_steady|/|R0|=9.659e-06 cfl=9e+04 dtau=[3.06e+02,7.50e+03] gmres=4
[nsb] it=71 |R_tau|=3.0749e-04 rel=7.531e-06 |R_steady|/|R0|=7.531e-06 cfl=1.15e+05 dtau=[3.92e+02,9.59e+03] gmres=4
[nsb] it=72 |R_tau|=2.3916e-04 rel=5.858e-06 |R_steady|/|R0|=5.858e-06 cfl=1.48e+05 dtau=[5.02e+02,1.23e+04] gmres=4
[nsb] it=73 |R_tau|=1.8558e-04 rel=4.545e-06 |R_steady|/|R0|=4.545e-06 cfl=1.9e+05 dtau=[6.46e+02,1.58e+04] gmres=7
[nsb] it=74 |R_tau|=1.4369e-04 rel=3.519e-06 |R_steady|/|R0|=3.519e-06 cfl=2.45e+05 dtau=[8.32e+02,2.04e+04] gmres=7
[nsb] it=75 |R_tau|=1.1102e-04 rel=2.719e-06 |R_steady|/|R0|=2.719e-06 cfl=3.16e+05 dtau=[1.07e+03,2.63e+04] gmres=5
[nsb] it=76 |R_tau|=8.5604e-05 rel=2.097e-06 |R_steady|/|R0|=2.097e-06 cfl=4.09e+05 dtau=[1.39e+03,3.41e+04] gmres=5
[nsb] it=77 |R_tau|=6.5879e-05 rel=1.614e-06 |R_steady|/|R0|=1.614e-06 cfl=5.3e+05 dtau=[1.80e+03,4.42e+04] gmres=7
[nsb] it=78 |R_tau|=5.0601e-05 rel=1.239e-06 |R_steady|/|R0|=1.239e-06 cfl=6.89e+05 dtau=[2.34e+03,5.74e+04] gmres=6
[nsb] it=79 |R_tau|=3.8790e-05 rel=9.501e-07 |R_steady|/|R0|=9.501e-07 cfl=8.97e+05 dtau=[3.05e+03,7.48e+04] gmres=6
[nsb] done converged=True reason='' it=79 m_in=1.0000e+02 m_out=1.0000e+02 elapsed=50.1s
--> uturn_r1_U1_floor: {'converged': True, 'reason': '', 'n_iter': 79, 'rel_final': 9.50059319561888e-07, 'rel_steady_final': 9.500620200817846e-07, 'rel_min': 9.50059319561888e-07, 'first_step_ratio': 22.23558185939015, 'mass_ratio': 1.000000000000001, 'p_inlet_mean': 17545.207815259455, 'speed_max': 1.7788508465718231, 'elapsed': 50.131170722000206}
===== uturn_r1_U1_fixed =====
[nsb] it=0 |R|=4.0829e+01 cfl=0.5
[nsb] it=1 |R_tau|=6.2428e+02 rel=1.529e+01 |R_steady|/|R0|=1.529e+01 cfl=0.5 dtau=[4.17e-02,4.17e-02] gmres=4
[nsb] it=2 |R_tau|=3.4719e+03 rel=8.503e+01 |R_steady|/|R0|=8.503e+01 cfl=0.05 dtau=[6.85e-05,4.17e-03] gmres=15 (gmres not converged)
[nsb] it=3 |R_tau|=2.0576e+03 rel=5.040e+01 |R_steady|/|R0|=5.040e+01 cfl=0.00899 dtau=[1.30e-05,7.49e-04] gmres=3
[nsb] it=4 |R_tau|=1.7040e+03 rel=4.173e+01 |R_steady|/|R0|=4.173e+01 cfl=0.0152 dtau=[2.22e-05,1.26e-03] gmres=3
[nsb] it=5 |R_tau|=1.4297e+03 rel=3.502e+01 |R_steady|/|R0|=3.502e+01 cfl=0.0183 dtau=[2.72e-05,1.53e-03] gmres=3
[nsb] it=6 |R_tau|=1.2201e+03 rel=2.988e+01 |R_steady|/|R0|=2.988e+01 cfl=0.0218 dtau=[3.30e-05,1.82e-03] gmres=3
[nsb] it=7 |R_tau|=1.0528e+03 rel=2.578e+01 |R_steady|/|R0|=2.578e+01 cfl=0.0256 dtau=[3.94e-05,2.13e-03] gmres=3
[nsb] it=8 |R_tau|=9.1427e+02 rel=2.239e+01 |R_steady|/|R0|=2.239e+01 cfl=0.0297 dtau=[4.66e-05,2.47e-03] gmres=3
[nsb] it=9 |R_tau|=7.9543e+02 rel=1.948e+01 |R_steady|/|R0|=1.948e+01 cfl=0.0341 dtau=[5.48e-05,2.85e-03] gmres=3
[nsb] it=10 |R_tau|=6.9142e+02 rel=1.693e+01 |R_steady|/|R0|=1.693e+01 cfl=0.0392 dtau=[6.46e-05,3.27e-03] gmres=3
[nsb] it=11 |R_tau|=5.9870e+02 rel=1.466e+01 |R_steady|/|R0|=1.466e+01 cfl=0.0451 dtau=[7.65e-05,3.76e-03] gmres=3
[nsb] it=12 |R_tau|=5.1522e+02 rel=1.262e+01 |R_steady|/|R0|=1.262e+01 cfl=0.0521 dtau=[9.11e-05,4.34e-03] gmres=3
[nsb] it=13 |R_tau|=4.4024e+02 rel=1.078e+01 |R_steady|/|R0|=1.078e+01 cfl=0.0606 dtau=[1.09e-04,5.05e-03] gmres=3
[nsb] it=14 |R_tau|=3.7297e+02 rel=9.135e+00 |R_steady|/|R0|=9.135e+00 cfl=0.0709 dtau=[1.33e-04,5.91e-03] gmres=3
[nsb] it=15 |R_tau|=3.1277e+02 rel=7.661e+00 |R_steady|/|R0|=7.661e+00 cfl=0.0837 dtau=[1.64e-04,6.97e-03] gmres=3
[nsb] it=16 |R_tau|=2.5919e+02 rel=6.348e+00 |R_steady|/|R0|=6.348e+00 cfl=0.0998 dtau=[2.05e-04,8.32e-03] gmres=3
[nsb] it=17 |R_tau|=2.1210e+02 rel=5.195e+00 |R_steady|/|R0|=5.195e+00 cfl=0.12 dtau=[2.61e-04,1.00e-02] gmres=3
[nsb] it=18 |R_tau|=1.7121e+02 rel=4.193e+00 |R_steady|/|R0|=4.193e+00 cfl=0.147 dtau=[3.40e-04,1.23e-02] gmres=3
[nsb] it=19 |R_tau|=1.3664e+02 rel=3.347e+00 |R_steady|/|R0|=3.347e+00 cfl=0.182 dtau=[4.52e-04,1.52e-02] gmres=3
[nsb] it=20 |R_tau|=1.0754e+02 rel=2.634e+00 |R_steady|/|R0|=2.634e+00 cfl=0.228 dtau=[6.15e-04,1.90e-02] gmres=3
[nsb] it=21 |R_tau|=8.2793e+01 rel=2.028e+00 |R_steady|/|R0|=2.028e+00 cfl=0.29 dtau=[8.62e-04,2.42e-02] gmres=3
[nsb] it=22 |R_tau|=6.2320e+01 rel=1.526e+00 |R_steady|/|R0|=1.526e+00 cfl=0.377 dtau=[1.16e-03,3.14e-02] gmres=4
[nsb] it=23 |R_tau|=4.5847e+01 rel=1.123e+00 |R_steady|/|R0|=1.123e+00 cfl=0.501 dtau=[1.55e-03,4.17e-02] gmres=4
[nsb] it=24 |R_tau|=3.3069e+01 rel=8.099e-01 |R_steady|/|R0|=8.099e-01 cfl=0.681 dtau=[2.13e-03,5.67e-02] gmres=4
[nsb] it=25 |R_tau|=2.3165e+01 rel=5.674e-01 |R_steady|/|R0|=5.674e-01 cfl=0.944 dtau=[2.98e-03,7.87e-02] gmres=4
[nsb] it=26 |R_tau|=1.6027e+01 rel=3.925e-01 |R_steady|/|R0|=3.925e-01 cfl=1.35 dtau=[4.28e-03,1.12e-01] gmres=5
[nsb] it=27 |R_tau|=1.1148e+01 rel=2.731e-01 |R_steady|/|R0|=2.731e-01 cfl=1.95 dtau=[6.19e-03,1.62e-01] gmres=6
[nsb] it=28 |R_tau|=7.9172e+00 rel=1.939e-01 |R_steady|/|R0|=1.939e-01 cfl=2.8 dtau=[9.00e-03,2.33e-01] gmres=7
[nsb] it=29 |R_tau|=5.7194e+00 rel=1.401e-01 |R_steady|/|R0|=1.401e-01 cfl=3.94 dtau=[1.29e-02,3.29e-01] gmres=7
[nsb] it=30 |R_tau|=4.2215e+00 rel=1.034e-01 |R_steady|/|R0|=1.034e-01 cfl=5.46 dtau=[1.81e-02,4.55e-01] gmres=6
[nsb] it=31 |R_tau|=3.1568e+00 rel=7.732e-02 |R_steady|/|R0|=7.732e-02 cfl=7.39 dtau=[2.47e-02,6.16e-01] gmres=7
[nsb] it=32 |R_tau|=2.3892e+00 rel=5.852e-02 |R_steady|/|R0|=5.852e-02 cfl=9.89 dtau=[3.33e-02,8.24e-01] gmres=7
[nsb] it=33 |R_tau|=1.8211e+00 rel=4.460e-02 |R_steady|/|R0|=4.460e-02 cfl=13.1 dtau=[4.42e-02,1.09e+00] gmres=7
[nsb] it=34 |R_tau|=1.3904e+00 rel=3.405e-02 |R_steady|/|R0|=3.405e-02 cfl=17.1 dtau=[5.81e-02,1.43e+00] gmres=7
[nsb] it=35 |R_tau|=1.0620e+00 rel=2.601e-02 |R_steady|/|R0|=2.601e-02 cfl=22.5 dtau=[7.62e-02,1.87e+00] gmres=6
[nsb] it=36 |R_tau|=8.1121e-01 rel=1.987e-02 |R_steady|/|R0|=1.987e-02 cfl=29.4 dtau=[9.99e-02,2.45e+00] gmres=6
[nsb] it=37 |R_tau|=6.1781e-01 rel=1.513e-02 |R_steady|/|R0|=1.513e-02 cfl=38.5 dtau=[1.31e-01,3.21e+00] gmres=6
[nsb] it=38 |R_tau|=4.7091e-01 rel=1.153e-02 |R_steady|/|R0|=1.153e-02 cfl=50.5 dtau=[1.72e-01,4.21e+00] gmres=7
[nsb] it=39 |R_tau|=3.6071e-01 rel=8.835e-03 |R_steady|/|R0|=8.835e-03 cfl=66.3 dtau=[2.26e-01,5.52e+00] gmres=7
[nsb] it=40 |R_tau|=2.7494e-01 rel=6.734e-03 |R_steady|/|R0|=6.734e-03 cfl=86.5 dtau=[2.94e-01,7.21e+00] gmres=7
[nsb] it=41 |R_tau|=2.1135e-01 rel=5.176e-03 |R_steady|/|R0|=5.176e-03 cfl=114 dtau=[3.86e-01,9.46e+00] gmres=7
[nsb] it=42 |R_tau|=1.6404e-01 rel=4.018e-03 |R_steady|/|R0|=4.018e-03 cfl=148 dtau=[5.03e-01,1.23e+01] gmres=7
[nsb] it=43 |R_tau|=1.2875e-01 rel=3.153e-03 |R_steady|/|R0|=3.153e-03 cfl=190 dtau=[6.48e-01,1.59e+01] gmres=8
[nsb] it=44 |R_tau|=1.0214e-01 rel=2.502e-03 |R_steady|/|R0|=2.502e-03 cfl=242 dtau=[8.25e-01,2.02e+01] gmres=8
[nsb] it=45 |R_tau|=8.0242e-02 rel=1.965e-03 |R_steady|/|R0|=1.965e-03 cfl=306 dtau=[1.04e+00,2.55e+01] gmres=9
[nsb] it=46 |R_tau|=6.3545e-02 rel=1.556e-03 |R_steady|/|R0|=1.556e-03 cfl=389 dtau=[1.32e+00,3.24e+01] gmres=6
[nsb] it=47 |R_tau|=5.0526e-02 rel=1.237e-03 |R_steady|/|R0|=1.237e-03 cfl=491 dtau=[1.67e+00,4.09e+01] gmres=6
[nsb] it=48 |R_tau|=4.0292e-02 rel=9.869e-04 |R_steady|/|R0|=9.869e-04 cfl=618 dtau=[2.10e+00,5.15e+01] gmres=6
[nsb] it=49 |R_tau|=3.2193e-02 rel=7.885e-04 |R_steady|/|R0|=7.885e-04 cfl=775 dtau=[2.64e+00,6.46e+01] gmres=6
[nsb] it=50 |R_tau|=2.5749e-02 rel=6.306e-04 |R_steady|/|R0|=6.306e-04 cfl=970 dtau=[3.30e+00,8.08e+01] gmres=7
[nsb] it=51 |R_tau|=2.0601e-02 rel=5.046e-04 |R_steady|/|R0|=5.046e-04 cfl=1.21e+03 dtau=[4.12e+00,1.01e+02] gmres=7
[nsb] it=52 |R_tau|=1.6482e-02 rel=4.037e-04 |R_steady|/|R0|=4.037e-04 cfl=1.52e+03 dtau=[5.16e+00,1.26e+02] gmres=7
[nsb] it=53 |R_tau|=1.3184e-02 rel=3.229e-04 |R_steady|/|R0|=3.229e-04 cfl=1.89e+03 dtau=[6.44e+00,1.58e+02] gmres=7
[nsb] it=54 |R_tau|=1.0542e-02 rel=2.582e-04 |R_steady|/|R0|=2.582e-04 cfl=2.37e+03 dtau=[8.06e+00,1.97e+02] gmres=7
[nsb] it=55 |R_tau|=8.4260e-03 rel=2.064e-04 |R_steady|/|R0|=2.064e-04 cfl=2.96e+03 dtau=[1.01e+01,2.47e+02] gmres=5
[nsb] it=56 |R_tau|=6.7319e-03 rel=1.649e-04 |R_steady|/|R0|=1.649e-04 cfl=3.7e+03 dtau=[1.26e+01,3.09e+02] gmres=5
[nsb] it=57 |R_tau|=5.3757e-03 rel=1.317e-04 |R_steady|/|R0|=1.317e-04 cfl=4.64e+03 dtau=[1.58e+01,3.86e+02] gmres=5
[nsb] it=58 |R_tau|=4.2897e-03 rel=1.051e-04 |R_steady|/|R0|=1.051e-04 cfl=5.81e+03 dtau=[1.98e+01,4.84e+02] gmres=5
[nsb] it=59 |R_tau|=3.4200e-03 rel=8.376e-05 |R_steady|/|R0|=8.376e-05 cfl=7.28e+03 dtau=[2.48e+01,6.06e+02] gmres=5
[nsb] it=60 |R_tau|=2.7233e-03 rel=6.670e-05 |R_steady|/|R0|=6.670e-05 cfl=9.13e+03 dtau=[3.11e+01,7.61e+02] gmres=5
[nsb] it=61 |R_tau|=2.1652e-03 rel=5.303e-05 |R_steady|/|R0|=5.303e-05 cfl=1.15e+04 dtau=[3.90e+01,9.55e+02] gmres=5
[nsb] it=62 |R_tau|=1.7182e-03 rel=4.208e-05 |R_steady|/|R0|=4.208e-05 cfl=1.44e+04 dtau=[4.91e+01,1.20e+03] gmres=5
[nsb] it=63 |R_tau|=1.3606e-03 rel=3.332e-05 |R_steady|/|R0|=3.332e-05 cfl=1.82e+04 dtau=[6.18e+01,1.51e+03] gmres=6
[nsb] it=64 |R_tau|=1.0748e-03 rel=2.632e-05 |R_steady|/|R0|=2.632e-05 cfl=2.29e+04 dtau=[7.81e+01,1.91e+03] gmres=6
[nsb] it=65 |R_tau|=8.4672e-04 rel=2.074e-05 |R_steady|/|R0|=2.074e-05 cfl=2.9e+04 dtau=[9.88e+01,2.42e+03] gmres=4
[nsb] it=66 |R_tau|=6.6523e-04 rel=1.629e-05 |R_steady|/|R0|=1.629e-05 cfl=3.69e+04 dtau=[1.25e+02,3.07e+03] gmres=4
[nsb] it=67 |R_tau|=5.2117e-04 rel=1.276e-05 |R_steady|/|R0|=1.276e-05 cfl=4.69e+04 dtau=[1.60e+02,3.91e+03] gmres=4
[nsb] it=68 |R_tau|=4.0718e-04 rel=9.973e-06 |R_steady|/|R0|=9.973e-06 cfl=5.99e+04 dtau=[2.04e+02,4.99e+03] gmres=4
[nsb] it=69 |R_tau|=3.1726e-04 rel=7.770e-06 |R_steady|/|R0|=7.770e-06 cfl=7.67e+04 dtau=[2.61e+02,6.39e+03] gmres=4
[nsb] it=70 |R_tau|=2.4655e-04 rel=6.039e-06 |R_steady|/|R0|=6.039e-06 cfl=9.84e+04 dtau=[3.35e+02,8.20e+03] gmres=4
[nsb] it=71 |R_tau|=1.9114e-04 rel=4.681e-06 |R_steady|/|R0|=4.681e-06 cfl=1.27e+05 dtau=[4.31e+02,1.06e+04] gmres=4
[nsb] it=72 |R_tau|=1.4783e-04 rel=3.621e-06 |R_steady|/|R0|=3.621e-06 cfl=1.63e+05 dtau=[5.56e+02,1.36e+04] gmres=4
[nsb] it=73 |R_tau|=1.1408e-04 rel=2.794e-06 |R_steady|/|R0|=2.794e-06 cfl=2.11e+05 dtau=[7.18e+02,1.76e+04] gmres=7
[nsb] it=74 |R_tau|=8.7855e-05 rel=2.152e-06 |R_steady|/|R0|=2.152e-06 cfl=2.74e+05 dtau=[9.31e+02,2.28e+04] gmres=5
[nsb] it=75 |R_tau|=6.7519e-05 rel=1.654e-06 |R_steady|/|R0|=1.654e-06 cfl=3.55e+05 dtau=[1.21e+03,2.96e+04] gmres=5
[nsb] it=76 |R_tau|=5.1783e-05 rel=1.268e-06 |R_steady|/|R0|=1.268e-06 cfl=4.62e+05 dtau=[1.57e+03,3.85e+04] gmres=7
[nsb] it=77 |R_tau|=3.9632e-05 rel=9.707e-07 |R_steady|/|R0|=9.707e-07 cfl=6.03e+05 dtau=[2.05e+03,5.02e+04] gmres=6
[nsb] done converged=True reason='' it=77 m_in=1.0000e+02 m_out=1.0000e+02 elapsed=39.9s
--> uturn_r1_U1_fixed: {'converged': True, 'reason': '', 'n_iter': 77, 'rel_final': 9.706776459392441e-07, 'rel_steady_final': 9.706776459392441e-07, 'rel_min': 9.706776459392441e-07, 'first_step_ratio': 15.290222556627247, 'mass_ratio': 1.0000000000000033, 'p_inlet_mean': 17545.207803333033, 'speed_max': 1.7788508672925203, 'elapsed': 39.88292555499993}
===== uturn_r1_U2_mine =====
[nsb] it=0 |R|=1.2911e+02 cfl=0.5
[nsb] it=1 |R_tau|=5.3604e+03 rel=4.152e+01 |R_steady|/|R0|=4.152e+01 cfl=0.5 dtau=[1.00e+30,1.00e+30] gmres=16 (gmres not converged)
[nsb] it=2 |R_tau|=5.4450e+03 rel=4.217e+01 |R_steady|/|R0|=6.617e+01 cfl=0.05 dtau=[1.76e-05,3.05e+01] gmres=33 (gmres not converged)
[nsb] it=3 |R_tau|=2.1176e+03 rel=1.640e+01 |R_steady|/|R0|=3.154e+01 cfl=0.0492 dtau=[1.74e-05,3.77e+00] gmres=10
[nsb] it=4 |R_tau|=1.5398e+03 rel=1.193e+01 |R_steady|/|R0|=2.343e+01 cfl=0.0984 dtau=[3.51e-05,3.30e+01] gmres=7
[nsb] it=5 |R_tau|=1.9489e+03 rel=1.509e+01 |R_steady|/|R0|=2.383e+01 cfl=0.135 dtau=[4.88e-05,1.60e+02] gmres=8
[nsb] it=6 |R_tau|=5.7068e+03 rel=4.420e+01 |R_steady|/|R0|=4.928e+01 cfl=0.107 dtau=[3.91e-05,9.08e+02] gmres=9
[nsb] it=7 |R_tau|=3.1733e+03 rel=2.458e+01 |R_steady|/|R0|=3.207e+01 cfl=0.0365 dtau=[1.35e-05,4.55e+01] gmres=12
[nsb] it=8 |R_tau|=4.5394e+03 rel=3.516e+01 |R_steady|/|R0|=3.817e+01 cfl=0.0657 dtau=[2.44e-05,4.99e+01] gmres=10
[nsb] it=9 |R_tau|=2.3225e+03 rel=1.799e+01 |R_steady|/|R0|=3.208e+01 cfl=0.0459 dtau=[1.72e-05,3.46e+01] gmres=10
[nsb] it=10 |R_tau|=6.1296e+04 rel=4.748e+02 |R_steady|/|R0|=4.614e+02 cfl=0.0898 dtau=[3.37e-05,2.09e+02] gmres=11
[nsb] it=11 |R_tau|=4.3705e+03 rel=3.385e+01 |R_steady|/|R0|=4.219e+01 cfl=0.00898 dtau=[3.40e-06,1.57e+01] gmres=9
[nsb] it=12 |R_tau|=2.5539e+03 rel=1.978e+01 |R_steady|/|R0|=3.945e+01 cfl=0.018 dtau=[6.81e-06,7.48e+00] gmres=32 (gmres not converged)
[nsb] it=13 |R_tau|=2.5125e+03 rel=1.946e+01 |R_steady|/|R0|=3.880e+01 cfl=0.0307 dtau=[1.17e-05,1.97e+01] gmres=8
[nsb] it=14 |R_tau|=2.4989e+03 rel=1.935e+01 |R_steady|/|R0|=3.862e+01 cfl=0.0312 dtau=[1.19e-05,2.73e+01] gmres=8
[nsb] it=15 |R_tau|=2.4902e+03 rel=1.929e+01 |R_steady|/|R0|=3.855e+01 cfl=0.0314 dtau=[1.20e-05,6.59e+01] gmres=6
[nsb] it=16 |R_tau|=2.4839e+03 rel=1.924e+01 |R_steady|/|R0|=3.839e+01 cfl=0.0315 dtau=[1.21e-05,5.10e+01] gmres=8
[nsb] it=17 |R_tau|=2.4734e+03 rel=1.916e+01 |R_steady|/|R0|=3.823e+01 cfl=0.0316 dtau=[1.22e-05,4.81e+01] gmres=8
[nsb] it=18 |R_tau|=2.4628e+03 rel=1.908e+01 |R_steady|/|R0|=3.807e+01 cfl=0.0317 dtau=[1.23e-05,5.40e+01] gmres=8
[nsb] it=19 |R_tau|=2.4522e+03 rel=1.899e+01 |R_steady|/|R0|=3.790e+01 cfl=0.0319 dtau=[1.24e-05,5.92e+01] gmres=8
[nsb] it=20 |R_tau|=2.4390e+03 rel=1.889e+01 |R_steady|/|R0|=3.771e+01 cfl=0.032 dtau=[1.25e-05,6.43e+01] gmres=8
[nsb] it=21 |R_tau|=2.4286e+03 rel=1.881e+01 |R_steady|/|R0|=3.754e+01 cfl=0.0322 dtau=[1.26e-05,7.00e+01] gmres=6
[nsb] it=22 |R_tau|=2.4198e+03 rel=1.874e+01 |R_steady|/|R0|=3.738e+01 cfl=0.0323 dtau=[1.27e-05,7.55e+01] gmres=5
[nsb] it=23 |R_tau|=2.4047e+03 rel=1.862e+01 |R_steady|/|R0|=3.720e+01 cfl=0.0324 dtau=[1.28e-05,8.15e+01] gmres=5
[nsb] it=24 |R_tau|=2.3937e+03 rel=1.854e+01 |R_steady|/|R0|=3.699e+01 cfl=0.0326 dtau=[1.29e-05,8.76e+01] gmres=8
[nsb] it=25 |R_tau|=2.3792e+03 rel=1.843e+01 |R_steady|/|R0|=3.676e+01 cfl=0.0328 dtau=[1.30e-05,9.31e+01] gmres=8
[nsb] it=26 |R_tau|=2.3645e+03 rel=1.831e+01 |R_steady|/|R0|=3.653e+01 cfl=0.033 dtau=[1.32e-05,1.01e+02] gmres=6
[nsb] it=27 |R_tau|=2.3487e+03 rel=1.819e+01 |R_steady|/|R0|=3.628e+01 cfl=0.0332 dtau=[1.33e-05,1.08e+02] gmres=6
[nsb] it=28 |R_tau|=2.3317e+03 rel=1.806e+01 |R_steady|/|R0|=3.602e+01 cfl=0.0334 dtau=[1.34e-05,1.18e+02] gmres=6
[nsb] it=29 |R_tau|=2.3144e+03 rel=1.793e+01 |R_steady|/|R0|=3.576e+01 cfl=0.0336 dtau=[1.36e-05,1.28e+02] gmres=6
[nsb] it=30 |R_tau|=2.2972e+03 rel=1.779e+01 |R_steady|/|R0|=3.548e+01 cfl=0.0339 dtau=[1.37e-05,1.42e+02] gmres=6
[nsb] it=31 |R_tau|=2.2780e+03 rel=1.764e+01 |R_steady|/|R0|=3.519e+01 cfl=0.0342 dtau=[1.39e-05,1.53e+02] gmres=9
[nsb] it=32 |R_tau|=2.2595e+03 rel=1.750e+01 |R_steady|/|R0|=3.489e+01 cfl=0.0344 dtau=[1.41e-05,1.67e+02] gmres=6
[nsb] it=33 |R_tau|=2.2392e+03 rel=1.734e+01 |R_steady|/|R0|=3.457e+01 cfl=0.0347 dtau=[1.42e-05,1.73e+02] gmres=6
[nsb] it=34 |R_tau|=2.1980e+03 rel=1.702e+01 |R_steady|/|R0|=3.408e+01 cfl=0.035 dtau=[1.44e-05,1.84e+02] gmres=6
[nsb] it=35 |R_tau|=2.1938e+03 rel=1.699e+01 |R_steady|/|R0|=3.391e+01 cfl=0.0357 dtau=[1.48e-05,1.96e+02] gmres=9
[nsb] it=36 |R_tau|=2.1781e+03 rel=1.687e+01 |R_steady|/|R0|=3.363e+01 cfl=0.0358 dtau=[1.49e-05,1.88e+02] gmres=9
[nsb] it=37 |R_tau|=2.1585e+03 rel=1.672e+01 |R_steady|/|R0|=3.332e+01 cfl=0.036 dtau=[1.50e-05,1.85e+02] gmres=8
[nsb] it=38 |R_tau|=2.1095e+03 rel=1.634e+01 |R_steady|/|R0|=3.267e+01 cfl=0.0363 dtau=[1.52e-05,2.36e+02] gmres=10
[nsb] it=39 |R_tau|=2.1347e+03 rel=1.653e+01 |R_steady|/|R0|=3.302e+01 cfl=0.0372 dtau=[1.57e-05,2.56e+02] gmres=7
[nsb] it=40 |R_tau|=2.1377e+03 rel=1.656e+01 |R_steady|/|R0|=3.300e+01 cfl=0.0368 dtau=[1.55e-05,1.72e+02] gmres=6
[nsb] it=41 |R_tau|=2.1298e+03 rel=1.650e+01 |R_steady|/|R0|=3.288e+01 cfl=0.0367 dtau=[1.56e-05,2.22e+02] gmres=9
[nsb] it=42 |R_tau|=2.1239e+03 rel=1.645e+01 |R_steady|/|R0|=3.277e+01 cfl=0.0368 dtau=[1.57e-05,3.20e+02] gmres=7
[nsb] it=43 |R_tau|=2.1168e+03 rel=1.640e+01 |R_steady|/|R0|=3.266e+01 cfl=0.0369 dtau=[1.58e-05,3.93e+02] gmres=10
[nsb] it=44 |R_tau|=2.1095e+03 rel=1.634e+01 |R_steady|/|R0|=3.256e+01 cfl=0.0371 dtau=[1.60e-05,5.23e+02] gmres=8
[nsb] it=45 |R_tau|=2.1120e+03 rel=1.636e+01 |R_steady|/|R0|=3.256e+01 cfl=0.0372 dtau=[1.61e-05,1.84e+03] gmres=7
[nsb] it=46 |R_tau|=2.1013e+03 rel=1.628e+01 |R_steady|/|R0|=3.244e+01 cfl=0.0371 dtau=[1.61e-05,1.46e+03] gmres=9
[nsb] it=47 |R_tau|=2.0890e+03 rel=1.618e+01 |R_steady|/|R0|=3.226e+01 cfl=0.0373 dtau=[1.63e-05,7.07e+02] gmres=9
[nsb] it=48 |R_tau|=2.0773e+03 rel=1.609e+01 |R_steady|/|R0|=3.205e+01 cfl=0.0376 dtau=[1.65e-05,4.39e+02] gmres=10
[nsb] it=49 |R_tau|=2.0484e+03 rel=1.587e+01 |R_steady|/|R0|=3.167e+01 cfl=0.0378 dtau=[1.66e-05,3.22e+02] gmres=9
[nsb] it=50 |R_tau|=2.0275e+03 rel=1.570e+01 |R_steady|/|R0|=3.129e+01 cfl=0.0383 dtau=[1.69e-05,3.06e+02] gmres=10
[nsb] it=51 |R_tau|=1.9994e+03 rel=1.549e+01 |R_steady|/|R0|=3.086e+01 cfl=0.0387 dtau=[1.72e-05,2.65e+02] gmres=9
[nsb] it=52 |R_tau|=1.9673e+03 rel=1.524e+01 |R_steady|/|R0|=3.039e+01 cfl=0.0392 dtau=[1.75e-05,4.33e+02] gmres=6
[nsb] it=53 |R_tau|=1.9475e+03 rel=1.508e+01 |R_steady|/|R0|=3.005e+01 cfl=0.0399 dtau=[1.79e-05,6.03e+02] gmres=10
[nsb] it=54 |R_tau|=1.9145e+03 rel=1.483e+01 |R_steady|/|R0|=2.958e+01 cfl=0.0403 dtau=[1.81e-05,1.82e+03] gmres=9
[nsb] it=55 |R_tau|=1.8942e+03 rel=1.467e+01 |R_steady|/|R0|=2.920e+01 cfl=0.041 dtau=[1.86e-05,1.66e+03] gmres=9
[nsb] it=56 |R_tau|=1.8672e+03 rel=1.446e+01 |R_steady|/|R0|=2.879e+01 cfl=0.0414 dtau=[1.88e-05,3.24e+03] gmres=9
[nsb] it=57 |R_tau|=1.8406e+03 rel=1.426e+01 |R_steady|/|R0|=2.838e+01 cfl=0.042 dtau=[1.92e-05,5.61e+03] gmres=7
[nsb] it=58 |R_tau|=1.8167e+03 rel=1.407e+01 |R_steady|/|R0|=2.799e+01 cfl=0.0426 dtau=[1.96e-05,8.93e+03] gmres=7
[nsb] it=59 |R_tau|=1.7898e+03 rel=1.386e+01 |R_steady|/|R0|=2.760e+01 cfl=0.0432 dtau=[2.00e-05,9.48e+03] gmres=7
[nsb] it=60 |R_tau|=1.7662e+03 rel=1.368e+01 |R_steady|/|R0|=2.724e+01 cfl=0.0438 dtau=[2.04e-05,3.42e+03] gmres=7
[nsb] it=61 |R_tau|=1.7364e+03 rel=1.345e+01 |R_steady|/|R0|=2.683e+01 cfl=0.0444 dtau=[2.08e-05,2.81e+03] gmres=7
[nsb] it=62 |R_tau|=1.7194e+03 rel=1.332e+01 |R_steady|/|R0|=2.650e+01 cfl=0.0452 dtau=[2.12e-05,2.22e+03] gmres=9
[nsb] it=63 |R_tau|=1.6948e+03 rel=1.313e+01 |R_steady|/|R0|=2.611e+01 cfl=0.0456 dtau=[2.16e-05,2.33e+03] gmres=9
[nsb] it=64 |R_tau|=1.6682e+03 rel=1.292e+01 |R_steady|/|R0|=2.571e+01 cfl=0.0463 dtau=[2.20e-05,1.83e+03] gmres=7
[nsb] it=65 |R_tau|=1.6457e+03 rel=1.275e+01 |R_steady|/|R0|=2.536e+01 cfl=0.047 dtau=[2.25e-05,1.54e+03] gmres=7
[nsb] it=66 |R_tau|=1.6219e+03 rel=1.256e+01 |R_steady|/|R0|=2.498e+01 cfl=0.0477 dtau=[2.30e-05,1.52e+03] gmres=7
[nsb] it=67 |R_tau|=1.5933e+03 rel=1.234e+01 |R_steady|/|R0|=2.456e+01 cfl=0.0484 dtau=[2.35e-05,1.30e+03] gmres=7
[nsb] it=68 |R_tau|=1.5728e+03 rel=1.218e+01 |R_steady|/|R0|=2.421e+01 cfl=0.0492 dtau=[2.41e-05,1.17e+03] gmres=7
[nsb] it=69 |R_tau|=1.5449e+03 rel=1.197e+01 |R_steady|/|R0|=2.378e+01 cfl=0.0499 dtau=[2.46e-05,1.52e+03] gmres=6
[nsb] it=70 |R_tau|=1.5233e+03 rel=1.180e+01 |R_steady|/|R0|=2.344e+01 cfl=0.0508 dtau=[2.52e-05,9.00e+02] gmres=7
[nsb] it=71 |R_tau|=1.5016e+03 rel=1.163e+01 |R_steady|/|R0|=2.309e+01 cfl=0.0515 dtau=[2.57e-05,9.81e+02] gmres=7
[nsb] it=72 |R_tau|=1.4791e+03 rel=1.146e+01 |R_steady|/|R0|=2.275e+01 cfl=0.0523 dtau=[2.63e-05,6.92e+02] gmres=7
[nsb] it=73 |R_tau|=1.4607e+03 rel=1.131e+01 |R_steady|/|R0|=2.244e+01 cfl=0.053 dtau=[2.69e-05,5.89e+02] gmres=9
[nsb] it=74 |R_tau|=1.4378e+03 rel=1.114e+01 |R_steady|/|R0|=2.212e+01 cfl=0.0537 dtau=[2.75e-05,6.08e+02] gmres=9
[nsb] it=75 |R_tau|=1.4182e+03 rel=1.098e+01 |R_steady|/|R0|=2.181e+01 cfl=0.0546 dtau=[2.80e-05,6.64e+02] gmres=7
[nsb] it=76 |R_tau|=1.3981e+03 rel=1.083e+01 |R_steady|/|R0|=2.150e+01 cfl=0.0553 dtau=[2.84e-05,6.79e+02] gmres=7
[nsb] it=77 |R_tau|=1.3783e+03 rel=1.068e+01 |R_steady|/|R0|=2.119e+01 cfl=0.0561 dtau=[2.89e-05,6.74e+02] gmres=6
[nsb] it=78 |R_tau|=1.3592e+03 rel=1.053e+01 |R_steady|/|R0|=2.089e+01 cfl=0.0569 dtau=[2.94e-05,6.61e+02] gmres=6
[nsb] it=79 |R_tau|=1.3398e+03 rel=1.038e+01 |R_steady|/|R0|=2.058e+01 cfl=0.0577 dtau=[2.99e-05,7.12e+02] gmres=7
[nsb] it=80 |R_tau|=1.3247e+03 rel=1.026e+01 |R_steady|/|R0|=2.030e+01 cfl=0.0586 dtau=[3.04e-05,6.43e+02] gmres=7
[nsb] done converged=False reason='max_iter' it=80 m_in=2.0000e+02 m_out=2.0000e+02 elapsed=58.2s
--> uturn_r1_U2_mine: {'converged': False, 'reason': 'max_iter', 'n_iter': 80, 'rel_final': 10.260054968502338, 'rel_steady_final': 20.302894912588325, 'rel_min': 1.0, 'first_step_ratio': 41.51841370545758, 'mass_ratio': 1.0000000151646706, 'p_inlet_mean': -39315.24572863068, 'speed_max': 15.720011059231343, 'elapsed': 58.19932325700029}
===== uturn_r1_U2_mine_nores =====
[nsb] it=0 |R|=1.2911e+02 cfl=0.5
[nsb] it=1 |R_tau|=5.3604e+03 rel=4.152e+01 |R_steady|/|R0|=4.152e+01 cfl=0.5 dtau=[1.00e+30,1.00e+30] gmres=16 (gmres not converged)
[nsb] it=2 |R_tau|=7.4182e+03 rel=5.746e+01 |R_steady|/|R0|=5.746e+01 cfl=0.05 dtau=[1.76e-05,3.05e+01] gmres=3
[nsb] it=3 |R_tau|=3.0332e+03 rel=2.349e+01 |R_steady|/|R0|=2.349e+01 cfl=0.0361 dtau=[1.29e-05,5.80e+00] gmres=4
[nsb] it=4 |R_tau|=3.3478e+03 rel=2.593e+01 |R_steady|/|R0|=2.593e+01 cfl=0.0723 dtau=[2.59e-05,1.89e+03] gmres=4
[nsb] it=5 |R_tau|=6.7142e+03 rel=5.200e+01 |R_steady|/|R0|=5.200e+01 cfl=0.0655 dtau=[2.39e-05,2.62e+02] gmres=5
[nsb] it=6 |R_tau|=4.2089e+04 rel=3.260e+02 |R_steady|/|R0|=3.260e+02 cfl=0.0326 dtau=[1.21e-05,5.32e+01] gmres=6
[nsb] it=7 |R_tau|=1.0062e+04 rel=7.793e+01 |R_steady|/|R0|=7.793e+01 cfl=0.00521 dtau=[1.12e-06,3.92e+00] gmres=3
[nsb] it=8 |R_tau|=1.5472e+04 rel=1.198e+02 |R_steady|/|R0|=1.198e+02 cfl=0.0104 dtau=[2.25e-06,2.02e+01] gmres=8
[nsb] it=9 |R_tau|=9.0047e+03 rel=6.974e+01 |R_steady|/|R0|=6.974e+01 cfl=0.00677 dtau=[1.47e-06,4.10e+01] gmres=7
[nsb] it=10 |R_tau|=8.5200e+03 rel=6.599e+01 |R_steady|/|R0|=6.599e+01 cfl=0.0116 dtau=[2.52e-06,1.27e+01] gmres=4
[nsb] it=11 |R_tau|=8.4256e+03 rel=6.526e+01 |R_steady|/|R0|=6.526e+01 cfl=0.0123 dtau=[2.67e-06,2.03e+01] gmres=5
[nsb] it=12 |R_tau|=8.3177e+03 rel=6.442e+01 |R_steady|/|R0|=6.442e+01 cfl=0.0124 dtau=[2.71e-06,1.92e+01] gmres=4
[nsb] it=13 |R_tau|=8.2165e+03 rel=6.364e+01 |R_steady|/|R0|=6.364e+01 cfl=0.0126 dtau=[2.75e-06,1.87e+01] gmres=4
[nsb] it=14 |R_tau|=8.1199e+03 rel=6.289e+01 |R_steady|/|R0|=6.289e+01 cfl=0.0128 dtau=[2.80e-06,1.82e+01] gmres=4
[nsb] it=15 |R_tau|=7.9808e+03 rel=6.181e+01 |R_steady|/|R0|=6.181e+01 cfl=0.0129 dtau=[2.84e-06,1.75e+01] gmres=4
[nsb] it=16 |R_tau|=7.9163e+03 rel=6.131e+01 |R_steady|/|R0|=6.131e+01 cfl=0.0131 dtau=[2.90e-06,1.74e+01] gmres=4
[nsb] it=17 |R_tau|=7.8703e+03 rel=6.096e+01 |R_steady|/|R0|=6.096e+01 cfl=0.0132 dtau=[2.93e-06,2.24e+01] gmres=4
[nsb] it=18 |R_tau|=7.8169e+03 rel=6.054e+01 |R_steady|/|R0|=6.054e+01 cfl=0.0133 dtau=[2.96e-06,1.83e+01] gmres=4
[nsb] it=19 |R_tau|=7.7325e+03 rel=5.989e+01 |R_steady|/|R0|=5.989e+01 cfl=0.0134 dtau=[2.99e-06,1.78e+01] gmres=4
[nsb] it=20 |R_tau|=7.6632e+03 rel=5.935e+01 |R_steady|/|R0|=5.935e+01 cfl=0.0136 dtau=[3.03e-06,1.99e+01] gmres=4
[nsb] it=21 |R_tau|=7.5937e+03 rel=5.882e+01 |R_steady|/|R0|=5.882e+01 cfl=0.0137 dtau=[3.07e-06,2.38e+01] gmres=5
[nsb] it=22 |R_tau|=7.5167e+03 rel=5.822e+01 |R_steady|/|R0|=5.822e+01 cfl=0.0138 dtau=[3.11e-06,2.53e+01] gmres=4
[nsb] it=23 |R_tau|=7.4394e+03 rel=5.762e+01 |R_steady|/|R0|=5.762e+01 cfl=0.0139 dtau=[3.15e-06,2.72e+01] gmres=4
[nsb] it=24 |R_tau|=7.3608e+03 rel=5.701e+01 |R_steady|/|R0|=5.701e+01 cfl=0.0141 dtau=[3.20e-06,2.41e+01] gmres=4
[nsb] it=25 |R_tau|=7.2863e+03 rel=5.643e+01 |R_steady|/|R0|=5.643e+01 cfl=0.0142 dtau=[3.25e-06,2.66e+01] gmres=4
[nsb] it=26 |R_tau|=7.2168e+03 rel=5.590e+01 |R_steady|/|R0|=5.590e+01 cfl=0.0144 dtau=[3.30e-06,2.88e+01] gmres=4
[nsb] it=27 |R_tau|=7.1573e+03 rel=5.544e+01 |R_steady|/|R0|=5.544e+01 cfl=0.0145 dtau=[3.34e-06,3.17e+01] gmres=4
[nsb] it=28 |R_tau|=7.0925e+03 rel=5.493e+01 |R_steady|/|R0|=5.493e+01 cfl=0.0146 dtau=[3.39e-06,3.51e+01] gmres=4
[nsb] it=29 |R_tau|=7.0293e+03 rel=5.444e+01 |R_steady|/|R0|=5.444e+01 cfl=0.0148 dtau=[3.43e-06,3.90e+01] gmres=4
[nsb] it=30 |R_tau|=6.9696e+03 rel=5.398e+01 |R_steady|/|R0|=5.398e+01 cfl=0.0149 dtau=[3.48e-06,4.61e+01] gmres=6
[nsb] it=31 |R_tau|=6.9394e+03 rel=5.375e+01 |R_steady|/|R0|=5.375e+01 cfl=0.015 dtau=[3.53e-06,5.41e+01] gmres=4
[nsb] it=32 |R_tau|=6.9091e+03 rel=5.351e+01 |R_steady|/|R0|=5.351e+01 cfl=0.0151 dtau=[3.56e-06,4.33e+01] gmres=4
[nsb] it=33 |R_tau|=6.8785e+03 rel=5.328e+01 |R_steady|/|R0|=5.328e+01 cfl=0.0152 dtau=[3.60e-06,3.90e+01] gmres=4
[nsb] it=34 |R_tau|=6.8511e+03 rel=5.306e+01 |R_steady|/|R0|=5.306e+01 cfl=0.0152 dtau=[3.63e-06,3.74e+01] gmres=4
[nsb] it=35 |R_tau|=6.8230e+03 rel=5.285e+01 |R_steady|/|R0|=5.285e+01 cfl=0.0153 dtau=[3.67e-06,3.64e+01] gmres=4
[nsb] it=36 |R_tau|=6.7894e+03 rel=5.259e+01 |R_steady|/|R0|=5.259e+01 cfl=0.0154 dtau=[3.71e-06,3.70e+01] gmres=4
[nsb] it=37 |R_tau|=6.7620e+03 rel=5.237e+01 |R_steady|/|R0|=5.237e+01 cfl=0.0154 dtau=[3.75e-06,4.29e+01] gmres=4
[nsb] it=38 |R_tau|=6.7339e+03 rel=5.216e+01 |R_steady|/|R0|=5.216e+01 cfl=0.0155 dtau=[3.79e-06,4.37e+01] gmres=4
[nsb] it=39 |R_tau|=6.7041e+03 rel=5.193e+01 |R_steady|/|R0|=5.193e+01 cfl=0.0156 dtau=[3.83e-06,4.74e+01] gmres=4
[nsb] it=40 |R_tau|=6.6734e+03 rel=5.169e+01 |R_steady|/|R0|=5.169e+01 cfl=0.0156 dtau=[3.87e-06,5.22e+01] gmres=4
[nsb] it=41 |R_tau|=6.6372e+03 rel=5.141e+01 |R_steady|/|R0|=5.141e+01 cfl=0.0157 dtau=[3.91e-06,5.84e+01] gmres=4
[nsb] it=42 |R_tau|=6.6002e+03 rel=5.112e+01 |R_steady|/|R0|=5.112e+01 cfl=0.0158 dtau=[3.96e-06,6.98e+01] gmres=5
[nsb] it=43 |R_tau|=6.5632e+03 rel=5.083e+01 |R_steady|/|R0|=5.083e+01 cfl=0.0159 dtau=[4.01e-06,8.43e+01] gmres=4
[nsb] it=44 |R_tau|=6.5251e+03 rel=5.054e+01 |R_steady|/|R0|=5.054e+01 cfl=0.016 dtau=[4.07e-06,9.92e+01] gmres=3
[nsb] it=45 |R_tau|=6.4870e+03 rel=5.024e+01 |R_steady|/|R0|=5.024e+01 cfl=0.0161 dtau=[4.12e-06,1.19e+02] gmres=5
[nsb] it=46 |R_tau|=6.4485e+03 rel=4.995e+01 |R_steady|/|R0|=4.995e+01 cfl=0.0162 dtau=[4.18e-06,1.42e+02] gmres=4
[nsb] it=47 |R_tau|=6.4098e+03 rel=4.965e+01 |R_steady|/|R0|=4.965e+01 cfl=0.0163 dtau=[4.23e-06,1.71e+02] gmres=4
[nsb] it=48 |R_tau|=6.3716e+03 rel=4.935e+01 |R_steady|/|R0|=4.935e+01 cfl=0.0163 dtau=[4.29e-06,2.08e+02] gmres=4
[nsb] it=49 |R_tau|=6.3322e+03 rel=4.904e+01 |R_steady|/|R0|=4.904e+01 cfl=0.0164 dtau=[4.36e-06,2.53e+02] gmres=4
[nsb] it=50 |R_tau|=6.2929e+03 rel=4.874e+01 |R_steady|/|R0|=4.874e+01 cfl=0.0165 dtau=[4.42e-06,2.84e+02] gmres=4
[nsb] it=51 |R_tau|=6.2534e+03 rel=4.843e+01 |R_steady|/|R0|=4.843e+01 cfl=0.0167 dtau=[4.49e-06,3.25e+02] gmres=4
[nsb] it=52 |R_tau|=6.2077e+03 rel=4.808e+01 |R_steady|/|R0|=4.808e+01 cfl=0.0168 dtau=[4.55e-06,4.31e+02] gmres=5
[nsb] it=53 |R_tau|=6.1664e+03 rel=4.776e+01 |R_steady|/|R0|=4.776e+01 cfl=0.0169 dtau=[4.63e-06,7.20e+02] gmres=3
[nsb] it=54 |R_tau|=6.1230e+03 rel=4.742e+01 |R_steady|/|R0|=4.742e+01 cfl=0.017 dtau=[4.70e-06,1.03e+03] gmres=5
[nsb] it=55 |R_tau|=6.0771e+03 rel=4.707e+01 |R_steady|/|R0|=4.707e+01 cfl=0.0171 dtau=[4.78e-06,3.04e+03] gmres=4
[nsb] it=56 |R_tau|=6.0302e+03 rel=4.671e+01 |R_steady|/|R0|=4.671e+01 cfl=0.0172 dtau=[4.87e-06,1.89e+03] gmres=4
[nsb] it=57 |R_tau|=5.9823e+03 rel=4.633e+01 |R_steady|/|R0|=4.633e+01 cfl=0.0174 dtau=[4.95e-06,8.55e+02] gmres=4
[nsb] it=58 |R_tau|=5.9335e+03 rel=4.596e+01 |R_steady|/|R0|=4.596e+01 cfl=0.0175 dtau=[5.04e-06,6.40e+02] gmres=4
[nsb] it=59 |R_tau|=5.8833e+03 rel=4.557e+01 |R_steady|/|R0|=4.557e+01 cfl=0.0177 dtau=[5.14e-06,5.60e+02] gmres=4
[nsb] it=60 |R_tau|=5.8289e+03 rel=4.515e+01 |R_steady|/|R0|=4.515e+01 cfl=0.0178 dtau=[5.24e-06,4.52e+02] gmres=4
[nsb] it=61 |R_tau|=5.7891e+03 rel=4.484e+01 |R_steady|/|R0|=4.484e+01 cfl=0.018 dtau=[5.34e-06,4.11e+02] gmres=4
[nsb] it=62 |R_tau|=5.7410e+03 rel=4.447e+01 |R_steady|/|R0|=4.447e+01 cfl=0.0181 dtau=[5.44e-06,7.60e+02] gmres=4
[nsb] it=63 |R_tau|=5.6912e+03 rel=4.408e+01 |R_steady|/|R0|=4.408e+01 cfl=0.0183 dtau=[5.55e-06,1.11e+03] gmres=4
[nsb] it=64 |R_tau|=5.6398e+03 rel=4.368e+01 |R_steady|/|R0|=4.368e+01 cfl=0.0184 dtau=[5.66e-06,1.03e+03] gmres=5
[nsb] it=65 |R_tau|=5.5871e+03 rel=4.327e+01 |R_steady|/|R0|=4.327e+01 cfl=0.0186 dtau=[5.78e-06,4.85e+02] gmres=4
[nsb] it=66 |R_tau|=5.5326e+03 rel=4.285e+01 |R_steady|/|R0|=4.285e+01 cfl=0.0188 dtau=[5.91e-06,4.89e+02] gmres=4
[nsb] it=67 |R_tau|=5.4766e+03 rel=4.242e+01 |R_steady|/|R0|=4.242e+01 cfl=0.0189 dtau=[6.04e-06,4.80e+02] gmres=7
[nsb] it=68 |R_tau|=5.4191e+03 rel=4.197e+01 |R_steady|/|R0|=4.197e+01 cfl=0.0191 dtau=[6.18e-06,4.52e+02] gmres=7
[nsb] it=69 |R_tau|=5.3607e+03 rel=4.152e+01 |R_steady|/|R0|=4.152e+01 cfl=0.0193 dtau=[6.33e-06,4.14e+02] gmres=6
[nsb] it=70 |R_tau|=5.3013e+03 rel=4.106e+01 |R_steady|/|R0|=4.106e+01 cfl=0.0195 dtau=[6.49e-06,3.94e+02] gmres=4
[nsb] it=71 |R_tau|=5.2414e+03 rel=4.060e+01 |R_steady|/|R0|=4.060e+01 cfl=0.0198 dtau=[6.65e-06,3.43e+02] gmres=4
[nsb] it=72 |R_tau|=5.1801e+03 rel=4.012e+01 |R_steady|/|R0|=4.012e+01 cfl=0.02 dtau=[6.82e-06,3.14e+02] gmres=4
[nsb] it=73 |R_tau|=5.1172e+03 rel=3.963e+01 |R_steady|/|R0|=3.963e+01 cfl=0.0202 dtau=[7.00e-06,2.49e+02] gmres=4
[nsb] it=74 |R_tau|=5.0658e+03 rel=3.924e+01 |R_steady|/|R0|=3.924e+01 cfl=0.0205 dtau=[7.19e-06,2.44e+02] gmres=4
[nsb] it=75 |R_tau|=5.0269e+03 rel=3.893e+01 |R_steady|/|R0|=3.893e+01 cfl=0.0207 dtau=[7.38e-06,2.37e+02] gmres=4
[nsb] it=76 |R_tau|=4.9840e+03 rel=3.860e+01 |R_steady|/|R0|=3.860e+01 cfl=0.0208 dtau=[7.50e-06,2.09e+02] gmres=4
[nsb] it=77 |R_tau|=4.9374e+03 rel=3.824e+01 |R_steady|/|R0|=3.824e+01 cfl=0.021 dtau=[7.57e-06,1.91e+02] gmres=3
[nsb] it=78 |R_tau|=4.8864e+03 rel=3.785e+01 |R_steady|/|R0|=3.785e+01 cfl=0.0212 dtau=[7.65e-06,1.83e+02] gmres=5
[nsb] it=79 |R_tau|=4.8310e+03 rel=3.742e+01 |R_steady|/|R0|=3.742e+01 cfl=0.0214 dtau=[7.74e-06,1.80e+02] gmres=5
[nsb] it=80 |R_tau|=4.7707e+03 rel=3.695e+01 |R_steady|/|R0|=3.695e+01 cfl=0.0217 dtau=[7.85e-06,1.81e+02] gmres=5
[nsb] done converged=False reason='max_iter' it=80 m_in=2.0000e+02 m_out=2.0000e+02 elapsed=38.2s
--> uturn_r1_U2_mine_nores: {'converged': False, 'reason': 'max_iter', 'n_iter': 80, 'rel_final': 36.95029547600541, 'rel_steady_final': 36.95029547600541, 'rel_min': 1.0, 'first_step_ratio': 41.51841370545758, 'mass_ratio': 0.9999998468592136, 'p_inlet_mean': -48267.555189472776, 'speed_max': 21.366573361134723, 'elapsed': 38.15552214900072}
===== uturn_r1_U2_floor =====
[nsb] it=0 |R|=1.2911e+02 cfl=0.5
[nsb] it=1 |R_tau|=4.6091e+03 rel=3.570e+01 |R_steady|/|R0|=3.542e+01 cfl=0.5 dtau=[2.08e-02,2.08e-02] gmres=42 (gmres not converged)
[nsb] it=2 |R_tau|=2.4003e+04 rel=1.859e+02 |R_steady|/|R0|=3.582e+02 cfl=0.05 dtau=[2.55e-05,2.08e-03] gmres=35 (gmres not converged)
[nsb] it=3 |R_tau|=1.3450e+04 rel=1.042e+02 |R_steady|/|R0|=2.059e+02 cfl=0.0096 dtau=[5.53e-06,4.00e-04] gmres=7
[nsb] it=4 |R_tau|=1.0748e+04 rel=8.324e+01 |R_steady|/|R0|=1.656e+02 cfl=0.0171 dtau=[9.95e-06,7.14e-04] gmres=6
[nsb] it=5 |R_tau|=8.7939e+03 rel=6.811e+01 |R_steady|/|R0|=1.354e+02 cfl=0.0214 dtau=[1.26e-05,8.93e-04] gmres=6
[nsb] it=6 |R_tau|=7.3095e+03 rel=5.661e+01 |R_steady|/|R0|=1.125e+02 cfl=0.0262 dtau=[1.57e-05,1.09e-03] gmres=8
[nsb] it=7 |R_tau|=6.1357e+03 rel=4.752e+01 |R_steady|/|R0|=9.423e+01 cfl=0.0315 dtau=[1.93e-05,1.31e-03] gmres=7
[nsb] it=8 |R_tau|=5.1660e+03 rel=4.001e+01 |R_steady|/|R0|=7.914e+01 cfl=0.0376 dtau=[2.34e-05,1.56e-03] gmres=6
[nsb] it=9 |R_tau|=4.3877e+03 rel=3.398e+01 |R_steady|/|R0|=6.702e+01 cfl=0.0446 dtau=[2.85e-05,1.86e-03] gmres=7
[nsb] it=10 |R_tau|=3.6863e+03 rel=2.855e+01 |R_steady|/|R0|=5.605e+01 cfl=0.0525 dtau=[3.44e-05,2.19e-03] gmres=7
[nsb] it=11 |R_tau|=3.1134e+03 rel=2.411e+01 |R_steady|/|R0|=4.714e+01 cfl=0.0625 dtau=[4.20e-05,2.60e-03] gmres=7
[nsb] it=12 |R_tau|=2.6530e+03 rel=2.055e+01 |R_steady|/|R0|=4.003e+01 cfl=0.074 dtau=[5.12e-05,3.08e-03] gmres=7
[nsb] it=13 |R_tau|=2.2705e+03 rel=1.759e+01 |R_steady|/|R0|=3.417e+01 cfl=0.0869 dtau=[6.21e-05,3.62e-03] gmres=7
[nsb] it=14 |R_tau|=1.9403e+03 rel=1.503e+01 |R_steady|/|R0|=2.913e+01 cfl=0.101 dtau=[7.52e-05,4.23e-03] gmres=7
[nsb] it=15 |R_tau|=1.6467e+03 rel=1.275e+01 |R_steady|/|R0|=2.466e+01 cfl=0.119 dtau=[9.15e-05,4.95e-03] gmres=7
[nsb] it=16 |R_tau|=1.3844e+03 rel=1.072e+01 |R_steady|/|R0|=2.067e+01 cfl=0.14 dtau=[1.12e-04,5.83e-03] gmres=7
[nsb] it=17 |R_tau|=1.1512e+03 rel=8.917e+00 |R_steady|/|R0|=1.713e+01 cfl=0.166 dtau=[1.40e-04,6.94e-03] gmres=7
[nsb] it=18 |R_tau|=9.4433e+02 rel=7.314e+00 |R_steady|/|R0|=1.398e+01 cfl=0.2 dtau=[1.77e-04,8.34e-03] gmres=7
[nsb] it=19 |R_tau|=7.6135e+02 rel=5.897e+00 |R_steady|/|R0|=1.120e+01 cfl=0.244 dtau=[2.28e-04,1.02e-02] gmres=7
[nsb] it=20 |R_tau|=6.0569e+02 rel=4.691e+00 |R_steady|/|R0|=8.837e+00 cfl=0.303 dtau=[3.00e-04,1.26e-02] gmres=7
[nsb] it=21 |R_tau|=4.7187e+02 rel=3.655e+00 |R_steady|/|R0|=6.805e+00 cfl=0.38 dtau=[4.03e-04,1.59e-02] gmres=6
[nsb] it=22 |R_tau|=3.6509e+02 rel=2.828e+00 |R_steady|/|R0|=5.171e+00 cfl=0.488 dtau=[5.57e-04,2.03e-02] gmres=6
[nsb] it=23 |R_tau|=2.7630e+02 rel=2.140e+00 |R_steady|/|R0|=3.860e+00 cfl=0.631 dtau=[7.81e-04,2.63e-02] gmres=6
[nsb] it=24 |R_tau|=2.0822e+02 rel=1.613e+00 |R_steady|/|R0|=2.826e+00 cfl=0.834 dtau=[1.13e-03,3.48e-02] gmres=6
[nsb] it=25 |R_tau|=1.5412e+02 rel=1.194e+00 |R_steady|/|R0|=2.046e+00 cfl=1.11 dtau=[1.61e-03,4.61e-02] gmres=6
[nsb] it=26 |R_tau|=1.1488e+02 rel=8.898e-01 |R_steady|/|R0|=1.474e+00 cfl=1.5 dtau=[2.34e-03,6.23e-02] gmres=6
[nsb] it=27 |R_tau|=8.3017e+01 rel=6.430e-01 |R_steady|/|R0|=1.027e+00 cfl=2.01 dtau=[3.27e-03,8.36e-02] gmres=6
[nsb] it=28 |R_tau|=6.0552e+01 rel=4.690e-01 |R_steady|/|R0|=7.053e-01 cfl=2.78 dtau=[4.53e-03,1.16e-01] gmres=7
[nsb] it=29 |R_tau|=4.4460e+01 rel=3.444e-01 |R_steady|/|R0|=4.900e-01 cfl=3.81 dtau=[6.30e-03,1.59e-01] gmres=7
[nsb] it=30 |R_tau|=3.3827e+01 rel=2.620e-01 |R_steady|/|R0|=3.495e-01 cfl=5.18 dtau=[8.72e-03,2.16e-01] gmres=8
[nsb] it=31 |R_tau|=2.6221e+01 rel=2.031e-01 |R_steady|/|R0|=2.574e-01 cfl=6.81 dtau=[1.16e-02,2.84e-01] gmres=7
[nsb] it=32 |R_tau|=2.0776e+01 rel=1.609e-01 |R_steady|/|R0|=1.964e-01 cfl=8.79 dtau=[1.52e-02,3.66e-01] gmres=7
[nsb] it=33 |R_tau|=1.6861e+01 rel=1.306e-01 |R_steady|/|R0|=1.544e-01 cfl=11.1 dtau=[1.94e-02,4.62e-01] gmres=7
[nsb] it=34 |R_tau|=1.3894e+01 rel=1.076e-01 |R_steady|/|R0|=1.238e-01 cfl=13.7 dtau=[2.41e-02,5.69e-01] gmres=8
[nsb] it=35 |R_tau|=1.1698e+01 rel=9.060e-02 |R_steady|/|R0|=1.021e-01 cfl=16.6 dtau=[2.94e-02,6.91e-01] gmres=7
[nsb] it=36 |R_tau|=9.9738e+00 rel=7.725e-02 |R_steady|/|R0|=8.557e-02 cfl=19.7 dtau=[3.50e-02,8.21e-01] gmres=6
[nsb] it=37 |R_tau|=8.5900e+00 rel=6.653e-02 |R_steady|/|R0|=7.268e-02 cfl=23.1 dtau=[4.12e-02,9.63e-01] gmres=7
[nsb] it=38 |R_tau|=7.4736e+00 rel=5.789e-02 |R_steady|/|R0|=6.250e-02 cfl=26.8 dtau=[4.79e-02,1.12e+00] gmres=9
[nsb] it=39 |R_tau|=6.4502e+00 rel=4.996e-02 |R_steady|/|R0|=5.345e-02 cfl=30.8 dtau=[5.52e-02,1.28e+00] gmres=8
[nsb] it=40 |R_tau|=5.4307e+00 rel=4.206e-02 |R_steady|/|R0|=4.465e-02 cfl=35.7 dtau=[6.40e-02,1.49e+00] gmres=7
[nsb] it=41 |R_tau|=4.6421e+00 rel=3.595e-02 |R_steady|/|R0|=3.780e-02 cfl=42.4 dtau=[7.60e-02,1.77e+00] gmres=8
[nsb] it=42 |R_tau|=3.9065e+00 rel=3.026e-02 |R_steady|/|R0|=3.165e-02 cfl=49.6 dtau=[8.89e-02,2.07e+00] gmres=8
[nsb] it=43 |R_tau|=3.3114e+00 rel=2.565e-02 |R_steady|/|R0|=2.665e-02 cfl=59 dtau=[1.06e-01,2.46e+00] gmres=8
[nsb] it=44 |R_tau|=2.7183e+00 rel=2.105e-02 |R_steady|/|R0|=2.179e-02 cfl=69.6 dtau=[1.25e-01,2.90e+00] gmres=8
[nsb] it=45 |R_tau|=2.2747e+00 rel=1.762e-02 |R_steady|/|R0|=1.813e-02 cfl=84.8 dtau=[1.52e-01,3.53e+00] gmres=7
[nsb] it=46 |R_tau|=1.9104e+00 rel=1.480e-02 |R_steady|/|R0|=1.516e-02 cfl=101 dtau=[1.81e-01,4.22e+00] gmres=6
[nsb] it=47 |R_tau|=1.6144e+00 rel=1.250e-02 |R_steady|/|R0|=1.277e-02 cfl=121 dtau=[2.16e-01,5.03e+00] gmres=7
[nsb] it=48 |R_tau|=1.3742e+00 rel=1.064e-02 |R_steady|/|R0|=1.084e-02 cfl=143 dtau=[2.56e-01,5.95e+00] gmres=7
[nsb] it=49 |R_tau|=1.1748e+00 rel=9.099e-03 |R_steady|/|R0|=9.240e-03 cfl=168 dtau=[3.00e-01,6.99e+00] gmres=8
[nsb] it=50 |R_tau|=1.0090e+00 rel=7.815e-03 |R_steady|/|R0|=7.919e-03 cfl=196 dtau=[3.51e-01,8.17e+00] gmres=8
[nsb] it=51 |R_tau|=8.6985e-01 rel=6.737e-03 |R_steady|/|R0|=6.815e-03 cfl=228 dtau=[4.09e-01,9.52e+00] gmres=8
[nsb] it=52 |R_tau|=7.5223e-01 rel=5.826e-03 |R_steady|/|R0|=5.884e-03 cfl=265 dtau=[4.74e-01,1.10e+01] gmres=7
[nsb] it=53 |R_tau|=6.5236e-01 rel=5.053e-03 |R_steady|/|R0|=5.096e-03 cfl=306 dtau=[5.48e-01,1.28e+01] gmres=7
[nsb] it=54 |R_tau|=5.6690e-01 rel=4.391e-03 |R_steady|/|R0|=4.424e-03 cfl=353 dtau=[6.32e-01,1.47e+01] gmres=7
[nsb] it=55 |R_tau|=4.9347e-01 rel=3.822e-03 |R_steady|/|R0|=3.847e-03 cfl=407 dtau=[7.27e-01,1.69e+01] gmres=7
[nsb] it=56 |R_tau|=4.3001e-01 rel=3.331e-03 |R_steady|/|R0|=3.350e-03 cfl=467 dtau=[8.35e-01,1.95e+01] gmres=7
[nsb] it=57 |R_tau|=3.7501e-01 rel=2.905e-03 |R_steady|/|R0|=2.919e-03 cfl=536 dtau=[9.58e-01,2.23e+01] gmres=7
[nsb] it=58 |R_tau|=3.2715e-01 rel=2.534e-03 |R_steady|/|R0|=2.545e-03 cfl=615 dtau=[1.10e+00,2.56e+01] gmres=7
[nsb] it=59 |R_tau|=2.8538e-01 rel=2.210e-03 |R_steady|/|R0|=2.219e-03 cfl=704 dtau=[1.26e+00,2.94e+01] gmres=7
[nsb] it=60 |R_tau|=2.4881e-01 rel=1.927e-03 |R_steady|/|R0|=1.934e-03 cfl=808 dtau=[1.44e+00,3.36e+01] gmres=7
[nsb] it=61 |R_tau|=2.1671e-01 rel=1.678e-03 |R_steady|/|R0|=1.683e-03 cfl=926 dtau=[1.66e+00,3.86e+01] gmres=5
[nsb] it=62 |R_tau|=1.8842e-01 rel=1.459e-03 |R_steady|/|R0|=1.463e-03 cfl=1.06e+03 dtau=[1.90e+00,4.43e+01] gmres=5
[nsb] it=63 |R_tau|=1.6343e-01 rel=1.266e-03 |R_steady|/|R0|=1.269e-03 cfl=1.22e+03 dtau=[2.19e+00,5.10e+01] gmres=5
[nsb] it=64 |R_tau|=1.4129e-01 rel=1.094e-03 |R_steady|/|R0|=1.096e-03 cfl=1.41e+03 dtau=[2.52e+00,5.88e+01] gmres=5
[nsb] it=65 |R_tau|=1.2163e-01 rel=9.421e-04 |R_steady|/|R0|=9.436e-04 cfl=1.63e+03 dtau=[2.91e+00,6.80e+01] gmres=9
[nsb] it=66 |R_tau|=1.0419e-01 rel=8.070e-04 |R_steady|/|R0|=8.081e-04 cfl=1.89e+03 dtau=[3.39e+00,7.89e+01] gmres=6
[nsb] it=67 |R_tau|=8.8735e-02 rel=6.873e-04 |R_steady|/|R0|=6.881e-04 cfl=2.21e+03 dtau=[3.95e+00,9.22e+01] gmres=6
[nsb] it=68 |R_tau|=7.5094e-02 rel=5.816e-04 |R_steady|/|R0|=5.822e-04 cfl=2.6e+03 dtau=[4.64e+00,1.08e+02] gmres=6
[nsb] it=69 |R_tau|=6.3128e-02 rel=4.889e-04 |R_steady|/|R0|=4.894e-04 cfl=3.07e+03 dtau=[5.48e+00,1.28e+02] gmres=6
[nsb] it=70 |R_tau|=5.2715e-02 rel=4.083e-04 |R_steady|/|R0|=4.086e-04 cfl=3.65e+03 dtau=[6.52e+00,1.52e+02] gmres=6
[nsb] it=71 |R_tau|=4.3743e-02 rel=3.388e-04 |R_steady|/|R0|=3.390e-04 cfl=4.37e+03 dtau=[7.81e+00,1.82e+02] gmres=6
[nsb] it=72 |R_tau|=3.6099e-02 rel=2.796e-04 |R_steady|/|R0|=2.797e-04 cfl=5.27e+03 dtau=[9.41e+00,2.20e+02] gmres=7
[nsb] it=73 |R_tau|=2.9666e-02 rel=2.298e-04 |R_steady|/|R0|=2.299e-04 cfl=6.38e+03 dtau=[1.14e+01,2.66e+02] gmres=7
[nsb] it=74 |R_tau|=2.4319e-02 rel=1.884e-04 |R_steady|/|R0|=1.884e-04 cfl=7.77e+03 dtau=[1.39e+01,3.24e+02] gmres=7
[nsb] it=75 |R_tau|=1.9927e-02 rel=1.543e-04 |R_steady|/|R0|=1.544e-04 cfl=9.48e+03 dtau=[1.69e+01,3.95e+02] gmres=7
[nsb] it=76 |R_tau|=1.6354e-02 rel=1.267e-04 |R_steady|/|R0|=1.267e-04 cfl=1.16e+04 dtau=[2.07e+01,4.82e+02] gmres=8
[nsb] it=77 |R_tau|=1.3464e-02 rel=1.043e-04 |R_steady|/|R0|=1.043e-04 cfl=1.41e+04 dtau=[2.52e+01,5.87e+02] gmres=6
[nsb] it=78 |R_tau|=1.1132e-02 rel=8.622e-05 |R_steady|/|R0|=8.623e-05 cfl=1.71e+04 dtau=[3.06e+01,7.13e+02] gmres=6
[nsb] it=79 |R_tau|=9.2447e-03 rel=7.160e-05 |R_steady|/|R0|=7.161e-05 cfl=2.07e+04 dtau=[3.70e+01,8.63e+02] gmres=6
[nsb] it=80 |R_tau|=7.7063e-03 rel=5.969e-05 |R_steady|/|R0|=5.969e-05 cfl=2.49e+04 dtau=[4.45e+01,1.04e+03] gmres=6
[nsb] done converged=False reason='max_iter' it=80 m_in=2.0000e+02 m_out=2.0000e+02 elapsed=34.0s
--> uturn_r1_U2_floor: {'converged': False, 'reason': 'max_iter', 'n_iter': 80, 'rel_final': 5.9688030792924636e-05, 'rel_steady_final': 5.969423475325757e-05, 'rel_min': 5.9688030792924636e-05, 'first_step_ratio': 35.69864875096909, 'mass_ratio': 1.0000000000041362, 'p_inlet_mean': 35959.88850259609, 'speed_max': 3.4328030448954943, 'elapsed': 34.03039706900017}
===== uturn_r1_U2_fixed =====
[nsb] it=0 |R|=1.2911e+02 cfl=0.5
[nsb] it=1 |R_tau|=3.4367e+03 rel=2.662e+01 |R_steady|/|R0|=2.662e+01 cfl=0.5 dtau=[2.08e-02,2.08e-02] gmres=11 (gmres not converged)
[nsb] it=2 |R_tau|=2.2151e+04 rel=1.716e+02 |R_steady|/|R0|=1.716e+02 cfl=0.05 dtau=[2.81e-05,2.08e-03] gmres=15 (gmres not converged)
[nsb] it=3 |R_tau|=1.2684e+04 rel=9.824e+01 |R_steady|/|R0|=9.824e+01 cfl=0.00776 dtau=[4.61e-06,3.23e-04] gmres=3
[nsb] it=4 |R_tau|=1.0285e+04 rel=7.966e+01 |R_steady|/|R0|=7.966e+01 cfl=0.0135 dtau=[8.12e-06,5.64e-04] gmres=4
[nsb] it=5 |R_tau|=8.6337e+03 rel=6.687e+01 |R_steady|/|R0|=6.687e+01 cfl=0.0167 dtau=[1.01e-05,6.96e-04] gmres=3
[nsb] it=6 |R_tau|=7.1969e+03 rel=5.574e+01 |R_steady|/|R0|=5.574e+01 cfl=0.0199 dtau=[1.23e-05,8.29e-04] gmres=3
[nsb] it=7 |R_tau|=6.0383e+03 rel=4.677e+01 |R_steady|/|R0|=4.677e+01 cfl=0.0239 dtau=[1.49e-05,9.95e-04] gmres=3
[nsb] it=8 |R_tau|=5.1424e+03 rel=3.983e+01 |R_steady|/|R0|=3.983e+01 cfl=0.0285 dtau=[1.81e-05,1.19e-03] gmres=3
[nsb] it=9 |R_tau|=4.4222e+03 rel=3.425e+01 |R_steady|/|R0|=3.425e+01 cfl=0.0334 dtau=[2.17e-05,1.39e-03] gmres=3
[nsb] it=10 |R_tau|=3.8175e+03 rel=2.957e+01 |R_steady|/|R0|=2.957e+01 cfl=0.0389 dtau=[2.58e-05,1.62e-03] gmres=3
[nsb] it=11 |R_tau|=3.2948e+03 rel=2.552e+01 |R_steady|/|R0|=2.552e+01 cfl=0.045 dtau=[3.07e-05,1.88e-03] gmres=3
[nsb] it=12 |R_tau|=2.8342e+03 rel=2.195e+01 |R_steady|/|R0|=2.195e+01 cfl=0.0522 dtau=[3.66e-05,2.17e-03] gmres=3
[nsb] it=13 |R_tau|=2.4222e+03 rel=1.876e+01 |R_steady|/|R0|=1.876e+01 cfl=0.0606 dtau=[4.40e-05,2.53e-03] gmres=3
[nsb] it=14 |R_tau|=2.0545e+03 rel=1.591e+01 |R_steady|/|R0|=1.591e+01 cfl=0.0709 dtau=[5.33e-05,2.96e-03] gmres=3
[nsb] it=15 |R_tau|=1.7260e+03 rel=1.337e+01 |R_steady|/|R0|=1.337e+01 cfl=0.0836 dtau=[6.55e-05,3.48e-03] gmres=3
[nsb] it=16 |R_tau|=1.4340e+03 rel=1.111e+01 |R_steady|/|R0|=1.111e+01 cfl=0.0996 dtau=[8.16e-05,4.15e-03] gmres=3
[nsb] it=17 |R_tau|=1.1766e+03 rel=9.113e+00 |R_steady|/|R0|=9.113e+00 cfl=0.12 dtau=[1.03e-04,4.99e-03] gmres=3
[nsb] it=18 |R_tau|=9.5452e+02 rel=7.393e+00 |R_steady|/|R0|=7.393e+00 cfl=0.146 dtau=[1.34e-04,6.09e-03] gmres=3
[nsb] it=19 |R_tau|=7.6636e+02 rel=5.936e+00 |R_steady|/|R0|=5.936e+00 cfl=0.18 dtau=[1.77e-04,7.50e-03] gmres=3
[nsb] it=20 |R_tau|=6.1121e+02 rel=4.734e+00 |R_steady|/|R0|=4.734e+00 cfl=0.224 dtau=[2.39e-04,9.34e-03] gmres=3
[nsb] it=21 |R_tau|=4.7667e+02 rel=3.692e+00 |R_steady|/|R0|=3.692e+00 cfl=0.281 dtau=[3.29e-04,1.17e-02] gmres=4
[nsb] it=22 |R_tau|=3.6542e+02 rel=2.830e+00 |R_steady|/|R0|=2.830e+00 cfl=0.36 dtau=[4.71e-04,1.50e-02] gmres=4
[nsb] it=23 |R_tau|=2.7880e+02 rel=2.159e+00 |R_steady|/|R0|=2.159e+00 cfl=0.47 dtau=[7.02e-04,1.96e-02] gmres=5
[nsb] it=24 |R_tau|=2.0417e+02 rel=1.581e+00 |R_steady|/|R0|=1.581e+00 cfl=0.616 dtau=[9.74e-04,2.57e-02] gmres=4
[nsb] it=25 |R_tau|=1.4385e+02 rel=1.114e+00 |R_steady|/|R0|=1.114e+00 cfl=0.842 dtau=[1.34e-03,3.51e-02] gmres=5
[nsb] it=26 |R_tau|=9.9010e+01 rel=7.669e-01 |R_steady|/|R0|=7.669e-01 cfl=1.19 dtau=[1.92e-03,4.98e-02] gmres=5
[nsb] it=27 |R_tau|=6.8457e+01 rel=5.302e-01 |R_steady|/|R0|=5.302e-01 cfl=1.74 dtau=[2.79e-03,7.23e-02] gmres=7
[nsb] it=28 |R_tau|=4.8915e+01 rel=3.789e-01 |R_steady|/|R0|=3.789e-01 cfl=2.51 dtau=[4.11e-03,1.05e-01] gmres=7
[nsb] it=29 |R_tau|=3.6040e+01 rel=2.791e-01 |R_steady|/|R0|=2.791e-01 cfl=3.51 dtau=[5.87e-03,1.46e-01] gmres=7
[nsb] it=30 |R_tau|=2.7069e+01 rel=2.097e-01 |R_steady|/|R0|=2.097e-01 cfl=4.77 dtau=[8.11e-03,1.99e-01] gmres=8
[nsb] it=31 |R_tau|=2.1208e+01 rel=1.643e-01 |R_steady|/|R0|=1.643e-01 cfl=6.35 dtau=[1.10e-02,2.65e-01] gmres=9
[nsb] it=32 |R_tau|=1.6833e+01 rel=1.304e-01 |R_steady|/|R0|=1.304e-01 cfl=8.1 dtau=[1.41e-02,3.38e-01] gmres=8
[nsb] it=33 |R_tau|=1.3797e+01 rel=1.069e-01 |R_steady|/|R0|=1.069e-01 cfl=10.2 dtau=[1.80e-02,4.25e-01] gmres=7
[nsb] it=34 |R_tau|=1.1476e+01 rel=8.889e-02 |R_steady|/|R0|=8.889e-02 cfl=12.5 dtau=[2.20e-02,5.19e-01] gmres=6
[nsb] it=35 |R_tau|=9.6748e+00 rel=7.493e-02 |R_steady|/|R0|=7.493e-02 cfl=15 dtau=[2.66e-02,6.24e-01] gmres=7
[nsb] it=36 |R_tau|=8.2573e+00 rel=6.396e-02 |R_steady|/|R0|=6.396e-02 cfl=17.8 dtau=[3.16e-02,7.40e-01] gmres=8
[nsb] it=37 |R_tau|=7.0682e+00 rel=5.475e-02 |R_steady|/|R0|=5.475e-02 cfl=20.8 dtau=[3.71e-02,8.67e-01] gmres=8
[nsb] it=38 |R_tau|=5.9140e+00 rel=4.581e-02 |R_steady|/|R0|=4.581e-02 cfl=24.3 dtau=[4.34e-02,1.01e+00] gmres=9
[nsb] it=39 |R_tau|=4.9725e+00 rel=3.851e-02 |R_steady|/|R0|=3.851e-02 cfl=29.1 dtau=[5.19e-02,1.21e+00] gmres=8
[nsb] it=40 |R_tau|=4.1659e+00 rel=3.227e-02 |R_steady|/|R0|=3.227e-02 cfl=34.6 dtau=[6.18e-02,1.44e+00] gmres=9
[nsb] it=41 |R_tau|=3.5384e+00 rel=2.741e-02 |R_steady|/|R0|=2.741e-02 cfl=41.2 dtau=[7.38e-02,1.72e+00] gmres=8
[nsb] it=42 |R_tau|=2.8705e+00 rel=2.223e-02 |R_steady|/|R0|=2.223e-02 cfl=48.6 dtau=[8.69e-02,2.02e+00] gmres=7
[nsb] it=43 |R_tau|=2.3840e+00 rel=1.846e-02 |R_steady|/|R0|=1.846e-02 cfl=59.9 dtau=[1.07e-01,2.49e+00] gmres=7
[nsb] it=44 |R_tau|=1.9926e+00 rel=1.543e-02 |R_steady|/|R0|=1.543e-02 cfl=72.1 dtau=[1.29e-01,3.00e+00] gmres=6
[nsb] it=45 |R_tau|=1.6769e+00 rel=1.299e-02 |R_steady|/|R0|=1.299e-02 cfl=86.2 dtau=[1.54e-01,3.59e+00] gmres=7
[nsb] it=46 |R_tau|=1.4221e+00 rel=1.101e-02 |R_steady|/|R0|=1.101e-02 cfl=102 dtau=[1.83e-01,4.27e+00] gmres=7
[nsb] it=47 |R_tau|=1.2122e+00 rel=9.389e-03 |R_steady|/|R0|=9.389e-03 cfl=121 dtau=[2.16e-01,5.03e+00] gmres=8
[nsb] it=48 |R_tau|=1.0381e+00 rel=8.040e-03 |R_steady|/|R0|=8.040e-03 cfl=142 dtau=[2.53e-01,5.91e+00] gmres=8
[nsb] it=49 |R_tau|=8.9253e-01 rel=6.913e-03 |R_steady|/|R0|=6.913e-03 cfl=166 dtau=[2.96e-01,6.90e+00] gmres=8
[nsb] it=50 |R_tau|=7.7004e-01 rel=5.964e-03 |R_steady|/|R0|=5.964e-03 cfl=193 dtau=[3.44e-01,8.02e+00] gmres=8
[nsb] it=51 |R_tau|=6.6640e-01 rel=5.162e-03 |R_steady|/|R0|=5.162e-03 cfl=223 dtau=[3.99e-01,9.30e+00] gmres=7
[nsb] it=52 |R_tau|=5.7802e-01 rel=4.477e-03 |R_steady|/|R0|=4.477e-03 cfl=258 dtau=[4.61e-01,1.07e+01] gmres=7
[nsb] it=53 |R_tau|=5.0229e-01 rel=3.890e-03 |R_steady|/|R0|=3.890e-03 cfl=297 dtau=[5.31e-01,1.24e+01] gmres=7
[nsb] it=54 |R_tau|=4.3702e-01 rel=3.385e-03 |R_steady|/|R0|=3.385e-03 cfl=342 dtau=[6.11e-01,1.43e+01] gmres=7
[nsb] it=55 |R_tau|=3.8057e-01 rel=2.948e-03 |R_steady|/|R0|=2.948e-03 cfl=393 dtau=[7.03e-01,1.64e+01] gmres=7
[nsb] it=56 |R_tau|=3.3149e-01 rel=2.568e-03 |R_steady|/|R0|=2.568e-03 cfl=452 dtau=[8.07e-01,1.88e+01] gmres=7
[nsb] it=57 |R_tau|=2.8872e-01 rel=2.236e-03 |R_steady|/|R0|=2.236e-03 cfl=518 dtau=[9.26e-01,2.16e+01] gmres=7
[nsb] it=58 |R_tau|=2.5129e-01 rel=1.946e-03 |R_steady|/|R0|=1.946e-03 cfl=595 dtau=[1.06e+00,2.48e+01] gmres=7
[nsb] it=59 |R_tau|=2.1843e-01 rel=1.692e-03 |R_steady|/|R0|=1.692e-03 cfl=684 dtau=[1.22e+00,2.85e+01] gmres=6
[nsb] it=60 |R_tau|=1.8949e-01 rel=1.468e-03 |R_steady|/|R0|=1.468e-03 cfl=787 dtau=[1.41e+00,3.28e+01] gmres=4
[nsb] it=61 |R_tau|=1.6393e-01 rel=1.270e-03 |R_steady|/|R0|=1.270e-03 cfl=907 dtau=[1.62e+00,3.78e+01] gmres=4
[nsb] it=62 |R_tau|=1.4130e-01 rel=1.094e-03 |R_steady|/|R0|=1.094e-03 cfl=1.05e+03 dtau=[1.87e+00,4.37e+01] gmres=7
[nsb] it=63 |R_tau|=1.2124e-01 rel=9.391e-04 |R_steady|/|R0|=9.391e-04 cfl=1.22e+03 dtau=[2.17e+00,5.07e+01] gmres=7
[nsb] it=64 |R_tau|=1.0347e-01 rel=8.014e-04 |R_steady|/|R0|=8.014e-04 cfl=1.42e+03 dtau=[2.53e+00,5.91e+01] gmres=6
[nsb] it=65 |R_tau|=8.7774e-02 rel=6.798e-04 |R_steady|/|R0|=6.798e-04 cfl=1.66e+03 dtau=[2.97e+00,6.92e+01] gmres=6
[nsb] it=66 |R_tau|=7.3960e-02 rel=5.728e-04 |R_steady|/|R0|=5.728e-04 cfl=1.96e+03 dtau=[3.50e+00,8.16e+01] gmres=6
[nsb] it=67 |R_tau|=6.1882e-02 rel=4.793e-04 |R_steady|/|R0|=4.793e-04 cfl=2.32e+03 dtau=[4.15e+00,9.68e+01] gmres=6
[nsb] it=68 |R_tau|=5.1413e-02 rel=3.982e-04 |R_steady|/|R0|=3.982e-04 cfl=2.78e+03 dtau=[4.96e+00,1.16e+02] gmres=6
[nsb] it=69 |R_tau|=4.2425e-02 rel=3.286e-04 |R_steady|/|R0|=3.286e-04 cfl=3.34e+03 dtau=[5.97e+00,1.39e+02] gmres=7
[nsb] it=70 |R_tau|=3.4794e-02 rel=2.695e-04 |R_steady|/|R0|=2.695e-04 cfl=4.05e+03 dtau=[7.24e+00,1.69e+02] gmres=7
[nsb] it=71 |R_tau|=2.8393e-02 rel=2.199e-04 |R_steady|/|R0|=2.199e-04 cfl=4.94e+03 dtau=[8.82e+00,2.06e+02] gmres=7
[nsb] it=72 |R_tau|=2.3089e-02 rel=1.788e-04 |R_steady|/|R0|=1.788e-04 cfl=6.05e+03 dtau=[1.08e+01,2.52e+02] gmres=7
[nsb] it=73 |R_tau|=1.8742e-02 rel=1.452e-04 |R_steady|/|R0|=1.452e-04 cfl=7.44e+03 dtau=[1.33e+01,3.10e+02] gmres=7
[nsb] it=74 |R_tau|=1.5217e-02 rel=1.179e-04 |R_steady|/|R0|=1.179e-04 cfl=9.17e+03 dtau=[1.64e+01,3.82e+02] gmres=7
[nsb] it=75 |R_tau|=1.2378e-02 rel=9.587e-05 |R_steady|/|R0|=9.587e-05 cfl=1.13e+04 dtau=[2.02e+01,4.71e+02] gmres=6
[nsb] it=76 |R_tau|=1.0102e-02 rel=7.824e-05 |R_steady|/|R0|=7.824e-05 cfl=1.39e+04 dtau=[2.48e+01,5.78e+02] gmres=6
[nsb] it=77 |R_tau|=8.2766e-03 rel=6.410e-05 |R_steady|/|R0|=6.410e-05 cfl=1.7e+04 dtau=[3.04e+01,7.09e+02] gmres=6
[nsb] it=78 |R_tau|=6.8079e-03 rel=5.273e-05 |R_steady|/|R0|=5.273e-05 cfl=2.08e+04 dtau=[3.71e+01,8.65e+02] gmres=6
[nsb] it=79 |R_tau|=5.6178e-03 rel=4.351e-05 |R_steady|/|R0|=4.351e-05 cfl=2.52e+04 dtau=[4.51e+01,1.05e+03] gmres=6
[nsb] it=80 |R_tau|=4.6453e-03 rel=3.598e-05 |R_steady|/|R0|=3.598e-05 cfl=3.06e+04 dtau=[5.47e+01,1.27e+03] gmres=6
[nsb] done converged=False reason='max_iter' it=80 m_in=2.0000e+02 m_out=2.0000e+02 elapsed=17.0s
--> uturn_r1_U2_fixed: {'converged': False, 'reason': 'max_iter', 'n_iter': 80, 'rel_final': 3.59796791768446e-05, 'rel_steady_final': 3.59796791768446e-05, 'rel_min': 3.59796791768446e-05, 'first_step_ratio': 26.61855762815728, 'mass_ratio': 0.9999999999996285, 'p_inlet_mean': 35959.89505352922, 'speed_max': 3.4328055907033947, 'elapsed': 17.01296448099947}

==== summary ====
uturn_r1_U0.1_mine           conv=True  reason=           it= 21 step1=4.19e+00 rel=5.91e-07 steady=5.91e-07 m_out/m_in=1.0000
uturn_r1_U0.1_mine_nores     conv=True  reason=           it= 20 step1=4.19e+00 rel=6.37e-07 steady=6.37e-07 m_out/m_in=1.0000
uturn_r1_U0.1_floor          conv=True  reason=           it= 21 step1=5.26e+00 rel=8.35e-07 steady=8.35e-07 m_out/m_in=1.0000
uturn_r1_U0.1_fixed          conv=True  reason=           it= 20 step1=4.76e+00 rel=8.18e-07 steady=8.18e-07 m_out/m_in=1.0000
uturn_r1_U1_mine             conv=False reason=max_iter   it= 80 step1=1.34e+01 rel=8.96e-06 steady=8.96e-06 m_out/m_in=1.0000
uturn_r1_U1_mine_nores       conv=False reason=max_iter   it= 80 step1=1.34e+01 rel=1.51e-06 steady=1.51e-06 m_out/m_in=1.0000
uturn_r1_U1_floor            conv=True  reason=           it= 79 step1=2.22e+01 rel=9.50e-07 steady=9.50e-07 m_out/m_in=1.0000
uturn_r1_U1_fixed            conv=True  reason=           it= 77 step1=1.53e+01 rel=9.71e-07 steady=9.71e-07 m_out/m_in=1.0000
uturn_r1_U2_mine             conv=False reason=max_iter   it= 80 step1=4.15e+01 rel=1.03e+01 steady=2.03e+01 m_out/m_in=1.0000
uturn_r1_U2_mine_nores       conv=False reason=max_iter   it= 80 step1=4.15e+01 rel=3.70e+01 steady=3.70e+01 m_out/m_in=1.0000
uturn_r1_U2_floor            conv=False reason=max_iter   it= 80 step1=3.57e+01 rel=5.97e-05 steady=5.97e-05 m_out/m_in=1.0000
uturn_r1_U2_fixed            conv=False reason=max_iter   it= 80 step1=2.66e+01 rel=3.60e-05 steady=3.60e-05 m_out/m_in=1.0000
saved: experiments/nsb/results/main-uturn-r1.yaml
