===== flat_r1_U0.1_mine =====
[nsb] it=0 |R|=2.9012e+00 cfl=0.5
[nsb] it=1 |R_tau|=8.3478e-01 rel=2.877e-01 |R_steady|/|R0|=2.877e-01 cfl=0.5 dtau=[1.00e+30,1.00e+30] gmres=1
[nsb] it=2 |R_tau|=1.8632e-01 rel=6.422e-02 |R_steady|/|R0|=1.042e-01 cfl=1 dtau=[2.51e-02,2.16e+02] gmres=4
[nsb] it=3 |R_tau|=1.1395e-01 rel=3.928e-02 |R_steady|/|R0|=5.699e-02 cfl=2 dtau=[5.43e-02,4.25e+02] gmres=5
[nsb] it=4 |R_tau|=6.9478e-02 rel=2.395e-02 |R_steady|/|R0|=3.109e-02 cfl=3.27 dtau=[9.71e-02,6.91e+02] gmres=5
[nsb] it=5 |R_tau|=3.4980e-02 rel=1.206e-02 |R_steady|/|R0|=1.500e-02 cfl=5.36 dtau=[1.71e-01,1.13e+03] gmres=5
[nsb] it=6 |R_tau|=1.6528e-02 rel=5.697e-03 |R_steady|/|R0|=6.466e-03 cfl=10.7 dtau=[3.60e-01,2.24e+03] gmres=5
[nsb] it=7 |R_tau|=7.1874e-03 rel=2.477e-03 |R_steady|/|R0|=2.653e-03 cfl=21.3 dtau=[7.42e-01,4.46e+03] gmres=5
[nsb] it=8 |R_tau|=2.9803e-03 rel=1.027e-03 |R_steady|/|R0|=1.065e-03 cfl=42.6 dtau=[1.50e+00,8.92e+03] gmres=5
[nsb] it=9 |R_tau|=1.2045e-03 rel=4.152e-04 |R_steady|/|R0|=4.227e-04 cfl=85.2 dtau=[3.02e+00,1.78e+04] gmres=5
[nsb] it=10 |R_tau|=4.8174e-04 rel=1.660e-04 |R_steady|/|R0|=1.675e-04 cfl=170 dtau=[6.05e+00,3.57e+04] gmres=5
[nsb] it=11 |R_tau|=1.8954e-04 rel=6.533e-05 |R_steady|/|R0|=6.562e-05 cfl=341 dtau=[1.21e+01,7.14e+04] gmres=4
[nsb] it=12 |R_tau|=7.4031e-05 rel=2.552e-05 |R_steady|/|R0|=2.557e-05 cfl=682 dtau=[2.42e+01,1.43e+05] gmres=5
[nsb] it=13 |R_tau|=2.8808e-05 rel=9.930e-06 |R_steady|/|R0|=9.940e-06 cfl=1.36e+03 dtau=[4.84e+01,2.85e+05] gmres=5
[nsb] it=14 |R_tau|=1.1216e-05 rel=3.866e-06 |R_steady|/|R0|=3.868e-06 cfl=2.73e+03 dtau=[9.68e+01,5.71e+05] gmres=5
[nsb] it=15 |R_tau|=4.3892e-06 rel=1.513e-06 |R_steady|/|R0|=1.513e-06 cfl=5.45e+03 dtau=[1.94e+02,1.14e+06] gmres=5
[nsb] it=16 |R_tau|=1.7348e-06 rel=5.979e-07 |R_steady|/|R0|=5.980e-07 cfl=1.09e+04 dtau=[3.87e+02,2.28e+06] gmres=5
[nsb] done converged=True reason='' it=16 m_in=1.0000e+01 m_out=1.0000e+01 elapsed=9.0s
--> flat_r1_U0.1_mine: {'converged': True, 'reason': '', 'n_iter': 16, 'rel_final': 5.979493394779919e-07, 'rel_steady_final': 5.98018689994789e-07, 'rel_min': 5.979493394779919e-07, 'first_step_ratio': 0.28773553707832306, 'mass_ratio': 1.000000000000002, 'p_inlet_mean': 187.65309373926456, 'speed_max': 0.1691031094672026, 'elapsed': 9.021207456999946}
===== flat_r1_U0.1_mine_nores =====
[nsb] it=0 |R|=2.9012e+00 cfl=0.5
[nsb] it=1 |R_tau|=8.3478e-01 rel=2.877e-01 |R_steady|/|R0|=2.877e-01 cfl=0.5 dtau=[1.00e+30,1.00e+30] gmres=1
[nsb] it=2 |R_tau|=2.5028e-01 rel=8.627e-02 |R_steady|/|R0|=8.627e-02 cfl=1 dtau=[2.51e-02,2.16e+02] gmres=3
[nsb] it=3 |R_tau|=1.1999e-01 rel=4.136e-02 |R_steady|/|R0|=4.136e-02 cfl=2 dtau=[5.60e-02,4.26e+02] gmres=5
[nsb] it=4 |R_tau|=5.3629e-02 rel=1.848e-02 |R_steady|/|R0|=1.848e-02 cfl=4 dtau=[1.24e-01,8.44e+02] gmres=6
[nsb] it=5 |R_tau|=2.1963e-02 rel=7.570e-03 |R_steady|/|R0|=7.570e-03 cfl=8 dtau=[2.67e-01,1.68e+03] gmres=5
[nsb] it=6 |R_tau|=8.7572e-03 rel=3.018e-03 |R_steady|/|R0|=3.018e-03 cfl=16 dtau=[5.56e-01,3.35e+03] gmres=5
[nsb] it=7 |R_tau|=3.4661e-03 rel=1.195e-03 |R_steady|/|R0|=1.195e-03 cfl=32 dtau=[1.13e+00,6.70e+03] gmres=5
[nsb] it=8 |R_tau|=1.3686e-03 rel=4.717e-04 |R_steady|/|R0|=4.717e-04 cfl=64 dtau=[2.27e+00,1.34e+04] gmres=5
[nsb] it=9 |R_tau|=5.4128e-04 rel=1.866e-04 |R_steady|/|R0|=1.866e-04 cfl=128 dtau=[4.54e+00,2.68e+04] gmres=5
[nsb] it=10 |R_tau|=2.1231e-04 rel=7.318e-05 |R_steady|/|R0|=7.318e-05 cfl=256 dtau=[9.09e+00,5.36e+04] gmres=4
[nsb] it=11 |R_tau|=8.2983e-05 rel=2.860e-05 |R_steady|/|R0|=2.860e-05 cfl=512 dtau=[1.82e+01,1.07e+05] gmres=5
[nsb] it=12 |R_tau|=3.2390e-05 rel=1.116e-05 |R_steady|/|R0|=1.116e-05 cfl=1.02e+03 dtau=[3.64e+01,2.14e+05] gmres=5
[nsb] it=13 |R_tau|=1.2668e-05 rel=4.366e-06 |R_steady|/|R0|=4.366e-06 cfl=2.05e+03 dtau=[7.27e+01,4.29e+05] gmres=5
[nsb] it=14 |R_tau|=4.9851e-06 rel=1.718e-06 |R_steady|/|R0|=1.718e-06 cfl=4.1e+03 dtau=[1.45e+02,8.57e+05] gmres=5
[nsb] it=15 |R_tau|=1.9819e-06 rel=6.831e-07 |R_steady|/|R0|=6.831e-07 cfl=8.19e+03 dtau=[2.91e+02,1.71e+06] gmres=5
[nsb] done converged=True reason='' it=15 m_in=1.0000e+01 m_out=1.0000e+01 elapsed=8.1s
--> flat_r1_U0.1_mine_nores: {'converged': True, 'reason': '', 'n_iter': 15, 'rel_final': 6.831414502620723e-07, 'rel_steady_final': 6.831414502620723e-07, 'rel_min': 6.831414502620723e-07, 'first_step_ratio': 0.28773553707832306, 'mass_ratio': 0.9999999999999952, 'p_inlet_mean': 187.65309278284818, 'speed_max': 0.16910313421578263, 'elapsed': 8.147512958999869}
===== flat_r1_U0.1_floor =====
[nsb] it=0 |R|=2.9012e+00 cfl=0.5
[nsb] it=1 |R_tau|=1.0327e+00 rel=3.560e-01 |R_steady|/|R0|=4.225e-01 cfl=0.5 dtau=[4.17e-01,4.17e-01] gmres=4
[nsb] it=2 |R_tau|=1.8878e-01 rel=6.507e-02 |R_steady|/|R0|=1.055e-01 cfl=1 dtau=[2.51e-02,8.33e-01] gmres=4
[nsb] it=3 |R_tau|=1.1076e-01 rel=3.818e-02 |R_steady|/|R0|=5.576e-02 cfl=2 dtau=[5.42e-02,1.67e+00] gmres=5
[nsb] it=4 |R_tau|=6.8671e-02 rel=2.367e-02 |R_steady|/|R0|=3.051e-02 cfl=3.41 dtau=[1.01e-01,2.84e+00] gmres=5
[nsb] it=5 |R_tau|=3.4565e-02 rel=1.191e-02 |R_steady|/|R0|=1.477e-02 cfl=5.5 dtau=[1.75e-01,4.58e+00] gmres=5
[nsb] it=6 |R_tau|=1.6375e-02 rel=5.644e-03 |R_steady|/|R0|=6.389e-03 cfl=10.9 dtau=[3.69e-01,9.10e+00] gmres=5
[nsb] it=7 |R_tau|=7.1246e-03 rel=2.456e-03 |R_steady|/|R0|=2.626e-03 cfl=21.8 dtau=[7.61e-01,1.82e+01] gmres=5
[nsb] it=8 |R_tau|=2.9553e-03 rel=1.019e-03 |R_steady|/|R0|=1.055e-03 cfl=43.7 dtau=[1.54e+00,3.64e+01] gmres=5
[nsb] it=9 |R_tau|=1.1947e-03 rel=4.118e-04 |R_steady|/|R0|=4.191e-04 cfl=87.4 dtau=[3.10e+00,7.28e+01] gmres=5
[nsb] it=10 |R_tau|=4.7798e-04 rel=1.648e-04 |R_steady|/|R0|=1.662e-04 cfl=175 dtau=[6.20e+00,1.46e+02] gmres=5
[nsb] it=11 |R_tau|=1.8805e-04 rel=6.482e-05 |R_steady|/|R0|=6.510e-05 cfl=350 dtau=[1.24e+01,2.91e+02] gmres=5
[nsb] it=12 |R_tau|=7.3421e-05 rel=2.531e-05 |R_steady|/|R0|=2.536e-05 cfl=699 dtau=[2.48e+01,5.83e+02] gmres=5
[nsb] it=13 |R_tau|=2.8550e-05 rel=9.841e-06 |R_steady|/|R0|=9.851e-06 cfl=1.4e+03 dtau=[4.96e+01,1.17e+03] gmres=5
[nsb] it=14 |R_tau|=1.1105e-05 rel=3.828e-06 |R_steady|/|R0|=3.830e-06 cfl=2.8e+03 dtau=[9.93e+01,2.33e+03] gmres=4
[nsb] it=15 |R_tau|=4.3413e-06 rel=1.496e-06 |R_steady|/|R0|=1.497e-06 cfl=5.59e+03 dtau=[1.99e+02,4.66e+03] gmres=4
[nsb] it=16 |R_tau|=1.7142e-06 rel=5.908e-07 |R_steady|/|R0|=5.909e-07 cfl=1.12e+04 dtau=[3.97e+02,9.32e+03] gmres=4
[nsb] done converged=True reason='' it=16 m_in=1.0000e+01 m_out=1.0000e+01 elapsed=8.0s
--> flat_r1_U0.1_floor: {'converged': True, 'reason': '', 'n_iter': 16, 'rel_final': 5.908488895117854e-07, 'rel_steady_final': 5.909154953864532e-07, 'rel_min': 5.908488895117854e-07, 'first_step_ratio': 0.3559602027039771, 'mass_ratio': 1.0000000000000129, 'p_inlet_mean': 187.65309437950364, 'speed_max': 0.16910310842743423, 'elapsed': 7.953838102999725}
===== flat_r1_U0.1_fixed =====
[nsb] it=0 |R|=2.9012e+00 cfl=0.5
[nsb] it=1 |R_tau|=1.0141e+00 rel=3.495e-01 |R_steady|/|R0|=3.495e-01 cfl=0.5 dtau=[4.17e-01,4.17e-01] gmres=1
[nsb] it=2 |R_tau|=2.4892e-01 rel=8.580e-02 |R_steady|/|R0|=8.580e-02 cfl=1 dtau=[2.51e-02,8.33e-01] gmres=3
[nsb] it=3 |R_tau|=1.1769e-01 rel=4.057e-02 |R_steady|/|R0|=4.057e-02 cfl=2 dtau=[5.60e-02,1.67e+00] gmres=5
[nsb] it=4 |R_tau|=5.3190e-02 rel=1.833e-02 |R_steady|/|R0|=1.833e-02 cfl=4 dtau=[1.24e-01,3.33e+00] gmres=6
[nsb] it=5 |R_tau|=2.1910e-02 rel=7.552e-03 |R_steady|/|R0|=7.552e-03 cfl=8 dtau=[2.67e-01,6.67e+00] gmres=5
[nsb] it=6 |R_tau|=8.7709e-03 rel=3.023e-03 |R_steady|/|R0|=3.023e-03 cfl=16 dtau=[5.56e-01,1.33e+01] gmres=5
[nsb] it=7 |R_tau|=3.4787e-03 rel=1.199e-03 |R_steady|/|R0|=1.199e-03 cfl=32 dtau=[1.13e+00,2.67e+01] gmres=5
[nsb] it=8 |R_tau|=1.3750e-03 rel=4.739e-04 |R_steady|/|R0|=4.739e-04 cfl=64 dtau=[2.27e+00,5.33e+01] gmres=5
[nsb] it=9 |R_tau|=5.4398e-04 rel=1.875e-04 |R_steady|/|R0|=1.875e-04 cfl=128 dtau=[4.54e+00,1.07e+02] gmres=5
[nsb] it=10 |R_tau|=2.1335e-04 rel=7.354e-05 |R_steady|/|R0|=7.354e-05 cfl=256 dtau=[9.09e+00,2.13e+02] gmres=4
[nsb] it=11 |R_tau|=8.3350e-05 rel=2.873e-05 |R_steady|/|R0|=2.873e-05 cfl=512 dtau=[1.82e+01,4.27e+02] gmres=5
[nsb] it=12 |R_tau|=3.2506e-05 rel=1.120e-05 |R_steady|/|R0|=1.120e-05 cfl=1.02e+03 dtau=[3.64e+01,8.53e+02] gmres=5
[nsb] it=13 |R_tau|=1.2699e-05 rel=4.377e-06 |R_steady|/|R0|=4.377e-06 cfl=2.05e+03 dtau=[7.27e+01,1.71e+03] gmres=5
[nsb] it=14 |R_tau|=4.9906e-06 rel=1.720e-06 |R_steady|/|R0|=1.720e-06 cfl=4.1e+03 dtau=[1.45e+02,3.41e+03] gmres=5
[nsb] it=15 |R_tau|=1.9817e-06 rel=6.830e-07 |R_steady|/|R0|=6.830e-07 cfl=8.19e+03 dtau=[2.91e+02,6.83e+03] gmres=5
[nsb] done converged=True reason='' it=15 m_in=1.0000e+01 m_out=1.0000e+01 elapsed=8.5s
--> flat_r1_U0.1_fixed: {'converged': True, 'reason': '', 'n_iter': 15, 'rel_final': 6.830489404506235e-07, 'rel_steady_final': 6.830489404506235e-07, 'rel_min': 6.830489404506235e-07, 'first_step_ratio': 0.3495384437226438, 'mass_ratio': 0.9999999999999971, 'p_inlet_mean': 187.65309318262538, 'speed_max': 0.16910313516494987, 'elapsed': 8.493327041000157}
===== flat_r1_U1_mine =====
[nsb] it=0 |R|=4.0829e+01 cfl=0.5
[nsb] it=1 |R_tau|=4.7257e+02 rel=1.157e+01 |R_steady|/|R0|=1.157e+01 cfl=0.5 dtau=[1.00e+30,1.00e+30] gmres=1
[nsb] it=2 |R_tau|=1.3766e+02 rel=3.372e+00 |R_steady|/|R0|=6.338e+00 cfl=0.05 dtau=[7.23e-05,1.07e+00] gmres=7
[nsb] it=3 |R_tau|=1.2662e+02 rel=3.101e+00 |R_steady|/|R0|=6.056e+00 cfl=0.1 dtau=[1.45e-04,2.06e+00] gmres=7
[nsb] it=4 |R_tau|=1.2699e+02 rel=3.110e+00 |R_steady|/|R0|=6.145e+00 cfl=0.109 dtau=[1.60e-04,2.26e+00] gmres=10
[nsb] it=5 |R_tau|=2.4362e+02 rel=5.967e+00 |R_steady|/|R0|=8.061e+00 cfl=0.108 dtau=[1.61e-04,2.24e+00] gmres=7
[nsb] it=6 |R_tau|=1.4576e+02 rel=3.570e+00 |R_steady|/|R0|=6.619e+00 cfl=0.0565 dtau=[8.52e-05,1.18e+00] gmres=8
[nsb] it=7 |R_tau|=1.3824e+02 rel=3.386e+00 |R_steady|/|R0|=6.686e+00 cfl=0.0944 dtau=[1.43e-04,1.91e+00] gmres=7
[nsb] it=8 |R_tau|=1.3789e+02 rel=3.377e+00 |R_steady|/|R0|=6.683e+00 cfl=0.0996 dtau=[1.53e-04,2.01e+00] gmres=6
[nsb] it=9 |R_tau|=1.3786e+02 rel=3.377e+00 |R_steady|/|R0|=6.678e+00 cfl=0.0998 dtau=[1.55e-04,2.00e+00] gmres=6
[nsb] it=10 |R_tau|=1.3783e+02 rel=3.376e+00 |R_steady|/|R0|=6.680e+00 cfl=0.0999 dtau=[1.57e-04,1.98e+00] gmres=6
[nsb] it=11 |R_tau|=1.3759e+02 rel=3.370e+00 |R_steady|/|R0|=6.669e+00 cfl=0.0999 dtau=[1.59e-04,1.97e+00] gmres=6
[nsb] it=12 |R_tau|=1.3735e+02 rel=3.364e+00 |R_steady|/|R0|=6.651e+00 cfl=0.1 dtau=[1.61e-04,1.96e+00] gmres=6
[nsb] it=13 |R_tau|=1.3672e+02 rel=3.349e+00 |R_steady|/|R0|=6.624e+00 cfl=0.1 dtau=[1.63e-04,1.96e+00] gmres=6
[nsb] it=14 |R_tau|=1.3579e+02 rel=3.326e+00 |R_steady|/|R0|=6.584e+00 cfl=0.101 dtau=[1.66e-04,1.96e+00] gmres=7
[nsb] it=15 |R_tau|=1.3455e+02 rel=3.296e+00 |R_steady|/|R0|=6.518e+00 cfl=0.101 dtau=[1.69e-04,1.96e+00] gmres=6
[nsb] it=16 |R_tau|=1.3286e+02 rel=3.254e+00 |R_steady|/|R0|=6.434e+00 cfl=0.102 dtau=[1.73e-04,1.98e+00] gmres=6
[nsb] it=17 |R_tau|=1.3094e+02 rel=3.207e+00 |R_steady|/|R0|=6.338e+00 cfl=0.104 dtau=[1.77e-04,2.00e+00] gmres=6
[nsb] it=18 |R_tau|=1.2873e+02 rel=3.153e+00 |R_steady|/|R0|=6.230e+00 cfl=0.105 dtau=[1.82e-04,2.02e+00] gmres=6
[nsb] it=19 |R_tau|=1.2629e+02 rel=3.093e+00 |R_steady|/|R0|=6.110e+00 cfl=0.107 dtau=[1.87e-04,2.05e+00] gmres=6
[nsb] it=20 |R_tau|=1.2346e+02 rel=3.024e+00 |R_steady|/|R0|=5.974e+00 cfl=0.109 dtau=[1.93e-04,2.08e+00] gmres=6
[nsb] it=21 |R_tau|=1.2041e+02 rel=2.949e+00 |R_steady|/|R0|=5.821e+00 cfl=0.112 dtau=[2.00e-04,2.13e+00] gmres=6
[nsb] it=22 |R_tau|=1.1710e+02 rel=2.868e+00 |R_steady|/|R0|=5.658e+00 cfl=0.114 dtau=[2.08e-04,2.19e+00] gmres=6
[nsb] it=23 |R_tau|=1.1371e+02 rel=2.785e+00 |R_steady|/|R0|=5.489e+00 cfl=0.118 dtau=[2.17e-04,2.25e+00] gmres=6
[nsb] it=24 |R_tau|=1.1012e+02 rel=2.697e+00 |R_steady|/|R0|=5.312e+00 cfl=0.121 dtau=[2.27e-04,2.32e+00] gmres=5
[nsb] it=25 |R_tau|=1.0628e+02 rel=2.603e+00 |R_steady|/|R0|=5.126e+00 cfl=0.125 dtau=[2.38e-04,2.39e+00] gmres=5
[nsb] it=26 |R_tau|=1.0244e+02 rel=2.509e+00 |R_steady|/|R0|=4.935e+00 cfl=0.13 dtau=[2.50e-04,2.47e+00] gmres=5
[nsb] it=27 |R_tau|=9.8393e+01 rel=2.410e+00 |R_steady|/|R0|=4.737e+00 cfl=0.134 dtau=[2.63e-04,2.56e+00] gmres=5
[nsb] it=28 |R_tau|=9.4281e+01 rel=2.309e+00 |R_steady|/|R0|=4.535e+00 cfl=0.14 dtau=[2.79e-04,2.66e+00] gmres=5
[nsb] it=29 |R_tau|=9.0098e+01 rel=2.207e+00 |R_steady|/|R0|=4.328e+00 cfl=0.146 dtau=[2.96e-04,2.77e+00] gmres=5
[nsb] it=30 |R_tau|=8.5848e+01 rel=2.103e+00 |R_steady|/|R0|=4.119e+00 cfl=0.153 dtau=[3.16e-04,2.89e+00] gmres=5
[nsb] it=31 |R_tau|=8.1536e+01 rel=1.997e+00 |R_steady|/|R0|=3.907e+00 cfl=0.16 dtau=[3.38e-04,3.03e+00] gmres=5
[nsb] it=32 |R_tau|=7.7203e+01 rel=1.891e+00 |R_steady|/|R0|=3.693e+00 cfl=0.169 dtau=[3.64e-04,3.18e+00] gmres=5
[nsb] it=33 |R_tau|=7.2645e+01 rel=1.779e+00 |R_steady|/|R0|=3.473e+00 cfl=0.178 dtau=[3.93e-04,3.35e+00] gmres=5
[nsb] it=34 |R_tau|=6.8151e+01 rel=1.669e+00 |R_steady|/|R0|=3.248e+00 cfl=0.189 dtau=[4.27e-04,3.56e+00] gmres=5
[nsb] it=35 |R_tau|=6.3685e+01 rel=1.560e+00 |R_steady|/|R0|=3.023e+00 cfl=0.202 dtau=[4.67e-04,3.78e+00] gmres=5
[nsb] it=36 |R_tau|=5.9642e+01 rel=1.461e+00 |R_steady|/|R0|=2.809e+00 cfl=0.216 dtau=[5.14e-04,4.03e+00] gmres=6
[nsb] it=37 |R_tau|=5.4576e+01 rel=1.337e+00 |R_steady|/|R0|=2.579e+00 cfl=0.231 dtau=[5.64e-04,4.29e+00] gmres=5
[nsb] it=38 |R_tau|=4.9905e+01 rel=1.222e+00 |R_steady|/|R0|=2.352e+00 cfl=0.252 dtau=[6.35e-04,4.68e+00] gmres=5
[nsb] it=39 |R_tau|=4.5233e+01 rel=1.108e+00 |R_steady|/|R0|=2.123e+00 cfl=0.276 dtau=[7.18e-04,5.11e+00] gmres=5
[nsb] it=40 |R_tau|=4.0762e+01 rel=9.984e-01 |R_steady|/|R0|=1.899e+00 cfl=0.304 dtau=[8.21e-04,5.63e+00] gmres=5
[nsb] it=41 |R_tau|=3.6395e+01 rel=8.914e-01 |R_steady|/|R0|=1.685e+00 cfl=0.338 dtau=[9.49e-04,6.23e+00] gmres=5
[nsb] it=42 |R_tau|=3.2026e+01 rel=7.844e-01 |R_steady|/|R0|=1.476e+00 cfl=0.378 dtau=[1.11e-03,6.95e+00] gmres=5
[nsb] it=43 |R_tau|=2.7956e+01 rel=6.847e-01 |R_steady|/|R0|=1.279e+00 cfl=0.43 dtau=[1.33e-03,7.88e+00] gmres=5
[nsb] it=44 |R_tau|=2.5307e+01 rel=6.198e-01 |R_steady|/|R0|=1.123e+00 cfl=0.492 dtau=[1.61e-03,9.00e+00] gmres=5
[nsb] it=45 |R_tau|=2.2602e+01 rel=5.536e-01 |R_steady|/|R0|=1.009e+00 cfl=0.544 dtau=[1.91e-03,9.91e+00] gmres=5
[nsb] it=46 |R_tau|=1.8604e+01 rel=4.557e-01 |R_steady|/|R0|=8.277e-01 cfl=0.609 dtau=[2.31e-03,1.11e+01] gmres=6
[nsb] it=47 |R_tau|=1.5429e+01 rel=3.779e-01 |R_steady|/|R0|=6.747e-01 cfl=0.74 dtau=[2.98e-03,1.34e+01] gmres=5
[nsb] it=48 |R_tau|=1.2868e+01 rel=3.152e-01 |R_steady|/|R0|=5.462e-01 cfl=0.892 dtau=[3.67e-03,1.62e+01] gmres=5
[nsb] it=49 |R_tau|=1.0554e+01 rel=2.585e-01 |R_steady|/|R0|=4.382e-01 cfl=1.07 dtau=[4.50e-03,1.93e+01] gmres=5
[nsb] it=50 |R_tau|=8.6869e+00 rel=2.128e-01 |R_steady|/|R0|=3.500e-01 cfl=1.3 dtau=[5.48e-03,2.36e+01] gmres=5
[nsb] it=51 |R_tau|=7.2049e+00 rel=1.765e-01 |R_steady|/|R0|=2.812e-01 cfl=1.58 dtau=[6.68e-03,2.86e+01] gmres=7
[nsb] it=52 |R_tau|=5.8730e+00 rel=1.438e-01 |R_steady|/|R0|=2.218e-01 cfl=1.91 dtau=[8.12e-03,3.44e+01] gmres=6
[nsb] it=53 |R_tau|=4.8038e+00 rel=1.177e-01 |R_steady|/|R0|=1.744e-01 cfl=2.34 dtau=[1.01e-02,4.21e+01] gmres=5
[nsb] it=54 |R_tau|=3.8390e+00 rel=9.403e-02 |R_steady|/|R0|=1.354e-01 cfl=2.87 dtau=[1.25e-02,5.13e+01] gmres=7
[nsb] it=55 |R_tau|=3.0516e+00 rel=7.474e-02 |R_steady|/|R0|=1.035e-01 cfl=3.59 dtau=[1.57e-02,6.40e+01] gmres=7
[nsb] it=56 |R_tau|=2.3796e+00 rel=5.828e-02 |R_steady|/|R0|=7.753e-02 cfl=4.51 dtau=[2.00e-02,8.03e+01] gmres=7
[nsb] it=57 |R_tau|=1.8155e+00 rel=4.447e-02 |R_steady|/|R0|=5.691e-02 cfl=5.78 dtau=[2.58e-02,1.03e+02] gmres=8
[nsb] it=58 |R_tau|=1.3689e+00 rel=3.353e-02 |R_steady|/|R0|=4.107e-02 cfl=7.58 dtau=[3.40e-02,1.35e+02] gmres=6
[nsb] it=59 |R_tau|=1.0246e+00 rel=2.510e-02 |R_steady|/|R0|=2.957e-02 cfl=10.1 dtau=[4.53e-02,1.79e+02] gmres=5
[nsb] it=60 |R_tau|=7.5392e-01 rel=1.847e-02 |R_steady|/|R0|=2.105e-02 cfl=13.4 dtau=[6.08e-02,2.39e+02] gmres=5
[nsb] it=61 |R_tau|=5.4766e-01 rel=1.341e-02 |R_steady|/|R0|=1.483e-02 cfl=18.3 dtau=[8.28e-02,3.26e+02] gmres=6
[nsb] it=62 |R_tau|=3.8989e-01 rel=9.549e-03 |R_steady|/|R0|=1.030e-02 cfl=25.1 dtau=[1.14e-01,4.50e+02] gmres=6
[nsb] it=63 |R_tau|=2.7300e-01 rel=6.686e-03 |R_steady|/|R0|=7.071e-03 cfl=35.3 dtau=[1.61e-01,6.33e+02] gmres=6
[nsb] it=64 |R_tau|=1.8847e-01 rel=4.616e-03 |R_steady|/|R0|=4.805e-03 cfl=50.4 dtau=[2.30e-01,9.05e+02] gmres=7
[nsb] it=65 |R_tau|=1.2924e-01 rel=3.165e-03 |R_steady|/|R0|=3.256e-03 cfl=73 dtau=[3.33e-01,1.31e+03] gmres=8
[nsb] it=66 |R_tau|=8.8200e-02 rel=2.160e-03 |R_steady|/|R0|=2.203e-03 cfl=107 dtau=[4.86e-01,1.91e+03] gmres=6
[nsb] it=67 |R_tau|=5.9956e-02 rel=1.468e-03 |R_steady|/|R0|=1.488e-03 cfl=156 dtau=[7.12e-01,2.81e+03] gmres=6
[nsb] it=68 |R_tau|=4.0459e-02 rel=9.909e-04 |R_steady|/|R0|=1.000e-03 cfl=230 dtau=[1.05e+00,4.13e+03] gmres=6
[nsb] it=69 |R_tau|=2.7054e-02 rel=6.626e-04 |R_steady|/|R0|=6.667e-04 cfl=340 dtau=[1.55e+00,6.12e+03] gmres=6
[nsb] it=70 |R_tau|=1.7930e-02 rel=4.391e-04 |R_steady|/|R0|=4.410e-04 cfl=509 dtau=[2.33e+00,9.16e+03] gmres=6
[nsb] it=71 |R_tau|=1.1819e-02 rel=2.895e-04 |R_steady|/|R0|=2.903e-04 cfl=768 dtau=[3.51e+00,1.38e+04] gmres=6
[nsb] it=72 |R_tau|=7.7770e-03 rel=1.905e-04 |R_steady|/|R0|=1.908e-04 cfl=1.16e+03 dtau=[5.33e+00,2.10e+04] gmres=6
[nsb] it=73 |R_tau|=5.1304e-03 rel=1.257e-04 |R_steady|/|R0|=1.258e-04 cfl=1.77e+03 dtau=[8.10e+00,3.19e+04] gmres=6
[nsb] it=74 |R_tau|=3.4072e-03 rel=8.345e-05 |R_steady|/|R0|=8.351e-05 cfl=2.68e+03 dtau=[1.23e+01,4.83e+04] gmres=6
[nsb] it=75 |R_tau|=2.2878e-03 rel=5.603e-05 |R_steady|/|R0|=5.606e-05 cfl=4.04e+03 dtau=[1.85e+01,7.28e+04] gmres=6
[nsb] it=76 |R_tau|=1.5613e-03 rel=3.824e-05 |R_steady|/|R0|=3.825e-05 cfl=6.02e+03 dtau=[2.75e+01,1.08e+05] gmres=6
[nsb] it=77 |R_tau|=1.0882e-03 rel=2.665e-05 |R_steady|/|R0|=2.666e-05 cfl=8.82e+03 dtau=[4.04e+01,1.59e+05] gmres=6
[nsb] it=78 |R_tau|=7.7501e-04 rel=1.898e-05 |R_steady|/|R0|=1.898e-05 cfl=1.27e+04 dtau=[5.79e+01,2.28e+05] gmres=6
[nsb] it=79 |R_tau|=5.6131e-04 rel=1.375e-05 |R_steady|/|R0|=1.375e-05 cfl=1.78e+04 dtau=[8.13e+01,3.20e+05] gmres=5
[nsb] it=80 |R_tau|=4.1105e-04 rel=1.007e-05 |R_steady|/|R0|=1.007e-05 cfl=2.45e+04 dtau=[1.12e+02,4.42e+05] gmres=5
[nsb] done converged=False reason='max_iter' it=80 m_in=1.0000e+02 m_out=1.0000e+02 elapsed=66.6s
--> flat_r1_U1_mine: {'converged': False, 'reason': 'max_iter', 'n_iter': 80, 'rel_final': 1.006754650217522e-05, 'rel_steady_final': 1.0068417933615271e-05, 'rel_min': 1.006754650217522e-05, 'first_step_ratio': 11.574365799354918, 'mass_ratio': 0.9999999999960677, 'p_inlet_mean': 2396.158658757086, 'speed_max': 1.2939754984504708, 'elapsed': 66.56184345699967}
===== flat_r1_U1_mine_nores =====
[nsb] it=0 |R|=4.0829e+01 cfl=0.5
[nsb] it=1 |R_tau|=4.7257e+02 rel=1.157e+01 |R_steady|/|R0|=1.157e+01 cfl=0.5 dtau=[1.00e+30,1.00e+30] gmres=1
[nsb] it=2 |R_tau|=2.6687e+02 rel=6.536e+00 |R_steady|/|R0|=6.536e+00 cfl=0.05 dtau=[7.23e-05,1.07e+00] gmres=2
[nsb] it=3 |R_tau|=2.5500e+02 rel=6.246e+00 |R_steady|/|R0|=6.246e+00 cfl=0.0885 dtau=[1.29e-04,1.82e+00] gmres=7
[nsb] it=4 |R_tau|=2.5201e+02 rel=6.172e+00 |R_steady|/|R0|=6.172e+00 cfl=0.0927 dtau=[1.38e-04,1.92e+00] gmres=8
[nsb] it=5 |R_tau|=2.5337e+02 rel=6.206e+00 |R_steady|/|R0|=6.206e+00 cfl=0.0938 dtau=[1.43e-04,1.92e+00] gmres=6
[nsb] it=6 |R_tau|=2.5044e+02 rel=6.134e+00 |R_steady|/|R0|=6.134e+00 cfl=0.0933 dtau=[1.45e-04,1.88e+00] gmres=6
[nsb] it=7 |R_tau|=2.5070e+02 rel=6.140e+00 |R_steady|/|R0|=6.140e+00 cfl=0.0943 dtau=[1.50e-04,1.88e+00] gmres=7
[nsb] it=8 |R_tau|=2.4690e+02 rel=6.047e+00 |R_steady|/|R0|=6.047e+00 cfl=0.0943 dtau=[1.53e-04,1.86e+00] gmres=6
[nsb] it=9 |R_tau|=2.4026e+02 rel=5.884e+00 |R_steady|/|R0|=5.884e+00 cfl=0.0957 dtau=[1.59e-04,1.87e+00] gmres=5
[nsb] it=10 |R_tau|=2.3411e+02 rel=5.734e+00 |R_steady|/|R0|=5.734e+00 cfl=0.0983 dtau=[1.67e-04,1.91e+00] gmres=4
[nsb] it=11 |R_tau|=2.2696e+02 rel=5.559e+00 |R_steady|/|R0|=5.559e+00 cfl=0.101 dtau=[1.75e-04,1.96e+00] gmres=4
[nsb] it=12 |R_tau|=2.1900e+02 rel=5.364e+00 |R_steady|/|R0|=5.364e+00 cfl=0.104 dtau=[1.85e-04,2.01e+00] gmres=4
[nsb] it=13 |R_tau|=2.1002e+02 rel=5.144e+00 |R_steady|/|R0|=5.144e+00 cfl=0.108 dtau=[1.96e-04,2.07e+00] gmres=4
[nsb] it=14 |R_tau|=2.0112e+02 rel=4.926e+00 |R_steady|/|R0|=4.926e+00 cfl=0.113 dtau=[2.10e-04,2.17e+00] gmres=4
[nsb] it=15 |R_tau|=1.9091e+02 rel=4.676e+00 |R_steady|/|R0|=4.676e+00 cfl=0.117 dtau=[2.25e-04,2.27e+00] gmres=5
[nsb] it=16 |R_tau|=1.8093e+02 rel=4.431e+00 |R_steady|/|R0|=4.431e+00 cfl=0.124 dtau=[2.43e-04,2.37e+00] gmres=4
[nsb] it=17 |R_tau|=1.6798e+02 rel=4.114e+00 |R_steady|/|R0|=4.114e+00 cfl=0.131 dtau=[2.64e-04,2.49e+00] gmres=4
[nsb] it=18 |R_tau|=1.5557e+02 rel=3.810e+00 |R_steady|/|R0|=3.810e+00 cfl=0.141 dtau=[2.93e-04,2.67e+00] gmres=4
[nsb] it=19 |R_tau|=1.4267e+02 rel=3.494e+00 |R_steady|/|R0|=3.494e+00 cfl=0.152 dtau=[3.27e-04,2.87e+00] gmres=4
[nsb] it=20 |R_tau|=1.2908e+02 rel=3.162e+00 |R_steady|/|R0|=3.162e+00 cfl=0.166 dtau=[3.69e-04,3.12e+00] gmres=4
[nsb] it=21 |R_tau|=1.1508e+02 rel=2.818e+00 |R_steady|/|R0|=2.818e+00 cfl=0.183 dtau=[4.25e-04,3.43e+00] gmres=4
[nsb] it=22 |R_tau|=1.0058e+02 rel=2.463e+00 |R_steady|/|R0|=2.463e+00 cfl=0.205 dtau=[4.99e-04,3.83e+00] gmres=3
[nsb] it=23 |R_tau|=8.5735e+01 rel=2.100e+00 |R_steady|/|R0|=2.100e+00 cfl=0.235 dtau=[6.02e-04,4.36e+00] gmres=3
[nsb] it=24 |R_tau|=7.1386e+01 rel=1.748e+00 |R_steady|/|R0|=1.748e+00 cfl=0.276 dtau=[7.50e-04,5.10e+00] gmres=4
[nsb] it=25 |R_tau|=5.7615e+01 rel=1.411e+00 |R_steady|/|R0|=1.411e+00 cfl=0.331 dtau=[9.65e-04,6.10e+00] gmres=5
[nsb] it=26 |R_tau|=4.6176e+01 rel=1.131e+00 |R_steady|/|R0|=1.131e+00 cfl=0.41 dtau=[1.30e-03,7.52e+00] gmres=5
[nsb] it=27 |R_tau|=3.6800e+01 rel=9.013e-01 |R_steady|/|R0|=9.013e-01 cfl=0.512 dtau=[1.78e-03,9.35e+00] gmres=6
[nsb] it=28 |R_tau|=2.9421e+01 rel=7.206e-01 |R_steady|/|R0|=7.206e-01 cfl=0.642 dtau=[2.45e-03,1.17e+01] gmres=6
[nsb] it=29 |R_tau|=2.1433e+01 rel=5.250e-01 |R_steady|/|R0|=5.250e-01 cfl=0.803 dtau=[3.33e-03,1.46e+01] gmres=6
[nsb] it=30 |R_tau|=1.4981e+01 rel=3.669e-01 |R_steady|/|R0|=3.669e-01 cfl=1.1 dtau=[4.64e-03,2.00e+01] gmres=6
[nsb] it=31 |R_tau|=1.0433e+01 rel=2.555e-01 |R_steady|/|R0|=2.555e-01 cfl=1.58 dtau=[6.67e-03,2.85e+01] gmres=7
[nsb] it=32 |R_tau|=7.3103e+00 rel=1.790e-01 |R_steady|/|R0|=1.790e-01 cfl=2.26 dtau=[9.70e-03,4.08e+01] gmres=7
[nsb] it=33 |R_tau|=4.9194e+00 rel=1.205e-01 |R_steady|/|R0|=1.205e-01 cfl=3.23 dtau=[1.41e-02,5.80e+01] gmres=7
[nsb] it=34 |R_tau|=3.2886e+00 rel=8.055e-02 |R_steady|/|R0|=8.055e-02 cfl=4.8 dtau=[2.12e-02,8.58e+01] gmres=8
[nsb] it=35 |R_tau|=2.1907e+00 rel=5.366e-02 |R_steady|/|R0|=5.366e-02 cfl=7.19 dtau=[3.21e-02,1.28e+02] gmres=7
[nsb] it=36 |R_tau|=1.4625e+00 rel=3.582e-02 |R_steady|/|R0|=3.582e-02 cfl=10.8 dtau=[4.85e-02,1.92e+02] gmres=6
[nsb] it=37 |R_tau|=9.8379e-01 rel=2.410e-02 |R_steady|/|R0|=2.410e-02 cfl=16.2 dtau=[7.30e-02,2.88e+02] gmres=6
[nsb] it=38 |R_tau|=6.6849e-01 rel=1.637e-02 |R_steady|/|R0|=1.637e-02 cfl=24 dtau=[1.09e-01,4.29e+02] gmres=6
[nsb] it=39 |R_tau|=4.5480e-01 rel=1.114e-02 |R_steady|/|R0|=1.114e-02 cfl=35.3 dtau=[1.61e-01,6.32e+02] gmres=6
[nsb] it=40 |R_tau|=3.0964e-01 rel=7.584e-03 |R_steady|/|R0|=7.584e-03 cfl=52 dtau=[2.37e-01,9.31e+02] gmres=6
[nsb] it=41 |R_tau|=2.0941e-01 rel=5.129e-03 |R_steady|/|R0|=5.129e-03 cfl=76.3 dtau=[3.48e-01,1.37e+03] gmres=7
[nsb] it=42 |R_tau|=1.4174e-01 rel=3.472e-03 |R_steady|/|R0|=3.472e-03 cfl=113 dtau=[5.15e-01,2.03e+03] gmres=8
[nsb] it=43 |R_tau|=9.5955e-02 rel=2.350e-03 |R_steady|/|R0|=2.350e-03 cfl=167 dtau=[7.61e-01,3.00e+03] gmres=6
[nsb] it=44 |R_tau|=6.4831e-02 rel=1.588e-03 |R_steady|/|R0|=1.588e-03 cfl=246 dtau=[1.12e+00,4.43e+03] gmres=6
[nsb] it=45 |R_tau|=4.3603e-02 rel=1.068e-03 |R_steady|/|R0|=1.068e-03 cfl=364 dtau=[1.66e+00,6.56e+03] gmres=6
[nsb] it=46 |R_tau|=2.9118e-02 rel=7.132e-04 |R_steady|/|R0|=7.132e-04 cfl=542 dtau=[2.48e+00,9.75e+03] gmres=6
[nsb] it=47 |R_tau|=1.9298e-02 rel=4.727e-04 |R_steady|/|R0|=4.727e-04 cfl=811 dtau=[3.71e+00,1.46e+04] gmres=6
[nsb] it=48 |R_tau|=1.2714e-02 rel=3.114e-04 |R_steady|/|R0|=3.114e-04 cfl=1.22e+03 dtau=[5.60e+00,2.20e+04] gmres=6
[nsb] it=49 |R_tau|=8.3613e-03 rel=2.048e-04 |R_steady|/|R0|=2.048e-04 cfl=1.86e+03 dtau=[8.50e+00,3.35e+04] gmres=6
[nsb] it=50 |R_tau|=5.5232e-03 rel=1.353e-04 |R_steady|/|R0|=1.353e-04 cfl=2.83e+03 dtau=[1.29e+01,5.09e+04] gmres=6
[nsb] it=51 |R_tau|=3.6827e-03 rel=9.020e-05 |R_steady|/|R0|=9.020e-05 cfl=4.28e+03 dtau=[1.96e+01,7.70e+04] gmres=6
[nsb] it=52 |R_tau|=2.4750e-03 rel=6.062e-05 |R_steady|/|R0|=6.062e-05 cfl=6.42e+03 dtau=[2.94e+01,1.16e+05] gmres=6
[nsb] it=53 |R_tau|=1.6601e-03 rel=4.066e-05 |R_steady|/|R0|=4.066e-05 cfl=9.55e+03 dtau=[4.37e+01,1.72e+05] gmres=6
[nsb] it=54 |R_tau|=1.0963e-03 rel=2.685e-05 |R_steady|/|R0|=2.685e-05 cfl=1.42e+04 dtau=[6.51e+01,2.56e+05] gmres=6
[nsb] it=55 |R_tau|=7.0500e-04 rel=1.727e-05 |R_steady|/|R0|=1.727e-05 cfl=2.16e+04 dtau=[9.86e+01,3.88e+05] gmres=6
[nsb] it=56 |R_tau|=4.3961e-04 rel=1.077e-05 |R_steady|/|R0|=1.077e-05 cfl=3.35e+04 dtau=[1.53e+02,6.04e+05] gmres=6
[nsb] it=57 |R_tau|=2.6774e-04 rel=6.558e-06 |R_steady|/|R0|=6.558e-06 cfl=5.37e+04 dtau=[2.46e+02,9.68e+05] gmres=6
[nsb] it=58 |R_tau|=1.6302e-04 rel=3.993e-06 |R_steady|/|R0|=3.993e-06 cfl=8.83e+04 dtau=[4.04e+02,1.59e+06] gmres=6
[nsb] it=59 |R_tau|=1.0291e-04 rel=2.521e-06 |R_steady|/|R0|=2.521e-06 cfl=1.45e+05 dtau=[6.63e+02,2.61e+06] gmres=9
[nsb] it=60 |R_tau|=6.8886e-05 rel=1.687e-06 |R_steady|/|R0|=1.687e-06 cfl=2.3e+05 dtau=[1.05e+03,4.14e+06] gmres=6
[nsb] it=61 |R_tau|=4.8096e-05 rel=1.178e-06 |R_steady|/|R0|=1.178e-06 cfl=3.43e+05 dtau=[1.57e+03,6.18e+06] gmres=6
[nsb] it=62 |R_tau|=3.3817e-05 rel=8.283e-07 |R_steady|/|R0|=8.283e-07 cfl=4.91e+05 dtau=[2.25e+03,8.85e+06] gmres=6
[nsb] done converged=True reason='' it=62 m_in=1.0000e+02 m_out=1.0000e+02 elapsed=42.6s
--> flat_r1_U1_mine_nores: {'converged': True, 'reason': '', 'n_iter': 62, 'rel_final': 8.28257823360251e-07, 'rel_steady_final': 8.28257823360251e-07, 'rel_min': 8.28257823360251e-07, 'first_step_ratio': 11.574365799354918, 'mass_ratio': 1.000000000000363, 'p_inlet_mean': 2396.1534188890773, 'speed_max': 1.2939648067460612, 'elapsed': 42.571721282}
===== flat_r1_U1_floor =====
[nsb] it=0 |R|=4.0829e+01 cfl=0.5
[nsb] it=1 |R_tau|=7.9856e+01 rel=1.956e+00 |R_steady|/|R0|=2.115e+00 cfl=0.5 dtau=[4.17e-02,4.17e-02] gmres=24 (gmres not converged)
[nsb] it=2 |R_tau|=3.6067e+01 rel=8.834e-01 |R_steady|/|R0|=1.669e+00 cfl=0.256 dtau=[6.45e-04,2.13e-02] gmres=22 (gmres not converged)
[nsb] it=3 |R_tau|=2.6492e+01 rel=6.489e-01 |R_steady|/|R0|=1.190e+00 cfl=0.511 dtau=[1.33e-03,4.26e-02] gmres=6
[nsb] it=4 |R_tau|=2.1461e+01 rel=5.256e-01 |R_steady|/|R0|=9.432e-01 cfl=0.696 dtau=[1.91e-03,5.80e-02] gmres=6
[nsb] it=5 |R_tau|=1.7329e+01 rel=4.244e-01 |R_steady|/|R0|=7.387e-01 cfl=0.859 dtau=[2.53e-03,7.16e-02] gmres=4
[nsb] it=6 |R_tau|=1.3445e+01 rel=3.293e-01 |R_steady|/|R0|=5.627e-01 cfl=1.06 dtau=[3.38e-03,8.87e-02] gmres=4
[nsb] it=7 |R_tau|=1.0029e+01 rel=2.456e-01 |R_steady|/|R0|=4.047e-01 cfl=1.37 dtau=[4.79e-03,1.14e-01] gmres=4
[nsb] it=8 |R_tau|=7.4532e+00 rel=1.825e-01 |R_steady|/|R0|=2.848e-01 cfl=1.84 dtau=[6.74e-03,1.53e-01] gmres=5
[nsb] it=9 |R_tau|=5.6496e+00 rel=1.384e-01 |R_steady|/|R0|=2.040e-01 cfl=2.47 dtau=[9.19e-03,2.06e-01] gmres=7
[nsb] it=10 |R_tau|=4.3149e+00 rel=1.057e-01 |R_steady|/|R0|=1.503e-01 cfl=3.26 dtau=[1.25e-02,2.72e-01] gmres=5
[nsb] it=11 |R_tau|=3.3596e+00 rel=8.229e-02 |R_steady|/|R0|=1.104e-01 cfl=4.27 dtau=[1.72e-02,3.56e-01] gmres=6
[nsb] it=12 |R_tau|=2.4813e+00 rel=6.077e-02 |R_steady|/|R0|=7.878e-02 cfl=5.49 dtau=[2.30e-02,4.57e-01] gmres=7
[nsb] it=13 |R_tau|=1.8423e+00 rel=4.512e-02 |R_steady|/|R0|=5.573e-02 cfl=7.43 dtau=[3.15e-02,6.19e-01] gmres=6
[nsb] it=14 |R_tau|=1.3635e+00 rel=3.340e-02 |R_steady|/|R0|=3.950e-02 cfl=10 dtau=[4.32e-02,8.34e-01] gmres=6
[nsb] it=15 |R_tau|=1.0225e+00 rel=2.504e-02 |R_steady|/|R0|=2.855e-02 cfl=13.5 dtau=[5.93e-02,1.13e+00] gmres=7
[nsb] it=16 |R_tau|=7.7777e-01 rel=1.905e-02 |R_steady|/|R0|=2.111e-02 cfl=18 dtau=[8.00e-02,1.50e+00] gmres=7
[nsb] it=17 |R_tau|=5.9809e-01 rel=1.465e-02 |R_steady|/|R0|=1.589e-02 cfl=23.7 dtau=[1.06e-01,1.98e+00] gmres=9
[nsb] it=18 |R_tau|=4.6180e-01 rel=1.131e-02 |R_steady|/|R0|=1.207e-02 cfl=30.8 dtau=[1.39e-01,2.57e+00] gmres=5
[nsb] it=19 |R_tau|=3.5495e-01 rel=8.694e-03 |R_steady|/|R0|=9.154e-03 cfl=39.9 dtau=[1.80e-01,3.33e+00] gmres=6
[nsb] it=20 |R_tau|=2.6974e-01 rel=6.607e-03 |R_steady|/|R0|=6.882e-03 cfl=52 dtau=[2.35e-01,4.33e+00] gmres=6
[nsb] it=21 |R_tau|=2.0163e-01 rel=4.938e-03 |R_steady|/|R0|=5.098e-03 cfl=68.4 dtau=[3.10e-01,5.70e+00] gmres=6
[nsb] it=22 |R_tau|=1.4786e-01 rel=3.621e-03 |R_steady|/|R0|=3.710e-03 cfl=91.5 dtau=[4.16e-01,7.62e+00] gmres=6
[nsb] it=23 |R_tau|=1.0601e-01 rel=2.596e-03 |R_steady|/|R0|=2.644e-03 cfl=125 dtau=[5.68e-01,1.04e+01] gmres=6
[nsb] it=24 |R_tau|=7.4273e-02 rel=1.819e-03 |R_steady|/|R0|=1.843e-03 cfl=174 dtau=[7.93e-01,1.45e+01] gmres=6
[nsb] it=25 |R_tau|=5.0959e-02 rel=1.248e-03 |R_steady|/|R0|=1.260e-03 cfl=248 dtau=[1.13e+00,2.07e+01] gmres=6
[nsb] it=26 |R_tau|=3.4273e-02 rel=8.394e-04 |R_steady|/|R0|=8.449e-04 cfl=362 dtau=[1.65e+00,3.02e+01] gmres=6
[nsb] it=27 |R_tau|=2.2640e-02 rel=5.545e-04 |R_steady|/|R0|=5.569e-04 cfl=538 dtau=[2.46e+00,4.48e+01] gmres=6
[nsb] it=28 |R_tau|=1.4722e-02 rel=3.606e-04 |R_steady|/|R0|=3.616e-04 cfl=815 dtau=[3.72e+00,6.79e+01] gmres=6
[nsb] it=29 |R_tau|=9.4497e-03 rel=2.314e-04 |R_steady|/|R0|=2.319e-04 cfl=1.25e+03 dtau=[5.73e+00,1.04e+02] gmres=6
[nsb] it=30 |R_tau|=6.0045e-03 rel=1.471e-04 |R_steady|/|R0|=1.472e-04 cfl=1.95e+03 dtau=[8.93e+00,1.63e+02] gmres=6
[nsb] it=31 |R_tau|=3.7895e-03 rel=9.281e-05 |R_steady|/|R0|=9.288e-05 cfl=3.07e+03 dtau=[1.41e+01,2.56e+02] gmres=6
[nsb] it=32 |R_tau|=2.3848e-03 rel=5.841e-05 |R_steady|/|R0|=5.844e-05 cfl=4.87e+03 dtau=[2.23e+01,4.06e+02] gmres=6
[nsb] it=33 |R_tau|=1.5037e-03 rel=3.683e-05 |R_steady|/|R0|=3.684e-05 cfl=7.73e+03 dtau=[3.54e+01,6.44e+02] gmres=6
[nsb] it=34 |R_tau|=9.5599e-04 rel=2.341e-05 |R_steady|/|R0|=2.342e-05 cfl=1.23e+04 dtau=[5.61e+01,1.02e+03] gmres=6
[nsb] it=35 |R_tau|=6.1677e-04 rel=1.511e-05 |R_steady|/|R0|=1.511e-05 cfl=1.93e+04 dtau=[8.83e+01,1.61e+03] gmres=6
[nsb] it=36 |R_tau|=4.0596e-04 rel=9.943e-06 |R_steady|/|R0|=9.944e-06 cfl=2.99e+04 dtau=[1.37e+02,2.49e+03] gmres=6
[nsb] it=37 |R_tau|=2.7315e-04 rel=6.690e-06 |R_steady|/|R0|=6.690e-06 cfl=4.54e+04 dtau=[2.08e+02,3.79e+03] gmres=6
[nsb] it=38 |R_tau|=1.8744e-04 rel=4.591e-06 |R_steady|/|R0|=4.591e-06 cfl=6.75e+04 dtau=[3.09e+02,5.63e+03] gmres=6
[nsb] it=39 |R_tau|=1.3042e-04 rel=3.194e-06 |R_steady|/|R0|=3.194e-06 cfl=9.84e+04 dtau=[4.50e+02,8.20e+03] gmres=6
[nsb] it=40 |R_tau|=9.1378e-05 rel=2.238e-06 |R_steady|/|R0|=2.238e-06 cfl=1.41e+05 dtau=[6.47e+02,1.18e+04] gmres=6
[nsb] it=41 |R_tau|=6.4063e-05 rel=1.569e-06 |R_steady|/|R0|=1.569e-06 cfl=2.02e+05 dtau=[9.24e+02,1.68e+04] gmres=5
[nsb] it=42 |R_tau|=4.4736e-05 rel=1.096e-06 |R_steady|/|R0|=1.096e-06 cfl=2.88e+05 dtau=[1.32e+03,2.40e+04] gmres=5
[nsb] it=43 |R_tau|=3.1017e-05 rel=7.597e-07 |R_steady|/|R0|=7.597e-07 cfl=4.12e+05 dtau=[1.89e+03,3.44e+04] gmres=5
[nsb] done converged=True reason='' it=43 m_in=1.0000e+02 m_out=1.0000e+02 elapsed=27.0s
--> flat_r1_U1_floor: {'converged': True, 'reason': '', 'n_iter': 43, 'rel_final': 7.59682195134466e-07, 'rel_steady_final': 7.59686492666844e-07, 'rel_min': 7.59682195134466e-07, 'first_step_ratio': 1.955873048887861, 'mass_ratio': 0.9999999999998406, 'p_inlet_mean': 2396.1530157120446, 'speed_max': 1.2939635106138776, 'elapsed': 27.028566623000188}
===== flat_r1_U1_fixed =====
[nsb] it=0 |R|=4.0829e+01 cfl=0.5
[nsb] it=1 |R_tau|=1.3708e+02 rel=3.357e+00 |R_steady|/|R0|=3.357e+00 cfl=0.5 dtau=[4.17e-02,4.17e-02] gmres=15 (gmres not converged)
[nsb] it=2 |R_tau|=9.1859e+01 rel=2.250e+00 |R_steady|/|R0|=2.250e+00 cfl=0.149 dtau=[3.75e-04,1.24e-02] gmres=3
[nsb] it=3 |R_tau|=7.8666e+01 rel=1.927e+00 |R_steady|/|R0|=1.927e+00 cfl=0.222 dtau=[5.79e-04,1.85e-02] gmres=3
[nsb] it=4 |R_tau|=6.9364e+01 rel=1.699e+00 |R_steady|/|R0|=1.699e+00 cfl=0.26 dtau=[7.11e-04,2.16e-02] gmres=4
[nsb] it=5 |R_tau|=5.9265e+01 rel=1.452e+00 |R_steady|/|R0|=1.452e+00 cfl=0.294 dtau=[8.52e-04,2.45e-02] gmres=4
[nsb] it=6 |R_tau|=4.9083e+01 rel=1.202e+00 |R_steady|/|R0|=1.202e+00 cfl=0.344 dtau=[1.06e-03,2.87e-02] gmres=4
[nsb] it=7 |R_tau|=3.8566e+01 rel=9.446e-01 |R_steady|/|R0|=9.446e-01 cfl=0.416 dtau=[1.37e-03,3.47e-02] gmres=4
[nsb] it=8 |R_tau|=2.8324e+01 rel=6.937e-01 |R_steady|/|R0|=6.937e-01 cfl=0.529 dtau=[1.88e-03,4.41e-02] gmres=4
[nsb] it=9 |R_tau|=1.9090e+01 rel=4.676e-01 |R_steady|/|R0|=4.676e-01 cfl=0.721 dtau=[2.64e-03,6.01e-02] gmres=4
[nsb] it=10 |R_tau|=1.1948e+01 rel=2.926e-01 |R_steady|/|R0|=2.926e-01 cfl=1.07 dtau=[3.96e-03,8.91e-02] gmres=6
[nsb] it=11 |R_tau|=7.4499e+00 rel=1.825e-01 |R_steady|/|R0|=1.825e-01 cfl=1.71 dtau=[6.49e-03,1.42e-01] gmres=6
[nsb] it=12 |R_tau|=4.7811e+00 rel=1.171e-01 |R_steady|/|R0|=1.171e-01 cfl=2.74 dtau=[1.10e-02,2.28e-01] gmres=7
[nsb] it=13 |R_tau|=3.1503e+00 rel=7.716e-02 |R_steady|/|R0|=7.716e-02 cfl=4.27 dtau=[1.79e-02,3.56e-01] gmres=7
[nsb] it=14 |R_tau|=2.0495e+00 rel=5.020e-02 |R_steady|/|R0|=5.020e-02 cfl=6.48 dtau=[2.75e-02,5.40e-01] gmres=6
[nsb] it=15 |R_tau|=1.3898e+00 rel=3.404e-02 |R_steady|/|R0|=3.404e-02 cfl=9.96 dtau=[4.32e-02,8.30e-01] gmres=7
[nsb] it=16 |R_tau|=9.7263e-01 rel=2.382e-02 |R_steady|/|R0|=2.382e-02 cfl=14.7 dtau=[6.48e-02,1.22e+00] gmres=7
[nsb] it=17 |R_tau|=7.0695e-01 rel=1.731e-02 |R_steady|/|R0|=1.731e-02 cfl=21 dtau=[9.36e-02,1.75e+00] gmres=9
[nsb] it=18 |R_tau|=5.2504e-01 rel=1.286e-02 |R_steady|/|R0|=1.286e-02 cfl=28.9 dtau=[1.30e-01,2.41e+00] gmres=6
[nsb] it=19 |R_tau|=3.9273e-01 rel=9.619e-03 |R_steady|/|R0|=9.619e-03 cfl=38.9 dtau=[1.75e-01,3.24e+00] gmres=6
[nsb] it=20 |R_tau|=2.9252e-01 rel=7.165e-03 |R_steady|/|R0|=7.165e-03 cfl=52 dtau=[2.35e-01,4.33e+00] gmres=6
[nsb] it=21 |R_tau|=2.1562e-01 rel=5.281e-03 |R_steady|/|R0|=5.281e-03 cfl=69.8 dtau=[3.16e-01,5.82e+00] gmres=6
[nsb] it=22 |R_tau|=1.5692e-01 rel=3.843e-03 |R_steady|/|R0|=3.843e-03 cfl=94.7 dtau=[4.30e-01,7.89e+00] gmres=6
[nsb] it=23 |R_tau|=1.1239e-01 rel=2.753e-03 |R_steady|/|R0|=2.753e-03 cfl=130 dtau=[5.92e-01,1.08e+01] gmres=6
[nsb] it=24 |R_tau|=7.9174e-02 rel=1.939e-03 |R_steady|/|R0|=1.939e-03 cfl=182 dtau=[8.28e-01,1.51e+01] gmres=6
[nsb] it=25 |R_tau|=5.4984e-02 rel=1.347e-03 |R_steady|/|R0|=1.347e-03 cfl=258 dtau=[1.18e+00,2.15e+01] gmres=6
[nsb] it=26 |R_tau|=3.7660e-02 rel=9.224e-04 |R_steady|/|R0|=9.224e-04 cfl=371 dtau=[1.69e+00,3.09e+01] gmres=6
[nsb] it=27 |R_tau|=2.5452e-02 rel=6.234e-04 |R_steady|/|R0|=6.234e-04 cfl=542 dtau=[2.48e+00,4.52e+01] gmres=6
[nsb] it=28 |R_tau|=1.6990e-02 rel=4.161e-04 |R_steady|/|R0|=4.161e-04 cfl=802 dtau=[3.67e+00,6.68e+01] gmres=6
[nsb] it=29 |R_tau|=1.1213e-02 rel=2.746e-04 |R_steady|/|R0|=2.746e-04 cfl=1.2e+03 dtau=[5.49e+00,1.00e+02] gmres=6
[nsb] it=30 |R_tau|=7.3255e-03 rel=1.794e-04 |R_steady|/|R0|=1.794e-04 cfl=1.82e+03 dtau=[8.33e+00,1.52e+02] gmres=6
[nsb] it=31 |R_tau|=4.7438e-03 rel=1.162e-04 |R_steady|/|R0|=1.162e-04 cfl=2.79e+03 dtau=[1.27e+01,2.32e+02] gmres=6
[nsb] it=32 |R_tau|=3.0504e-03 rel=7.471e-05 |R_steady|/|R0|=7.471e-05 cfl=4.3e+03 dtau=[1.97e+01,3.59e+02] gmres=6
[nsb] it=33 |R_tau|=1.9523e-03 rel=4.782e-05 |R_steady|/|R0|=4.782e-05 cfl=6.69e+03 dtau=[3.06e+01,5.58e+02] gmres=6
[nsb] it=34 |R_tau|=1.2477e-03 rel=3.056e-05 |R_steady|/|R0|=3.056e-05 cfl=1.05e+04 dtau=[4.79e+01,8.71e+02] gmres=6
[nsb] it=35 |R_tau|=8.0006e-04 rel=1.960e-05 |R_steady|/|R0|=1.960e-05 cfl=1.64e+04 dtau=[7.49e+01,1.36e+03] gmres=6
[nsb] it=36 |R_tau|=5.1773e-04 rel=1.268e-05 |R_steady|/|R0|=1.268e-05 cfl=2.55e+04 dtau=[1.17e+02,2.13e+03] gmres=6
[nsb] it=37 |R_tau|=3.4006e-04 rel=8.329e-06 |R_steady|/|R0|=8.329e-06 cfl=3.94e+04 dtau=[1.80e+02,3.29e+03] gmres=6
[nsb] it=38 |R_tau|=2.2764e-04 rel=5.575e-06 |R_steady|/|R0|=5.575e-06 cfl=6e+04 dtau=[2.75e+02,5.00e+03] gmres=6
[nsb] it=39 |R_tau|=1.5540e-04 rel=3.806e-06 |R_steady|/|R0|=3.806e-06 cfl=8.97e+04 dtau=[4.10e+02,7.47e+03] gmres=6
[nsb] it=40 |R_tau|=1.0782e-04 rel=2.641e-06 |R_steady|/|R0|=2.641e-06 cfl=1.31e+05 dtau=[6.01e+02,1.09e+04] gmres=6
[nsb] it=41 |R_tau|=7.5606e-05 rel=1.852e-06 |R_steady|/|R0|=1.852e-06 cfl=1.89e+05 dtau=[8.67e+02,1.58e+04] gmres=6
[nsb] it=42 |R_tau|=5.3238e-05 rel=1.304e-06 |R_steady|/|R0|=1.304e-06 cfl=2.7e+05 dtau=[1.24e+03,2.25e+04] gmres=5
[nsb] it=43 |R_tau|=3.7450e-05 rel=9.172e-07 |R_steady|/|R0|=9.172e-07 cfl=3.83e+05 dtau=[1.75e+03,3.20e+04] gmres=5
[nsb] done converged=True reason='' it=43 m_in=1.0000e+02 m_out=1.0000e+02 elapsed=26.1s
--> flat_r1_U1_fixed: {'converged': True, 'reason': '', 'n_iter': 43, 'rel_final': 9.172307672741637e-07, 'rel_steady_final': 9.172307672741637e-07, 'rel_min': 9.172307672741637e-07, 'first_step_ratio': 3.357493639950667, 'mass_ratio': 0.9999999999998243, 'p_inlet_mean': 2396.153143998134, 'speed_max': 1.2939638263630817, 'elapsed': 26.126233797999703}
===== flat_r1_U2_mine =====
[nsb] it=0 |R|=1.2911e+02 cfl=0.5
[nsb] it=1 |R_tau|=6.5547e+03 rel=5.077e+01 |R_steady|/|R0|=5.077e+01 cfl=0.5 dtau=[1.00e+30,1.00e+30] gmres=1
[nsb] it=2 |R_tau|=1.4248e+03 rel=1.104e+01 |R_steady|/|R0|=2.074e+01 cfl=0.05 dtau=[1.86e-05,5.32e-01] gmres=7
[nsb] it=3 |R_tau|=1.3692e+03 rel=1.061e+01 |R_steady|/|R0|=2.106e+01 cfl=0.1 dtau=[3.74e-05,1.03e+00] gmres=9
[nsb] it=4 |R_tau|=1.5799e+03 rel=1.224e+01 |R_steady|/|R0|=2.283e+01 cfl=0.104 dtau=[3.94e-05,1.01e+00] gmres=5
[nsb] it=5 |R_tau|=1.5155e+03 rel=1.174e+01 |R_steady|/|R0|=2.341e+01 cfl=0.0902 dtau=[3.47e-05,8.48e-01] gmres=6
[nsb] it=6 |R_tau|=1.6032e+03 rel=1.242e+01 |R_steady|/|R0|=2.435e+01 cfl=0.094 dtau=[3.67e-05,8.62e-01] gmres=6
[nsb] it=7 |R_tau|=1.8258e+03 rel=1.414e+01 |R_steady|/|R0|=2.604e+01 cfl=0.0889 dtau=[3.53e-05,7.93e-01] gmres=6
[nsb] it=8 |R_tau|=1.7953e+03 rel=1.391e+01 |R_steady|/|R0|=2.613e+01 cfl=0.078 dtau=[3.15e-05,6.71e-01] gmres=8
[nsb] it=9 |R_tau|=1.7016e+03 rel=1.318e+01 |R_steady|/|R0|=2.615e+01 cfl=0.0794 dtau=[3.26e-05,6.81e-01] gmres=8
[nsb] it=10 |R_tau|=1.7438e+03 rel=1.351e+01 |R_steady|/|R0|=2.680e+01 cfl=0.0837 dtau=[3.50e-05,7.22e-01] gmres=6
[nsb] it=11 |R_tau|=1.7608e+03 rel=1.364e+01 |R_steady|/|R0|=2.709e+01 cfl=0.0817 dtau=[3.43e-05,6.95e-01] gmres=7
[nsb] it=12 |R_tau|=1.8900e+03 rel=1.464e+01 |R_steady|/|R0|=2.804e+01 cfl=0.0809 dtau=[3.41e-05,6.79e-01] gmres=6
[nsb] it=13 |R_tau|=1.8034e+03 rel=1.397e+01 |R_steady|/|R0|=2.773e+01 cfl=0.0754 dtau=[3.19e-05,6.25e-01] gmres=7
[nsb] it=14 |R_tau|=1.7980e+03 rel=1.393e+01 |R_steady|/|R0|=2.763e+01 cfl=0.079 dtau=[3.35e-05,6.51e-01] gmres=7
[nsb] it=15 |R_tau|=1.7857e+03 rel=1.383e+01 |R_steady|/|R0|=2.742e+01 cfl=0.0792 dtau=[3.37e-05,6.73e-01] gmres=11
[nsb] it=16 |R_tau|=1.7695e+03 rel=1.371e+01 |R_steady|/|R0|=2.716e+01 cfl=0.0798 dtau=[3.41e-05,6.96e-01] gmres=8
[nsb] it=17 |R_tau|=1.7655e+03 rel=1.367e+01 |R_steady|/|R0|=2.712e+01 cfl=0.0805 dtau=[3.45e-05,7.27e-01] gmres=9
[nsb] it=18 |R_tau|=1.7644e+03 rel=1.367e+01 |R_steady|/|R0|=2.712e+01 cfl=0.0807 dtau=[3.47e-05,6.85e-01] gmres=7
[nsb] it=19 |R_tau|=1.7615e+03 rel=1.364e+01 |R_steady|/|R0|=2.704e+01 cfl=0.0808 dtau=[3.48e-05,6.92e-01] gmres=6
[nsb] it=20 |R_tau|=1.7547e+03 rel=1.359e+01 |R_steady|/|R0|=2.694e+01 cfl=0.0809 dtau=[3.50e-05,6.97e-01] gmres=6
[nsb] it=21 |R_tau|=1.7459e+03 rel=1.352e+01 |R_steady|/|R0|=2.681e+01 cfl=0.0812 dtau=[3.52e-05,7.00e-01] gmres=6
[nsb] it=22 |R_tau|=1.7366e+03 rel=1.345e+01 |R_steady|/|R0|=2.667e+01 cfl=0.0816 dtau=[3.55e-05,7.02e-01] gmres=6
[nsb] it=23 |R_tau|=1.7256e+03 rel=1.337e+01 |R_steady|/|R0|=2.650e+01 cfl=0.082 dtau=[3.58e-05,7.04e-01] gmres=6
[nsb] it=24 |R_tau|=1.7128e+03 rel=1.327e+01 |R_steady|/|R0|=2.630e+01 cfl=0.0826 dtau=[3.62e-05,7.04e-01] gmres=6
[nsb] it=25 |R_tau|=1.6983e+03 rel=1.315e+01 |R_steady|/|R0|=2.607e+01 cfl=0.0832 dtau=[3.66e-05,7.06e-01] gmres=6
[nsb] it=26 |R_tau|=1.6819e+03 rel=1.303e+01 |R_steady|/|R0|=2.581e+01 cfl=0.0839 dtau=[3.70e-05,7.10e-01] gmres=6
[nsb] it=27 |R_tau|=1.6640e+03 rel=1.289e+01 |R_steady|/|R0|=2.554e+01 cfl=0.0847 dtau=[3.75e-05,7.12e-01] gmres=6
[nsb] it=28 |R_tau|=1.6388e+03 rel=1.269e+01 |R_steady|/|R0|=2.515e+01 cfl=0.0856 dtau=[3.81e-05,7.18e-01] gmres=6
[nsb] it=29 |R_tau|=1.6142e+03 rel=1.250e+01 |R_steady|/|R0|=2.476e+01 cfl=0.0869 dtau=[3.89e-05,7.21e-01] gmres=6
[nsb] it=30 |R_tau|=1.5869e+03 rel=1.229e+01 |R_steady|/|R0|=2.433e+01 cfl=0.0883 dtau=[3.96e-05,7.33e-01] gmres=6
[nsb] it=31 |R_tau|=1.5555e+03 rel=1.205e+01 |R_steady|/|R0|=2.386e+01 cfl=0.0898 dtau=[4.05e-05,7.42e-01] gmres=6
[nsb] it=32 |R_tau|=1.5218e+03 rel=1.179e+01 |R_steady|/|R0|=2.334e+01 cfl=0.0916 dtau=[4.15e-05,7.53e-01] gmres=6
[nsb] it=33 |R_tau|=1.4868e+03 rel=1.152e+01 |R_steady|/|R0|=2.278e+01 cfl=0.0936 dtau=[4.27e-05,7.68e-01] gmres=6
[nsb] it=34 |R_tau|=1.4504e+03 rel=1.123e+01 |R_steady|/|R0|=2.220e+01 cfl=0.0958 dtau=[4.39e-05,7.85e-01] gmres=6
[nsb] it=35 |R_tau|=1.4130e+03 rel=1.094e+01 |R_steady|/|R0|=2.163e+01 cfl=0.0982 dtau=[4.53e-05,8.02e-01] gmres=6
[nsb] it=36 |R_tau|=1.4028e+03 rel=1.086e+01 |R_steady|/|R0|=2.122e+01 cfl=0.101 dtau=[4.68e-05,8.18e-01] gmres=6
[nsb] it=37 |R_tau|=1.3524e+03 rel=1.047e+01 |R_steady|/|R0|=2.057e+01 cfl=0.102 dtau=[4.75e-05,8.22e-01] gmres=6
[nsb] it=38 |R_tau|=1.3087e+03 rel=1.014e+01 |R_steady|/|R0|=2.002e+01 cfl=0.105 dtau=[4.96e-05,8.66e-01] gmres=6
[nsb] it=39 |R_tau|=1.2760e+03 rel=9.883e+00 |R_steady|/|R0|=1.950e+01 cfl=0.109 dtau=[5.17e-05,8.94e-01] gmres=6
[nsb] it=40 |R_tau|=1.2433e+03 rel=9.630e+00 |R_steady|/|R0|=1.898e+01 cfl=0.112 dtau=[5.35e-05,9.08e-01] gmres=9
[nsb] it=41 |R_tau|=1.2081e+03 rel=9.357e+00 |R_steady|/|R0|=1.846e+01 cfl=0.115 dtau=[5.54e-05,9.29e-01] gmres=5
[nsb] it=42 |R_tau|=1.1766e+03 rel=9.113e+00 |R_steady|/|R0|=1.796e+01 cfl=0.118 dtau=[5.75e-05,9.41e-01] gmres=5
[nsb] it=43 |R_tau|=1.1446e+03 rel=8.865e+00 |R_steady|/|R0|=1.747e+01 cfl=0.121 dtau=[5.96e-05,9.63e-01] gmres=6
[nsb] it=44 |R_tau|=1.1134e+03 rel=8.624e+00 |R_steady|/|R0|=1.699e+01 cfl=0.124 dtau=[6.19e-05,9.84e-01] gmres=6
[nsb] it=45 |R_tau|=1.0799e+03 rel=8.364e+00 |R_steady|/|R0|=1.649e+01 cfl=0.128 dtau=[6.43e-05,1.01e+00] gmres=6
[nsb] it=46 |R_tau|=1.0487e+03 rel=8.122e+00 |R_steady|/|R0|=1.600e+01 cfl=0.132 dtau=[6.71e-05,1.03e+00] gmres=6
[nsb] it=47 |R_tau|=1.0182e+03 rel=7.886e+00 |R_steady|/|R0|=1.551e+01 cfl=0.136 dtau=[6.98e-05,1.05e+00] gmres=6
[nsb] it=48 |R_tau|=9.9232e+02 rel=7.686e+00 |R_steady|/|R0|=1.507e+01 cfl=0.14 dtau=[7.28e-05,1.08e+00] gmres=6
[nsb] it=49 |R_tau|=9.6068e+02 rel=7.441e+00 |R_steady|/|R0|=1.460e+01 cfl=0.144 dtau=[7.55e-05,1.09e+00] gmres=6
[nsb] it=50 |R_tau|=9.3264e+02 rel=7.224e+00 |R_steady|/|R0|=1.416e+01 cfl=0.148 dtau=[7.89e-05,1.13e+00] gmres=6
[nsb] it=51 |R_tau|=9.0860e+02 rel=7.037e+00 |R_steady|/|R0|=1.376e+01 cfl=0.153 dtau=[8.22e-05,1.16e+00] gmres=6
[nsb] it=52 |R_tau|=8.8767e+02 rel=6.875e+00 |R_steady|/|R0|=1.344e+01 cfl=0.157 dtau=[8.54e-05,1.18e+00] gmres=6
[nsb] it=53 |R_tau|=8.6680e+02 rel=6.714e+00 |R_steady|/|R0|=1.313e+01 cfl=0.161 dtau=[8.84e-05,1.21e+00] gmres=6
[nsb] it=54 |R_tau|=8.4459e+02 rel=6.542e+00 |R_steady|/|R0|=1.280e+01 cfl=0.164 dtau=[9.16e-05,1.24e+00] gmres=6
[nsb] it=55 |R_tau|=8.4751e+02 rel=6.564e+00 |R_steady|/|R0|=1.263e+01 cfl=0.169 dtau=[9.53e-05,1.27e+00] gmres=6
[nsb] it=56 |R_tau|=8.4998e+02 rel=6.583e+00 |R_steady|/|R0|=1.281e+01 cfl=0.168 dtau=[9.63e-05,1.27e+00] gmres=6
[nsb] it=57 |R_tau|=8.3872e+02 rel=6.496e+00 |R_steady|/|R0|=1.271e+01 cfl=0.168 dtau=[9.74e-05,1.24e+00] gmres=8
[nsb] it=58 |R_tau|=8.0592e+02 rel=6.242e+00 |R_steady|/|R0|=1.223e+01 cfl=0.17 dtau=[1.00e-04,1.24e+00] gmres=7
[nsb] it=59 |R_tau|=7.9033e+02 rel=6.121e+00 |R_steady|/|R0|=1.186e+01 cfl=0.177 dtau=[1.06e-04,1.31e+00] gmres=6
[nsb] it=60 |R_tau|=7.4477e+02 rel=5.768e+00 |R_steady|/|R0|=1.128e+01 cfl=0.18 dtau=[1.10e-04,1.31e+00] gmres=6
[nsb] it=61 |R_tau|=7.1285e+02 rel=5.521e+00 |R_steady|/|R0|=1.068e+01 cfl=0.191 dtau=[1.18e-04,1.39e+00] gmres=8
[nsb] it=62 |R_tau|=6.7661e+02 rel=5.241e+00 |R_steady|/|R0|=1.014e+01 cfl=0.2 dtau=[1.26e-04,1.48e+00] gmres=6
[nsb] it=63 |R_tau|=6.4520e+02 rel=4.997e+00 |R_steady|/|R0|=9.650e+00 cfl=0.211 dtau=[1.35e-04,1.56e+00] gmres=8
[nsb] it=64 |R_tau|=6.1656e+02 rel=4.775e+00 |R_steady|/|R0|=9.224e+00 cfl=0.221 dtau=[1.44e-04,1.64e+00] gmres=8
[nsb] it=65 |R_tau|=5.9082e+02 rel=4.576e+00 |R_steady|/|R0|=8.826e+00 cfl=0.231 dtau=[1.54e-04,1.72e+00] gmres=6
[nsb] it=66 |R_tau|=5.7403e+02 rel=4.446e+00 |R_steady|/|R0|=8.503e+00 cfl=0.241 dtau=[1.65e-04,1.80e+00] gmres=7
[nsb] it=67 |R_tau|=6.7364e+02 rel=5.218e+00 |R_steady|/|R0|=9.077e+00 cfl=0.248 dtau=[1.73e-04,1.85e+00] gmres=6
[nsb] it=68 |R_tau|=5.6102e+02 rel=4.345e+00 |R_steady|/|R0|=8.355e+00 cfl=0.212 dtau=[1.50e-04,1.57e+00] gmres=6
[nsb] it=69 |R_tau|=5.2396e+02 rel=4.058e+00 |R_steady|/|R0|=7.784e+00 cfl=0.254 dtau=[1.83e-04,1.94e+00] gmres=7
[nsb] it=70 |R_tau|=1.1287e+03 rel=8.742e+00 |R_steady|/|R0|=1.106e+01 cfl=0.272 dtau=[1.99e-04,2.07e+00] gmres=10
[nsb] it=71 |R_tau|=7.4297e+02 rel=5.755e+00 |R_steady|/|R0|=8.756e+00 cfl=0.126 dtau=[9.41e-05,9.47e-01] gmres=7
[nsb] it=72 |R_tau|=4.7866e+02 rel=3.707e+00 |R_steady|/|R0|=7.019e+00 cfl=0.192 dtau=[1.44e-04,1.41e+00] gmres=7
[nsb] it=73 |R_tau|=4.3531e+02 rel=3.372e+00 |R_steady|/|R0|=6.448e+00 cfl=0.298 dtau=[2.28e-04,2.43e+00] gmres=7
[nsb] it=74 |R_tau|=4.0401e+02 rel=3.129e+00 |R_steady|/|R0|=5.979e+00 cfl=0.327 dtau=[2.59e-04,2.50e+00] gmres=5
[nsb] it=75 |R_tau|=3.6928e+02 rel=2.860e+00 |R_steady|/|R0|=5.452e+00 cfl=0.353 dtau=[2.90e-04,2.60e+00] gmres=5
[nsb] it=76 |R_tau|=3.3980e+02 rel=2.632e+00 |R_steady|/|R0|=4.975e+00 cfl=0.386 dtau=[3.33e-04,2.80e+00] gmres=5
[nsb] it=77 |R_tau|=3.0335e+02 rel=2.350e+00 |R_steady|/|R0|=4.413e+00 cfl=0.419 dtau=[3.84e-04,3.02e+00] gmres=6
[nsb] it=78 |R_tau|=2.7732e+02 rel=2.148e+00 |R_steady|/|R0|=3.958e+00 cfl=0.47 dtau=[4.59e-04,3.35e+00] gmres=6
[nsb] it=79 |R_tau|=2.4833e+02 rel=1.923e+00 |R_steady|/|R0|=3.558e+00 cfl=0.514 dtau=[5.35e-04,3.66e+00] gmres=5
[nsb] it=80 |R_tau|=2.2584e+02 rel=1.749e+00 |R_steady|/|R0|=3.207e+00 cfl=0.574 dtau=[6.20e-04,4.05e+00] gmres=5
[nsb] done converged=False reason='max_iter' it=80 m_in=2.0000e+02 m_out=2.0000e+02 elapsed=48.3s
--> flat_r1_U2_mine: {'converged': False, 'reason': 'max_iter', 'n_iter': 80, 'rel_final': 1.7491795003283326, 'rel_steady_final': 3.2071809162372853, 'rel_min': 1.0, 'first_step_ratio': 50.76835734434157, 'mass_ratio': 0.9999999144768057, 'p_inlet_mean': 2568.5804998795784, 'speed_max': 6.397740753128862, 'elapsed': 48.293321954999556}
===== flat_r1_U2_mine_nores =====
[nsb] it=0 |R|=1.2911e+02 cfl=0.5
[nsb] it=1 |R_tau|=6.5547e+03 rel=5.077e+01 |R_steady|/|R0|=5.077e+01 cfl=0.5 dtau=[1.00e+30,1.00e+30] gmres=1
[nsb] it=2 |R_tau|=2.6665e+03 rel=2.065e+01 |R_steady|/|R0|=2.065e+01 cfl=0.05 dtau=[1.86e-05,5.32e-01] gmres=2
[nsb] it=3 |R_tau|=2.9543e+03 rel=2.288e+01 |R_steady|/|R0|=2.288e+01 cfl=0.1 dtau=[3.76e-05,1.02e+00] gmres=4
[nsb] it=4 |R_tau|=3.1857e+03 rel=2.467e+01 |R_steady|/|R0|=2.467e+01 cfl=0.0903 dtau=[3.49e-05,8.37e-01] gmres=5
[nsb] it=5 |R_tau|=3.8020e+03 rel=2.945e+01 |R_steady|/|R0|=2.945e+01 cfl=0.0837 dtau=[3.35e-05,7.47e-01] gmres=8
[nsb] it=6 |R_tau|=6.0474e+03 rel=4.684e+01 |R_steady|/|R0|=4.684e+01 cfl=0.0701 dtau=[2.91e-05,5.72e-01] gmres=10
[nsb] it=7 |R_tau|=3.7364e+03 rel=2.894e+01 |R_steady|/|R0|=2.894e+01 cfl=0.0441 dtau=[1.85e-05,4.68e-01] gmres=5
[nsb] it=8 |R_tau|=4.6368e+03 rel=3.591e+01 |R_steady|/|R0|=3.591e+01 cfl=0.0714 dtau=[3.01e-05,5.14e-01] gmres=6
[nsb] it=9 |R_tau|=4.2506e+03 rel=3.292e+01 |R_steady|/|R0|=3.292e+01 cfl=0.0575 dtau=[2.44e-05,4.24e-01] gmres=5
[nsb] it=10 |R_tau|=4.4677e+03 rel=3.460e+01 |R_steady|/|R0|=3.460e+01 cfl=0.0627 dtau=[2.67e-05,4.61e-01] gmres=6
[nsb] it=11 |R_tau|=4.2764e+03 rel=3.312e+01 |R_steady|/|R0|=3.312e+01 cfl=0.0597 dtau=[2.56e-05,4.56e-01] gmres=4
[nsb] it=12 |R_tau|=4.2470e+03 rel=3.289e+01 |R_steady|/|R0|=3.289e+01 cfl=0.0624 dtau=[2.71e-05,5.28e-01] gmres=4
[nsb] it=13 |R_tau|=4.2214e+03 rel=3.270e+01 |R_steady|/|R0|=3.270e+01 cfl=0.0628 dtau=[2.75e-05,5.52e-01] gmres=5
[nsb] it=14 |R_tau|=4.2291e+03 rel=3.276e+01 |R_steady|/|R0|=3.276e+01 cfl=0.0632 dtau=[2.80e-05,5.57e-01] gmres=6
[nsb] it=15 |R_tau|=4.1606e+03 rel=3.223e+01 |R_steady|/|R0|=3.223e+01 cfl=0.0631 dtau=[2.83e-05,5.58e-01] gmres=4
[nsb] it=16 |R_tau|=4.0989e+03 rel=3.175e+01 |R_steady|/|R0|=3.175e+01 cfl=0.0641 dtau=[2.91e-05,5.72e-01] gmres=6
[nsb] it=17 |R_tau|=4.0195e+03 rel=3.113e+01 |R_steady|/|R0|=3.113e+01 cfl=0.0651 dtau=[2.99e-05,5.63e-01] gmres=7
[nsb] it=18 |R_tau|=3.8961e+03 rel=3.018e+01 |R_steady|/|R0|=3.018e+01 cfl=0.0663 dtau=[3.10e-05,5.63e-01] gmres=5
[nsb] it=19 |R_tau|=3.7810e+03 rel=2.929e+01 |R_steady|/|R0|=2.929e+01 cfl=0.0684 dtau=[3.25e-05,5.91e-01] gmres=6
[nsb] it=20 |R_tau|=3.6467e+03 rel=2.825e+01 |R_steady|/|R0|=2.825e+01 cfl=0.0705 dtau=[3.40e-05,5.92e-01] gmres=4
[nsb] it=21 |R_tau|=3.4995e+03 rel=2.710e+01 |R_steady|/|R0|=2.710e+01 cfl=0.0731 dtau=[3.60e-05,6.09e-01] gmres=5
[nsb] it=22 |R_tau|=3.3433e+03 rel=2.589e+01 |R_steady|/|R0|=2.589e+01 cfl=0.0762 dtau=[3.83e-05,6.26e-01] gmres=5
[nsb] it=23 |R_tau|=3.1790e+03 rel=2.462e+01 |R_steady|/|R0|=2.462e+01 cfl=0.0798 dtau=[4.10e-05,6.47e-01] gmres=5
[nsb] it=24 |R_tau|=3.0072e+03 rel=2.329e+01 |R_steady|/|R0|=2.329e+01 cfl=0.0839 dtau=[4.41e-05,6.66e-01] gmres=5
[nsb] it=25 |R_tau|=2.8331e+03 rel=2.194e+01 |R_steady|/|R0|=2.194e+01 cfl=0.0887 dtau=[4.75e-05,6.99e-01] gmres=5
[nsb] it=26 |R_tau|=2.6745e+03 rel=2.072e+01 |R_steady|/|R0|=2.072e+01 cfl=0.0941 dtau=[5.15e-05,7.42e-01] gmres=5
[nsb] it=27 |R_tau|=2.5169e+03 rel=1.949e+01 |R_steady|/|R0|=1.949e+01 cfl=0.0997 dtau=[5.58e-05,7.90e-01] gmres=6
[nsb] it=28 |R_tau|=2.3801e+03 rel=1.843e+01 |R_steady|/|R0|=1.843e+01 cfl=0.106 dtau=[6.06e-05,8.21e-01] gmres=5
[nsb] it=29 |R_tau|=2.2108e+03 rel=1.712e+01 |R_steady|/|R0|=1.712e+01 cfl=0.112 dtau=[6.57e-05,8.56e-01] gmres=6
[nsb] it=30 |R_tau|=2.0444e+03 rel=1.583e+01 |R_steady|/|R0|=1.583e+01 cfl=0.121 dtau=[7.25e-05,9.11e-01] gmres=8
[nsb] it=31 |R_tau|=1.8803e+03 rel=1.456e+01 |R_steady|/|R0|=1.456e+01 cfl=0.13 dtau=[8.05e-05,9.92e-01] gmres=8
[nsb] it=32 |R_tau|=1.7412e+03 rel=1.349e+01 |R_steady|/|R0|=1.349e+01 cfl=0.142 dtau=[9.00e-05,1.06e+00] gmres=5
[nsb] it=33 |R_tau|=1.5969e+03 rel=1.237e+01 |R_steady|/|R0|=1.237e+01 cfl=0.153 dtau=[1.00e-04,1.16e+00] gmres=9
[nsb] it=34 |R_tau|=1.4494e+03 rel=1.123e+01 |R_steady|/|R0|=1.123e+01 cfl=0.167 dtau=[1.13e-04,1.26e+00] gmres=6
[nsb] it=35 |R_tau|=1.2994e+03 rel=1.006e+01 |R_steady|/|R0|=1.006e+01 cfl=0.184 dtau=[1.28e-04,1.39e+00] gmres=6
[nsb] it=36 |R_tau|=1.1448e+03 rel=8.866e+00 |R_steady|/|R0|=8.866e+00 cfl=0.205 dtau=[1.48e-04,1.55e+00] gmres=4
[nsb] it=37 |R_tau|=9.6784e+02 rel=7.496e+00 |R_steady|/|R0|=7.496e+00 cfl=0.233 dtau=[1.74e-04,1.71e+00] gmres=4
[nsb] it=38 |R_tau|=8.1465e+02 rel=6.310e+00 |R_steady|/|R0|=6.310e+00 cfl=0.276 dtau=[2.14e-04,2.04e+00] gmres=4
[nsb] it=39 |R_tau|=6.7813e+02 rel=5.252e+00 |R_steady|/|R0|=5.252e+00 cfl=0.327 dtau=[2.65e-04,2.41e+00] gmres=6
[nsb] it=40 |R_tau|=5.5625e+02 rel=4.308e+00 |R_steady|/|R0|=4.308e+00 cfl=0.393 dtau=[3.35e-04,2.90e+00] gmres=4
[nsb] it=41 |R_tau|=4.5180e+02 rel=3.499e+00 |R_steady|/|R0|=3.499e+00 cfl=0.479 dtau=[4.35e-04,3.49e+00] gmres=6
[nsb] it=42 |R_tau|=3.5428e+02 rel=2.744e+00 |R_steady|/|R0|=2.744e+00 cfl=0.59 dtau=[5.83e-04,4.32e+00] gmres=6
[nsb] it=43 |R_tau|=2.7027e+02 rel=2.093e+00 |R_steady|/|R0|=2.093e+00 cfl=0.753 dtau=[8.35e-04,5.53e+00] gmres=7
[nsb] it=44 |R_tau|=2.0344e+02 rel=1.576e+00 |R_steady|/|R0|=1.576e+00 cfl=0.987 dtau=[1.25e-03,7.12e+00] gmres=6
[nsb] it=45 |R_tau|=1.5202e+02 rel=1.177e+00 |R_steady|/|R0|=1.177e+00 cfl=1.31 dtau=[1.83e-03,9.59e+00] gmres=6
[nsb] it=46 |R_tau|=1.1661e+02 rel=9.032e-01 |R_steady|/|R0|=9.032e-01 cfl=1.75 dtau=[2.59e-03,1.28e+01] gmres=8
[nsb] it=47 |R_tau|=8.7144e+01 rel=6.750e-01 |R_steady|/|R0|=6.750e-01 cfl=2.29 dtau=[3.66e-03,1.68e+01] gmres=7
[nsb] it=48 |R_tau|=6.8454e+01 rel=5.302e-01 |R_steady|/|R0|=5.302e-01 cfl=3.06 dtau=[5.40e-03,2.24e+01] gmres=7
[nsb] it=49 |R_tau|=5.3801e+01 rel=4.167e-01 |R_steady|/|R0|=4.167e-01 cfl=3.9 dtau=[7.42e-03,2.87e+01] gmres=7
[nsb] it=50 |R_tau|=4.3483e+01 rel=3.368e-01 |R_steady|/|R0|=3.368e-01 cfl=4.96 dtau=[1.05e-02,3.67e+01] gmres=8
[nsb] it=51 |R_tau|=3.5146e+01 rel=2.722e-01 |R_steady|/|R0|=2.722e-01 cfl=6.13 dtau=[1.40e-02,4.56e+01] gmres=8
[nsb] it=52 |R_tau|=2.8708e+01 rel=2.224e-01 |R_steady|/|R0|=2.224e-01 cfl=7.59 dtau=[1.84e-02,5.72e+01] gmres=10
[nsb] it=53 |R_tau|=2.3837e+01 rel=1.846e-01 |R_steady|/|R0|=1.846e-01 cfl=9.29 dtau=[2.29e-02,7.07e+01] gmres=9
[nsb] it=54 |R_tau|=1.9550e+01 rel=1.514e-01 |R_steady|/|R0|=1.514e-01 cfl=11.2 dtau=[2.79e-02,8.66e+01] gmres=8
[nsb] it=55 |R_tau|=1.6006e+01 rel=1.240e-01 |R_steady|/|R0|=1.240e-01 cfl=13.6 dtau=[3.43e-02,1.07e+02] gmres=8
[nsb] it=56 |R_tau|=1.3106e+01 rel=1.015e-01 |R_steady|/|R0|=1.015e-01 cfl=16.7 dtau=[4.22e-02,1.34e+02] gmres=6
[nsb] it=57 |R_tau|=1.0729e+01 rel=8.310e-02 |R_steady|/|R0|=8.310e-02 cfl=20.3 dtau=[5.21e-02,1.66e+02] gmres=7
[nsb] it=58 |R_tau|=8.8089e+00 rel=6.823e-02 |R_steady|/|R0|=6.823e-02 cfl=24.9 dtau=[6.41e-02,2.07e+02] gmres=8
[nsb] it=59 |R_tau|=7.2242e+00 rel=5.595e-02 |R_steady|/|R0|=5.595e-02 cfl=30.3 dtau=[7.84e-02,2.56e+02] gmres=6
[nsb] it=60 |R_tau|=5.9514e+00 rel=4.610e-02 |R_steady|/|R0|=4.610e-02 cfl=36.9 dtau=[9.58e-02,3.16e+02] gmres=7
[nsb] it=61 |R_tau|=4.9161e+00 rel=3.808e-02 |R_steady|/|R0|=3.808e-02 cfl=44.8 dtau=[1.16e-01,3.87e+02] gmres=6
[nsb] it=62 |R_tau|=4.0500e+00 rel=3.137e-02 |R_steady|/|R0|=3.137e-02 cfl=54.2 dtau=[1.41e-01,4.69e+02] gmres=6
[nsb] it=63 |R_tau|=3.3095e+00 rel=2.563e-02 |R_steady|/|R0|=2.563e-02 cfl=65.8 dtau=[1.71e-01,5.70e+02] gmres=6
[nsb] it=64 |R_tau|=2.6658e+00 rel=2.065e-02 |R_steady|/|R0|=2.065e-02 cfl=80.6 dtau=[2.08e-01,6.97e+02] gmres=5
[nsb] it=65 |R_tau|=2.1066e+00 rel=1.632e-02 |R_steady|/|R0|=1.632e-02 cfl=100 dtau=[2.58e-01,8.62e+02] gmres=5
[nsb] it=66 |R_tau|=1.6286e+00 rel=1.261e-02 |R_steady|/|R0|=1.261e-02 cfl=127 dtau=[3.25e-01,1.09e+03] gmres=5
[nsb] it=67 |R_tau|=1.2320e+00 rel=9.542e-03 |R_steady|/|R0|=9.542e-03 cfl=164 dtau=[4.19e-01,1.40e+03] gmres=5
[nsb] it=68 |R_tau|=9.1660e-01 rel=7.099e-03 |R_steady|/|R0|=7.099e-03 cfl=216 dtau=[5.50e-01,1.83e+03] gmres=6
[nsb] it=69 |R_tau|=6.8332e-01 rel=5.293e-03 |R_steady|/|R0|=5.293e-03 cfl=291 dtau=[7.36e-01,2.45e+03] gmres=6
[nsb] it=70 |R_tau|=5.0463e-01 rel=3.909e-03 |R_steady|/|R0|=3.909e-03 cfl=390 dtau=[9.83e-01,3.28e+03] gmres=6
[nsb] it=71 |R_tau|=3.7892e-01 rel=2.935e-03 |R_steady|/|R0|=2.935e-03 cfl=528 dtau=[1.33e+00,4.42e+03] gmres=6
[nsb] it=72 |R_tau|=2.8798e-01 rel=2.230e-03 |R_steady|/|R0|=2.230e-03 cfl=704 dtau=[1.76e+00,5.86e+03] gmres=8
[nsb] it=73 |R_tau|=2.2087e-01 rel=1.711e-03 |R_steady|/|R0|=1.711e-03 cfl=926 dtau=[2.32e+00,7.70e+03] gmres=8
[nsb] it=74 |R_tau|=1.7126e-01 rel=1.326e-03 |R_steady|/|R0|=1.326e-03 cfl=1.21e+03 dtau=[3.02e+00,1.00e+04] gmres=8
[nsb] it=75 |R_tau|=1.3546e-01 rel=1.049e-03 |R_steady|/|R0|=1.049e-03 cfl=1.56e+03 dtau=[3.90e+00,1.29e+04] gmres=8
[nsb] it=76 |R_tau|=1.1035e-01 rel=8.547e-04 |R_steady|/|R0|=8.547e-04 cfl=1.97e+03 dtau=[4.93e+00,1.63e+04] gmres=8
[nsb] it=77 |R_tau|=9.2517e-02 rel=7.166e-04 |R_steady|/|R0|=7.166e-04 cfl=2.42e+03 dtau=[6.05e+00,2.00e+04] gmres=7
[nsb] it=78 |R_tau|=7.8813e-02 rel=6.104e-04 |R_steady|/|R0|=6.104e-04 cfl=2.88e+03 dtau=[7.21e+00,2.38e+04] gmres=7
[nsb] it=79 |R_tau|=6.7082e-02 rel=5.196e-04 |R_steady|/|R0|=5.196e-04 cfl=3.38e+03 dtau=[8.47e+00,2.79e+04] gmres=7
[nsb] it=80 |R_tau|=5.6306e-02 rel=4.361e-04 |R_steady|/|R0|=4.361e-04 cfl=3.98e+03 dtau=[9.95e+00,3.28e+04] gmres=7
[nsb] done converged=False reason='max_iter' it=80 m_in=2.0000e+02 m_out=2.0000e+02 elapsed=47.9s
--> flat_r1_U2_mine_nores: {'converged': False, 'reason': 'max_iter', 'n_iter': 80, 'rel_final': 0.00043610828437396957, 'rel_steady_final': 0.00043610828437396957, 'rel_min': 0.00043610828437396957, 'first_step_ratio': 50.76835734434157, 'mass_ratio': 1.0000000000730542, 'p_inlet_mean': 5654.380392331538, 'speed_max': 2.457527038971536, 'elapsed': 47.88309531300001}
===== flat_r1_U2_floor =====
[nsb] it=0 |R|=1.2911e+02 cfl=0.5
[nsb] it=1 |R_tau|=3.6818e+02 rel=2.852e+00 |R_steady|/|R0|=2.940e+00 cfl=0.5 dtau=[2.08e-02,2.08e-02] gmres=31 (gmres not converged)
[nsb] it=2 |R_tau|=1.9146e+02 rel=1.483e+00 |R_steady|/|R0|=2.814e+00 cfl=0.175 dtau=[2.23e-04,7.31e-03] gmres=29 (gmres not converged)
[nsb] it=3 |R_tau|=1.2926e+02 rel=1.001e+00 |R_steady|/|R0|=1.886e+00 cfl=0.337 dtau=[4.37e-04,1.40e-02] gmres=8
[nsb] it=4 |R_tau|=1.0875e+02 rel=8.423e-01 |R_steady|/|R0|=1.562e+00 cfl=0.499 dtau=[6.72e-04,2.08e-02] gmres=6
[nsb] it=5 |R_tau|=9.1984e+01 rel=7.124e-01 |R_steady|/|R0|=1.306e+00 cfl=0.594 dtau=[8.44e-04,2.47e-02] gmres=6
[nsb] it=6 |R_tau|=7.7779e+01 rel=6.024e-01 |R_steady|/|R0|=1.076e+00 cfl=0.702 dtau=[1.06e-03,2.92e-02] gmres=6
[nsb] it=7 |R_tau|=6.2844e+01 rel=4.867e-01 |R_steady|/|R0|=8.602e-01 cfl=0.83 dtau=[1.34e-03,3.46e-02] gmres=6
[nsb] it=8 |R_tau|=4.9473e+01 rel=3.832e-01 |R_steady|/|R0|=6.582e-01 cfl=1.03 dtau=[1.80e-03,4.28e-02] gmres=6
[nsb] it=9 |R_tau|=3.7928e+01 rel=2.938e-01 |R_steady|/|R0|=4.882e-01 cfl=1.3 dtau=[2.41e-03,5.44e-02] gmres=6
[nsb] it=10 |R_tau|=2.9840e+01 rel=2.311e-01 |R_steady|/|R0|=3.657e-01 cfl=1.7 dtau=[3.17e-03,7.09e-02] gmres=6
[nsb] it=11 |R_tau|=2.3769e+01 rel=1.841e-01 |R_steady|/|R0|=2.812e-01 cfl=2.16 dtau=[4.12e-03,9.01e-02] gmres=6
[nsb] it=12 |R_tau|=1.9245e+01 rel=1.491e-01 |R_steady|/|R0|=2.199e-01 cfl=2.72 dtau=[5.43e-03,1.13e-01] gmres=6
[nsb] it=13 |R_tau|=1.5743e+01 rel=1.219e-01 |R_steady|/|R0|=1.728e-01 cfl=3.35 dtau=[7.06e-03,1.40e-01] gmres=6
[nsb] it=14 |R_tau|=1.2937e+01 rel=1.002e-01 |R_steady|/|R0|=1.369e-01 cfl=4.1 dtau=[8.66e-03,1.71e-01] gmres=6
[nsb] it=15 |R_tau|=1.0655e+01 rel=8.253e-02 |R_steady|/|R0|=1.090e-01 cfl=4.99 dtau=[1.08e-02,2.08e-01] gmres=6
[nsb] it=16 |R_tau|=8.9419e+00 rel=6.926e-02 |R_steady|/|R0|=8.847e-02 cfl=6.06 dtau=[1.34e-02,2.52e-01] gmres=6
[nsb] it=17 |R_tau|=7.5454e+00 rel=5.844e-02 |R_steady|/|R0|=7.275e-02 cfl=7.22 dtau=[1.63e-02,3.01e-01] gmres=7
[nsb] it=18 |R_tau|=6.4739e+00 rel=5.014e-02 |R_steady|/|R0|=6.091e-02 cfl=8.56 dtau=[1.96e-02,3.56e-01] gmres=7
[nsb] it=19 |R_tau|=5.6303e+00 rel=4.361e-02 |R_steady|/|R0|=5.187e-02 cfl=9.97 dtau=[2.31e-02,4.15e-01] gmres=7
[nsb] it=20 |R_tau|=4.8956e+00 rel=3.792e-02 |R_steady|/|R0|=4.434e-02 cfl=11.5 dtau=[2.68e-02,4.78e-01] gmres=6
[nsb] it=21 |R_tau|=4.2525e+00 rel=3.294e-02 |R_steady|/|R0|=3.791e-02 cfl=13.2 dtau=[3.11e-02,5.49e-01] gmres=8
[nsb] it=22 |R_tau|=3.6689e+00 rel=2.842e-02 |R_steady|/|R0|=3.224e-02 cfl=15.2 dtau=[3.60e-02,6.33e-01] gmres=6
[nsb] it=23 |R_tau|=3.1339e+00 rel=2.427e-02 |R_steady|/|R0|=2.716e-02 cfl=17.6 dtau=[4.20e-02,7.33e-01] gmres=6
[nsb] it=24 |R_tau|=2.6560e+00 rel=2.057e-02 |R_steady|/|R0|=2.270e-02 cfl=20.6 dtau=[4.94e-02,8.58e-01] gmres=5
[nsb] it=25 |R_tau|=2.2120e+00 rel=1.713e-02 |R_steady|/|R0|=1.867e-02 cfl=24.3 dtau=[5.87e-02,1.01e+00] gmres=5
[nsb] it=26 |R_tau|=1.8149e+00 rel=1.406e-02 |R_steady|/|R0|=1.513e-02 cfl=29.2 dtau=[7.08e-02,1.22e+00] gmres=6
[nsb] it=27 |R_tau|=1.4581e+00 rel=1.129e-02 |R_steady|/|R0|=1.201e-02 cfl=35.6 dtau=[8.68e-02,1.48e+00] gmres=5
[nsb] it=28 |R_tau|=1.1472e+00 rel=8.885e-03 |R_steady|/|R0|=9.348e-03 cfl=44.3 dtau=[1.08e-01,1.84e+00] gmres=5
[nsb] it=29 |R_tau|=8.8205e-01 rel=6.832e-03 |R_steady|/|R0|=7.115e-03 cfl=56.3 dtau=[1.38e-01,2.34e+00] gmres=6
[nsb] it=30 |R_tau|=6.6196e-01 rel=5.127e-03 |R_steady|/|R0|=5.293e-03 cfl=73.2 dtau=[1.81e-01,3.05e+00] gmres=6
[nsb] it=31 |R_tau|=4.8561e-01 rel=3.761e-03 |R_steady|/|R0|=3.853e-03 cfl=97.5 dtau=[2.41e-01,4.06e+00] gmres=6
[nsb] it=32 |R_tau|=3.4978e-01 rel=2.709e-03 |R_steady|/|R0|=2.758e-03 cfl=133 dtau=[3.30e-01,5.54e+00] gmres=6
[nsb] it=33 |R_tau|=2.4812e-01 rel=1.922e-03 |R_steady|/|R0|=1.947e-03 cfl=185 dtau=[4.59e-01,7.69e+00] gmres=6
[nsb] it=34 |R_tau|=1.7425e-01 rel=1.350e-03 |R_steady|/|R0|=1.362e-03 cfl=260 dtau=[6.48e-01,1.08e+01] gmres=8
[nsb] it=35 |R_tau|=1.2186e-01 rel=9.438e-04 |R_steady|/|R0|=9.500e-04 cfl=370 dtau=[9.23e-01,1.54e+01] gmres=8
[nsb] it=36 |R_tau|=8.5250e-02 rel=6.603e-04 |R_steady|/|R0|=6.633e-04 cfl=530 dtau=[1.32e+00,2.21e+01] gmres=8
[nsb] it=37 |R_tau|=5.9968e-02 rel=4.645e-04 |R_steady|/|R0|=4.659e-04 cfl=757 dtau=[1.89e+00,3.16e+01] gmres=8
[nsb] it=38 |R_tau|=4.2588e-02 rel=3.299e-04 |R_steady|/|R0|=3.306e-04 cfl=1.08e+03 dtau=[2.69e+00,4.49e+01] gmres=7
[nsb] it=39 |R_tau|=3.0658e-02 rel=2.375e-04 |R_steady|/|R0|=2.378e-04 cfl=1.52e+03 dtau=[3.79e+00,6.32e+01] gmres=7
[nsb] it=40 |R_tau|=2.2420e-02 rel=1.736e-04 |R_steady|/|R0|=1.738e-04 cfl=2.11e+03 dtau=[5.26e+00,8.77e+01] gmres=7
[nsb] it=41 |R_tau|=1.6656e-02 rel=1.290e-04 |R_steady|/|R0|=1.291e-04 cfl=2.88e+03 dtau=[7.20e+00,1.20e+02] gmres=5
[nsb] it=42 |R_tau|=1.2549e-02 rel=9.719e-05 |R_steady|/|R0|=9.725e-05 cfl=3.88e+03 dtau=[9.69e+00,1.61e+02] gmres=5
[nsb] it=43 |R_tau|=9.5567e-03 rel=7.402e-05 |R_steady|/|R0|=7.405e-05 cfl=5.14e+03 dtau=[1.29e+01,2.14e+02] gmres=7
[nsb] it=44 |R_tau|=7.3280e-03 rel=5.676e-05 |R_steady|/|R0|=5.678e-05 cfl=6.75e+03 dtau=[1.69e+01,2.81e+02] gmres=7
[nsb] it=45 |R_tau|=5.6366e-03 rel=4.366e-05 |R_steady|/|R0|=4.367e-05 cfl=8.81e+03 dtau=[2.20e+01,3.67e+02] gmres=7
[nsb] it=46 |R_tau|=4.3357e-03 rel=3.358e-05 |R_steady|/|R0|=3.359e-05 cfl=1.15e+04 dtau=[2.86e+01,4.77e+02] gmres=7
[nsb] it=47 |R_tau|=3.3269e-03 rel=2.577e-05 |R_steady|/|R0|=2.577e-05 cfl=1.49e+04 dtau=[3.72e+01,6.20e+02] gmres=7
[nsb] it=48 |R_tau|=2.5425e-03 rel=1.969e-05 |R_steady|/|R0|=1.969e-05 cfl=1.94e+04 dtau=[4.85e+01,8.08e+02] gmres=7
[nsb] it=49 |R_tau|=1.9330e-03 rel=1.497e-05 |R_steady|/|R0|=1.497e-05 cfl=2.54e+04 dtau=[6.35e+01,1.06e+03] gmres=7
[nsb] it=50 |R_tau|=1.4612e-03 rel=1.132e-05 |R_steady|/|R0|=1.132e-05 cfl=3.34e+04 dtau=[8.35e+01,1.39e+03] gmres=7
[nsb] it=51 |R_tau|=1.0981e-03 rel=8.505e-06 |R_steady|/|R0|=8.505e-06 cfl=4.42e+04 dtau=[1.10e+02,1.84e+03] gmres=7
[nsb] it=52 |R_tau|=8.2035e-04 rel=6.354e-06 |R_steady|/|R0|=6.354e-06 cfl=5.88e+04 dtau=[1.47e+02,2.45e+03] gmres=7
[nsb] it=53 |R_tau|=6.0938e-04 rel=4.720e-06 |R_steady|/|R0|=4.720e-06 cfl=7.87e+04 dtau=[1.97e+02,3.28e+03] gmres=7
[nsb] it=54 |R_tau|=4.5020e-04 rel=3.487e-06 |R_steady|/|R0|=3.487e-06 cfl=1.06e+05 dtau=[2.65e+02,4.41e+03] gmres=8
[nsb] it=55 |R_tau|=3.3085e-04 rel=2.563e-06 |R_steady|/|R0|=2.563e-06 cfl=1.43e+05 dtau=[3.59e+02,5.97e+03] gmres=8
[nsb] it=56 |R_tau|=2.4189e-04 rel=1.874e-06 |R_steady|/|R0|=1.874e-06 cfl=1.95e+05 dtau=[4.88e+02,8.13e+03] gmres=8
[nsb] it=57 |R_tau|=1.7595e-04 rel=1.363e-06 |R_steady|/|R0|=1.363e-06 cfl=2.67e+05 dtau=[6.67e+02,1.11e+04] gmres=8
[nsb] it=58 |R_tau|=1.2731e-04 rel=9.860e-07 |R_steady|/|R0|=9.861e-07 cfl=3.67e+05 dtau=[9.17e+02,1.53e+04] gmres=8
[nsb] done converged=True reason='' it=58 m_in=2.0000e+02 m_out=2.0000e+02 elapsed=38.3s
--> flat_r1_U2_floor: {'converged': True, 'reason': '', 'n_iter': 58, 'rel_final': 9.860486026745837e-07, 'rel_steady_final': 9.860551971525307e-07, 'rel_min': 9.860486026745837e-07, 'first_step_ratio': 2.851684676312649, 'mass_ratio': 0.9999999999995934, 'p_inlet_mean': 5655.12569121836, 'speed_max': 2.4569371135936278, 'elapsed': 38.27149832400028}
===== flat_r1_U2_fixed =====
[nsb] it=0 |R|=1.2911e+02 cfl=0.5
[nsb] it=1 |R_tau|=8.0517e+02 rel=6.236e+00 |R_steady|/|R0|=6.236e+00 cfl=0.5 dtau=[2.08e-02,2.08e-02] gmres=11 (gmres not converged)
[nsb] it=2 |R_tau|=5.1406e+02 rel=3.982e+00 |R_steady|/|R0|=3.982e+00 cfl=0.0802 dtau=[8.61e-05,3.34e-03] gmres=3
[nsb] it=3 |R_tau|=4.5273e+02 rel=3.507e+00 |R_steady|/|R0|=3.507e+00 cfl=0.126 dtau=[1.37e-04,5.23e-03] gmres=3
[nsb] it=4 |R_tau|=4.3450e+02 rel=3.365e+00 |R_steady|/|R0|=3.365e+00 cfl=0.143 dtau=[1.62e-04,5.94e-03] gmres=4
[nsb] it=5 |R_tau|=4.5230e+02 rel=3.503e+00 |R_steady|/|R0|=3.503e+00 cfl=0.149 dtau=[1.76e-04,6.19e-03] gmres=4
[nsb] it=6 |R_tau|=4.0300e+02 rel=3.121e+00 |R_steady|/|R0|=3.121e+00 cfl=0.143 dtau=[1.77e-04,5.95e-03] gmres=4
[nsb] it=7 |R_tau|=3.6895e+02 rel=2.858e+00 |R_steady|/|R0|=2.858e+00 cfl=0.16 dtau=[2.07e-04,6.67e-03] gmres=4
[nsb] it=8 |R_tau|=3.3586e+02 rel=2.601e+00 |R_steady|/|R0|=2.601e+00 cfl=0.175 dtau=[2.39e-04,7.29e-03] gmres=4
[nsb] it=9 |R_tau|=3.0171e+02 rel=2.337e+00 |R_steady|/|R0|=2.337e+00 cfl=0.192 dtau=[2.77e-04,8.01e-03] gmres=3
[nsb] it=10 |R_tau|=2.6641e+02 rel=2.063e+00 |R_steady|/|R0|=2.063e+00 cfl=0.214 dtau=[3.27e-04,8.92e-03] gmres=4
[nsb] it=11 |R_tau|=2.2953e+02 rel=1.778e+00 |R_steady|/|R0|=1.778e+00 cfl=0.242 dtau=[3.95e-04,1.01e-02] gmres=3
[nsb] it=12 |R_tau|=1.9231e+02 rel=1.490e+00 |R_steady|/|R0|=1.490e+00 cfl=0.281 dtau=[4.95e-04,1.17e-02] gmres=3
[nsb] it=13 |R_tau|=1.5530e+02 rel=1.203e+00 |R_steady|/|R0|=1.203e+00 cfl=0.336 dtau=[6.16e-04,1.40e-02] gmres=4
[nsb] it=14 |R_tau|=1.1944e+02 rel=9.251e-01 |R_steady|/|R0|=9.251e-01 cfl=0.416 dtau=[7.66e-04,1.73e-02] gmres=4
[nsb] it=15 |R_tau|=8.6929e+01 rel=6.733e-01 |R_steady|/|R0|=6.733e-01 cfl=0.54 dtau=[1.01e-03,2.25e-02] gmres=4
[nsb] it=16 |R_tau|=6.0733e+01 rel=4.704e-01 |R_steady|/|R0|=4.704e-01 cfl=0.743 dtau=[1.41e-03,3.09e-02] gmres=5
[nsb] it=17 |R_tau|=4.2180e+01 rel=3.267e-01 |R_steady|/|R0|=3.267e-01 cfl=1.06 dtau=[2.10e-03,4.43e-02] gmres=6
[nsb] it=18 |R_tau|=3.0101e+01 rel=2.331e-01 |R_steady|/|R0|=2.331e-01 cfl=1.53 dtau=[3.18e-03,6.38e-02] gmres=5
[nsb] it=19 |R_tau|=2.2120e+01 rel=1.713e-01 |R_steady|/|R0|=1.713e-01 cfl=2.14 dtau=[4.50e-03,8.94e-02] gmres=7
[nsb] it=20 |R_tau|=1.9015e+01 rel=1.473e-01 |R_steady|/|R0|=1.473e-01 cfl=2.92 dtau=[6.25e-03,1.22e-01] gmres=6
[nsb] it=21 |R_tau|=1.8735e+01 rel=1.451e-01 |R_steady|/|R0|=1.451e-01 cfl=3.39 dtau=[7.46e-03,1.41e-01] gmres=7
[nsb] it=22 |R_tau|=1.1255e+01 rel=8.717e-02 |R_steady|/|R0|=8.717e-02 cfl=3.45 dtau=[7.76e-03,1.44e-01] gmres=5
[nsb] it=23 |R_tau|=8.2211e+00 rel=6.368e-02 |R_steady|/|R0|=6.368e-02 cfl=5.74 dtau=[1.31e-02,2.39e-01] gmres=7
[nsb] it=24 |R_tau|=6.5788e+00 rel=5.096e-02 |R_steady|/|R0|=5.096e-02 cfl=7.85 dtau=[1.82e-02,3.27e-01] gmres=6
[nsb] it=25 |R_tau|=5.4105e+00 rel=4.191e-02 |R_steady|/|R0|=4.191e-02 cfl=9.81 dtau=[2.30e-02,4.09e-01] gmres=7
[nsb] it=26 |R_tau|=4.5004e+00 rel=3.486e-02 |R_steady|/|R0|=3.486e-02 cfl=11.9 dtau=[2.82e-02,4.97e-01] gmres=6
[nsb] it=27 |R_tau|=3.7286e+00 rel=2.888e-02 |R_steady|/|R0|=2.888e-02 cfl=14.3 dtau=[3.42e-02,5.98e-01] gmres=8
[nsb] it=28 |R_tau|=3.0894e+00 rel=2.393e-02 |R_steady|/|R0|=2.393e-02 cfl=17.3 dtau=[4.15e-02,7.21e-01] gmres=5
[nsb] it=29 |R_tau|=2.5290e+00 rel=1.959e-02 |R_steady|/|R0|=1.959e-02 cfl=20.9 dtau=[5.03e-02,8.71e-01] gmres=6
[nsb] it=30 |R_tau|=2.0485e+00 rel=1.587e-02 |R_steady|/|R0|=1.587e-02 cfl=25.5 dtau=[6.18e-02,1.06e+00] gmres=6
[nsb] it=31 |R_tau|=1.6329e+00 rel=1.265e-02 |R_steady|/|R0|=1.265e-02 cfl=31.5 dtau=[7.67e-02,1.31e+00] gmres=6
[nsb] it=32 |R_tau|=1.2791e+00 rel=9.907e-03 |R_steady|/|R0|=9.907e-03 cfl=39.5 dtau=[9.67e-02,1.65e+00] gmres=5
[nsb] it=33 |R_tau|=9.8525e-01 rel=7.631e-03 |R_steady|/|R0|=7.631e-03 cfl=50.5 dtau=[1.24e-01,2.10e+00] gmres=5
[nsb] it=34 |R_tau|=7.4403e-01 rel=5.763e-03 |R_steady|/|R0|=5.763e-03 cfl=65.5 dtau=[1.61e-01,2.73e+00] gmres=6
[nsb] it=35 |R_tau|=5.5232e-01 rel=4.278e-03 |R_steady|/|R0|=4.278e-03 cfl=86.8 dtau=[2.14e-01,3.62e+00] gmres=6
[nsb] it=36 |R_tau|=4.0413e-01 rel=3.130e-03 |R_steady|/|R0|=3.130e-03 cfl=117 dtau=[2.90e-01,4.87e+00] gmres=7
[nsb] it=37 |R_tau|=2.9243e-01 rel=2.265e-03 |R_steady|/|R0|=2.265e-03 cfl=160 dtau=[3.97e-01,6.66e+00] gmres=7
[nsb] it=38 |R_tau|=2.0988e-01 rel=1.626e-03 |R_steady|/|R0|=1.626e-03 cfl=221 dtau=[5.49e-01,9.20e+00] gmres=7
[nsb] it=39 |R_tau|=1.4997e-01 rel=1.162e-03 |R_steady|/|R0|=1.162e-03 cfl=308 dtau=[7.66e-01,1.28e+01] gmres=8
[nsb] it=40 |R_tau|=1.0697e-01 rel=8.285e-04 |R_steady|/|R0|=8.285e-04 cfl=430 dtau=[1.07e+00,1.79e+01] gmres=8
[nsb] it=41 |R_tau|=7.6431e-02 rel=5.920e-04 |R_steady|/|R0|=5.920e-04 cfl=603 dtau=[1.51e+00,2.51e+01] gmres=8
[nsb] it=42 |R_tau|=5.4954e-02 rel=4.256e-04 |R_steady|/|R0|=4.256e-04 cfl=845 dtau=[2.11e+00,3.52e+01] gmres=7
[nsb] it=43 |R_tau|=3.9859e-02 rel=3.087e-04 |R_steady|/|R0|=3.087e-04 cfl=1.17e+03 dtau=[2.93e+00,4.89e+01] gmres=7
[nsb] it=44 |R_tau|=2.9304e-02 rel=2.270e-04 |R_steady|/|R0|=2.270e-04 cfl=1.62e+03 dtau=[4.05e+00,6.75e+01] gmres=7
[nsb] it=45 |R_tau|=2.1890e-02 rel=1.695e-04 |R_steady|/|R0|=1.695e-04 cfl=2.2e+03 dtau=[5.51e+00,9.18e+01] gmres=7
[nsb] it=46 |R_tau|=1.6622e-02 rel=1.287e-04 |R_steady|/|R0|=1.287e-04 cfl=2.95e+03 dtau=[7.37e+00,1.23e+02] gmres=5
[nsb] it=47 |R_tau|=1.2813e-02 rel=9.924e-05 |R_steady|/|R0|=9.924e-05 cfl=3.88e+03 dtau=[9.71e+00,1.62e+02] gmres=7
[nsb] it=48 |R_tau|=9.9947e-03 rel=7.741e-05 |R_steady|/|R0|=7.741e-05 cfl=5.04e+03 dtau=[1.26e+01,2.10e+02] gmres=7
[nsb] it=49 |R_tau|=7.8578e-03 rel=6.086e-05 |R_steady|/|R0|=6.086e-05 cfl=6.46e+03 dtau=[1.61e+01,2.69e+02] gmres=7
[nsb] it=50 |R_tau|=6.2019e-03 rel=4.804e-05 |R_steady|/|R0|=4.804e-05 cfl=8.22e+03 dtau=[2.05e+01,3.42e+02] gmres=7
[nsb] it=51 |R_tau|=4.8970e-03 rel=3.793e-05 |R_steady|/|R0|=3.793e-05 cfl=1.04e+04 dtau=[2.60e+01,4.34e+02] gmres=7
[nsb] it=52 |R_tau|=3.8576e-03 rel=2.988e-05 |R_steady|/|R0|=2.988e-05 cfl=1.32e+04 dtau=[3.30e+01,5.49e+02] gmres=7
[nsb] it=53 |R_tau|=3.0255e-03 rel=2.343e-05 |R_steady|/|R0|=2.343e-05 cfl=1.67e+04 dtau=[4.18e+01,6.97e+02] gmres=7
[nsb] it=54 |R_tau|=2.3591e-03 rel=1.827e-05 |R_steady|/|R0|=1.827e-05 cfl=2.13e+04 dtau=[5.34e+01,8.89e+02] gmres=8
[nsb] it=55 |R_tau|=1.8271e-03 rel=1.415e-05 |R_steady|/|R0|=1.415e-05 cfl=2.74e+04 dtau=[6.84e+01,1.14e+03] gmres=8
[nsb] it=56 |R_tau|=1.4046e-03 rel=1.088e-05 |R_steady|/|R0|=1.088e-05 cfl=3.53e+04 dtau=[8.83e+01,1.47e+03] gmres=8
[nsb] it=57 |R_tau|=1.0714e-03 rel=8.298e-06 |R_steady|/|R0|=8.298e-06 cfl=4.6e+04 dtau=[1.15e+02,1.91e+03] gmres=8
[nsb] it=58 |R_tau|=8.1051e-04 rel=6.278e-06 |R_steady|/|R0|=6.278e-06 cfl=6.03e+04 dtau=[1.51e+02,2.51e+03] gmres=8
[nsb] it=59 |R_tau|=6.0798e-04 rel=4.709e-06 |R_steady|/|R0|=4.709e-06 cfl=7.96e+04 dtau=[1.99e+02,3.32e+03] gmres=8
[nsb] it=60 |R_tau|=4.5206e-04 rel=3.501e-06 |R_steady|/|R0|=3.501e-06 cfl=1.06e+05 dtau=[2.65e+02,4.42e+03] gmres=8
[nsb] it=61 |R_tau|=3.3309e-04 rel=2.580e-06 |R_steady|/|R0|=2.580e-06 cfl=1.43e+05 dtau=[3.57e+02,5.95e+03] gmres=7
[nsb] it=62 |R_tau|=2.4314e-04 rel=1.883e-06 |R_steady|/|R0|=1.883e-06 cfl=1.94e+05 dtau=[4.85e+02,8.08e+03] gmres=7
[nsb] it=63 |R_tau|=1.7577e-04 rel=1.361e-06 |R_steady|/|R0|=1.361e-06 cfl=2.66e+05 dtau=[6.64e+02,1.11e+04] gmres=7
[nsb] it=64 |R_tau|=1.2582e-04 rel=9.745e-07 |R_steady|/|R0|=9.745e-07 cfl=3.67e+05 dtau=[9.18e+02,1.53e+04] gmres=7
[nsb] done converged=True reason='' it=64 m_in=2.0000e+02 m_out=2.0000e+02 elapsed=39.0s
--> flat_r1_U2_fixed: {'converged': True, 'reason': '', 'n_iter': 64, 'rel_final': 9.745421172789628e-07, 'rel_steady_final': 9.745421172789628e-07, 'rel_min': 9.745421172789628e-07, 'first_step_ratio': 6.236302201589482, 'mass_ratio': 1.0000000000002456, 'p_inlet_mean': 5655.12422025083, 'speed_max': 2.456937067288049, 'elapsed': 39.04585800299992}

==== summary ====
flat_r1_U0.1_mine            conv=True  reason=           it= 16 step1=2.88e-01 rel=5.98e-07 steady=5.98e-07 m_out/m_in=1.0000
flat_r1_U0.1_mine_nores      conv=True  reason=           it= 15 step1=2.88e-01 rel=6.83e-07 steady=6.83e-07 m_out/m_in=1.0000
flat_r1_U0.1_floor           conv=True  reason=           it= 16 step1=3.56e-01 rel=5.91e-07 steady=5.91e-07 m_out/m_in=1.0000
flat_r1_U0.1_fixed           conv=True  reason=           it= 15 step1=3.50e-01 rel=6.83e-07 steady=6.83e-07 m_out/m_in=1.0000
flat_r1_U1_mine              conv=False reason=max_iter   it= 80 step1=1.16e+01 rel=1.01e-05 steady=1.01e-05 m_out/m_in=1.0000
flat_r1_U1_mine_nores        conv=True  reason=           it= 62 step1=1.16e+01 rel=8.28e-07 steady=8.28e-07 m_out/m_in=1.0000
flat_r1_U1_floor             conv=True  reason=           it= 43 step1=1.96e+00 rel=7.60e-07 steady=7.60e-07 m_out/m_in=1.0000
flat_r1_U1_fixed             conv=True  reason=           it= 43 step1=3.36e+00 rel=9.17e-07 steady=9.17e-07 m_out/m_in=1.0000
flat_r1_U2_mine              conv=False reason=max_iter   it= 80 step1=5.08e+01 rel=1.75e+00 steady=3.21e+00 m_out/m_in=1.0000
flat_r1_U2_mine_nores        conv=False reason=max_iter   it= 80 step1=5.08e+01 rel=4.36e-04 steady=4.36e-04 m_out/m_in=1.0000
flat_r1_U2_floor             conv=True  reason=           it= 58 step1=2.85e+00 rel=9.86e-07 steady=9.86e-07 m_out/m_in=1.0000
flat_r1_U2_fixed             conv=True  reason=           it= 64 step1=6.24e+00 rel=9.75e-07 steady=9.75e-07 m_out/m_in=1.0000
saved: experiments/nsb/results/main-flat-r1.yaml
