===== 勾配の照合（θ0）=====
f=2585.00 Pa  adjoint grad=[ 3330.97591344  1908.48350748 -5870.0404052 ]  fd grad=[ 3326.20062829  1897.71485929 -5876.84769282]  rel.err=[0.00143566 0.00567453 0.00115832]
forward+gradient 3.8s（forward 10 反復）
===== 射影勾配法 =====
  it=0 θ=(0.5300, 0.2800, 0.0500) f=2437.22 Pa |g|=5.61e+03
  it=1 θ=(0.5110, 0.2659, 0.0575) f=2330.38 Pa |g|=4.97e+03
  it=2 θ=(0.4924, 0.2551, 0.0639) f=2240.74 Pa |g|=4.58e+03
  it=3 θ=(0.4740, 0.2465, 0.0696) f=2160.36 Pa |g|=4.35e+03
  it=4 θ=(0.4557, 0.2395, 0.0747) f=2085.23 Pa |g|=4.17e+03
  it=5 θ=(0.4374, 0.2336, 0.0795) f=2013.45 Pa |g|=4.05e+03
  it=6 θ=(0.4190, 0.2287, 0.0800) f=1953.60 Pa |g|=4.05e+03
  it=7 θ=(0.4006, 0.2245, 0.0800) f=1895.05 Pa |g|=4.06e+03
  it=8 θ=(0.3820, 0.2208, 0.0800) f=1835.88 Pa |g|=4.09e+03
  it=9 θ=(0.3631, 0.2175, 0.0800) f=1775.54 Pa |g|=4.12e+03
  it=10 θ=(0.3440, 0.2146, 0.0800) f=1713.36 Pa |g|=4.17e+03
  it=11 θ=(0.3245, 0.2120, 0.0800) f=1648.46 Pa |g|=4.25e+03
  it=12 θ=(0.3044, 0.2096, 0.0800) f=1579.47 Pa |g|=4.33e+03
  it=13 θ=(0.2836, 0.2075, 0.0800) f=1505.63 Pa |g|=4.47e+03
  it=14 θ=(0.2618, 0.2055, 0.0800) f=1418.68 Pa |g|=5.23e+03
final θ=[0.26179404 0.20546259 0.08      ] f=1418.68 Pa
