memcap: unit=memcap-nest_b.py_-67462.scope MemoryMax=16G MemorySwapMax=0 :: python nest_b.py
[base        ] flat4-bil      it= 40 gmres= 2278 fact= 29   46.3s conv=True
      cfl: 11.8 9.87 19.7 37.4 36.9 27.2 4.41 2.8 1.56 0.177 0.255 0.324 0.229 0.399 0.476 0.537 0.71 0.925 1.25 1.78 2.79 4.35 3.35 4.63 2.52 5.04 8.62 8.69 8.61 13.3 17.6 35.1 70.3 141 281 321 82.2 164 329 658
      rel: 8.4e-02 4.2e-02 5.1e-02 1.3e-02 6.9e-03 7.0e-03 9.5e-03 5.9e-02 9.3e-02 1.7e-01 1.5e+00 1.0e+00 8.0e-01 1.1e+00 6.5e-01 5.5e-01 4.8e-01 3.7e-01 2.8e-01 2.1e-01 1.5e-01 9.3e-02 6.0e-02 7.8e-02 5.6e-02 1.0e-01 3.5e-02 2.1e-02 2.1e-02 2.1e-02 1.3e-02 1.0e-02 4.9e-03 1.6e-03 4.6e-04 8.6e-05 7.5e-05 2.9e-04 1.9e-05 3.2e-06 3.7e-08
[base        ] flat4-inj      it= 16 gmres=  700 fact= 15   15.5s conv=True
      cfl: 2.02 4.03 3.51 7.01 11.5 3.5 7.01 9.39 12.3 15.2 26.6 27 54 108 216 432
      rel: 5.0e-01 5.8e-02 2.7e-02 3.0e-02 5.0e-03 3.0e-03 1.0e-02 9.2e-04 6.8e-04 5.2e-04 4.2e-04 2.4e-04 2.4e-04 8.6e-05 1.4e-05 2.4e-06 2.1e-07
[base        ] flat2-stokes   it= 19 gmres=  468 fact= 13    3.1s conv=True
      cfl: 1 1.38 1.81 2.72 3.65 4.79 4.88 5.87 11.7 13.4 26.8 37.7 75.4 151 301 46.3 92.6 151 302
      rel: 1.0e+00 4.1e-01 3.0e-01 2.3e-01 1.5e-01 1.1e-01 8.6e-02 8.4e-02 7.0e-02 2.9e-02 2.5e-02 1.0e-02 7.4e-03 1.7e-03 5.6e-04 5.6e-05 3.7e-04 1.0e-05 6.2e-06 5.7e-08
[base        ] uturn2-stokes  it= 20 gmres= 1713 fact= 19    7.5s conv=False
      cfl: 0.423 0.846 1.61 3.22 6.44 10.3 6.87 13 8.63 5.16 10.3 12 14.8 19.2 23.6 2.36 0.236 0.472 0.0472 0.00472
      rel: 1.0e+00 1.2e+00 4.5e-01 2.4e-01 1.2e-01 5.8e-02 3.6e-02 5.4e-02 2.9e-02 4.3e-02 7.2e-02 2.1e-02 1.8e-02 1.5e-02 1.1e-02 9.3e-03 7.0e+01 3.3e+03 1.4e+03 2.3e+05 8.1e+07
[growth1.5   ] flat4-bil      it= 37 gmres= 1659 fact= 31   58.3s conv=True
      cfl: 8.96 8.44 12.7 1.27 0.85 0.387 0.22 0.331 0.496 0.744 0.582 0.874 1.31 1.93 2.46 3.7 4.07 6.1 1.8 1.96 2.94 3.71 4.02 6.03 7.3 9.41 13.4 11.5 17.3 25.9 38.9 58.3 87.4 98.2 147 221 331
      rel: 8.4e-02 4.2e-02 4.5e-02 2.2e-02 1.8e+00 2.7e+00 6.0e+00 1.1e+01 5.7e+00 2.5e+00 1.6e+00 2.1e+00 1.2e+00 8.3e-01 5.6e-01 4.4e-01 2.8e-01 2.6e-01 1.4e-01 4.7e-01 4.3e-01 1.6e-01 1.3e-01 1.2e-01 6.1e-02 5.0e-02 3.9e-02 2.8e-02 3.2e-02 1.4e-02 8.4e-03 4.4e-03 1.8e-03 3.6e-04 3.2e-04 2.0e-04 1.0e-05 9.3e-07
[growth1.5   ] flat4-inj      it= 60 gmres=  700 fact= 20   53.2s conv=False
      cfl: 1.51 2.27 2.65 3.97 5.95 6.55 0.898 1.35 2.02 0.416 0.624 0.652 0.666 0.678 0.689 0.7 0.71 0.721 0.732 0.743 0.754 0.765 0.775 0.787 0.798 0.81 0.823 0.836 0.849 0.862 0.875 0.889 0.904 0.918 0.935 0.952 0.97 0.99 1.01 1.03 1.05 1.08 1.11 1.13 1.16 1.2 1.23 1.27 1.31 1.36 1.41 1.47 1.53 1.6 1.67 1.76 1.86 1.97 2.1 2.26
      rel: 5.0e-01 5.8e-02 2.6e-02 2.3e-02 7.0e-03 3.7e-03 3.3e-03 2.4e-02 6.9e-03 1.4e-03 6.6e-03 1.1e-03 1.0e-03 1.0e-03 9.9e-04 9.7e-04 9.6e-04 9.4e-04 9.3e-04 9.2e-04 9.0e-04 8.9e-04 8.8e-04 8.7e-04 8.5e-04 8.4e-04 8.3e-04 8.2e-04 8.0e-04 7.9e-04 7.8e-04 7.7e-04 7.5e-04 7.4e-04 7.3e-04 7.2e-04 7.0e-04 6.9e-04 6.8e-04 6.6e-04 6.5e-04 6.4e-04 6.2e-04 6.1e-04 5.9e-04 5.8e-04 5.6e-04 5.4e-04 5.3e-04 5.1e-04 4.9e-04 4.8e-04 4.6e-04 4.4e-04 4.2e-04 4.0e-04 3.8e-04 3.6e-04 3.4e-04 3.2e-04 3.0e-04
[growth1.5   ] flat2-stokes   it= 19 gmres=  475 fact= 11    3.3s conv=True
      cfl: 0.75 0.979 1.24 1.67 2.26 2.88 3.75 4.67 4.88 7.32 11 13.8 20.6 30.9 46.4 67.1 101 151 226
      rel: 1.0e+00 4.1e-01 3.1e-01 2.5e-01 1.8e-01 1.4e-01 1.1e-01 8.2e-02 6.6e-02 6.3e-02 3.5e-02 1.9e-02 1.5e-02 7.3e-03 3.3e-03 1.3e-03 9.0e-04 1.1e-04 1.2e-05 8.9e-07
[growth1.5   ] uturn2-stokes  it= 60 gmres= 7609 fact= 49   31.0s conv=False
      cfl: 0.423 0.634 0.951 1.43 2.14 3.21 4.82 5.67 1.39 0.139 0.208 0.312 0.424 0.569 0.754 0.939 1.37 2.06 2.77 4.15 5.33 6.38 9.57 12.4 17.2 21.2 22.4 20.7 29.5 29.5 44.3 66.4 99.6 149 134 134 134 134 134 134 134 134 134 134 134 134 135 135 135 135 134 135 135 134 135 135 135 134 134 134
      rel: 1.0e+00 1.2e+00 4.5e-01 2.6e-01 1.5e-01 9.0e-02 5.6e-02 3.8e-02 3.2e-02 1.3e-01 3.2e+00 1.1e+00 6.7e-01 4.9e-01 3.7e-01 2.8e-01 2.2e-01 1.5e-01 1.0e-01 7.5e-02 4.9e-02 3.8e-02 3.2e-02 1.9e-02 1.5e-02 1.0e-02 8.5e-03 8.1e-03 8.7e-03 6.1e-03 6.1e-03 2.8e-03 1.3e-03 4.7e-04 3.4e-05 3.8e-05 3.8e-05 3.8e-05 3.8e-05 3.8e-05 3.8e-05 3.8e-05 3.8e-05 3.8e-05 3.8e-05 3.8e-05 3.8e-05 3.8e-05 3.8e-05 3.8e-05 3.8e-05 3.8e-05 3.8e-05 3.8e-05 3.8e-05 3.8e-05 3.8e-05 3.8e-05 3.8e-05 3.8e-05 3.8e-05
[growth3     ] flat4-bil      it= 30 gmres= 3707 fact= 29   87.3s conv=False
      cfl: 11.8 9.87 29.6 50.6 39.7 6.99 0.699 0.874 1.57 3.27 4.52 7.29 6.46 8.95 7.67 0.767 0.768 0.777 0.779 0.78 0.781 2.09 1.99 1.99 1.99 1.99 1.99 1.99 1.99 0.199
      rel: 8.4e-02 4.2e-02 5.1e-02 1.3e-02 7.7e-03 9.8e-03 5.6e-02 6.5e-01 5.2e-01 2.9e-01 1.4e-01 1.0e-01 6.2e-02 7.0e-02 5.1e-02 5.9e-02 2.1e+00 2.1e+00 2.0e+00 2.0e+00 2.0e+00 2.0e+00 7.6e-01 7.9e-01 7.9e-01 7.9e-01 7.9e-01 7.9e-01 7.9e-01 7.9e-01 8.0e+06
[growth3     ] flat4-inj      it= 38 gmres= 2381 fact= 36   48.0s conv=True
      cfl: 3.02 4.97 3.87 4.4 1.3 3.05 9.16 2.39 7.18 21.5 2.15 2.65 2.58 7.73 12.6 16.2 14.4 9.03 19.5 11.9 22.8 68.5 204 611 1.27e+03 1.1e+03 924 2.77e+03 1.07e+03 1.94e+03 786 1.39e+03 640 170 511 1.53e+03 4.6e+03 1.38e+04
      rel: 5.0e-01 5.8e-02 3.5e-02 4.5e-02 4.0e-02 1.4e-01 5.7e-02 1.8e-02 6.9e-02 1.3e-02 3.4e-03 1.5e-01 1.3e-01 1.3e-01 3.7e-02 2.3e-02 1.8e-02 2.0e-02 3.2e-02 1.5e-02 2.4e-02 1.3e-02 3.9e-03 1.3e-03 3.1e-04 1.5e-04 1.7e-04 2.1e-04 5.7e-05 1.5e-04 8.1e-05 2.0e-04 1.1e-04 2.5e-04 9.2e-04 1.8e-04 5.6e-05 8.4e-06 9.1e-07
[growth3     ] flat2-stokes   it= 14 gmres=  344 fact=  9    1.9s conv=True
      cfl: 1.22 1.75 2.36 3.81 4.22 6.69 11.6 14.9 18.8 53.8 161 484 1.45e+03 4.36e+03
      rel: 1.0e+00 4.1e-01 2.9e-01 2.1e-01 1.3e-01 1.2e-01 7.5e-02 4.3e-02 3.4e-02 2.7e-02 9.3e-03 2.6e-03 7.7e-04 2.1e-05 3.6e-07
[growth3     ] uturn2-stokes  it= 20 gmres= 2709 fact= 20   11.2s conv=True
      cfl: 0.423 1.11 2.36 5.41 11 13.3 14.5 16 14.3 22.8 22.5 48.2 85.3 125 125 278 708 1.53e+03 4.58e+03 1.37e+04
      rel: 1.0e+00 1.2e+00 4.5e-01 2.1e-01 9.2e-02 4.6e-02 3.8e-02 3.5e-02 3.1e-02 3.5e-02 2.2e-02 2.2e-02 1.0e-02 5.9e-03 4.0e-03 4.0e-03 1.8e-03 7.1e-04 3.3e-04 2.2e-05 5.7e-07
[growth4     ] flat4-bil      it= 41 gmres= 6203 fact= 42   99.1s conv=False
      cfl: 11.8 9.87 38 61.9 50.2 9.22 0.922 0.0922 0.111 0.11 0.011 0.0441 0.0994 0.0651 0.00856 0.00326 0.00939 0.0102 0.0109 0.00463 0.00137 0.00547 0.00653 0.00303 0.00503 0.00144 0.00231 0.00311 0.00192 0.00148 0.00286 0.00216 0.000216 0.000863 0.00042 0.000626 0.000242 0.000502 0.000403 8.04e-05 1.24e-05
      rel: 8.4e-02 4.2e-02 5.1e-02 1.3e-02 8.1e-03 1.0e-02 5.4e-02 3.1e+00 5.1e+02 4.2e+02 4.2e+02 8.7e+03 7.6e+02 3.4e+02 5.1e+02 3.9e+03 1.0e+04 3.5e+03 3.3e+03 3.1e+03 7.2e+03 2.4e+04 2.1e+03 1.8e+03 3.9e+03 2.3e+03 8.1e+03 5.1e+03 3.8e+03 6.1e+03 7.9e+03 4.1e+03 5.4e+03 2.7e+05 4.2e+04 8.7e+04 5.8e+04 1.5e+05 7.3e+04 9.1e+04 4.5e+05 2.9e+06
[growth4     ] flat4-inj      it= 48 gmres= 6994 fact= 46  109.6s conv=False
      cfl: 4.03 4.85 3.8 2.63 10.5 6.36 25.4 12.1 1.21 0.656 0.19 0.0274 0.0492 0.0625 0.0727 0.00727 0.0291 0.00411 0.000712 0.00285 0.00327 0.00108 0.00307 0.00156 0.00319 0.00285 0.00406 0.0042 0.00442 0.00379 0.0023 0.00306 0.00351 0.0027 0.00267 0.00129 0.00157 0.000157 0.000394 0.000409 0.000437 0.000442 0.000201 0.000257 0.00027 0.000209 7.37e-05 7.37e-06
      rel: 5.0e-01 5.8e-02 4.8e-02 6.2e-02 8.9e-02 1.7e-02 2.8e-02 2.4e-03 5.0e-03 6.8e+00 1.3e+01 4.3e+01 3.0e+02 1.7e+02 1.3e+02 1.1e+02 7.7e+03 1.7e+03 1.2e+04 7.0e+04 2.4e+03 2.1e+03 6.4e+03 2.3e+03 4.4e+03 2.2e+03 2.4e+03 1.7e+03 1.7e+03 1.6e+03 1.8e+03 3.0e+03 2.3e+03 2.0e+03 2.6e+03 2.6e+03 5.4e+03 4.4e+03 4.4e+04 1.8e+04 1.7e+04 1.6e+04 1.6e+04 3.5e+04 2.7e+04 2.6e+04 3.3e+04 9.4e+04 2.0e+06
[growth4     ] flat2-stokes   it= 14 gmres=  343 fact=  9    1.9s conv=True
      cfl: 1.22 1.75 2.36 3.81 4.22 6.69 11.6 14.9 18.8 53.8 192 650 2.6e+03 1.04e+04
      rel: 1.0e+00 4.1e-01 2.9e-01 2.1e-01 1.3e-01 1.2e-01 7.5e-02 4.3e-02 3.4e-02 2.7e-02 9.3e-03 2.6e-03 7.7e-04 2.1e-05 3.5e-07
[growth4     ] uturn2-stokes  it= 20 gmres= 2709 fact= 20   11.3s conv=True
      cfl: 0.423 1.11 2.36 5.41 11 13.3 14.5 16 14.3 22.8 22.5 48.2 85.3 125 125 278 708 1.53e+03 6.1e+03 2.44e+04
      rel: 1.0e+00 1.2e+00 4.5e-01 2.1e-01 9.2e-02 4.6e-02 3.8e-02 3.5e-02 3.1e-02 3.5e-02 2.2e-02 2.2e-02 1.0e-02 5.9e-03 4.0e-03 4.0e-03 1.8e-03 7.1e-04 3.3e-04 2.2e-05 5.7e-07
[shrink0.05  ] flat4-bil      it= 40 gmres= 2278 fact= 29   45.3s conv=True
      cfl: 11.8 9.87 19.7 37.4 36.9 27.2 4.41 2.8 1.56 0.177 0.255 0.324 0.229 0.399 0.476 0.537 0.71 0.925 1.25 1.78 2.79 4.35 3.35 4.63 2.52 5.04 8.62 8.69 8.61 13.3 17.6 35.1 70.3 141 281 321 82.2 164 329 658
      rel: 8.4e-02 4.2e-02 5.1e-02 1.3e-02 6.9e-03 7.0e-03 9.5e-03 5.9e-02 9.3e-02 1.7e-01 1.5e+00 1.0e+00 8.0e-01 1.1e+00 6.5e-01 5.5e-01 4.8e-01 3.7e-01 2.8e-01 2.1e-01 1.5e-01 9.3e-02 6.0e-02 7.8e-02 5.6e-02 1.0e-01 3.5e-02 2.1e-02 2.1e-02 2.1e-02 1.3e-02 1.0e-02 4.9e-03 1.6e-03 4.6e-04 8.6e-05 7.5e-05 2.9e-04 1.9e-05 3.2e-06 3.7e-08
[shrink0.05  ] flat4-inj      it= 16 gmres=  700 fact= 15   16.2s conv=True
      cfl: 2.02 4.03 3.51 7.01 11.5 3.5 7.01 9.39 12.3 15.2 26.6 27 54 108 216 432
      rel: 5.0e-01 5.8e-02 2.7e-02 3.0e-02 5.0e-03 3.0e-03 1.0e-02 9.2e-04 6.8e-04 5.2e-04 4.2e-04 2.4e-04 2.4e-04 8.6e-05 1.4e-05 2.4e-06 2.1e-07
[shrink0.05  ] flat2-stokes   it= 19 gmres=  468 fact= 13    2.8s conv=True
      cfl: 1 1.38 1.81 2.72 3.65 4.79 4.88 5.87 11.7 13.4 26.8 37.7 75.4 151 301 46.3 92.6 151 302
      rel: 1.0e+00 4.1e-01 3.0e-01 2.3e-01 1.5e-01 1.1e-01 8.6e-02 8.4e-02 7.0e-02 2.9e-02 2.5e-02 1.0e-02 7.4e-03 1.7e-03 5.6e-04 5.6e-05 3.7e-04 1.0e-05 6.2e-06 5.7e-08
[shrink0.05  ] uturn2-stokes  it= 60 gmres= 2017 fact= 30    9.8s conv=False
      cfl: 0.423 0.846 1.61 3.22 6.44 10.3 6.87 13 8.63 5.16 10.3 12 14.8 19.2 23.6 1.18 0.059 0.118 0.123 0.12 0.124 0.131 0.108 0.123 0.0808 0.162 0.175 0.153 0.195 0.229 0.253 0.283 0.317 0.368 0.428 0.508 0.366 0.528 0.0264 0.0528 0.0906 0.0682 0.086 0.091 0.0954 0.0995 0.103 0.107 0.111 0.116 0.122 0.127 0.134 0.142 0.151 0.161 0.171 0.184 0.197 0.214
      rel: 1.0e+00 1.2e+00 4.5e-01 2.4e-01 1.2e-01 5.8e-02 3.6e-02 5.4e-02 2.9e-02 4.3e-02 7.2e-02 2.1e-02 1.8e-02 1.5e-02 1.1e-02 9.3e-03 7.0e+01 2.9e+03 3.9e+02 3.7e+02 3.8e+02 3.7e+02 3.5e+02 4.2e+02 3.7e+02 5.7e+02 2.8e+02 2.6e+02 3.0e+02 2.3e+02 2.0e+02 1.8e+02 1.6e+02 1.4e+02 1.2e+02 1.1e+02 9.0e+01 1.3e+02 8.7e+01 1.7e+04 3.4e+02 2.0e+02 2.6e+02 2.1e+02 2.0e+02 1.9e+02 1.8e+02 1.7e+02 1.7e+02 1.6e+02 1.5e+02 1.5e+02 1.4e+02 1.3e+02 1.3e+02 1.2e+02 1.1e+02 1.0e+02 9.7e+01 9.1e+01 8.3e+01
[shrink0.3   ] flat4-bil      it= 21 gmres= 2045 fact= 21   36.0s conv=False
      cfl: 11.8 9.87 19.7 37.4 36.9 27.2 8.16 2.45 0.734 0.73 1.43 0.43 0.129 0.0662 0.108 0.0913 0.0274 0.00822 0.00339 0.00332 0.000995
      rel: 8.4e-02 4.2e-02 5.1e-02 1.3e-02 6.9e-03 7.0e-03 9.5e-03 5.9e-02 1.2e+00 5.2e+00 5.2e+00 2.7e+00 1.2e+02 4.5e+02 8.8e+02 5.4e+02 6.4e+02 2.4e+04 1.9e+05 4.7e+05 4.8e+05 1.7e+06
[shrink0.3   ] flat4-inj      it= 16 gmres=  700 fact= 15   15.7s conv=True
      cfl: 2.02 4.03 3.51 7.01 11.5 3.5 7.01 9.39 12.3 15.2 26.6 27 54 108 216 432
      rel: 5.0e-01 5.8e-02 2.7e-02 3.0e-02 5.0e-03 3.0e-03 1.0e-02 9.2e-04 6.8e-04 5.2e-04 4.2e-04 2.4e-04 2.4e-04 8.6e-05 1.4e-05 2.4e-06 2.1e-07
[shrink0.3   ] flat2-stokes   it= 19 gmres=  468 fact= 13    3.0s conv=True
      cfl: 1 1.38 1.81 2.72 3.65 4.79 4.88 5.87 11.7 13.4 26.8 37.7 75.4 151 301 90.4 181 251 501
      rel: 1.0e+00 4.1e-01 3.0e-01 2.3e-01 1.5e-01 1.1e-01 8.6e-02 8.4e-02 7.0e-02 2.9e-02 2.5e-02 1.0e-02 7.4e-03 1.7e-03 5.6e-04 5.6e-05 3.7e-04 1.3e-05 9.3e-06 3.4e-08
[shrink0.3   ] uturn2-stokes  it= 17 gmres= 1375 fact= 16    6.0s conv=False
      cfl: 0.423 0.846 1.61 3.22 6.44 10.3 6.87 13 8.63 5.16 10.3 12 14.8 19.2 23.6 7.08 2.12
      rel: 1.0e+00 1.2e+00 4.5e-01 2.4e-01 1.2e-01 5.8e-02 3.6e-02 5.4e-02 2.9e-02 4.3e-02 7.2e-02 2.1e-02 1.8e-02 1.5e-02 1.1e-02 9.3e-03 7.0e+01 1.9e+16
[shrink0.5   ] flat4-bil      it= 12 gmres= 1462 fact= 13   27.1s conv=False
      cfl: 11.8 9.87 19.7 37.4 36.9 27.2 13.6 6.8 3.4 5.09 2.54 1.27
      rel: 8.4e-02 4.2e-02 5.1e-02 1.3e-02 6.9e-03 7.0e-03 9.5e-03 5.9e-02 3.9e+00 2.4e+02 1.6e+02 6.1e+03 2.1e+08
[shrink0.5   ] flat4-inj      it= 15 gmres=  671 fact= 14   14.4s conv=True
      cfl: 2.02 4.03 3.51 7.01 11.5 5.76 11.5 14.4 22.9 23.2 46.5 25.2 50.4 101 202
      rel: 5.0e-01 5.8e-02 2.7e-02 3.0e-02 5.0e-03 3.0e-03 1.0e-02 8.7e-04 6.9e-04 4.4e-04 4.3e-04 1.0e-04 1.9e-04 1.7e-05 4.6e-06 8.1e-07
[shrink0.5   ] flat2-stokes   it= 19 gmres=  471 fact= 13    2.8s conv=True
      cfl: 1 1.38 1.81 2.72 3.65 4.79 4.88 5.87 11.7 13.4 26.8 37.7 75.4 151 301 151 301 429 858
      rel: 1.0e+00 4.1e-01 3.0e-01 2.3e-01 1.5e-01 1.1e-01 8.6e-02 8.4e-02 7.0e-02 2.9e-02 2.5e-02 1.0e-02 7.4e-03 1.7e-03 5.6e-04 5.6e-05 3.7e-04 1.4e-05 1.0e-05 2.1e-08
[shrink0.5   ] uturn2-stokes  it= 18 gmres= 1575 fact= 17    7.2s conv=False
      cfl: 0.423 0.846 1.61 3.22 6.44 10.3 6.87 13 8.63 5.16 10.3 12 14.8 19.2 23.6 11.8 7.4 3.7
      rel: 1.0e+00 1.2e+00 4.5e-01 2.4e-01 1.2e-01 5.8e-02 3.6e-02 5.4e-02 2.9e-02 4.3e-02 7.2e-02 2.1e-02 1.8e-02 1.5e-02 1.1e-02 9.3e-03 7.0e+01 1.1e+02 1.2e+14
[cflinit0.25 ] flat4-bil      it= 13 gmres=  821 fact= 14   17.7s conv=True
      cfl: 5.97 11.7 10.4 20.8 40.9 78.3 47.5 45.1 48.9 97.8 196 391 782
      rel: 8.4e-02 3.5e-02 1.8e-02 2.0e-02 1.2e-03 5.9e-04 3.1e-04 5.1e-04 5.4e-04 4.9e-04 8.2e-05 1.6e-05 2.3e-06 9.1e-08
[cflinit0.25 ] flat4-inj      it= 17 gmres=  718 fact= 15   16.4s conv=True
      cfl: 1.01 1.94 3.24 4.2 8.39 3.22 6.44 9.06 11.6 17.6 27.4 34.2 20.4 40.9 81.8 164 327
      rel: 5.0e-01 6.5e-02 3.4e-02 2.0e-02 1.6e-02 4.5e-03 1.2e-02 1.3e-03 9.6e-04 7.5e-04 4.9e-04 3.2e-04 2.5e-04 4.3e-04 6.2e-05 1.6e-05 3.2e-06 3.2e-07
[cflinit0.25 ] flat2-stokes   it= 21 gmres=  401 fact= 12    2.8s conv=True
      cfl: 0.5 0.623 0.772 0.924 1.18 1.5 1.89 2.4 3.01 3.49 4.19 6.27 10.2 14.4 27.7 51.9 104 207 415 830 1.66e+03
      rel: 1.0e+00 4.6e-01 3.7e-01 3.0e-01 2.5e-01 2.0e-01 1.5e-01 1.2e-01 9.6e-02 7.6e-02 6.6e-02 5.5e-02 3.7e-02 2.2e-02 1.6e-02 8.3e-03 4.4e-03 1.9e-03 2.9e-04 1.4e-04 9.4e-06 1.6e-08
[cflinit0.25 ] uturn2-stokes  it= 28 gmres= 2928 fact= 24   12.3s conv=True
      cfl: 0.156 0.296 0.464 0.752 1.28 2.27 3.99 5.84 6.99 6.3 4.94 9.09 13.3 12.5 15.9 12.5 16.9 27 28.1 7.52 7.82 15.6 31.3 62.6 125 250 501 1e+03
      rel: 1.0e+00 1.6e+00 8.4e-01 5.4e-01 3.3e-01 2.0e-01 1.1e-01 6.3e-02 4.3e-02 3.6e-02 4.0e-02 5.1e-02 2.7e-02 1.9e-02 2.0e-02 1.6e-02 2.0e-02 1.5e-02 9.2e-03 8.9e-03 3.3e-02 3.2e-02 3.8e-03 1.7e-03 3.4e-04 9.4e-05 2.0e-05 2.2e-06 8.5e-07
[cflinit1    ] flat4-bil      it= 23 gmres= 1733 fact= 24   34.6s conv=True
      cfl: 23.9 47.8 27.2 54.4 109 86.8 174 194 57.6 7.88 15.8 31.5 63.1 6.77 13.5 12.7 8.56 17.1 34.3 3.43 6.85 13.7 25.3
      rel: 8.4e-02 4.1e-02 1.1e-02 2.0e-02 2.9e-03 9.9e-04 1.2e-03 1.9e-04 1.7e-04 5.7e-04 4.1e-03 4.7e-04 1.4e-04 6.0e-05 5.5e-04 6.1e-05 6.5e-05 9.7e-05 6.9e-06 2.6e-06 2.6e-05 3.3e-06 1.2e-06 6.3e-07
[cflinit1    ] flat4-inj      it= 16 gmres= 1088 fact= 12   22.5s conv=False
      cfl: 0.202 0.319 0.228 0.455 0.587 0.781 1.08 1.57 2.73 5.45 6.68 6.59 7.81 0.781 0.0781 0.00781
      rel: 5.0e-01 6.7e+01 4.3e+01 6.0e+01 2.5e+01 1.9e+01 1.4e+01 1.0e+01 7.2e+00 4.1e+00 1.9e+00 1.6e+00 1.6e+00 1.4e+00 3.6e+01 9.2e+04 2.6e+06
[cflinit1    ] flat2-stokes   it= 14 gmres=  391 fact= 10    3.0s conv=True
      cfl: 2 3.02 5.09 5.86 9.33 16.8 29 58 78.8 158 225 449 858 1.72e+03
      rel: 1.0e+00 3.6e-01 2.4e-01 1.4e-01 1.2e-01 7.6e-02 4.2e-02 2.4e-02 1.2e-02 8.6e-03 1.1e-03 7.9e-04 1.8e-05 9.5e-06 1.4e-08
[cflinit1    ] uturn2-stokes  it= 60 gmres= 4452 fact= 59   20.2s conv=False
      cfl: 1.11 2.22 4.45 8.9 11.9 9.49 8.27 16.5 12.7 24.2 18.2 36.5 46.1 40.7 8.43 16.9 1.69 0.169 0.0169 0.0337 0.00337 0.00675 0.0125 0.0014 0.0028 0.00561 0.00646 0.00689 0.00151 0.00301 0.00228 0.00346 0.00373 0.00369 0.00379 0.00384 0.00387 0.00446 0.00402 0.00412 0.00408 0.00411 0.00416 0.00417 0.0042 0.00421 0.00422 0.00422 0.00422 0.00422 0.00422 0.00416 0.00419 0.00422 0.00427 0.0043 0.0044 0.00435 0.00436 0.00437
      rel: 1.0e+00 9.0e-01 2.3e-01 1.0e-01 4.9e-02 3.6e-02 4.6e-02 5.2e-02 2.4e-02 3.1e-02 1.6e-02 2.2e-02 8.3e-03 6.6e-03 7.5e-03 3.6e-02 1.6e-02 3.7e+01 3.8e+02 3.0e+05 5.6e+03 1.0e+05 1.4e+04 7.4e+03 6.6e+04 7.0e+03 3.0e+03 2.6e+03 2.4e+03 1.1e+04 2.6e+03 3.4e+03 2.3e+03 2.1e+03 2.1e+03 2.1e+03 2.0e+03 2.0e+03 1.8e+03 2.0e+03 1.9e+03 1.9e+03 1.9e+03 1.9e+03 1.9e+03 1.9e+03 1.9e+03 1.9e+03 1.9e+03 1.9e+03 1.9e+03 1.9e+03 1.9e+03 1.9e+03 1.9e+03 1.8e+03 1.8e+03 1.8e+03 1.8e+03 1.8e+03 1.8e+03
[cflinit2    ] flat4-bil      it= 60 gmres= 1559 fact= 26   32.2s conv=False
      cfl: 33.5 67 19 5.71 5.77 0.577 0.36 0.435 0.318 0.0396 0.0697 0.084 0.086 0.089 0.0932 0.0962 0.1 0.104 0.109 0.114 0.12 0.126 0.134 0.142 0.151 0.162 0.174 0.187 0.2 0.209 0.224 0.24 0.261 0.286 0.318 0.354 0.383 0.418 0.442 0.481 0.522 0.576 0.638 0.682 0.789 0.876 0.994 1.16 1.36 1.61 1.92 2.16 2.67 1.45 2.47 2.68 0.321 0.0321 0.0463 0.0292
      rel: 8.4e-02 6.0e-02 1.9e-02 6.8e-02 2.3e-01 2.2e-01 4.1e+00 6.5e+00 5.4e+00 7.4e+00 5.9e+01 3.4e+01 2.8e+01 2.7e+01 2.6e+01 2.5e+01 2.4e+01 2.3e+01 2.3e+01 2.2e+01 2.1e+01 2.0e+01 1.9e+01 1.8e+01 1.7e+01 1.6e+01 1.4e+01 1.4e+01 1.3e+01 1.2e+01 1.1e+01 1.0e+01 9.8e+00 9.0e+00 8.2e+00 7.4e+00 6.6e+00 6.1e+00 5.6e+00 5.3e+00 4.9e+00 4.5e+00 4.1e+00 3.7e+00 3.4e+00 3.0e+00 2.7e+00 2.4e+00 2.0e+00 1.7e+00 1.5e+00 1.2e+00 1.1e+00 8.8e-01 1.6e+00 9.5e-01 8.8e-01 7.3e+00 3.1e+03 2.2e+03 3.4e+03
[cflinit2    ] flat4-inj      it= 60 gmres= 3235 fact= 57   60.0s conv=False
      cfl: 4.33 8.66 8.97 12.7 3.44 0.344 0.252 0.504 0.0504 0.0308 0.061 0.0337 0.0279 0.0175 0.0107 0.0108 0.0216 0.00737 0.0147 0.0208 0.0328 0.0186 0.0373 0.0369 0.0292 0.04 0.0041 0.0082 0.00783 0.00788 0.00796 0.0081 0.00632 0.00834 0.00857 0.0087 0.00881 0.00892 0.00901 0.0091 0.00913 0.00918 0.00928 0.00931 0.00934 0.00939 0.00935 0.00949 0.0095 0.00959 0.00967 0.0097 0.00972 0.00976 0.00982 0.00987 0.00988 0.00993 0.01 0.01
      rel: 5.0e-01 4.6e-01 6.1e-02 5.9e-02 4.1e-02 1.5e-01 2.7e+01 3.7e+01 1.1e+01 3.6e+02 5.8e+02 2.9e+02 5.3e+02 6.4e+02 1.0e+03 1.7e+03 1.7e+03 5.7e+02 1.7e+03 4.7e+02 3.3e+02 2.1e+02 3.7e+02 1.5e+02 1.5e+02 1.9e+02 1.4e+02 1.4e+03 1.4e+02 1.4e+02 1.4e+02 1.4e+02 1.4e+02 1.8e+02 1.4e+02 1.3e+02 1.3e+02 1.3e+02 1.3e+02 1.3e+02 1.2e+02 1.2e+02 1.2e+02 1.2e+02 1.2e+02 1.2e+02 1.2e+02 1.2e+02 1.2e+02 1.2e+02 1.2e+02 1.2e+02 1.2e+02 1.2e+02 1.2e+02 1.1e+02 1.1e+02 1.1e+02 1.1e+02 1.1e+02 1.1e+02
[cflinit2    ] flat2-stokes   it= 12 gmres=  366 fact= 11    2.5s conv=True
      cfl: 4 6.48 11.2 12.7 16.8 31.5 63 126 252 504 1.01e+03 2.02e+03
      rel: 1.0e+00 3.0e-01 1.9e-01 1.1e-01 9.5e-02 7.1e-02 3.8e-02 1.7e-02 5.4e-03 6.1e-04 1.3e-04 1.2e-05 2.0e-07
[cflinit2    ] uturn2-stokes  it= 22 gmres= 3692 fact= 22   17.5s conv=True
      cfl: 2.73 5.47 10.9 14 14.4 14 16.2 31.8 36.4 48.2 27.9 55.8 55.8 56.9 114 139 192 384 768 1.54e+03 3.07e+03 6.15e+03
      rel: 1.0e+00 7.3e-01 1.3e-01 5.1e-02 4.0e-02 3.9e-02 4.0e-02 3.5e-02 1.8e-02 1.5e-02 1.2e-02 2.0e-02 5.8e-03 5.8e-03 5.6e-03 2.3e-03 1.9e-03 1.4e-03 1.3e-04 2.0e-05 3.1e-06 1.3e-06 6.0e-07
[cflmax30    ] flat4-bil      it= 60 gmres= 1944 fact= 41   43.8s conv=False
      cfl: 11.8 9.87 19.7 30 5.47 10.9 17.2 8.93 4 8 12.7 9.19 0.919 0.314 0.431 0.78 0.078 0.0489 0.0979 0.117 0.13 0.0914 0.115 0.143 0.18 0.225 0.291 0.349 0.434 0.587 0.793 1.12 1.53 2.02 2.56 2.82 3.47 3.65 3.33 4.32 4.18 4.39 4.71 2.13 4.26 7.63 2.54 4.23 8.46 6.97 13.9 22.5 30 30 30 30 30 30 30 30
      rel: 8.4e-02 4.2e-02 5.1e-02 1.3e-02 6.9e-03 3.8e-02 1.2e-02 7.4e-03 1.4e-02 3.2e-02 7.6e-03 4.7e-03 6.6e-03 7.2e-02 2.1e-01 1.5e-01 8.5e-02 2.1e+00 3.4e+00 5.1e-01 4.3e-01 3.9e-01 5.5e-01 4.4e-01 3.5e-01 2.8e-01 2.2e-01 1.7e-01 1.4e-01 1.2e-01 8.6e-02 6.4e-02 4.5e-02 3.3e-02 2.5e-02 2.0e-02 1.8e-02 1.5e-02 1.4e-02 1.5e-02 1.2e-02 1.2e-02 1.1e-02 1.1e-02 2.4e-02 1.2e-02 6.6e-03 2.0e-02 1.2e-02 4.5e-03 5.5e-03 2.5e-03 1.5e-03 7.5e-04 4.9e-04 1.5e-04 7.6e-05 4.0e-05 2.1e-05 1.0e-05 4.8e-06
[cflmax30    ] flat4-inj      it= 18 gmres=  777 fact= 17   17.9s conv=True
      cfl: 2.02 4.03 3.51 7.01 11.5 3.5 7.01 9.39 12.3 15.2 26.6 27 30 30 30 30 30 30
      rel: 5.0e-01 5.8e-02 2.7e-02 3.0e-02 5.0e-03 3.0e-03 1.0e-02 9.2e-04 6.8e-04 5.2e-04 4.2e-04 2.4e-04 2.4e-04 8.6e-05 2.1e-05 8.8e-06 3.7e-06 1.6e-06 7.4e-07
[cflmax30    ] flat2-stokes   it= 21 gmres=  481 fact= 10    3.5s conv=True
      cfl: 1 1.38 1.81 2.72 3.65 4.79 4.88 5.87 11.7 13.4 26.8 30 30 30 30 30 13.8 27.6 30 20.6 30
      rel: 1.0e+00 4.1e-01 3.0e-01 2.3e-01 1.5e-01 1.1e-01 8.6e-02 8.4e-02 7.0e-02 2.9e-02 2.5e-02 1.0e-02 7.4e-03 1.7e-03 7.0e-04 2.0e-04 1.1e-04 2.4e-04 1.7e-05 4.6e-06 6.7e-06 6.4e-07
[cflmax30    ] uturn2-stokes  it= 20 gmres= 1713 fact= 19    7.5s conv=False
      cfl: 0.423 0.846 1.61 3.22 6.44 10.3 6.87 13 8.63 5.16 10.3 12 14.8 19.2 23.6 2.36 0.236 0.472 0.0472 0.00472
      rel: 1.0e+00 1.2e+00 4.5e-01 2.4e-01 1.2e-01 5.8e-02 3.6e-02 5.4e-02 2.9e-02 4.3e-02 7.2e-02 2.1e-02 1.8e-02 1.5e-02 1.1e-02 9.3e-03 7.0e+01 3.3e+03 1.4e+03 2.3e+05 8.1e+07
[cflmax100   ] flat4-bil      it= 44 gmres= 2576 fact= 33   48.9s conv=True
      cfl: 11.8 9.87 19.7 37.4 36.9 27.2 4.41 2.8 1.56 0.177 0.255 0.324 0.229 0.399 0.476 0.537 0.71 0.925 1.25 1.78 2.79 4.35 3.35 4.63 2.52 5.04 8.62 8.69 8.61 13.3 17.6 35.1 70.3 100 100 100 33.7 67.4 100 10 20 40 80 100
      rel: 8.4e-02 4.2e-02 5.1e-02 1.3e-02 6.9e-03 7.0e-03 9.5e-03 5.9e-02 9.3e-02 1.7e-01 1.5e+00 1.0e+00 8.0e-01 1.1e+00 6.5e-01 5.5e-01 4.8e-01 3.7e-01 2.8e-01 2.1e-01 1.5e-01 9.3e-02 6.0e-02 7.8e-02 5.6e-02 1.0e-01 3.5e-02 2.1e-02 2.1e-02 2.1e-02 1.3e-02 1.0e-02 4.9e-03 1.6e-03 4.6e-04 8.4e-05 6.9e-05 2.0e-04 2.0e-05 4.2e-06 1.2e-04 2.6e-05 1.2e-05 3.5e-06 5.1e-07
[cflmax100   ] flat4-inj      it= 16 gmres=  697 fact= 15   15.9s conv=True
      cfl: 2.02 4.03 3.51 7.01 11.5 3.5 7.01 9.39 12.3 15.2 26.6 27 54 100 100 100
      rel: 5.0e-01 5.8e-02 2.7e-02 3.0e-02 5.0e-03 3.0e-03 1.0e-02 9.2e-04 6.8e-04 5.2e-04 4.2e-04 2.4e-04 2.4e-04 8.6e-05 1.4e-05 2.6e-06 4.4e-07
[cflmax100   ] flat2-stokes   it= 20 gmres=  518 fact= 14    3.0s conv=True
      cfl: 1 1.38 1.81 2.72 3.65 4.79 4.88 5.87 11.7 13.4 26.8 37.7 75.4 100 100 17.4 34.8 69.7 11.4 22.9
      rel: 1.0e+00 4.1e-01 3.0e-01 2.3e-01 1.5e-01 1.1e-01 8.6e-02 8.4e-02 7.0e-02 2.9e-02 2.5e-02 1.0e-02 7.4e-03 1.7e-03 5.6e-04 5.5e-05 3.1e-04 9.2e-06 1.4e-06 8.5e-06 5.0e-07
[cflmax100   ] uturn2-stokes  it= 20 gmres= 1713 fact= 19    7.4s conv=False
      cfl: 0.423 0.846 1.61 3.22 6.44 10.3 6.87 13 8.63 5.16 10.3 12 14.8 19.2 23.6 2.36 0.236 0.472 0.0472 0.00472
      rel: 1.0e+00 1.2e+00 4.5e-01 2.4e-01 1.2e-01 5.8e-02 3.6e-02 5.4e-02 2.9e-02 4.3e-02 7.2e-02 2.1e-02 1.8e-02 1.5e-02 1.1e-02 9.3e-03 7.0e+01 3.3e+03 1.4e+03 2.3e+05 8.1e+07
[cflmax300   ] flat4-bil      it= 40 gmres= 2262 fact= 29   43.9s conv=True
      cfl: 11.8 9.87 19.7 37.4 36.9 27.2 4.41 2.8 1.56 0.177 0.255 0.324 0.229 0.399 0.476 0.537 0.71 0.925 1.25 1.78 2.79 4.35 3.35 4.63 2.52 5.04 8.62 8.69 8.61 13.3 17.6 35.1 70.3 141 281 300 77.5 155 300 300
      rel: 8.4e-02 4.2e-02 5.1e-02 1.3e-02 6.9e-03 7.0e-03 9.5e-03 5.9e-02 9.3e-02 1.7e-01 1.5e+00 1.0e+00 8.0e-01 1.1e+00 6.5e-01 5.5e-01 4.8e-01 3.7e-01 2.8e-01 2.1e-01 1.5e-01 9.3e-02 6.0e-02 7.8e-02 5.6e-02 1.0e-01 3.5e-02 2.1e-02 2.1e-02 2.1e-02 1.3e-02 1.0e-02 4.9e-03 1.6e-03 4.6e-04 8.6e-05 7.5e-05 2.9e-04 1.9e-05 3.2e-06 3.8e-08
[cflmax300   ] flat4-inj      it= 16 gmres=  700 fact= 15   15.8s conv=True
      cfl: 2.02 4.03 3.51 7.01 11.5 3.5 7.01 9.39 12.3 15.2 26.6 27 54 108 216 300
      rel: 5.0e-01 5.8e-02 2.7e-02 3.0e-02 5.0e-03 3.0e-03 1.0e-02 9.2e-04 6.8e-04 5.2e-04 4.2e-04 2.4e-04 2.4e-04 8.6e-05 1.4e-05 2.4e-06 2.1e-07
[cflmax300   ] flat2-stokes   it= 19 gmres=  469 fact= 13    2.7s conv=True
      cfl: 1 1.38 1.81 2.72 3.65 4.79 4.88 5.87 11.7 13.4 26.8 37.7 75.4 151 300 46.1 92.2 151 300
      rel: 1.0e+00 4.1e-01 3.0e-01 2.3e-01 1.5e-01 1.1e-01 8.6e-02 8.4e-02 7.0e-02 2.9e-02 2.5e-02 1.0e-02 7.4e-03 1.7e-03 5.6e-04 5.6e-05 3.7e-04 1.0e-05 6.2e-06 5.7e-08
[cflmax300   ] uturn2-stokes  it= 20 gmres= 1713 fact= 19    7.5s conv=False
      cfl: 0.423 0.846 1.61 3.22 6.44 10.3 6.87 13 8.63 5.16 10.3 12 14.8 19.2 23.6 2.36 0.236 0.472 0.0472 0.00472
      rel: 1.0e+00 1.2e+00 4.5e-01 2.4e-01 1.2e-01 5.8e-02 3.6e-02 5.4e-02 2.9e-02 4.3e-02 7.2e-02 2.1e-02 1.8e-02 1.5e-02 1.1e-02 9.3e-03 7.0e+01 3.3e+03 1.4e+03 2.3e+05 8.1e+07
[pcratio1.5  ] flat4-bil      it= 40 gmres= 2222 fact= 33   44.6s conv=True
      cfl: 11.8 9.87 19.7 37.4 36.9 27.2 4.41 2.8 1.56 0.177 0.255 0.324 0.23 0.399 0.476 0.537 0.709 0.925 1.25 1.78 2.79 4.34 3.34 4.61 2.6 5.2 8.7 9.35 8.71 11.8 15.7 26.9 41.8 83.6 167 239 62.2 124 249 497
      rel: 8.4e-02 4.2e-02 5.1e-02 1.3e-02 6.9e-03 7.0e-03 9.5e-03 5.9e-02 9.3e-02 1.7e-01 1.5e+00 1.0e+00 8.0e-01 1.1e+00 6.5e-01 5.5e-01 4.8e-01 3.7e-01 2.8e-01 2.1e-01 1.5e-01 9.3e-02 6.0e-02 7.8e-02 5.6e-02 1.0e-01 3.5e-02 2.1e-02 1.9e-02 2.1e-02 1.5e-02 1.2e-02 6.7e-03 4.3e-03 6.3e-04 1.0e-04 7.3e-05 2.8e-04 1.9e-05 3.1e-06 4.3e-08
[pcratio1.5  ] flat4-inj      it= 16 gmres=  702 fact= 15   15.6s conv=True
      cfl: 2.02 4.03 3.51 7.01 11.5 3.5 7 9.39 12.3 15.2 26.6 27.1 54.2 108 217 434
      rel: 5.0e-01 5.8e-02 2.7e-02 3.0e-02 5.0e-03 3.0e-03 1.0e-02 9.2e-04 6.8e-04 5.2e-04 4.2e-04 2.4e-04 2.4e-04 8.5e-05 1.4e-05 2.4e-06 2.1e-07
[pcratio1.5  ] flat2-stokes   it= 19 gmres=  466 fact= 14    2.8s conv=True
      cfl: 1 1.38 1.81 2.71 3.65 4.79 4.88 5.89 11.8 13.4 26.8 37.5 75.1 150 300 47.2 94.4 152 303
      rel: 1.0e+00 4.1e-01 3.0e-01 2.3e-01 1.5e-01 1.1e-01 8.6e-02 8.4e-02 7.0e-02 2.9e-02 2.5e-02 1.0e-02 7.5e-03 1.7e-03 5.5e-04 5.8e-05 3.7e-04 1.0e-05 6.3e-06 5.6e-08
/home/nishioka/envs/python/base/lib/python3.14/site-packages/numpy/linalg/_linalg.py:2768: RuntimeWarning: overflow encountered in dot
  sqnorm = x.dot(x)
/home/nishioka/work/ykep-cae/nsb/solver.py:157: RuntimeWarning: invalid value encountered in divide
  return (resid_fn(x + eps * vec) - rhs_resid) / eps + diag_aug * vec
[pcratio1.5  ] uturn2-stokes  it= 21 gmres= 2491 fact= 22   11.3s conv=False
      cfl: 0.423 0.846 1.61 3.22 6.44 10.3 6.89 13.2 8.56 5.65 11.3 11.4 20.9 17.7 14.7 15.6 31.1 50.7 38.6 77.1 7.71
      rel: 1.0e+00 1.2e+00 4.5e-01 2.4e-01 1.2e-01 5.8e-02 3.6e-02 5.4e-02 2.8e-02 4.3e-02 6.6e-02 2.0e-02 2.0e-02 1.1e-02 1.3e-02 1.5e-02 1.5e-02 7.2e-03 4.4e-03 5.8e-03 5.1e-04 5.3e+04
[pcratio4    ] flat4-bil      it= 40 gmres= 2197 fact= 28   42.2s conv=True
      cfl: 11.8 9.87 19.7 37.4 36.9 27.2 4.41 2.8 1.56 0.177 0.255 0.324 0.229 0.399 0.476 0.537 0.71 0.925 1.25 1.78 2.79 4.35 3.35 4.62 2.55 5.09 8.67 8.62 8.11 13.1 18.1 26.1 52.1 104 209 417 95.8 192 383 766
      rel: 8.4e-02 4.2e-02 5.1e-02 1.3e-02 6.9e-03 7.0e-03 9.5e-03 5.9e-02 9.3e-02 1.7e-01 1.5e+00 1.0e+00 8.0e-01 1.1e+00 6.5e-01 5.5e-01 4.8e-01 3.7e-01 2.8e-01 2.1e-01 1.5e-01 9.3e-02 6.0e-02 7.8e-02 5.6e-02 1.0e-01 3.5e-02 2.1e-02 2.1e-02 2.2e-02 1.4e-02 9.9e-03 6.9e-03 3.0e-03 5.1e-04 1.7e-04 6.9e-05 3.0e-04 2.0e-05 3.2e-06 4.0e-08
[pcratio4    ] flat4-inj      it= 16 gmres=  677 fact= 11   13.6s conv=True
      cfl: 2.02 4.03 3.51 7.01 11.5 3.51 7.01 9.4 12.3 15.2 26.8 22.8 45.5 91.1 182 364
      rel: 5.0e-01 5.8e-02 2.7e-02 3.0e-02 5.0e-03 3.0e-03 1.0e-02 9.2e-04 6.8e-04 5.2e-04 4.2e-04 2.4e-04 2.8e-04 8.0e-05 1.8e-05 3.4e-06 3.5e-07
[pcratio4    ] flat2-stokes   it= 17 gmres=  424 fact=  9    2.3s conv=True
      cfl: 1 1.38 1.81 2.71 3.65 4.79 4.87 5.86 11.7 13.4 26.8 37.8 75.6 151 302 605 1.21e+03
      rel: 1.0e+00 4.1e-01 3.0e-01 2.3e-01 1.5e-01 1.1e-01 8.6e-02 8.4e-02 7.0e-02 2.9e-02 2.5e-02 1.0e-02 7.4e-03 1.7e-03 3.3e-04 2.4e-05 1.2e-06 2.7e-08
[pcratio4    ] uturn2-stokes  it= 23 gmres= 2305 fact= 17    9.5s conv=True
      cfl: 0.423 0.846 1.61 3.22 6.41 10.2 6.96 13.2 8.49 2.77 5.55 9.29 14 15.5 17.3 22.7 27.1 32 64.1 128 256 513 1.03e+03
      rel: 1.0e+00 1.2e+00 4.5e-01 2.4e-01 1.2e-01 5.8e-02 3.6e-02 5.3e-02 2.8e-02 4.4e-02 1.3e-01 4.1e-02 2.4e-02 1.6e-02 1.5e-02 1.3e-02 1.0e-02 8.4e-03 7.1e-03 1.4e-03 4.7e-04 3.6e-05 2.6e-06 4.8e-07
[pcratio0    ] flat4-bil      it= 40 gmres= 2197 fact= 28   42.4s conv=True
      cfl: 11.8 9.87 19.7 37.4 36.9 27.2 4.41 2.8 1.56 0.177 0.255 0.324 0.229 0.399 0.476 0.537 0.71 0.925 1.25 1.78 2.79 4.35 3.35 4.62 2.55 5.09 8.67 8.62 8.11 13.1 18.1 26.1 52.1 104 209 417 95.8 192 383 766
      rel: 8.4e-02 4.2e-02 5.1e-02 1.3e-02 6.9e-03 7.0e-03 9.5e-03 5.9e-02 9.3e-02 1.7e-01 1.5e+00 1.0e+00 8.0e-01 1.1e+00 6.5e-01 5.5e-01 4.8e-01 3.7e-01 2.8e-01 2.1e-01 1.5e-01 9.3e-02 6.0e-02 7.8e-02 5.6e-02 1.0e-01 3.5e-02 2.1e-02 2.1e-02 2.2e-02 1.4e-02 9.9e-03 6.9e-03 3.0e-03 5.1e-04 1.7e-04 6.9e-05 3.0e-04 2.0e-05 3.2e-06 4.0e-08
[pcratio0    ] flat4-inj      it= 16 gmres=  677 fact= 11   14.0s conv=True
      cfl: 2.02 4.03 3.51 7.01 11.5 3.51 7.01 9.4 12.3 15.2 26.8 22.8 45.5 91.1 182 364
      rel: 5.0e-01 5.8e-02 2.7e-02 3.0e-02 5.0e-03 3.0e-03 1.0e-02 9.2e-04 6.8e-04 5.2e-04 4.2e-04 2.4e-04 2.8e-04 8.0e-05 1.8e-05 3.4e-06 3.5e-07
[pcratio0    ] flat2-stokes   it= 17 gmres=  436 fact=  9    2.3s conv=True
      cfl: 1 1.38 1.81 2.71 3.65 4.79 4.87 5.86 11.7 13.4 26.8 37.7 75.5 151 302 604 1.21e+03
      rel: 1.0e+00 4.1e-01 3.0e-01 2.3e-01 1.5e-01 1.1e-01 8.6e-02 8.4e-02 7.0e-02 2.9e-02 2.5e-02 1.0e-02 7.4e-03 1.7e-03 3.3e-04 2.5e-05 1.2e-06 2.7e-08
[pcratio0    ] uturn2-stokes  it= 60 gmres= 9652 fact= 53   39.9s conv=False
      cfl: 0.423 0.846 1.61 3.22 6.41 10.2 6.96 13.2 8.49 2.77 5.55 9.29 14 15.4 17.3 22.6 27 41.5 83 166 332 664 764 770 770 770 771 771 771 771 771 771 771 771 771 771 771 771 771 771 771 771 771 771 771 771 771 771 771 771 771 771 771 771 771 771 771 771 771 771
      rel: 1.0e+00 1.2e+00 4.5e-01 2.4e-01 1.2e-01 5.8e-02 3.6e-02 5.3e-02 2.8e-02 4.4e-02 1.3e-01 4.1e-02 2.4e-02 1.6e-02 1.5e-02 1.3e-02 1.0e-02 8.4e-03 5.5e-03 1.8e-03 6.2e-04 1.8e-04 9.1e-06 7.9e-06 7.9e-06 7.8e-06 7.8e-06 7.8e-06 7.8e-06 7.8e-06 7.8e-06 7.8e-06 7.8e-06 7.8e-06 7.8e-06 7.8e-06 7.8e-06 7.8e-06 7.8e-06 7.8e-06 7.8e-06 7.8e-06 7.8e-06 7.8e-06 7.8e-06 7.8e-06 7.8e-06 7.8e-06 7.8e-06 7.8e-06 7.8e-06 7.8e-06 7.8e-06 7.8e-06 7.8e-06 7.8e-06 7.8e-06 7.8e-06 7.8e-06 7.8e-06 7.8e-06
[lag2        ] flat4-bil      it= 40 gmres= 2466 fact= 33   47.7s conv=True
      cfl: 11.8 9.87 19.7 37.4 36.9 27.2 4.41 2.8 1.56 0.177 0.255 0.324 0.23 0.399 0.476 0.537 0.71 0.925 1.25 1.78 2.79 4.34 3.34 4.61 2.6 5.19 8.83 8.82 9.09 12.4 18.3 26.1 52.1 104 208 417 106 211 423 845
      rel: 8.4e-02 4.2e-02 5.1e-02 1.3e-02 6.9e-03 7.0e-03 9.5e-03 5.9e-02 9.3e-02 1.7e-01 1.5e+00 1.0e+00 8.0e-01 1.1e+00 6.5e-01 5.4e-01 4.8e-01 3.7e-01 2.8e-01 2.1e-01 1.5e-01 9.3e-02 6.0e-02 7.8e-02 5.6e-02 1.0e-01 3.5e-02 2.0e-02 2.1e-02 2.0e-02 1.5e-02 9.9e-03 6.9e-03 2.5e-03 5.6e-04 1.6e-04 7.7e-05 3.1e-04 2.0e-05 3.3e-06 3.9e-08
[lag2        ] flat4-inj      it= 16 gmres=  697 fact= 14   15.1s conv=True
      cfl: 2.02 4.03 3.51 7.01 11.5 3.5 7 9.39 12.3 15.2 26.6 27 54 108 216 432
      rel: 5.0e-01 5.8e-02 2.7e-02 3.0e-02 5.0e-03 3.0e-03 1.0e-02 9.2e-04 6.8e-04 5.2e-04 4.2e-04 2.4e-04 2.4e-04 8.6e-05 1.4e-05 2.4e-06 2.1e-07
[lag2        ] flat2-stokes   it= 19 gmres=  489 fact= 14    3.2s conv=True
      cfl: 1 1.38 1.81 2.71 3.65 4.78 4.86 5.92 11.8 13.4 26.9 37.7 75.3 151 301 48.7 97.4 153 306
      rel: 1.0e+00 4.1e-01 3.0e-01 2.3e-01 1.5e-01 1.1e-01 8.6e-02 8.5e-02 6.9e-02 2.9e-02 2.5e-02 1.0e-02 7.4e-03 1.7e-03 5.4e-04 5.9e-05 3.7e-04 1.0e-05 6.5e-06 5.5e-08
[lag2        ] uturn2-stokes  it= 58 gmres= 4537 fact= 47   21.0s conv=False
      cfl: 0.423 0.846 1.61 3.22 6.44 10.3 6.9 13 8.61 4.05 8.11 11.7 12.4 18.7 20 2 1.05 0.105 0.21 0.21 0.263 0.322 0.377 0.425 0.412 0.531 0.633 0.738 0.835 0.982 1.43 1.9 1.85 2.8 3 3.42 3.46 4.58 4.89 4.41 6.97 4.8 7.69 10.5 19.1 25.4 50.7 95.4 191 206 195 19.5 9.87 9.86 9.86 4.72 1.51 0.151
      rel: 1.0e+00 1.2e+00 4.5e-01 2.4e-01 1.2e-01 5.8e-02 3.6e-02 5.4e-02 2.9e-02 4.3e-02 9.2e-02 2.6e-02 1.8e-02 1.7e-02 1.1e-02 1.1e-02 2.4e+00 4.6e+00 6.3e+01 2.3e+00 2.3e+00 1.8e+00 1.5e+00 1.3e+00 1.1e+00 1.2e+00 9.1e-01 7.7e-01 6.6e-01 5.8e-01 4.9e-01 3.4e-01 2.6e-01 2.6e-01 1.7e-01 1.6e-01 1.4e-01 1.4e-01 1.1e-01 9.9e-02 1.1e-01 7.0e-02 1.0e-01 6.3e-02 4.6e-02 2.5e-02 1.9e-02 9.6e-03 5.1e-03 8.0e-04 7.4e-04 7.9e-04 1.5e+04 3.1e+04 3.1e+04 3.1e+04 6.4e+04 2.0e+05 1.1e+07
[lag8        ] flat4-bil      it= 40 gmres= 2278 fact= 29   43.9s conv=True
      cfl: 11.8 9.87 19.7 37.4 36.9 27.2 4.41 2.8 1.56 0.177 0.255 0.324 0.229 0.399 0.476 0.537 0.71 0.925 1.25 1.78 2.79 4.35 3.35 4.63 2.52 5.04 8.62 8.69 8.61 13.3 17.6 35.1 70.3 141 281 321 82.2 164 329 658
      rel: 8.4e-02 4.2e-02 5.1e-02 1.3e-02 6.9e-03 7.0e-03 9.5e-03 5.9e-02 9.3e-02 1.7e-01 1.5e+00 1.0e+00 8.0e-01 1.1e+00 6.5e-01 5.5e-01 4.8e-01 3.7e-01 2.8e-01 2.1e-01 1.5e-01 9.3e-02 6.0e-02 7.8e-02 5.6e-02 1.0e-01 3.5e-02 2.1e-02 2.1e-02 2.1e-02 1.3e-02 1.0e-02 4.9e-03 1.6e-03 4.6e-04 8.6e-05 7.5e-05 2.9e-04 1.9e-05 3.2e-06 3.7e-08
[lag8        ] flat4-inj      it= 16 gmres=  700 fact= 15   15.5s conv=True
      cfl: 2.02 4.03 3.51 7.01 11.5 3.5 7.01 9.39 12.3 15.2 26.6 27 54 108 216 432
      rel: 5.0e-01 5.8e-02 2.7e-02 3.0e-02 5.0e-03 3.0e-03 1.0e-02 9.2e-04 6.8e-04 5.2e-04 4.2e-04 2.4e-04 2.4e-04 8.6e-05 1.4e-05 2.4e-06 2.1e-07
[lag8        ] flat2-stokes   it= 19 gmres=  468 fact= 13    3.1s conv=True
      cfl: 1 1.38 1.81 2.72 3.65 4.79 4.88 5.87 11.7 13.4 26.8 37.7 75.4 151 301 46.3 92.6 151 302
      rel: 1.0e+00 4.1e-01 3.0e-01 2.3e-01 1.5e-01 1.1e-01 8.6e-02 8.4e-02 7.0e-02 2.9e-02 2.5e-02 1.0e-02 7.4e-03 1.7e-03 5.6e-04 5.6e-05 3.7e-04 1.0e-05 6.2e-06 5.7e-08
[lag8        ] uturn2-stokes  it= 20 gmres= 1713 fact= 19    7.5s conv=False
      cfl: 0.423 0.846 1.61 3.22 6.44 10.3 6.87 13 8.63 5.16 10.3 12 14.8 19.2 23.6 2.36 0.236 0.472 0.0472 0.00472
      rel: 1.0e+00 1.2e+00 4.5e-01 2.4e-01 1.2e-01 5.8e-02 3.6e-02 5.4e-02 2.9e-02 4.3e-02 7.2e-02 2.1e-02 1.8e-02 1.5e-02 1.1e-02 9.3e-03 7.0e+01 3.3e+03 1.4e+03 2.3e+05 8.1e+07
[cflinit0.1  ] flat4-bil      it= 22 gmres=  817 fact= 19   18.7s conv=True
      cfl: 2.39 4.47 8.94 17.9 1.79 3.57 7.15 1.1 2.19 4.38 5.07 5.81 6.78 8.18 10.4 14.1 19.6 18.8 37.7 75.3 151 301
      rel: 8.4e-02 2.6e-02 1.4e-02 7.0e-03 2.4e-03 2.7e-02 9.9e-03 2.4e-03 1.6e-02 1.4e-03 5.5e-04 4.8e-04 4.2e-04 3.6e-04 3.0e-04 2.3e-04 1.7e-04 1.2e-04 1.3e-04 3.4e-05 1.2e-05 2.4e-06 3.0e-07
[cflinit0.1  ] flat4-inj      it= 21 gmres= 1208 fact= 20   24.9s conv=True
      cfl: 0.403 0.615 0.896 1.35 2.18 3.75 6.77 13.5 24.5 41 58.2 80 160 52.6 105 149 14.9 29.9 59.7 119 239
      rel: 5.0e-01 8.1e-02 5.3e-02 3.7e-02 2.4e-02 1.5e-02 8.7e-03 4.8e-03 2.2e-03 1.2e-03 7.2e-04 5.1e-04 3.7e-04 4.0e-05 1.2e-04 4.5e-06 3.1e-06 1.6e-04 3.2e-05 1.4e-05 4.1e-06 3.5e-07
[cflinit0.1  ] flat2-stokes   it= 35 gmres=  505 fact= 14    3.0s conv=True
      cfl: 0.194 0.226 0.252 0.28 0.31 0.345 0.377 0.42 0.467 0.525 0.592 0.67 0.757 0.842 0.93 1.05 1.17 1.33 1.41 1.73 2.02 2.4 2.74 3.46 4.16 5.49 7.43 10.4 16.4 27.6 55.2 90.7 181 363 726
      rel: 1.0e+00 5.2e-01 4.4e-01 4.0e-01 3.6e-01 3.2e-01 2.9e-01 2.7e-01 2.4e-01 2.1e-01 1.9e-01 1.7e-01 1.5e-01 1.3e-01 1.2e-01 1.1e-01 9.6e-02 8.5e-02 7.5e-02 7.1e-02 5.8e-02 5.0e-02 4.2e-02 3.6e-02 2.9e-02 2.4e-02 1.8e-02 1.3e-02 9.6e-03 6.1e-03 3.6e-03 1.6e-03 9.6e-04 9.7e-05 5.3e-06 1.8e-07
[cflinit0.1  ] uturn2-stokes  it= 39 gmres= 2406 fact= 25   10.5s conv=True
      cfl: 0.0406 0.06 0.077 0.0974 0.125 0.159 0.201 0.258 0.333 0.435 0.574 0.753 1.02 1.38 1.87 2.51 3.15 3.13 2.63 3.73 5.19 5.26 3.11 5.88 4.94 8.79 7.74 10.5 12.8 12.7 19.7 14.1 24.6 49.2 98.5 197 394 788 1.58e+03
      rel: 1.0e+00 2.5e+00 1.7e+00 1.3e+00 1.0e+00 8.0e-01 6.3e-01 5.0e-01 3.9e-01 3.0e-01 2.3e-01 1.7e-01 1.3e-01 9.8e-02 7.3e-02 5.4e-02 4.0e-02 3.2e-02 3.2e-02 3.8e-02 2.7e-02 1.9e-02 1.9e-02 3.2e-02 1.7e-02 2.0e-02 1.1e-02 1.3e-02 9.5e-03 7.8e-03 7.8e-03 5.1e-03 7.1e-03 4.1e-03 1.9e-03 3.7e-04 5.7e-05 1.2e-05 2.5e-06 9.4e-07
[g1.5_max100 ] flat4-bil      it= 38 gmres= 1729 fact= 32   36.6s conv=True
      cfl: 8.96 8.44 12.7 1.27 0.85 0.387 0.22 0.331 0.496 0.744 0.582 0.874 1.31 1.93 2.46 3.7 4.07 6.1 1.8 1.96 2.94 3.71 4.02 6.03 7.3 9.41 13.4 11.5 17.3 25.9 38.9 58.3 87.4 98.2 100 100 100 100
      rel: 8.4e-02 4.2e-02 4.5e-02 2.2e-02 1.8e+00 2.7e+00 6.0e+00 1.1e+01 5.7e+00 2.5e+00 1.6e+00 2.1e+00 1.2e+00 8.3e-01 5.6e-01 4.4e-01 2.8e-01 2.6e-01 1.4e-01 4.7e-01 4.3e-01 1.6e-01 1.3e-01 1.2e-01 6.1e-02 5.0e-02 3.9e-02 2.8e-02 3.2e-02 1.4e-02 8.4e-03 4.4e-03 1.8e-03 3.6e-04 3.2e-04 2.0e-04 1.0e-05 1.4e-06 1.2e-07
[g1.5_max100 ] flat4-inj      it= 60 gmres=  700 fact= 20   18.1s conv=False
      cfl: 1.51 2.27 2.65 3.97 5.95 6.55 0.898 1.35 2.02 0.416 0.624 0.652 0.666 0.678 0.689 0.7 0.71 0.721 0.732 0.743 0.754 0.765 0.775 0.787 0.798 0.81 0.823 0.836 0.849 0.862 0.875 0.889 0.904 0.918 0.935 0.952 0.97 0.99 1.01 1.03 1.05 1.08 1.11 1.13 1.16 1.2 1.23 1.27 1.31 1.36 1.41 1.47 1.53 1.6 1.67 1.76 1.86 1.97 2.1 2.26
      rel: 5.0e-01 5.8e-02 2.6e-02 2.3e-02 7.0e-03 3.7e-03 3.3e-03 2.4e-02 6.9e-03 1.4e-03 6.6e-03 1.1e-03 1.0e-03 1.0e-03 9.9e-04 9.7e-04 9.6e-04 9.4e-04 9.3e-04 9.2e-04 9.0e-04 8.9e-04 8.8e-04 8.7e-04 8.5e-04 8.4e-04 8.3e-04 8.2e-04 8.0e-04 7.9e-04 7.8e-04 7.7e-04 7.5e-04 7.4e-04 7.3e-04 7.2e-04 7.0e-04 6.9e-04 6.8e-04 6.6e-04 6.5e-04 6.4e-04 6.2e-04 6.1e-04 5.9e-04 5.8e-04 5.6e-04 5.4e-04 5.3e-04 5.1e-04 4.9e-04 4.8e-04 4.6e-04 4.4e-04 4.2e-04 4.0e-04 3.8e-04 3.6e-04 3.4e-04 3.2e-04 3.0e-04
[g1.5_max100 ] flat2-stokes   it= 20 gmres=  506 fact= 12    3.1s conv=True
      cfl: 0.75 0.979 1.24 1.67 2.26 2.88 3.75 4.67 4.88 7.32 11 13.8 20.6 30.9 46.4 67.1 100 100 100 100
      rel: 1.0e+00 4.1e-01 3.1e-01 2.5e-01 1.8e-01 1.4e-01 1.1e-01 8.2e-02 6.6e-02 6.3e-02 3.5e-02 1.9e-02 1.5e-02 7.3e-03 3.3e-03 1.3e-03 9.0e-04 1.1e-04 1.3e-05 1.3e-06 1.5e-07
[g1.5_max100 ] uturn2-stokes  it= 36 gmres= 2809 fact= 25   12.9s conv=True
      cfl: 0.423 0.634 0.951 1.43 2.14 3.21 4.82 5.67 1.39 0.139 0.208 0.312 0.424 0.569 0.754 0.939 1.37 2.06 2.77 4.15 5.33 6.38 9.57 12.4 17.2 21.2 22.4 20.7 29.5 29.5 44.3 66.4 99.6 100 100 100
      rel: 1.0e+00 1.2e+00 4.5e-01 2.6e-01 1.5e-01 9.0e-02 5.6e-02 3.8e-02 3.2e-02 1.3e-01 3.2e+00 1.1e+00 6.7e-01 4.9e-01 3.7e-01 2.8e-01 2.2e-01 1.5e-01 1.0e-01 7.5e-02 4.9e-02 3.8e-02 3.2e-02 1.9e-02 1.5e-02 1.0e-02 8.5e-03 8.1e-03 8.7e-03 6.1e-03 6.1e-03 2.8e-03 1.3e-03 4.7e-04 3.4e-05 2.9e-06 7.7e-07
[g1.5_init0.25] flat4-bil      it= 18 gmres=  840 fact= 15   18.4s conv=True
      cfl: 4.48 6.72 7.95 2.72 4.07 6.11 9.17 6.02 9.03 11.9 16.8 24 18.1 27.1 40.6 61 91.4 137
      rel: 8.4e-02 3.5e-02 1.6e-02 1.4e-02 4.0e-02 1.4e-02 6.2e-03 3.5e-03 5.3e-03 5.7e-04 4.3e-04 3.1e-04 2.2e-04 2.9e-04 8.0e-05 2.5e-05 8.9e-06 2.1e-06 4.0e-07
[g1.5_init0.25] flat4-inj      it= 19 gmres=  773 fact= 15   16.5s conv=True
      cfl: 0.756 1.13 1.7 2.55 3.83 5.74 3.42 5.12 6.75 8.51 11.4 15.9 23.8 34.2 51.3 38.2 57.2 85.8 129
      rel: 5.0e-01 6.5e-02 3.7e-02 2.3e-02 1.5e-02 7.2e-03 3.7e-03 6.2e-03 1.5e-03 1.1e-03 9.0e-04 6.7e-04 4.8e-04 2.9e-04 2.0e-04 6.3e-05 8.5e-05 7.1e-06 2.3e-06 4.1e-07
[g1.5_init0.25] flat2-stokes   it= 25 gmres=  519 fact= 13    2.9s conv=True
      cfl: 0.375 0.449 0.531 0.631 0.711 0.874 1.06 1.29 1.44 1.77 2.22 2.57 3.28 4.46 5.73 8.32 10.9 16.3 24.5 36.7 55.1 82.6 124 186 279
      rel: 1.0e+00 4.6e-01 3.8e-01 3.2e-01 2.7e-01 2.4e-01 2.0e-01 1.6e-01 1.3e-01 1.2e-01 9.7e-02 7.8e-02 6.7e-02 5.3e-02 3.9e-02 3.0e-02 2.1e-02 1.6e-02 8.5e-03 5.0e-03 2.3e-03 9.6e-04 1.9e-04 3.2e-05 3.4e-06 2.3e-07
[g1.5_init0.25] uturn2-stokes  it= 23 gmres= 1361 fact= 16    5.9s conv=False
      cfl: 0.156 0.234 0.341 0.51 0.766 1.15 1.72 2.58 3.83 4.93 4.1 6.15 7.18 7.87 7.86 9.14 10.6 14.1 18.2 16.7 25 12.9 1.29
      rel: 1.0e+00 1.6e+00 8.4e-01 5.8e-01 3.9e-01 2.5e-01 1.6e-01 9.8e-02 6.4e-02 4.3e-02 3.3e-02 4.0e-02 2.2e-02 1.9e-02 1.7e-02 1.8e-02 1.5e-02 1.3e-02 9.8e-03 7.5e-03 8.2e-03 5.4e-03 1.1e-02 1.2e+06

==== summary ====
config       |                  flat4-bil |                  flat4-inj |               flat2-stokes |              uturn2-stokes | total_s
base         | it= 40 gm= 2278   46.3s | it= 16 gm=  700   15.5s | it= 19 gm=  468    3.1s | it= 20 gm= 1713    7.5s! |   72.4
growth1.5    | it= 37 gm= 1659   58.3s | it= 60 gm=  700   53.2s! | it= 19 gm=  475    3.3s | it= 60 gm= 7609   31.0s! |  145.7
growth3      | it= 30 gm= 3707   87.3s! | it= 38 gm= 2381   48.0s | it= 14 gm=  344    1.9s | it= 20 gm= 2709   11.2s |  148.5
growth4      | it= 41 gm= 6203   99.1s! | it= 48 gm= 6994  109.6s! | it= 14 gm=  343    1.9s | it= 20 gm= 2709   11.3s |  222.0
shrink0.05   | it= 40 gm= 2278   45.3s | it= 16 gm=  700   16.2s | it= 19 gm=  468    2.8s | it= 60 gm= 2017    9.8s! |   74.1
shrink0.3    | it= 21 gm= 2045   36.0s! | it= 16 gm=  700   15.7s | it= 19 gm=  468    3.0s | it= 17 gm= 1375    6.0s! |   60.8
shrink0.5    | it= 12 gm= 1462   27.1s! | it= 15 gm=  671   14.4s | it= 19 gm=  471    2.8s | it= 18 gm= 1575    7.2s! |   51.4
cflinit0.25  | it= 13 gm=  821   17.7s | it= 17 gm=  718   16.4s | it= 21 gm=  401    2.8s | it= 28 gm= 2928   12.3s |   49.2
cflinit1     | it= 23 gm= 1733   34.6s | it= 16 gm= 1088   22.5s! | it= 14 gm=  391    3.0s | it= 60 gm= 4452   20.2s! |   80.3
cflinit2     | it= 60 gm= 1559   32.2s! | it= 60 gm= 3235   60.0s! | it= 12 gm=  366    2.5s | it= 22 gm= 3692   17.5s |  112.2
cflmax30     | it= 60 gm= 1944   43.8s! | it= 18 gm=  777   17.9s | it= 21 gm=  481    3.5s | it= 20 gm= 1713    7.5s! |   72.7
cflmax100    | it= 44 gm= 2576   48.9s | it= 16 gm=  697   15.9s | it= 20 gm=  518    3.0s | it= 20 gm= 1713    7.4s! |   75.1
cflmax300    | it= 40 gm= 2262   43.9s | it= 16 gm=  700   15.8s | it= 19 gm=  469    2.7s | it= 20 gm= 1713    7.5s! |   70.0
pcratio1.5   | it= 40 gm= 2222   44.6s | it= 16 gm=  702   15.6s | it= 19 gm=  466    2.8s | it= 21 gm= 2491   11.3s! |   74.3
pcratio4     | it= 40 gm= 2197   42.2s | it= 16 gm=  677   13.6s | it= 17 gm=  424    2.3s | it= 23 gm= 2305    9.5s |   67.5
pcratio0     | it= 40 gm= 2197   42.4s | it= 16 gm=  677   14.0s | it= 17 gm=  436    2.3s | it= 60 gm= 9652   39.9s! |   98.7
lag2         | it= 40 gm= 2466   47.7s | it= 16 gm=  697   15.1s | it= 19 gm=  489    3.2s | it= 58 gm= 4537   21.0s! |   87.1
lag8         | it= 40 gm= 2278   43.9s | it= 16 gm=  700   15.5s | it= 19 gm=  468    3.1s | it= 20 gm= 1713    7.5s! |   69.9
cflinit0.1   | it= 22 gm=  817   18.7s | it= 21 gm= 1208   24.9s | it= 35 gm=  505    3.0s | it= 39 gm= 2406   10.5s |   57.0
g1.5_max100  | it= 38 gm= 1729   36.6s | it= 60 gm=  700   18.1s! | it= 20 gm=  506    3.1s | it= 36 gm= 2809   12.9s |   70.7
g1.5_init0.25 | it= 18 gm=  840   18.4s | it= 19 gm=  773   16.5s | it= 25 gm=  519    2.9s | it= 23 gm= 1361    5.9s! |   43.8
