memcap: unit=memcap-nest_d.py_-78437.scope MemoryMax=16G MemorySwapMax=0 :: python nest_d.py
[base        ] flat4-bil      it= 40 gmres= 2278 fact= 29   44.8s conv=True
      cfl: 11.8 9.87 19.7 37.4 36.9 27.2 4.41 2.8 1.56 0.177 0.255 0.324 0.229 0.399 0.476 0.537 0.71 0.925 1.25 1.78 2.79 4.35 3.35 4.63 2.52 5.04 8.62 8.69 8.61 13.3 17.6 35.1 70.3 141 281 321 82.2 164 329 658
      rel: 8.4e-02 4.2e-02 5.1e-02 1.3e-02 6.9e-03 7.0e-03 9.5e-03 5.9e-02 9.3e-02 1.7e-01 1.5e+00 1.0e+00 8.0e-01 1.1e+00 6.5e-01 5.5e-01 4.8e-01 3.7e-01 2.8e-01 2.1e-01 1.5e-01 9.3e-02 6.0e-02 7.8e-02 5.6e-02 1.0e-01 3.5e-02 2.1e-02 2.1e-02 2.1e-02 1.3e-02 1.0e-02 4.9e-03 1.6e-03 4.6e-04 8.6e-05 7.5e-05 2.9e-04 1.9e-05 3.2e-06 3.7e-08
[base        ] flat4-inj      it= 16 gmres=  700 fact= 15   15.4s conv=True
      cfl: 2.02 4.03 3.51 7.01 11.5 3.5 7.01 9.39 12.3 15.2 26.6 27 54 108 216 432
      rel: 5.0e-01 5.8e-02 2.7e-02 3.0e-02 5.0e-03 3.0e-03 1.0e-02 9.2e-04 6.8e-04 5.2e-04 4.2e-04 2.4e-04 2.4e-04 8.6e-05 1.4e-05 2.4e-06 2.1e-07
[base        ] flat2-stokes   it= 19 gmres=  468 fact= 13    2.8s conv=True
      cfl: 1 1.38 1.81 2.72 3.65 4.79 4.88 5.87 11.7 13.4 26.8 37.7 75.4 151 301 46.3 92.6 151 302
      rel: 1.0e+00 4.1e-01 3.0e-01 2.3e-01 1.5e-01 1.1e-01 8.6e-02 8.4e-02 7.0e-02 2.9e-02 2.5e-02 1.0e-02 7.4e-03 1.7e-03 5.6e-04 5.6e-05 3.7e-04 1.0e-05 6.2e-06 5.7e-08
[base        ] uturn2-stokes  it= 20 gmres= 1713 fact= 19    7.5s conv=False
      cfl: 0.423 0.846 1.61 3.22 6.44 10.3 6.87 13 8.63 5.16 10.3 12 14.8 19.2 23.6 2.36 0.236 0.472 0.0472 0.00472
      rel: 1.0e+00 1.2e+00 4.5e-01 2.4e-01 1.2e-01 5.8e-02 3.6e-02 5.4e-02 2.9e-02 4.3e-02 7.2e-02 2.1e-02 1.8e-02 1.5e-02 1.1e-02 9.3e-03 7.0e+01 3.3e+03 1.4e+03 2.3e+05 8.1e+07
[base        ] uturn1U2-stokes it= 24 gmres= 2431 fact= 21    2.7s conv=True
      cfl: 0.397 0.794 1.42 2.74 5.48 10.7 13.8 22.4 11.2 9.41 9.37 9.39 9.41 9.44 8.75 17.5 13.4 26.9 39.2 78.3 157 313 627 1.25e+03
      rel: 1.0e+00 1.3e+00 4.8e-01 2.7e-01 1.4e-01 6.9e-02 3.5e-02 2.8e-02 1.7e-02 3.4e-02 4.0e-02 4.0e-02 4.0e-02 4.0e-02 4.0e-02 4.3e-02 6.7e-03 8.7e-03 2.2e-03 1.5e-03 3.4e-04 1.0e-04 1.9e-05 1.4e-06 5.9e-08
[base        ] uturn2U2-stokes it= 60 gmres= 9099 fact= 57   42.0s conv=False
      cfl: 0.385 0.77 1.42 2.79 5.42 9.1 7.29 9.39 10.3 2.24 4.48 8.24 9.71 11 12.1 10.7 21 12.8 23.9 8.4 16.8 8.37 6.29 5.75 11.5 8.42 4.61 7.17 14.3 9.31 13.8 27.6 55.2 105 211 114 228 257 514 536 545 550 554 556 558 559 561 562 564 565 566 567 568 568 569 570 570 571 571 572
      rel: 1.0e+00 1.3e+00 5.1e-01 2.8e-01 1.4e-01 7.3e-02 4.3e-02 5.4e-02 4.2e-02 3.8e-02 1.8e-01 5.8e-02 3.2e-02 2.7e-02 2.4e-02 2.2e-02 2.5e-02 1.2e-02 2.0e-02 1.1e-02 3.1e-02 6.8e-03 1.4e-02 1.8e-02 2.0e-02 7.8e-03 1.1e-02 2.0e-02 1.3e-02 4.7e-03 7.2e-03 4.8e-03 9.6e-04 4.6e-04 2.4e-04 5.9e-05 1.1e-04 1.7e-05 1.5e-05 6.1e-06 5.8e-06 5.7e-06 5.7e-06 5.6e-06 5.6e-06 5.6e-06 5.6e-06 5.5e-06 5.5e-06 5.5e-06 5.5e-06 5.5e-06 5.5e-06 5.5e-06 5.5e-06 5.5e-06 5.5e-06 5.5e-06 5.5e-06 5.4e-06 5.4e-06
[init0.25    ] flat4-bil      it= 13 gmres=  821 fact= 14   16.8s conv=True
      cfl: 5.97 11.7 10.4 20.8 40.9 78.3 47.5 45.1 48.9 97.8 196 391 782
      rel: 8.4e-02 3.5e-02 1.8e-02 2.0e-02 1.2e-03 5.9e-04 3.1e-04 5.1e-04 5.4e-04 4.9e-04 8.2e-05 1.6e-05 2.3e-06 9.1e-08
[init0.25    ] flat4-inj      it= 17 gmres=  718 fact= 15   15.4s conv=True
      cfl: 1.01 1.94 3.24 4.2 8.39 3.22 6.44 9.06 11.6 17.6 27.4 34.2 20.4 40.9 81.8 164 327
      rel: 5.0e-01 6.5e-02 3.4e-02 2.0e-02 1.6e-02 4.5e-03 1.2e-02 1.3e-03 9.6e-04 7.5e-04 4.9e-04 3.2e-04 2.5e-04 4.3e-04 6.2e-05 1.6e-05 3.2e-06 3.2e-07
[init0.25    ] flat2-stokes   it= 21 gmres=  401 fact= 12    2.4s conv=True
      cfl: 0.5 0.623 0.772 0.924 1.18 1.5 1.89 2.4 3.01 3.49 4.19 6.27 10.2 14.4 27.7 51.9 104 207 415 830 1.66e+03
      rel: 1.0e+00 4.6e-01 3.7e-01 3.0e-01 2.5e-01 2.0e-01 1.5e-01 1.2e-01 9.6e-02 7.6e-02 6.6e-02 5.5e-02 3.7e-02 2.2e-02 1.6e-02 8.3e-03 4.4e-03 1.9e-03 2.9e-04 1.4e-04 9.4e-06 1.6e-08
[init0.25    ] uturn2-stokes  it= 28 gmres= 2928 fact= 24   12.5s conv=True
      cfl: 0.156 0.296 0.464 0.752 1.28 2.27 3.99 5.84 6.99 6.3 4.94 9.09 13.3 12.5 15.9 12.5 16.9 27 28.1 7.52 7.82 15.6 31.3 62.6 125 250 501 1e+03
      rel: 1.0e+00 1.6e+00 8.4e-01 5.4e-01 3.3e-01 2.0e-01 1.1e-01 6.3e-02 4.3e-02 3.6e-02 4.0e-02 5.1e-02 2.7e-02 1.9e-02 2.0e-02 1.6e-02 2.0e-02 1.5e-02 9.2e-03 8.9e-03 3.3e-02 3.2e-02 3.8e-03 1.7e-03 3.4e-04 9.4e-05 2.0e-05 2.2e-06 8.5e-07
[init0.25    ] uturn1U2-stokes it= 19 gmres= 1616 fact= 15    1.8s conv=True
      cfl: 0.146 0.292 0.437 0.669 1.07 1.8 3.11 5.48 8.35 11.9 10.5 21 23 46 58 116 232 464 928
      rel: 1.0e+00 1.7e+00 8.5e-01 5.7e-01 3.7e-01 2.3e-01 1.4e-01 8.0e-02 4.6e-02 3.0e-02 2.1e-02 2.4e-02 7.8e-03 7.2e-03 3.3e-03 2.6e-03 1.3e-03 2.6e-04 1.9e-05 6.0e-07
[init0.25    ] uturn2U2-stokes it= 32 gmres= 2426 fact= 28   11.5s conv=False
      cfl: 0.139 0.263 0.404 0.638 1.04 1.75 2.88 4.81 6.57 1.24 2.48 4.69 5.9 6.61 5.68 8.38 4.68 8.37 9.15 7.49 13.2 9.18 13.5 10.9 10.7 18.3 12.3 18.1 19.1 19.8 34.3 3.43
      rel: 1.0e+00 1.8e+00 9.5e-01 6.2e-01 3.9e-01 2.4e-01 1.4e-01 8.7e-02 5.2e-02 3.8e-02 2.0e-01 7.2e-02 3.8e-02 3.0e-02 2.7e-02 3.1e-02 2.1e-02 3.8e-02 2.1e-02 1.9e-02 2.4e-02 1.3e-02 1.9e-02 1.3e-02 1.6e-02 1.7e-02 9.7e-03 1.4e-02 9.9e-03 9.3e-03 9.0e-03 5.2e-03 4.4e+09
[init0.25_rej] flat4-bil      it= 13 gmres=  821 fact= 14   17.7s conv=True
      cfl: 5.97 11.7 10.4 20.8 40.9 78.3 47.5 45.1 48.9 97.8 196 391 782
      rel: 8.4e-02 3.5e-02 1.8e-02 2.0e-02 1.2e-03 5.9e-04 3.1e-04 5.1e-04 5.4e-04 4.9e-04 8.2e-05 1.6e-05 2.3e-06 9.1e-08
[init0.25_rej] flat4-inj      it= 17 gmres=  718 fact= 15   16.3s conv=True
      cfl: 1.01 1.94 3.24 4.2 8.39 3.22 6.44 9.06 11.6 17.6 27.4 34.2 20.4 40.9 81.8 164 327
      rel: 5.0e-01 6.5e-02 3.4e-02 2.0e-02 1.6e-02 4.5e-03 1.2e-02 1.3e-03 9.6e-04 7.5e-04 4.9e-04 3.2e-04 2.5e-04 4.3e-04 6.2e-05 1.6e-05 3.2e-06 3.2e-07
[init0.25_rej] flat2-stokes   it= 21 gmres=  401 fact= 12    2.4s conv=True
      cfl: 0.5 0.623 0.772 0.924 1.18 1.5 1.89 2.4 3.01 3.49 4.19 6.27 10.2 14.4 27.7 51.9 104 207 415 830 1.66e+03
      rel: 1.0e+00 4.6e-01 3.7e-01 3.0e-01 2.5e-01 2.0e-01 1.5e-01 1.2e-01 9.6e-02 7.6e-02 6.6e-02 5.5e-02 3.7e-02 2.2e-02 1.6e-02 8.3e-03 4.4e-03 1.9e-03 2.9e-04 1.4e-04 9.4e-06 1.6e-08
[init0.25_rej] uturn2-stokes  it= 50 gmres= 2572 fact= 27   11.3s conv=True
      cfl: 0.156 0.296 0.464 0.752 1.28 2.27 3.99 5.84 6.99 6.3 0.63 1.15 1.31 1.42 1.5 1.51 1.23 1.65 1.74 1.79 1.86 1.95 1.99 2.14 2.24 2.34 2.35 2.58 2.72 2.91 3.06 3.29 3.39 3.84 4.04 4.3 4.8 5.28 4.54 5.62 8.71 6.54 13.1 19.6 35.5 71.1 142 284 569 1.14e+03
      rel: 1.0e+00 1.6e+00 8.4e-01 5.4e-01 3.3e-01 2.0e-01 1.1e-01 6.3e-02 4.3e-02 3.6e-02 4.0e-02 2.2e-02 1.9e-02 1.8e-02 1.7e-02 1.7e-02 2.0e-02 1.5e-02 1.4e-02 1.4e-02 1.3e-02 1.3e-02 1.3e-02 1.2e-02 1.1e-02 1.1e-02 1.1e-02 9.7e-03 9.2e-03 8.6e-03 8.2e-03 7.6e-03 7.4e-03 6.5e-03 6.2e-03 5.8e-03 5.2e-03 4.7e-03 5.5e-03 4.4e-03 2.9e-03 3.8e-03 1.7e-03 1.2e-03 6.4e-04 2.7e-04 6.8e-05 1.4e-05 1.5e-06 4.2e-07
[init0.25_rej] uturn1U2-stokes it= 24 gmres= 1460 fact= 20    1.8s conv=True
      cfl: 0.146 0.292 0.437 0.669 1.07 1.8 3.11 5.48 8.35 11.9 10.5 21 23 46 4.6 9.2 9.82 17.8 28.5 52.9 106 212 423 846
      rel: 1.0e+00 1.7e+00 8.5e-01 5.7e-01 3.7e-01 2.3e-01 1.4e-01 8.0e-02 4.6e-02 3.0e-02 2.1e-02 2.4e-02 7.8e-03 7.2e-03 3.3e-03 1.5e-03 1.4e-03 7.9e-04 4.9e-04 2.7e-04 1.0e-04 2.5e-05 2.9e-06 1.7e-07
[init0.25_rej] uturn2U2-stokes it= 49 gmres= 3934 fact= 42   17.6s conv=True
      cfl: 0.139 0.263 0.404 0.638 1.04 1.75 2.88 4.81 6.57 1.24 2.48 4.69 5.9 6.61 5.68 8.38 4.68 8.37 9.15 7.49 13.2 9.18 13.5 10.9 10.7 18.3 12.3 18.1 1.81 3.61 3.65 4.2 4.83 5.34 5.93 6.73 7.65 8.96 10.8 13.9 18.6 27.6 47.5 95 190 380 760 76 152
      rel: 1.0e+00 1.8e+00 9.5e-01 6.2e-01 3.9e-01 2.4e-01 1.4e-01 8.7e-02 5.2e-02 3.8e-02 2.0e-01 7.2e-02 3.8e-02 3.0e-02 2.7e-02 3.1e-02 2.1e-02 3.8e-02 2.1e-02 1.9e-02 2.4e-02 1.3e-02 1.9e-02 1.3e-02 1.6e-02 1.7e-02 9.7e-03 1.4e-02 9.9e-03 4.4e-03 4.3e-03 3.8e-03 3.3e-03 3.0e-03 2.7e-03 2.4e-03 2.1e-03 1.8e-03 1.5e-03 1.1e-03 8.5e-04 5.7e-04 3.3e-04 1.6e-04 4.9e-05 1.1e-05 1.1e-06 5.1e-07
[init0.25_rej_tgt_hold40] flat4-bil      it= 17 gmres=  863 fact= 18   18.7s conv=True
      cfl: 5.97 11.9 10.6 21.2 21.2 21.2 21.2 10.7 10.5 20.9 10 20 20 20 20 20 20
      rel: 8.4e-02 3.5e-02 1.8e-02 2.0e-02 1.2e-03 5.9e-04 3.0e-04 2.4e-04 4.7e-04 4.8e-04 8.1e-05 1.7e-04 2.5e-05 1.1e-05 5.3e-06 2.7e-06 1.4e-06 7.7e-07
[init0.25_rej_tgt_hold40] flat4-inj      it= 22 gmres= 1081 fact= 23   24.0s conv=True
      cfl: 1.01 2.02 4.03 8.07 16.1 32.3 7.09 14.2 14.2 14.2 14.2 14.2 14.2 14.2 9.93 7.34 14.7 8.59 17.2 17.2 17.2 17.2
      rel: 5.0e-01 6.5e-02 3.4e-02 2.0e-02 1.6e-02 1.0e-02 1.9e-03 8.5e-03 9.5e-04 3.6e-04 1.8e-04 8.7e-05 5.4e-05 3.5e-05 2.6e-05 3.7e-05 5.0e-05 4.5e-05 7.6e-05 5.7e-06 2.8e-06 1.6e-06 9.9e-07
[init0.25_rej_tgt_hold40] flat2-stokes   it= 20 gmres=  412 fact= 13    2.6s conv=True
      cfl: 0.5 0.678 0.851 1.03 1.34 1.74 2.17 2.17 3.59 2.52 5.04 7.24 11.3 16.4 32.9 65.8 132 263 526 1.05e+03
      rel: 1.0e+00 4.6e-01 3.7e-01 2.9e-01 2.4e-01 1.9e-01 1.4e-01 1.2e-01 9.2e-02 7.0e-02 9.9e-02 4.8e-02 3.5e-02 2.2e-02 1.5e-02 7.3e-03 3.1e-03 9.1e-04 8.0e-05 4.0e-06 1.1e-07
[init0.25_rej_tgt_hold40] uturn2-stokes  it= 60 gmres= 2953 fact= 52   14.3s conv=False
      cfl: 0.156 0.296 0.464 0.752 1.28 2.27 3.99 5.84 5.84 5.64 0.564 1.13 2.25 4.51 4.05 1.05 2.1 4.2 3.68 7.37 7.37 7.36 7.36 6.4 0.64 1.28 2.56 5.12 2.56 5.12 5.07 0.507 1.01 0.983 1.97 3.93 7.86 7.86 3.93 7.86 3.93 7.86 7.86 7.86 15.7 7.86 7.86 7.86 7.86 7.86 7.86 7.86 7.86 7.86 7.86 15.7 15.7 15.7 15.7 15.7
      rel: 1.0e+00 1.6e+00 8.4e-01 5.4e-01 3.3e-01 2.0e-01 1.1e-01 6.3e-02 4.3e-02 3.6e-02 3.7e-02 2.2e-02 2.0e-02 1.8e-02 2.0e-02 7.6e-02 3.6e-02 1.8e-02 2.1e-02 1.2e-02 1.2e-02 1.2e-02 7.7e-03 8.8e-03 5.8e-03 5.4e-03 5.1e-03 5.0e-03 4.3e-03 4.3e-03 3.7e-03 3.8e-03 3.8e-03 3.4e-03 3.2e-03 2.8e-03 2.2e-03 1.6e-03 1.3e-03 1.1e-03 8.7e-04 6.8e-04 5.4e-04 3.4e-04 2.7e-04 2.2e-04 1.7e-04 1.4e-04 1.1e-04 9.1e-05 7.4e-05 6.1e-05 5.0e-05 4.1e-05 2.8e-05 1.9e-05 1.3e-05 9.1e-06
[init0.25_rej_tgt_hold40] uturn1U2-stokes it= 29 gmres= 1199 fact= 25    1.6s conv=True
      cfl: 0.146 0.292 0.439 0.672 1.07 1.81 3.13 5.51 8.37 8.37 8.37 8.37 8.37 8.37 8.37 4.19 4.19 8.37 16.7 16.7 16.7 16.7 33.5 33.5 33.5 67 67 67 67
      rel: 1.0e+00 1.7e+00 8.5e-01 5.7e-01 3.7e-01 2.3e-01 1.4e-01 8.0e-02 4.5e-02 3.0e-02 2.1e-02 2.1e-02 8.6e-03 5.9e-03 4.7e-03 3.2e-03 2.7e-03 2.2e-03 1.7e-03 1.3e-03 8.3e-04 5.3e-04 3.5e-04 2.4e-04 1.2e-04 6.0e-05 2.9e-05 8.4e-06 2.3e-06 5.6e-07
[init0.25_rej_tgt_hold40] uturn2U2-stokes it= 60 gmres= 3323 fact= 55   15.9s conv=False
      cfl: 0.139 0.263 0.404 0.638 1.04 1.75 2.88 4.81 6.57 1.24 2.48 4.96 4.96 4.96 9.92 5.1 10.1 10.1 9.36 9.22 9.22 6.32 6.32 6.32 6.22 6.22 6.22 6.22 3.11 6.22 5.16 10.3 5.16 0.516 1.03 2.06 2.01 4.02 8.04 0.804 1.61 3.22 6.43 12.9 12.9 1.29 2.57 5.15 5.15 5.15 5.15 10.3 5.15 10.3 10.3 10.3 10.3 10.3 10.3 10.3
      rel: 1.0e+00 1.8e+00 9.5e-01 6.2e-01 3.9e-01 2.4e-01 1.4e-01 8.7e-02 5.2e-02 3.8e-02 2.0e-01 7.2e-02 3.8e-02 3.1e-02 2.6e-02 2.5e-02 4.8e-02 2.5e-02 2.1e-02 2.3e-02 2.3e-02 1.3e-02 1.9e-02 1.4e-02 8.9e-03 9.1e-03 7.8e-03 7.5e-03 6.9e-03 6.6e-03 6.4e-03 7.7e-03 6.8e-03 6.4e-03 4.5e-03 4.2e-03 4.4e-03 4.0e-03 3.8e-03 3.7e-03 3.6e-03 3.4e-03 3.1e-03 2.3e-03 2.2e-03 2.1e-03 1.9e-03 1.7e-03 1.6e-03 1.4e-03 1.2e-03 1.0e-03 8.5e-04 6.9e-04 5.6e-04 4.6e-04 3.8e-04 3.2e-04
[init0.25_rej_tgt_hold80] flat4-bil      it= 13 gmres=  817 fact= 14   17.4s conv=True
      cfl: 5.97 11.9 10.6 21.2 42.4 42.4 35 70 46.3 92.7 185 185 185
      rel: 8.4e-02 3.5e-02 1.8e-02 2.0e-02 1.2e-03 5.9e-04 3.2e-04 3.8e-04 3.0e-04 4.5e-04 6.4e-05 1.2e-05 1.7e-06 7.1e-08
[init0.25_rej_tgt_hold80] flat4-inj      it= 19 gmres= 1153 fact= 20   24.1s conv=True
      cfl: 1.01 2.02 4.03 8.07 16.1 32.3 7.09 14.2 28.4 56.7 113 38 17.2 34.5 69 11 22 44 88
      rel: 5.0e-01 6.5e-02 3.4e-02 2.0e-02 1.6e-02 1.0e-02 1.9e-03 8.5e-03 9.5e-04 3.6e-04 2.2e-04 6.9e-05 2.1e-04 4.5e-04 1.7e-04 1.7e-05 1.1e-04 4.7e-06 1.5e-06 4.7e-07
[init0.25_rej_tgt_hold80] flat2-stokes   it= 20 gmres=  418 fact= 13    2.6s conv=True
      cfl: 0.5 0.678 0.851 1.03 1.34 1.74 2.17 2.71 3.6 3.29 5.65 7.67 11.4 14.6 29.3 58.6 117 234 469 937
      rel: 1.0e+00 4.6e-01 3.7e-01 2.9e-01 2.4e-01 1.9e-01 1.4e-01 1.2e-01 9.2e-02 6.9e-02 7.6e-02 4.4e-02 3.3e-02 2.2e-02 1.7e-02 8.4e-03 3.1e-03 9.1e-04 9.4e-05 5.4e-06 1.7e-07
[init0.25_rej_tgt_hold80] uturn2-stokes  it= 48 gmres= 3374 fact= 44   15.4s conv=True
      cfl: 0.156 0.296 0.464 0.752 1.28 2.27 3.99 5.84 6.99 6.3 0.63 1.26 2.52 5.04 4.95 9.9 8.38 16.8 9.07 18.1 18.1 1.81 3.63 3.55 2.83 5.66 11.3 1.13 2.27 4.53 9.06 9.06 18.1 36.2 36.2 18.1 1.81 3.62 7.25 14.5 29 29 29 29 29 29 29 29
      rel: 1.0e+00 1.6e+00 8.4e-01 5.4e-01 3.3e-01 2.0e-01 1.1e-01 6.3e-02 4.3e-02 3.6e-02 4.0e-02 2.2e-02 1.9e-02 1.7e-02 1.7e-02 1.5e-02 1.8e-02 1.2e-02 2.3e-02 1.1e-02 7.1e-03 3.3e-03 3.4e-03 4.3e-03 2.6e-03 2.2e-03 2.0e-03 1.9e-03 1.7e-03 1.2e-03 9.1e-04 5.3e-04 2.2e-04 9.1e-05 8.6e-05 7.8e-05 6.5e-05 4.5e-05 2.4e-05 1.3e-05 7.3e-06 4.1e-06 2.3e-06 1.3e-06 7.0e-07
[init0.25_rej_tgt_hold80] uturn1U2-stokes it= 21 gmres= 1141 fact= 17    1.4s conv=True
      cfl: 0.146 0.292 0.439 0.672 1.07 1.81 3.13 5.51 8.37 11.9 10.4 20.7 10.4 20.7 20.7 41.4 82.9 166 331 663 1.33e+03
      rel: 1.0e+00 1.7e+00 8.5e-01 5.7e-01 3.7e-01 2.3e-01 1.4e-01 8.0e-02 4.5e-02 3.0e-02 2.1e-02 2.4e-02 7.8e-03 7.0e-03 2.6e-03 2.2e-03 7.7e-04 3.0e-04 9.3e-05 1.5e-05 1.2e-06 4.4e-08
[init0.25_rej_tgt_hold80] uturn2U2-stokes it= 56 gmres= 4439 fact= 53   20.3s conv=True
      cfl: 0.139 0.263 0.404 0.638 1.04 1.75 2.88 4.81 6.57 1.24 2.48 4.96 8.18 8.04 7.05 11.6 7.98 13.5 12.7 12.7 10.1 10.1 20.3 2.03 4.06 8.12 7.89 15.8 9.46 0.946 1.89 3.78 3.7 3.59 7.18 14.4 28.7 2.87 5.75 11.5 23 11.5 11.5 23 23 23 23 23 23 46 46 46 46 46 46 46
      rel: 1.0e+00 1.8e+00 9.5e-01 6.2e-01 3.9e-01 2.4e-01 1.4e-01 8.7e-02 5.2e-02 3.8e-02 2.0e-01 7.2e-02 3.8e-02 3.1e-02 3.1e-02 3.5e-02 2.2e-02 3.1e-02 1.9e-02 2.0e-02 1.6e-02 2.0e-02 1.3e-02 1.0e-02 7.3e-03 7.3e-03 7.5e-03 6.9e-03 1.2e-02 4.7e-03 4.5e-03 4.6e-03 4.7e-03 3.8e-03 3.4e-03 2.4e-03 2.1e-03 1.9e-03 1.5e-03 9.1e-04 7.0e-04 5.6e-04 3.6e-04 2.4e-04 1.6e-04 1.1e-04 7.6e-05 5.2e-05 2.5e-05 1.1e-05 5.1e-06 2.4e-06 1.2e-06 6.3e-07
[init0.25_rej_hold80] flat4-bil      it= 13 gmres=  824 fact= 14   16.7s conv=True
      cfl: 5.97 11.7 10.4 20.8 40.9 40.9 33.9 45 45 85.2 170 341 341
      rel: 8.4e-02 3.5e-02 1.8e-02 2.0e-02 1.2e-03 5.9e-04 3.1e-04 3.7e-04 2.8e-04 2.8e-04 1.5e-04 7.3e-06 1.3e-06 1.3e-08
[init0.25_rej_hold80] flat4-inj      it= 17 gmres=  718 fact= 15   16.0s conv=True
      cfl: 1.01 1.94 3.24 4.2 8.39 3.22 6.44 9.06 11.6 17.6 27.4 34.2 20.4 40.9 81.8 164 164
      rel: 5.0e-01 6.5e-02 3.4e-02 2.0e-02 1.6e-02 4.5e-03 1.2e-02 1.3e-03 9.6e-04 7.5e-04 4.9e-04 3.2e-04 2.5e-04 4.3e-04 6.2e-05 1.6e-05 3.2e-06 3.2e-07
[init0.25_rej_hold80] flat2-stokes   it= 21 gmres=  401 fact= 12    2.9s conv=True
      cfl: 0.5 0.623 0.772 0.924 1.18 1.5 1.89 2.4 3.01 3.49 4.19 6.27 10.2 14.4 27.7 51.9 104 207 415 830 1.66e+03
      rel: 1.0e+00 4.6e-01 3.7e-01 3.0e-01 2.5e-01 2.0e-01 1.5e-01 1.2e-01 9.6e-02 7.6e-02 6.6e-02 5.5e-02 3.7e-02 2.2e-02 1.6e-02 8.3e-03 4.4e-03 1.9e-03 2.9e-04 1.4e-04 9.4e-06 1.6e-08
[init0.25_rej_hold80] uturn2-stokes  it= 60 gmres= 2768 fact= 34   12.6s conv=False
      cfl: 0.156 0.296 0.464 0.752 1.28 2.27 3.99 5.84 6.99 6.3 0.63 1.15 1.31 1.42 1.5 1.51 1.23 1.65 1.74 1.79 1.86 1.95 1.99 2.14 2.24 2.34 2.35 2.58 2.72 2.91 3.06 3.29 3.39 3.84 4.04 4.3 4.8 5.28 2.64 3.59 4.27 4.99 4.17 6.89 6.89 8.7 11.5 16.5 26.8 13.4 19.7 19.7 9.83 12.6 17.1 17.1 17.1 17.1 17.1 24.9
      rel: 1.0e+00 1.6e+00 8.4e-01 5.4e-01 3.3e-01 2.0e-01 1.1e-01 6.3e-02 4.3e-02 3.6e-02 4.0e-02 2.2e-02 1.9e-02 1.8e-02 1.7e-02 1.7e-02 2.0e-02 1.5e-02 1.4e-02 1.4e-02 1.3e-02 1.3e-02 1.3e-02 1.2e-02 1.1e-02 1.1e-02 1.1e-02 9.7e-03 9.2e-03 8.6e-03 8.2e-03 7.6e-03 7.4e-03 6.5e-03 6.2e-03 5.8e-03 5.2e-03 4.7e-03 5.5e-03 4.1e-03 3.4e-03 2.9e-03 3.5e-03 2.1e-03 1.7e-03 1.3e-03 1.0e-03 7.1e-04 4.4e-04 2.1e-04 1.5e-04 8.8e-05 5.4e-05 4.2e-05 3.1e-05 2.1e-05 1.4e-05 9.7e-06 6.6e-06 4.5e-06
[init0.25_rej_hold80] uturn1U2-stokes it= 21 gmres= 1147 fact= 17    2.7s conv=True
      cfl: 0.146 0.292 0.437 0.669 1.07 1.8 3.11 5.48 8.35 11.9 10.5 21 10.5 21 21 42.1 84.2 168 337 673 1.35e+03
      rel: 1.0e+00 1.7e+00 8.5e-01 5.7e-01 3.7e-01 2.3e-01 1.4e-01 8.0e-02 4.6e-02 3.0e-02 2.1e-02 2.4e-02 7.8e-03 7.2e-03 2.6e-03 2.3e-03 7.6e-04 3.0e-04 8.8e-05 1.4e-05 1.1e-06 4.0e-08
[init0.25_rej_hold80] uturn2U2-stokes it= 60 gmres= 2163 fact= 35   10.5s conv=False
      cfl: 0.139 0.263 0.404 0.638 1.04 1.75 2.88 4.81 6.57 1.24 2.48 4.69 5.9 5.9 5.56 7.6 6.34 8.02 8.97 7.3 12.1 9.29 8.91 6.9 12.5 6.27 12.4 7.56 3.78 5.58 5.86 0.586 0.677 0.685 0.686 0.69 0.69 0.692 0.692 0.693 0.694 0.694 0.695 0.696 0.698 0.699 0.7 0.702 0.703 0.705 0.708 0.71 0.713 0.716 0.718 0.722 0.725 0.729 0.733 0.737
      rel: 1.0e+00 1.8e+00 9.5e-01 6.2e-01 3.9e-01 2.4e-01 1.4e-01 8.7e-02 5.2e-02 3.8e-02 2.0e-01 7.2e-02 3.8e-02 3.0e-02 2.7e-02 2.9e-02 2.1e-02 2.5e-02 2.0e-02 1.8e-02 2.2e-02 1.3e-02 1.7e-02 1.8e-02 2.3e-02 1.3e-02 1.5e-02 7.4e-03 1.2e-02 8.0e-03 5.4e-03 5.2e-03 4.5e-03 4.4e-03 4.4e-03 4.4e-03 4.4e-03 4.4e-03 4.4e-03 4.4e-03 4.4e-03 4.4e-03 4.4e-03 4.3e-03 4.3e-03 4.3e-03 4.3e-03 4.3e-03 4.3e-03 4.3e-03 4.3e-03 4.3e-03 4.2e-03 4.2e-03 4.2e-03 4.2e-03 4.2e-03 4.2e-03 4.1e-03 4.1e-03
[init0.1_rej ] flat4-bil      it= 22 gmres=  817 fact= 19   18.3s conv=True
      cfl: 2.39 4.47 8.94 17.9 1.79 3.57 7.15 1.1 2.19 4.38 5.07 5.81 6.78 8.18 10.4 14.1 19.6 18.8 37.7 75.3 151 301
      rel: 8.4e-02 2.6e-02 1.4e-02 7.0e-03 2.4e-03 2.7e-02 9.9e-03 2.4e-03 1.6e-02 1.4e-03 5.5e-04 4.8e-04 4.2e-04 3.6e-04 3.0e-04 2.3e-04 1.7e-04 1.2e-04 1.3e-04 3.4e-05 1.2e-05 2.4e-06 3.0e-07
[init0.1_rej ] flat4-inj      it= 21 gmres= 1208 fact= 20   25.2s conv=True
      cfl: 0.403 0.615 0.896 1.35 2.18 3.75 6.77 13.5 24.5 41 58.2 80 160 52.6 105 149 14.9 29.9 59.7 119 239
      rel: 5.0e-01 8.1e-02 5.3e-02 3.7e-02 2.4e-02 1.5e-02 8.7e-03 4.8e-03 2.2e-03 1.2e-03 7.2e-04 5.1e-04 3.7e-04 4.0e-05 1.2e-04 4.5e-06 3.1e-06 1.6e-04 3.2e-05 1.4e-05 4.1e-06 3.5e-07
[init0.1_rej ] flat2-stokes   it= 35 gmres=  505 fact= 14    3.0s conv=True
      cfl: 0.194 0.226 0.252 0.28 0.31 0.345 0.377 0.42 0.467 0.525 0.592 0.67 0.757 0.842 0.93 1.05 1.17 1.33 1.41 1.73 2.02 2.4 2.74 3.46 4.16 5.49 7.43 10.4 16.4 27.6 55.2 90.7 181 363 726
      rel: 1.0e+00 5.2e-01 4.4e-01 4.0e-01 3.6e-01 3.2e-01 2.9e-01 2.7e-01 2.4e-01 2.1e-01 1.9e-01 1.7e-01 1.5e-01 1.3e-01 1.2e-01 1.1e-01 9.6e-02 8.5e-02 7.5e-02 7.1e-02 5.8e-02 5.0e-02 4.2e-02 3.6e-02 2.9e-02 2.4e-02 1.8e-02 1.3e-02 9.6e-03 6.1e-03 3.6e-03 1.6e-03 9.6e-04 9.7e-05 5.3e-06 1.8e-07
[init0.1_rej ] uturn2-stokes  it= 57 gmres= 3372 fact= 40   16.0s conv=True
      cfl: 0.0406 0.06 0.077 0.0974 0.125 0.159 0.201 0.258 0.333 0.435 0.574 0.753 1.02 1.38 1.87 2.51 3.15 3.13 2.63 3.73 5.19 5.26 3.11 5.88 4.94 8.79 7.74 10.5 12.8 12.7 19.7 14.1 1.41 2.83 3.21 3.58 3.98 4.49 5.16 6.06 7.31 9.15 12 17.1 26.6 53.2 106 10.6 13.9 19.2 29.2 53.4 107 10.7 14.6 20.2 31.5
      rel: 1.0e+00 2.5e+00 1.7e+00 1.3e+00 1.0e+00 8.0e-01 6.3e-01 5.0e-01 3.9e-01 3.0e-01 2.3e-01 1.7e-01 1.3e-01 9.8e-02 7.3e-02 5.4e-02 4.0e-02 3.2e-02 3.2e-02 3.8e-02 2.7e-02 1.9e-02 1.9e-02 3.2e-02 1.7e-02 2.0e-02 1.1e-02 1.3e-02 9.5e-03 7.8e-03 7.8e-03 5.1e-03 7.1e-03 1.7e-03 1.5e-03 1.4e-03 1.2e-03 1.1e-03 9.4e-04 8.0e-04 6.6e-04 5.3e-04 4.0e-04 2.8e-04 1.8e-04 9.1e-05 3.3e-05 2.5e-05 1.8e-05 1.2e-05 6.5e-06 2.8e-06 2.0e-06 1.5e-06 9.4e-07
[init0.1_rej ] uturn1U2-stokes it= 31 gmres= 1342 fact= 19    1.6s conv=True
      cfl: 0.0384 0.0612 0.0781 0.0984 0.12 0.146 0.178 0.219 0.271 0.343 0.441 0.577 0.763 1.03 1.38 1.88 2.55 3.44 4.34 5.28 5.79 9.1 13 17.1 25.6 36.5 72.9 146 292 583 1.17e+03
      rel: 1.0e+00 2.6e+00 1.6e+00 1.3e+00 1.0e+00 8.4e-01 6.8e-01 5.6e-01 4.6e-01 3.7e-01 2.9e-01 2.3e-01 1.7e-01 1.3e-01 9.7e-02 7.3e-02 5.3e-02 3.9e-02 2.9e-02 2.3e-02 1.9e-02 1.7e-02 1.1e-02 7.7e-03 5.8e-03 3.9e-03 2.7e-03 1.3e-03 1.9e-04 3.4e-05 3.1e-06 1.4e-07
[init0.1_rej ] uturn2U2-stokes it= 60 gmres=  827 fact= 20    4.2s conv=False
      cfl: 0.0363 0.0539 0.0679 0.0844 0.109 0.135 0.168 0.211 0.265 0.336 0.43 0.553 0.72 0.919 1.22 1.6 2.07 2.53 2.79 0.777 0.0777 0.0631 0.0993 0.135 0.17 0.203 0.231 0.252 0.264 0.278 0.297 0.308 0.318 0.328 0.336 0.344 0.351 0.357 0.363 0.368 0.374 0.379 0.383 0.387 0.391 0.393 0.394 0.395 0.397 0.4 0.402 0.407 0.409 0.412 0.415 0.417 0.42 0.421 0.424 0.426
      rel: 1.0e+00 2.8e+00 1.9e+00 1.5e+00 1.2e+00 9.2e-01 7.4e-01 5.9e-01 4.7e-01 3.8e-01 3.0e-01 2.3e-01 1.8e-01 1.4e-01 1.1e-01 8.2e-02 6.2e-02 4.8e-02 3.9e-02 3.6e-02 1.3e-01 1.6e-01 1.0e-01 7.4e-02 5.9e-02 4.9e-02 4.3e-02 4.0e-02 3.8e-02 3.6e-02 3.4e-02 3.3e-02 3.1e-02 3.0e-02 3.0e-02 2.9e-02 2.8e-02 2.8e-02 2.8e-02 2.7e-02 2.7e-02 2.6e-02 2.6e-02 2.6e-02 2.6e-02 2.5e-02 2.5e-02 2.5e-02 2.5e-02 2.5e-02 2.5e-02 2.5e-02 2.4e-02 2.4e-02 2.4e-02 2.4e-02 2.4e-02 2.4e-02 2.4e-02 2.3e-02
[init0.5_rej ] flat4-bil      it= 17 gmres= 1103 fact= 16   21.6s conv=True
      cfl: 11.8 9.87 19.7 37.4 3.74 6.96 5.39 10.8 21.6 34 23.5 47 18.9 37.9 75.7 151 303
      rel: 8.4e-02 4.2e-02 5.1e-02 1.3e-02 6.9e-03 3.7e-03 4.8e-03 7.2e-04 3.0e-04 1.9e-04 2.8e-04 1.1e-04 2.8e-04 2.0e-05 5.0e-06 1.1e-06 8.8e-08
[init0.5_rej ] flat4-inj      it= 16 gmres=  700 fact= 15   15.2s conv=True
      cfl: 2.02 4.03 3.51 7.01 11.5 3.5 7.01 9.39 12.3 15.2 26.6 27 54 108 216 432
      rel: 5.0e-01 5.8e-02 2.7e-02 3.0e-02 5.0e-03 3.0e-03 1.0e-02 9.2e-04 6.8e-04 5.2e-04 4.2e-04 2.4e-04 2.4e-04 8.6e-05 1.4e-05 2.4e-06 2.1e-07
[init0.5_rej ] flat2-stokes   it= 19 gmres=  468 fact= 13    2.8s conv=True
      cfl: 1 1.38 1.81 2.72 3.65 4.79 4.88 5.87 11.7 13.4 26.8 37.7 75.4 151 301 46.3 92.6 151 302
      rel: 1.0e+00 4.1e-01 3.0e-01 2.3e-01 1.5e-01 1.1e-01 8.6e-02 8.4e-02 7.0e-02 2.9e-02 2.5e-02 1.0e-02 7.4e-03 1.7e-03 5.6e-04 5.6e-05 3.7e-04 1.0e-05 6.2e-06 5.7e-08
[init0.5_rej ] uturn2-stokes  it= 35 gmres= 3257 fact= 34   14.3s conv=True
      cfl: 0.423 0.846 1.61 3.22 6.44 10.3 6.87 13 8.63 5.16 10.3 12 14.8 19.2 23.6 2.36 4.72 2.44 4.89 4.43 6.84 8.58 11.4 16.5 26.7 53.4 107 10.7 14.2 20.2 32.2 62.1 124 248 496
      rel: 1.0e+00 1.2e+00 4.5e-01 2.4e-01 1.2e-01 5.8e-02 3.6e-02 5.4e-02 2.9e-02 4.3e-02 7.2e-02 2.1e-02 1.8e-02 1.5e-02 1.1e-02 9.3e-03 3.1e-03 6.0e-03 2.1e-03 2.3e-03 1.5e-03 1.2e-03 8.9e-04 6.1e-04 3.8e-04 1.9e-04 6.3e-05 4.7e-05 3.3e-05 2.1e-05 1.1e-05 3.9e-06 1.0e-06 1.0e-07
[init0.5_rej ] uturn1U2-stokes it= 60 gmres=  985 fact= 20    1.3s conv=False
      cfl: 0.397 0.794 1.42 2.74 5.48 10.7 13.8 22.4 2.24 0.224 0.321 0.386 0.413 0.431 0.446 0.459 0.471 0.482 0.491 0.502 0.51 0.519 0.528 0.538 0.547 0.557 0.567 0.576 0.585 0.594 0.605 0.614 0.63 0.641 0.653 0.666 0.68 0.693 0.707 0.721 0.735 0.751 0.766 0.781 0.8 0.819 0.838 0.861 0.882 0.905 0.928 0.956 0.985 1.01 1.05 1.08 1.11 1.15 1.2 1.24
      rel: 1.0e+00 1.3e+00 4.8e-01 2.7e-01 1.4e-01 6.9e-02 3.5e-02 2.8e-02 1.7e-02 1.2e-02 9.8e-03 9.2e-03 8.8e-03 8.5e-03 8.2e-03 8.0e-03 7.9e-03 7.7e-03 7.5e-03 7.4e-03 7.3e-03 7.2e-03 7.0e-03 6.9e-03 6.8e-03 6.7e-03 6.6e-03 6.5e-03 6.4e-03 6.3e-03 6.2e-03 6.0e-03 5.9e-03 5.8e-03 5.7e-03 5.6e-03 5.5e-03 5.4e-03 5.3e-03 5.1e-03 5.0e-03 4.9e-03 4.8e-03 4.7e-03 4.6e-03 4.5e-03 4.4e-03 4.3e-03 4.2e-03 4.1e-03 4.0e-03 3.8e-03 3.7e-03 3.6e-03 3.5e-03 3.4e-03 3.3e-03 3.2e-03 3.0e-03
[init0.5_rej ] uturn2U2-stokes it= 60 gmres= 2942 fact= 33   13.2s conv=False
      cfl: 0.385 0.77 1.42 2.79 5.42 9.1 7.29 9.39 10.3 2.24 4.48 8.24 9.71 11 12.1 10.7 21 12.8 23.9 8.4 16.8 8.37 6.29 0.629 1.26 2.08 2.42 2.06 0.605 1.21 1.37 1.84 1.98 2.06 2.13 2.2 2.27 2.35 2.43 2.52 2.62 2.73 2.86 3 3.16 3.34 3.54 3.77 4.03 4.35 4.71 5.15 5.68 6.32 7.14 8.19 9.59 11.6 14.5 19.1
      rel: 1.0e+00 1.3e+00 5.1e-01 2.8e-01 1.4e-01 7.3e-02 4.3e-02 5.4e-02 4.2e-02 3.8e-02 1.8e-01 5.8e-02 3.2e-02 2.7e-02 2.4e-02 2.2e-02 2.5e-02 1.2e-02 2.0e-02 1.1e-02 3.1e-02 6.8e-03 1.4e-02 1.8e-02 6.1e-03 3.7e-03 3.2e-03 3.7e-03 1.3e-02 3.7e-03 3.2e-03 2.4e-03 2.2e-03 2.2e-03 2.1e-03 2.0e-03 2.0e-03 1.9e-03 1.8e-03 1.8e-03 1.7e-03 1.6e-03 1.5e-03 1.5e-03 1.4e-03 1.3e-03 1.3e-03 1.2e-03 1.1e-03 1.0e-03 9.4e-04 8.6e-04 7.8e-04 7.0e-04 6.2e-04 5.4e-04 4.6e-04 3.8e-04 3.1e-04 2.3e-04

==== summary ====
config       |                  flat4-bil |                  flat4-inj |               flat2-stokes |              uturn2-stokes |            uturn1U2-stokes |            uturn2U2-stokes | total_s
base         | it= 40 gm= 2278   44.8s | it= 16 gm=  700   15.4s | it= 19 gm=  468    2.8s | it= 20 gm= 1713    7.5s! | it= 24 gm= 2431    2.7s | it= 60 gm= 9099   42.0s! |  115.3
init0.25     | it= 13 gm=  821   16.8s | it= 17 gm=  718   15.4s | it= 21 gm=  401    2.4s | it= 28 gm= 2928   12.5s | it= 19 gm= 1616    1.8s | it= 32 gm= 2426   11.5s! |   60.5
init0.25_rej | it= 13 gm=  821   17.7s | it= 17 gm=  718   16.3s | it= 21 gm=  401    2.4s | it= 50 gm= 2572   11.3s | it= 24 gm= 1460    1.8s | it= 49 gm= 3934   17.6s |   67.0
init0.25_rej_tgt_hold40 | it= 17 gm=  863   18.7s | it= 22 gm= 1081   24.0s | it= 20 gm=  412    2.6s | it= 60 gm= 2953   14.3s! | it= 29 gm= 1199    1.6s | it= 60 gm= 3323   15.9s! |   77.0
init0.25_rej_tgt_hold80 | it= 13 gm=  817   17.4s | it= 19 gm= 1153   24.1s | it= 20 gm=  418    2.6s | it= 48 gm= 3374   15.4s | it= 21 gm= 1141    1.4s | it= 56 gm= 4439   20.3s |   81.1
init0.25_rej_hold80 | it= 13 gm=  824   16.7s | it= 17 gm=  718   16.0s | it= 21 gm=  401    2.9s | it= 60 gm= 2768   12.6s! | it= 21 gm= 1147    2.7s | it= 60 gm= 2163   10.5s! |   61.4
init0.1_rej  | it= 22 gm=  817   18.3s | it= 21 gm= 1208   25.2s | it= 35 gm=  505    3.0s | it= 57 gm= 3372   16.0s | it= 31 gm= 1342    1.6s | it= 60 gm=  827    4.2s! |   68.3
init0.5_rej  | it= 17 gm= 1103   21.6s | it= 16 gm=  700   15.2s | it= 19 gm=  468    2.8s | it= 35 gm= 3257   14.3s | it= 60 gm=  985    1.3s! | it= 60 gm= 2942   13.2s! |   68.3
