memcap: unit=memcap-nest_c.py_-73257.scope MemoryMax=16G MemorySwapMax=0 :: python nest_c.py
[mult        ] flat4-bil      it= 40 gmres= 2278 fact= 29   44.3s conv=True
      cfl: 11.8 9.87 19.7 37.4 36.9 27.2 4.41 2.8 1.56 0.177 0.255 0.324 0.229 0.399 0.476 0.537 0.71 0.925 1.25 1.78 2.79 4.35 3.35 4.63 2.52 5.04 8.62 8.69 8.61 13.3 17.6 35.1 70.3 141 281 321 82.2 164 329 658
      rel: 8.4e-02 4.2e-02 5.1e-02 1.3e-02 6.9e-03 7.0e-03 9.5e-03 5.9e-02 9.3e-02 1.7e-01 1.5e+00 1.0e+00 8.0e-01 1.1e+00 6.5e-01 5.5e-01 4.8e-01 3.7e-01 2.8e-01 2.1e-01 1.5e-01 9.3e-02 6.0e-02 7.8e-02 5.6e-02 1.0e-01 3.5e-02 2.1e-02 2.1e-02 2.1e-02 1.3e-02 1.0e-02 4.9e-03 1.6e-03 4.6e-04 8.6e-05 7.5e-05 2.9e-04 1.9e-05 3.2e-06 3.7e-08
[mult        ] flat4-inj      it= 16 gmres=  700 fact= 15   15.6s conv=True
      cfl: 2.02 4.03 3.51 7.01 11.5 3.5 7.01 9.39 12.3 15.2 26.6 27 54 108 216 432
      rel: 5.0e-01 5.8e-02 2.7e-02 3.0e-02 5.0e-03 3.0e-03 1.0e-02 9.2e-04 6.8e-04 5.2e-04 4.2e-04 2.4e-04 2.4e-04 8.6e-05 1.4e-05 2.4e-06 2.1e-07
[mult        ] flat2-stokes   it= 19 gmres=  468 fact= 13    2.7s conv=True
      cfl: 1 1.38 1.81 2.72 3.65 4.79 4.88 5.87 11.7 13.4 26.8 37.7 75.4 151 301 46.3 92.6 151 302
      rel: 1.0e+00 4.1e-01 3.0e-01 2.3e-01 1.5e-01 1.1e-01 8.6e-02 8.4e-02 7.0e-02 2.9e-02 2.5e-02 1.0e-02 7.4e-03 1.7e-03 5.6e-04 5.6e-05 3.7e-04 1.0e-05 6.2e-06 5.7e-08
[mult        ] uturn2-stokes  it= 20 gmres= 1713 fact= 19    7.4s conv=False
      cfl: 0.423 0.846 1.61 3.22 6.44 10.3 6.87 13 8.63 5.16 10.3 12 14.8 19.2 23.6 2.36 0.236 0.472 0.0472 0.00472
      rel: 1.0e+00 1.2e+00 4.5e-01 2.4e-01 1.2e-01 5.8e-02 3.6e-02 5.4e-02 2.9e-02 4.3e-02 7.2e-02 2.1e-02 1.8e-02 1.5e-02 1.1e-02 9.3e-03 7.0e+01 3.3e+03 1.4e+03 2.3e+05 8.1e+07
[mult        ] uturn1U2-stokes it= 24 gmres= 2431 fact= 21    2.6s conv=True
      cfl: 0.397 0.794 1.42 2.74 5.48 10.7 13.8 22.4 11.2 9.41 9.37 9.39 9.41 9.44 8.75 17.5 13.4 26.9 39.2 78.3 157 313 627 1.25e+03
      rel: 1.0e+00 1.3e+00 4.8e-01 2.7e-01 1.4e-01 6.9e-02 3.5e-02 2.8e-02 1.7e-02 3.4e-02 4.0e-02 4.0e-02 4.0e-02 4.0e-02 4.0e-02 4.3e-02 6.7e-03 8.7e-03 2.2e-03 1.5e-03 3.4e-04 1.0e-04 1.9e-05 1.4e-06 5.9e-08
[mult        ] uturn2U2-stokes it= 60 gmres= 9099 fact= 57   42.9s conv=False
      cfl: 0.385 0.77 1.42 2.79 5.42 9.1 7.29 9.39 10.3 2.24 4.48 8.24 9.71 11 12.1 10.7 21 12.8 23.9 8.4 16.8 8.37 6.29 5.75 11.5 8.42 4.61 7.17 14.3 9.31 13.8 27.6 55.2 105 211 114 228 257 514 536 545 550 554 556 558 559 561 562 564 565 566 567 568 568 569 570 570 571 571 572
      rel: 1.0e+00 1.3e+00 5.1e-01 2.8e-01 1.4e-01 7.3e-02 4.3e-02 5.4e-02 4.2e-02 3.8e-02 1.8e-01 5.8e-02 3.2e-02 2.7e-02 2.4e-02 2.2e-02 2.5e-02 1.2e-02 2.0e-02 1.1e-02 3.1e-02 6.8e-03 1.4e-02 1.8e-02 2.0e-02 7.8e-03 1.1e-02 2.0e-02 1.3e-02 4.7e-03 7.2e-03 4.8e-03 9.6e-04 4.6e-04 2.4e-04 5.9e-05 1.1e-04 1.7e-05 1.5e-05 6.1e-06 5.8e-06 5.7e-06 5.7e-06 5.6e-06 5.6e-06 5.6e-06 5.6e-06 5.5e-06 5.5e-06 5.5e-06 5.5e-06 5.5e-06 5.5e-06 5.5e-06 5.5e-06 5.5e-06 5.5e-06 5.5e-06 5.5e-06 5.4e-06 5.4e-06
[target      ] flat4-bil      it= 60 gmres= 3976 fact= 60   80.0s conv=False
      cfl: 11.8 9.87 19.7 39.5 38.8 28.6 4.49 2.22 4.44 8.89 17.8 35.6 71.1 7.11 6.76 10.3 2.3 4.6 9.2 18.4 1.84 0.982 0.225 0.0452 0.0904 0.181 0.361 0.157 0.313 0.627 0.0627 0.125 0.251 0.501 1 2.01 1.12 2.24 0.883 1.77 3.53 7.07 14.1 27.5 17.9 32.2 19 28.8 6.22 9.87 19.7 39.5 16.4 3.19 6.37 12.7 22.6 45.3 90.5 181
      rel: 8.4e-02 4.2e-02 5.1e-02 1.3e-02 6.9e-03 7.1e-03 9.6e-03 6.1e-02 1.2e-01 4.8e-02 2.7e-02 1.1e-02 6.2e-03 4.9e-03 6.4e-02 6.7e-02 4.8e-02 2.2e-01 6.7e-02 1.3e-02 5.5e-03 6.6e-02 1.2e-01 5.4e-01 2.7e+00 5.1e-01 2.3e-01 1.9e-01 4.4e-01 1.4e-01 1.4e-01 1.8e+00 3.0e-01 2.0e-01 1.8e-01 1.6e-01 1.5e-01 2.7e-01 1.1e-01 2.7e-01 1.1e-01 7.2e-02 3.8e-02 3.5e-02 1.8e-02 2.8e-02 1.6e-02 2.6e-02 1.7e-02 8.0e-02 5.1e-02 1.4e-02 5.7e-03 1.4e-02 7.0e-02 4.0e-02 3.3e-02 2.2e-02 3.9e-03 3.7e-03 9.6e-04
[target      ] flat4-inj      it= 15 gmres=  724 fact= 14   15.6s conv=True
      cfl: 2.02 4.03 3.51 7.01 14 4.14 8.28 16.6 33.1 66.2 35.7 71.4 143 286 572
      rel: 5.0e-01 5.8e-02 2.7e-02 3.0e-02 5.0e-03 3.0e-03 1.0e-02 8.6e-04 5.9e-04 3.8e-04 2.5e-04 4.7e-04 2.2e-04 2.4e-05 2.8e-06 1.4e-07
[target      ] flat2-stokes   it= 20 gmres=  572 fact= 17    3.5s conv=True
      cfl: 1 1.68 2.26 3.61 4.77 6.9 11.1 13.5 16.9 33.8 25.2 50.4 101 202 403 40.3 80.6 161 323 645
      rel: 1.0e+00 4.1e-01 3.0e-01 2.2e-01 1.4e-01 1.0e-01 7.2e-02 4.5e-02 3.7e-02 3.0e-02 1.0e-02 1.4e-02 5.8e-03 1.8e-03 9.2e-04 6.7e-05 5.6e-03 7.1e-04 9.5e-05 2.2e-06 7.2e-08
[target      ] uturn2-stokes  it= 60 gmres= 4717 fact= 45   20.4s conv=False
      cfl: 0.423 0.846 1.69 3.38 6.77 13.4 3.45 6.9 13.8 12.4 21.9 22.6 40 50.3 5.03 0.113 0.226 0.267 0.249 0.258 0.297 0.329 0.385 0.482 0.625 0.81 1.26 1.22 0.944 0.275 0.55 1.1 2.2 4.4 6.07 6.94 10.1 15.4 13.4 26.4 22.3 41.4 73.2 146 14.6 29.3 41.3 67.2 65.1 6.51 5.31 0.531 0.0119 0.0217 0.0223 0.0225 0.0227 0.0229 0.0231 0.0232
      rel: 1.0e+00 1.2e+00 4.5e-01 2.4e-01 1.1e-01 5.6e-02 3.7e-02 1.5e-01 5.7e-02 2.8e-02 3.1e-02 2.3e-02 2.2e-02 1.3e-02 9.9e-03 6.7e+00 4.4e+00 2.0e+00 1.9e+00 2.0e+00 1.9e+00 1.7e+00 1.5e+00 1.3e+00 1.0e+00 8.0e-01 6.2e-01 4.0e-01 4.1e-01 5.3e-01 1.8e+00 3.0e-01 2.1e-01 1.5e-01 1.1e-01 8.2e-02 7.2e-02 5.0e-02 3.2e-02 3.7e-02 1.9e-02 2.2e-02 1.2e-02 6.8e-03 1.8e-03 2.3e-02 1.2e-02 1.2e-02 7.4e-03 7.7e-03 7.3e-01 8.9e-01 6.4e+01 4.2e+01 2.3e+01 2.2e+01 2.2e+01 2.2e+01 2.2e+01 2.2e+01 2.2e+01
[target      ] uturn1U2-stokes it= 10 gmres=  679 fact=  9    0.8s conv=False
      cfl: 0.397 0.794 1.59 3.18 6.35 12.7 19.8 32.7 26.9 2.69
      rel: 1.0e+00 1.3e+00 4.8e-01 2.7e-01 1.3e-01 6.3e-02 3.6e-02 2.5e-02 1.5e-02 1.9e-02 2.7e+08
[target      ] uturn2U2-stokes it= 60 gmres= 4033 fact= 43   17.5s conv=False
      cfl: 0.385 0.77 1.54 3.08 6.16 11.7 2.74 5.33 9.65 11 8.58 5.05 6.62 0.662 0.165 0.219 0.248 0.276 0.317 0.376 0.418 0.528 0.675 0.734 1.07 1.36 1.47 1.49 2.64 2.58 3.52 5.04 7.51 4.47 8.94 17.9 17.6 3.78 7.56 15.1 30.2 20.8 18.7 18.3 2.59 0.368 0.736 1.47 2.12 0.212 0.0285 0.0319 0.0349 0.0393 0.04 0.0424 0.0445 0.046 0.0472 0.0482
      rel: 1.0e+00 1.3e+00 5.1e-01 2.8e-01 1.4e-01 6.9e-02 4.3e-02 1.8e-01 9.4e-02 5.2e-02 4.6e-02 5.8e-02 9.9e-02 7.5e-02 4.4e+00 3.0e+00 2.3e+00 2.0e+00 1.8e+00 1.6e+00 1.3e+00 1.2e+00 9.5e-01 7.4e-01 6.8e-01 4.7e-01 3.7e-01 3.4e-01 3.4e-01 1.9e-01 1.9e-01 1.4e-01 9.9e-02 6.7e-02 1.1e-01 2.5e-02 1.7e-02 1.8e-02 8.3e-02 2.6e-02 1.6e-02 9.8e-03 1.4e-02 1.6e-02 1.6e-02 1.1e-01 8.0e-01 4.5e-01 3.1e-01 2.4e-01 2.4e+01 1.8e+01 1.6e+01 1.4e+01 1.3e+01 1.2e+01 1.2e+01 1.1e+01 1.1e+01 1.1e+01 1.0e+01
[mult_rej10  ] flat4-bil      it= 40 gmres= 2278 fact= 29   44.7s conv=True
      cfl: 11.8 9.87 19.7 37.4 36.9 27.2 4.41 2.8 1.56 0.177 0.255 0.324 0.229 0.399 0.476 0.537 0.71 0.925 1.25 1.78 2.79 4.35 3.35 4.63 2.52 5.04 8.62 8.69 8.61 13.3 17.6 35.1 70.3 141 281 321 82.2 164 329 658
      rel: 8.4e-02 4.2e-02 5.1e-02 1.3e-02 6.9e-03 7.0e-03 9.5e-03 5.9e-02 9.3e-02 1.7e-01 1.5e+00 1.0e+00 8.0e-01 1.1e+00 6.5e-01 5.5e-01 4.8e-01 3.7e-01 2.8e-01 2.1e-01 1.5e-01 9.3e-02 6.0e-02 7.8e-02 5.6e-02 1.0e-01 3.5e-02 2.1e-02 2.1e-02 2.1e-02 1.3e-02 1.0e-02 4.9e-03 1.6e-03 4.6e-04 8.6e-05 7.5e-05 2.9e-04 1.9e-05 3.2e-06 3.7e-08
[mult_rej10  ] flat4-inj      it= 16 gmres=  700 fact= 15   15.7s conv=True
      cfl: 2.02 4.03 3.51 7.01 11.5 3.5 7.01 9.39 12.3 15.2 26.6 27 54 108 216 432
      rel: 5.0e-01 5.8e-02 2.7e-02 3.0e-02 5.0e-03 3.0e-03 1.0e-02 9.2e-04 6.8e-04 5.2e-04 4.2e-04 2.4e-04 2.4e-04 8.6e-05 1.4e-05 2.4e-06 2.1e-07
[mult_rej10  ] flat2-stokes   it= 19 gmres=  468 fact= 13    3.6s conv=True
      cfl: 1 1.38 1.81 2.72 3.65 4.79 4.88 5.87 11.7 13.4 26.8 37.7 75.4 151 301 46.3 92.6 151 302
      rel: 1.0e+00 4.1e-01 3.0e-01 2.3e-01 1.5e-01 1.1e-01 8.6e-02 8.4e-02 7.0e-02 2.9e-02 2.5e-02 1.0e-02 7.4e-03 1.7e-03 5.6e-04 5.6e-05 3.7e-04 1.0e-05 6.2e-06 5.7e-08
[mult_rej10  ] uturn2-stokes  it= 37 gmres= 3766 fact= 36   16.7s conv=True
      cfl: 0.423 0.846 1.61 3.22 6.44 10.3 6.87 13 8.63 5.16 10.3 12 14.8 19.2 23.6 2.36 4.72 2.44 4.89 4.43 6.84 8.58 11.4 16.5 26.7 53.4 107 53.9 108 55.7 111 55.9 112 56.1 112 56.1 112
      rel: 1.0e+00 1.2e+00 4.5e-01 2.4e-01 1.2e-01 5.8e-02 3.6e-02 5.4e-02 2.9e-02 4.3e-02 7.2e-02 2.1e-02 1.8e-02 1.5e-02 1.1e-02 9.3e-03 7.0e+01 3.1e-03 6.0e-03 2.1e-03 2.3e-03 1.5e-03 1.2e-03 8.9e-04 6.1e-04 3.8e-04 1.9e-04 6.3e-05 1.2e-04 2.3e-05 4.4e-05 8.3e-06 1.7e-05 3.2e-06 6.5e-06 1.3e-06 2.5e-06 5.0e-07
[mult_rej10  ] uturn1U2-stokes it= 24 gmres= 2431 fact= 21    2.7s conv=True
      cfl: 0.397 0.794 1.42 2.74 5.48 10.7 13.8 22.4 11.2 9.41 9.37 9.39 9.41 9.44 8.75 17.5 13.4 26.9 39.2 78.3 157 313 627 1.25e+03
      rel: 1.0e+00 1.3e+00 4.8e-01 2.7e-01 1.4e-01 6.9e-02 3.5e-02 2.8e-02 1.7e-02 3.4e-02 4.0e-02 4.0e-02 4.0e-02 4.0e-02 4.0e-02 4.3e-02 6.7e-03 8.7e-03 2.2e-03 1.5e-03 3.4e-04 1.0e-04 1.9e-05 1.4e-06 5.9e-08
[mult_rej10  ] uturn2U2-stokes it= 60 gmres= 9099 fact= 57   40.2s conv=False
      cfl: 0.385 0.77 1.42 2.79 5.42 9.1 7.29 9.39 10.3 2.24 4.48 8.24 9.71 11 12.1 10.7 21 12.8 23.9 8.4 16.8 8.37 6.29 5.75 11.5 8.42 4.61 7.17 14.3 9.31 13.8 27.6 55.2 105 211 114 228 257 514 536 545 550 554 556 558 559 561 562 564 565 566 567 568 568 569 570 570 571 571 572
      rel: 1.0e+00 1.3e+00 5.1e-01 2.8e-01 1.4e-01 7.3e-02 4.3e-02 5.4e-02 4.2e-02 3.8e-02 1.8e-01 5.8e-02 3.2e-02 2.7e-02 2.4e-02 2.2e-02 2.5e-02 1.2e-02 2.0e-02 1.1e-02 3.1e-02 6.8e-03 1.4e-02 1.8e-02 2.0e-02 7.8e-03 1.1e-02 2.0e-02 1.3e-02 4.7e-03 7.2e-03 4.8e-03 9.6e-04 4.6e-04 2.4e-04 5.9e-05 1.1e-04 1.7e-05 1.5e-05 6.1e-06 5.8e-06 5.7e-06 5.7e-06 5.6e-06 5.6e-06 5.6e-06 5.6e-06 5.5e-06 5.5e-06 5.5e-06 5.5e-06 5.5e-06 5.5e-06 5.5e-06 5.5e-06 5.5e-06 5.5e-06 5.5e-06 5.5e-06 5.4e-06 5.4e-06
[target_rej10] flat4-bil      it= 26 gmres= 1383 fact= 25   30.0s conv=True
      cfl: 11.8 9.87 19.7 39.5 38.8 28.6 4.49 2.22 4.44 8.89 17.8 35.6 71.1 7.11 0.711 0.427 0.854 1.71 3.42 6.83 13.7 27.3 54.7 109 219 437
      rel: 8.4e-02 4.2e-02 5.1e-02 1.3e-02 6.9e-03 7.1e-03 9.6e-03 6.1e-02 1.2e-01 4.8e-02 2.7e-02 1.1e-02 6.2e-03 4.9e-03 6.4e-02 5.3e-02 8.1e-03 5.5e-04 4.1e-04 3.5e-04 3.1e-04 2.4e-04 1.6e-04 7.4e-05 2.3e-05 4.7e-06 5.4e-07
[target_rej10] flat4-inj      it= 15 gmres=  724 fact= 14   15.7s conv=True
      cfl: 2.02 4.03 3.51 7.01 14 4.14 8.28 16.6 33.1 66.2 35.7 71.4 143 286 572
      rel: 5.0e-01 5.8e-02 2.7e-02 3.0e-02 5.0e-03 3.0e-03 1.0e-02 8.6e-04 5.9e-04 3.8e-04 2.5e-04 4.7e-04 2.2e-04 2.4e-05 2.8e-06 1.4e-07
[target_rej10] flat2-stokes   it= 21 gmres=  591 fact= 18    3.9s conv=True
      cfl: 1 1.68 2.26 3.61 4.77 6.9 11.1 13.5 16.9 33.8 25.2 50.4 101 202 403 40.3 4.03 8.06 16.1 32.3 64.5
      rel: 1.0e+00 4.1e-01 3.0e-01 2.2e-01 1.4e-01 1.0e-01 7.2e-02 4.5e-02 3.7e-02 3.0e-02 1.0e-02 1.4e-02 5.8e-03 1.8e-03 9.2e-04 6.7e-05 5.6e-03 8.2e-04 1.9e-05 4.7e-06 1.8e-06 5.1e-07
[target_rej10] uturn2-stokes  it= 23 gmres= 2552 fact= 22   11.0s conv=True
      cfl: 0.423 0.846 1.69 3.38 6.77 13.4 3.45 6.9 13.8 12.4 21.9 22.6 40 50.3 5.03 10.1 9.73 19.5 38.9 77.8 156 311 623
      rel: 1.0e+00 1.2e+00 4.5e-01 2.4e-01 1.1e-01 5.6e-02 3.7e-02 1.5e-01 5.7e-02 2.8e-02 3.1e-02 2.3e-02 2.2e-02 1.3e-02 9.9e-03 6.7e+00 2.4e-03 2.5e-03 6.5e-04 3.5e-04 1.4e-04 3.6e-05 8.5e-06 8.2e-07
[target_rej10] uturn1U2-stokes it= 60 gmres=10679 fact= 59   11.4s conv=False
      cfl: 0.397 0.794 1.59 3.18 6.35 12.7 19.8 32.7 26.9 2.69 5.37 5.35 5.35 5.34 5.32 5.32 5.32 5.31 5.31 5.3 5.3 5.29 5.29 5.28 5.27 5.27 5.26 5.26 5.26 10.5 21 21 21 21 26.5 26.5 26.5 26.5 26.5 26.5 26.5 26.5 26.5 26.5 26.5 26.5 26.5 26.5 26.4 26.4 26.4 26.4 26.5 26.4 26.4 26.4 26.4 26.4 26.4 26.4
      rel: 1.0e+00 1.3e+00 4.8e-01 2.7e-01 1.3e-01 6.3e-02 3.6e-02 2.5e-02 1.5e-02 1.9e-02 2.7e+08 1.9e-02 1.9e-02 1.9e-02 1.9e-02 1.9e-02 1.9e-02 1.9e-02 1.9e-02 1.9e-02 1.9e-02 1.9e-02 1.9e-02 1.9e-02 1.9e-02 1.9e-02 1.9e-02 1.9e-02 1.9e-02 1.9e-02 1.9e-02 1.9e-02 1.9e-02 1.9e-02 1.9e-02 1.9e-02 1.9e-02 1.9e-02 1.9e-02 1.9e-02 1.9e-02 1.9e-02 1.9e-02 1.9e-02 1.9e-02 1.9e-02 1.9e-02 1.9e-02 1.9e-02 1.9e-02 1.9e-02 1.9e-02 1.9e-02 1.9e-02 1.9e-02 1.9e-02 1.9e-02 1.9e-02 1.9e-02 1.9e-02 1.9e-02
[target_rej10] uturn2U2-stokes it= 53 gmres= 6305 fact= 52   28.8s conv=True
      cfl: 0.385 0.77 1.54 3.08 6.16 11.7 2.74 5.33 9.65 11 8.58 5.05 6.62 0.662 1.32 2.65 5.3 10.6 9.35 18.7 17.6 30.3 23.9 20.4 30.5 3.05 6.09 12.2 1.22 2.44 4.87 9.75 0.975 1.95 3.9 7.8 15.6 8.16 16.3 32.7 65.3 6.53 13.1 26.1 52.2 104 209 107 213 108 216 126 251
      rel: 1.0e+00 1.3e+00 5.1e-01 2.8e-01 1.4e-01 6.9e-02 4.3e-02 1.8e-01 9.4e-02 5.2e-02 4.6e-02 5.8e-02 9.9e-02 7.5e-02 4.4e+00 2.3e-02 1.9e-02 1.8e-02 1.8e-02 2.0e-02 1.8e-02 1.9e-02 1.6e-02 2.1e-02 2.5e-02 1.6e-02 2.3e+00 7.6e-03 4.8e-03 1.8e+00 3.6e-03 3.3e-03 3.0e-03 1.3e-01 2.8e-03 2.8e-03 2.7e-03 2.2e-03 4.2e-03 1.9e-03 1.2e-03 7.9e-04 3.2e+04 4.9e-04 3.9e-04 2.4e-04 1.2e-04 3.2e-05 6.3e-05 9.1e-06 1.8e-05 2.4e-06 4.1e-06 5.9e-07
[target_rej3 ] flat4-bil      it= 31 gmres= 1503 fact= 30   33.2s conv=True
      cfl: 11.8 9.87 19.7 39.5 38.8 28.6 2.86 0.286 0.572 0.301 0.602 1.2 2.41 4.82 9.63 19.3 38.5 3.85 7.71 15.4 30.8 3.08 6.17 12.3 11.2 8.32 7.47 14.9 29.9 59.8 120
      rel: 8.4e-02 4.2e-02 5.1e-02 1.3e-02 6.9e-03 7.1e-03 9.6e-03 6.1e-02 3.5e-02 3.5e-03 6.7e-03 7.8e-04 6.1e-04 4.7e-04 3.3e-04 2.0e-04 1.3e-04 7.8e-05 4.6e-04 6.8e-05 5.4e-05 4.2e-05 1.6e-04 3.1e-05 2.5e-05 2.7e-05 3.7e-05 4.1e-05 6.6e-06 3.6e-06 1.5e-06 4.2e-07
[target_rej3 ] flat4-inj      it= 17 gmres=  786 fact= 16   17.8s conv=True
      cfl: 2.02 4.03 3.51 7.01 14 1.4 2.81 5.61 11.2 22.4 44.9 89.8 75.1 150 300 601 1.2e+03
      rel: 5.0e-01 5.8e-02 2.7e-02 3.0e-02 5.0e-03 3.0e-03 1.0e-02 2.1e-03 1.4e-03 1.1e-03 8.4e-04 4.6e-04 3.7e-04 4.4e-04 6.3e-05 1.2e-05 1.6e-06 2.8e-08
[target_rej3 ] flat2-stokes   it= 21 gmres=  591 fact= 18    3.8s conv=True
      cfl: 1 1.68 2.26 3.61 4.77 6.9 11.1 13.5 16.9 33.8 25.2 50.4 101 202 403 40.3 4.03 8.06 16.1 32.3 64.5
      rel: 1.0e+00 4.1e-01 3.0e-01 2.2e-01 1.4e-01 1.0e-01 7.2e-02 4.5e-02 3.7e-02 3.0e-02 1.0e-02 1.4e-02 5.8e-03 1.8e-03 9.2e-04 6.7e-05 5.6e-03 8.2e-04 1.9e-05 4.7e-06 1.8e-06 5.1e-07
[target_rej3 ] uturn2-stokes  it= 32 gmres= 3601 fact= 31   16.0s conv=True
      cfl: 0.423 0.846 1.69 3.38 6.77 13.4 1.34 2.68 5.37 3.41 6.83 13.7 11.8 22.5 12.5 25 39.3 3.93 7.86 15.7 31.4 22.4 44.9 89.7 179 359 35.9 71.8 144 14.4 10.1 20.2
      rel: 1.0e+00 1.2e+00 4.5e-01 2.4e-01 1.1e-01 5.6e-02 3.7e-02 1.5e-01 3.6e-02 3.3e-02 5.1e-02 2.3e-02 2.1e-02 2.4e-02 2.2e-02 4.0e-02 1.8e-02 1.3e-02 1.5e+03 3.4e-03 2.4e-03 2.0e-03 2.8e-03 6.5e-04 2.4e-04 6.5e-05 8.9e-06 2.9e-05 4.8e-06 1.4e-06 5.6e-06 2.0e-06 7.2e-07
[target_rej3 ] uturn1U2-stokes it= 60 gmres=10679 fact= 59   11.3s conv=False
      cfl: 0.397 0.794 1.59 3.18 6.35 12.7 19.8 32.7 26.9 2.69 5.37 5.35 5.35 5.34 5.32 5.32 5.32 5.31 5.31 5.3 5.3 5.29 5.29 5.28 5.27 5.27 5.26 5.26 5.26 10.5 21 21 21 21 26.5 26.5 26.5 26.5 26.5 26.5 26.5 26.5 26.5 26.5 26.5 26.5 26.5 26.5 26.4 26.4 26.4 26.4 26.5 26.4 26.4 26.4 26.4 26.4 26.4 26.4
      rel: 1.0e+00 1.3e+00 4.8e-01 2.7e-01 1.3e-01 6.3e-02 3.6e-02 2.5e-02 1.5e-02 1.9e-02 2.7e+08 1.9e-02 1.9e-02 1.9e-02 1.9e-02 1.9e-02 1.9e-02 1.9e-02 1.9e-02 1.9e-02 1.9e-02 1.9e-02 1.9e-02 1.9e-02 1.9e-02 1.9e-02 1.9e-02 1.9e-02 1.9e-02 1.9e-02 1.9e-02 1.9e-02 1.9e-02 1.9e-02 1.9e-02 1.9e-02 1.9e-02 1.9e-02 1.9e-02 1.9e-02 1.9e-02 1.9e-02 1.9e-02 1.9e-02 1.9e-02 1.9e-02 1.9e-02 1.9e-02 1.9e-02 1.9e-02 1.9e-02 1.9e-02 1.9e-02 1.9e-02 1.9e-02 1.9e-02 1.9e-02 1.9e-02 1.9e-02 1.9e-02 1.9e-02
[target_rej3 ] uturn2U2-stokes it= 60 gmres= 6631 fact= 57   30.6s conv=False
      cfl: 0.385 0.77 1.54 3.08 6.16 11.7 1.17 2.33 2.1 4.2 8.4 7.28 7.06 14.1 11 22.1 9.93 19.6 23.5 15.6 31.2 36.9 24.7 31.9 27.5 14.9 17.2 17.5 22.5 16.8 24.7 2.47 4.94 9.87 9.72 0.972 1.94 3.89 2.58 1.28 0.72 1.44 2.88 0.288 0.576 1.15 2.31 4.61 9.22 7.22 14.4 28.9 57.7 115 231 462 924 1.85e+03 3.7e+03 3.69e+03
      rel: 1.0e+00 1.3e+00 5.1e-01 2.8e-01 1.4e-01 6.9e-02 4.3e-02 1.8e-01 4.1e-02 4.5e-02 3.3e-02 2.7e-02 3.1e-02 3.2e-02 2.3e-02 3.0e-02 2.1e-02 4.6e-02 2.5e-02 2.1e-02 3.2e-02 1.4e-02 1.4e-02 2.0e-02 1.6e-02 1.8e-02 3.4e-02 2.9e-02 2.9e-02 2.2e-02 3.0e-02 2.0e-02 1.1e+03 6.5e-03 5.6e-03 5.6e-03 1.5e-01 1.5e-03 6.4e-04 9.6e-04 1.9e-03 3.4e-03 1.1e-03 4.8e-04 1.4e-02 4.6e-04 3.7e-04 3.4e-04 3.1e-04 2.8e-04 3.6e-04 2.0e-04 1.4e-04 8.0e-05 3.3e-05 1.1e-05 9.9e-06 9.6e-06 9.2e-06 9.2e-06 9.2e-06
[target_g4_rej10] flat4-bil      it= 21 gmres= 1069 fact= 21   22.5s conv=True
      cfl: 11.8 9.87 38 61.9 50.2 9.23 0.923 3.69 14.8 5.15 0.515 0.259 1.03 4.14 16.6 66.2 10.2 40.6 163 650 2.6e+03
      rel: 8.4e-02 4.2e-02 5.1e-02 1.3e-02 8.1e-03 1.0e-02 5.4e-02 3.0e+00 2.2e-02 2.7e-03 7.6e-03 3.8e-01 1.5e-02 9.2e-04 2.9e-04 1.6e-04 6.3e-05 4.1e-04 7.7e-05 1.4e-05 2.8e-06 1.5e-07
[target_g4_rej10] flat4-inj      it= 39 gmres= 3599 fact= 37   68.3s conv=True
      cfl: 4.03 10.4 6.62 6.49 6.44 1.61 3.23 6.34 3.51 8.42 9.84 2.08 3.79 6.74 3.36 4.76 4.24 4.23 4.03 3.27 0.327 1.31 5.23 20.9 40.1 118 239 48.8 195 781 675 2.5e+03 4.36e+03 2.02e+03 529 2.12e+03 8.46e+03 3.39e+04 1.35e+05
      rel: 5.0e-01 5.8e-02 4.8e-02 7.6e-02 7.7e-02 7.8e-02 3.1e-01 1.5e-01 7.9e-02 1.4e-01 5.9e-02 5.1e-02 2.4e-01 1.3e-01 7.4e-02 1.5e-01 1.1e-01 1.2e-01 1.2e-01 1.2e-01 1.5e-01 2.3e+02 5.5e-02 3.1e-02 2.0e-02 1.2e-02 4.2e-03 2.1e-03 1.0e-02 1.1e-03 2.4e-04 2.8e-04 2.0e-04 1.1e-04 2.5e-04 9.5e-04 1.8e-04 5.7e-05 8.4e-06 9.1e-07
[target_g4_rej10] flat2-stokes   it= 14 gmres=  345 fact=  9    2.0s conv=True
      cfl: 1.22 1.75 2.36 3.81 4.22 6.69 11.6 14.9 18.8 53.8 191 650 2.6e+03 1.04e+04
      rel: 1.0e+00 4.1e-01 2.9e-01 2.1e-01 1.3e-01 1.2e-01 7.5e-02 4.3e-02 3.4e-02 2.7e-02 9.3e-03 2.6e-03 7.7e-04 2.1e-05 3.5e-07
[target_g4_rej10] uturn2-stokes  it= 23 gmres= 3177 fact= 23   13.7s conv=True
      cfl: 0.423 1.11 2.36 5.41 11 13.3 14.5 16 14.2 29.1 23.7 46.1 64.9 110 11 43.9 176 172 124 495 1.98e+03 7.92e+03 3.17e+04
      rel: 1.0e+00 1.2e+00 4.5e-01 2.1e-01 9.2e-02 4.6e-02 3.8e-02 3.5e-02 3.1e-02 3.5e-02 1.7e-02 2.1e-02 1.1e-02 7.7e-03 4.6e-03 1.5e+05 1.6e-03 6.2e-04 6.3e-04 8.8e-04 1.0e-04 1.3e-05 3.2e-06 8.1e-07
[target_g4_rej10] uturn1U2-stokes it= 60 gmres= 5107 fact= 58    5.9s conv=False
      cfl: 0.397 1.04 2.07 4.49 9.93 17.2 2.53 8.99 4.45 0.511 1.09 1.91 4 6.2 11.7 15.4 28.1 22.4 38.8 45.5 98.9 107 429 1.72e+03 6.86e+03 4.5e+03 1.8e+04 1.61e+04 1.08e+04 4.33e+04 3.87e+04 2.61e+04 1.04e+05 9.32e+04 6.28e+04 1.83e+05 1.64e+05 1.1e+05 1.83e+05 1.64e+05 1.1e+05 1.83e+05 1.63e+05 1.1e+05 1.83e+05 1.63e+05 1.1e+05 1.83e+05 1.64e+05 1.1e+05 1.83e+05 1.64e+05 1.1e+05 1.83e+05 1.63e+05 1.1e+05 1.83e+05 1.64e+05 1.1e+05 1.83e+05
      rel: 1.0e+00 1.3e+00 4.8e-01 2.4e-01 1.1e-01 5.0e-02 2.9e-02 2.0e-01 5.6e-02 1.1e-01 9.8e-01 4.6e-01 2.6e-01 1.3e-01 8.1e-02 4.3e-02 3.2e-02 1.8e-02 2.2e-02 1.3e-02 1.1e-02 5.1e-03 4.7e-03 5.2e-04 1.4e-05 3.0e-06 4.5e-06 2.7e-06 3.1e-06 4.5e-06 2.7e-06 3.1e-06 4.5e-06 2.7e-06 3.1e-06 4.5e-06 2.7e-06 3.1e-06 4.5e-06 2.7e-06 3.1e-06 4.5e-06 2.7e-06 3.1e-06 4.5e-06 2.7e-06 3.1e-06 4.5e-06 2.7e-06 3.1e-06 4.5e-06 2.7e-06 3.1e-06 4.5e-06 2.7e-06 3.1e-06 4.5e-06 2.7e-06 3.1e-06 4.5e-06 2.7e-06
[target_g4_rej10] uturn2U2-stokes it= 60 gmres= 9091 fact= 59   41.4s conv=False
      cfl: 0.385 0.978 1.99 4.33 8.6 10.6 9.05 11.2 8.92 14.1 12.1 20 21.2 28.1 22.3 23.3 21.2 2.12 8.5 4.61 0.461 1.85 7.38 1.41 5.64 1.84 7.37 29.5 99.7 149 199 213 215 32 77.7 122 175 209 210 261 266 267 225 225 240 243 245 233 399 423 425 425 425 427 427 427 427 427 426 427
      rel: 1.0e+00 1.3e+00 5.1e-01 2.5e-01 1.2e-01 5.8e-02 4.7e-02 5.5e-02 4.5e-02 5.6e-02 3.5e-02 4.1e-02 2.5e-02 2.4e-02 1.8e-02 2.2e-02 2.1e-02 2.4e-02 1.6e+13 8.4e-03 1.5e-02 4.8e+00 5.1e-03 4.5e-03 2.4e-02 1.4e-02 4.3e-02 1.5e-02 8.5e-03 5.0e-03 3.4e-03 2.5e-03 2.3e-03 2.3e-03 1.6e-02 6.4e-03 4.1e-03 2.9e-03 2.4e-03 2.4e-03 1.9e-03 1.9e-03 1.9e-03 2.2e-03 2.2e-03 2.1e-03 2.1e-03 2.0e-03 2.1e-03 1.3e-03 1.2e-03 1.2e-03 1.2e-03 1.2e-03 1.2e-03 1.2e-03 1.2e-03 1.2e-03 1.2e-03 1.2e-03 1.2e-03
[target_s0.3_rej10] flat4-bil      it= 22 gmres= 1469 fact= 23   29.1s conv=True
      cfl: 11.8 9.87 19.7 39.5 38.8 28.6 8.59 2.58 5.15 10.3 20.6 15.9 4.77 9.55 19.1 6.12 12.2 24.5 48.9 97.9 196 391
      rel: 8.4e-02 4.2e-02 5.1e-02 1.3e-02 6.9e-03 7.1e-03 9.6e-03 6.1e-02 4.8e+00 3.4e-02 5.1e-03 4.1e-03 5.3e-03 4.2e-02 1.6e-02 9.6e-03 3.0e-02 1.8e-02 2.8e-03 1.9e-03 8.5e-05 3.6e-06 3.0e-07
[target_s0.3_rej10] flat4-inj      it= 15 gmres=  724 fact= 14   15.1s conv=True
      cfl: 2.02 4.03 3.51 7.01 14 4.21 8.42 16.8 33.7 67.3 36 72.1 144 288 577
      rel: 5.0e-01 5.8e-02 2.7e-02 3.0e-02 5.0e-03 3.0e-03 1.0e-02 8.5e-04 5.9e-04 3.8e-04 2.6e-04 4.8e-04 2.3e-04 2.5e-05 3.1e-06 1.6e-07
[target_s0.3_rej10] flat2-stokes   it= 23 gmres=  677 fact= 18    4.5s conv=True
      cfl: 1 1.68 2.26 3.61 4.77 6.9 11.1 13.5 16.9 33.8 25.2 50.4 101 202 403 121 36.3 10.9 5.59 11.2 22.4 44.7 89.4
      rel: 1.0e+00 4.1e-01 3.0e-01 2.2e-01 1.4e-01 1.0e-01 7.2e-02 4.5e-02 3.7e-02 3.0e-02 1.0e-02 1.4e-02 5.8e-03 1.8e-03 9.2e-04 6.7e-05 5.6e-03 3.4e-03 6.9e-04 1.3e-04 1.7e-05 7.1e-06 2.2e-06 4.7e-07
[target_s0.3_rej10] uturn2-stokes  it= 23 gmres= 2810 fact= 22   11.7s conv=True
      cfl: 0.423 0.846 1.69 3.38 6.77 13.4 4.03 8.05 13.2 16.5 21.2 23.2 34.8 59.2 17.8 35.5 71 142 284 568 1.14e+03 2.27e+03 4.55e+03
      rel: 1.0e+00 1.2e+00 4.5e-01 2.4e-01 1.1e-01 5.6e-02 3.7e-02 1.5e-01 5.8e-02 3.8e-02 3.0e-02 2.4e-02 2.2e-02 1.4e-02 8.4e-03 1.0e+01 3.8e-03 2.5e-03 3.9e-04 6.0e-05 2.5e-05 2.1e-06 1.3e-06 3.4e-07
[target_s0.3_rej10] uturn1U2-stokes it= 34 gmres= 3552 fact= 33    4.0s conv=True
      cfl: 0.397 0.794 1.59 3.18 6.35 12.7 19.8 32.7 26.9 8.06 16.1 16.1 16.1 26.9 8.07 2.42 2.38 2.37 2.22 2.21 0.662 1.32 2.65 5.3 10.6 4.96 9.93 19.9 39.7 79.4 159 318 635 1.27e+03
      rel: 1.0e+00 1.3e+00 4.8e-01 2.7e-01 1.3e-01 6.3e-02 3.6e-02 2.5e-02 1.5e-02 1.9e-02 2.7e+08 1.9e-02 1.9e-02 1.9e-02 1.9e-02 4.5e-01 2.4e-01 1.9e-02 1.9e-02 2.0e-02 2.0e-02 2.8e+00 9.8e-03 6.8e-03 5.8e-03 4.9e-03 1.0e-02 3.3e-03 2.3e-03 1.6e-03 5.1e-04 1.5e-04 2.4e-05 1.9e-06 8.0e-08
[target_s0.3_rej10] uturn2U2-stokes it= 60 gmres= 8801 fact= 58   38.5s conv=False
      cfl: 0.385 0.77 1.54 3.08 6.16 11.7 3.5 4.36 8.73 8.45 10.4 3.82 3.02 6.04 1.81 3.62 7.24 14.5 29 17.4 10.7 17.2 21.3 18.4 16.8 25.5 25.5 7.65 15.3 4.59 9.18 7.28 14.6 29.1 58.2 17.5 34.9 69.9 140 279 559 463 925 919 1.84e+03 3.68e+03 7.35e+03 1.47e+04 2.94e+04 5.88e+04 1.18e+05 1.54e+05 1.54e+05 1.54e+05 1.54e+05 1.54e+05 1.54e+05 1.55e+05 1.55e+05 1.55e+05
      rel: 1.0e+00 1.3e+00 5.1e-01 2.8e-01 1.4e-01 6.9e-02 4.3e-02 1.8e-01 1.1e-01 4.9e-02 5.0e-02 4.8e-02 1.3e-01 1.7e-01 4.7e-02 3.3e+00 4.7e-02 2.6e-02 2.2e-02 1.7e-02 2.8e-02 4.5e-02 2.9e-02 2.4e-02 2.7e-02 3.0e-02 2.0e-02 2.0e-02 3.2e-01 6.7e-03 1.5e+01 3.0e-03 3.8e-03 3.6e-03 2.3e-03 9.4e-04 4.5e+10 3.4e-04 1.8e-04 6.9e-05 1.9e-05 4.1e-06 5.0e-06 3.3e-06 3.3e-06 3.3e-06 3.3e-06 3.2e-06 3.2e-06 3.2e-06 3.2e-06 3.2e-06 3.2e-06 3.2e-06 3.2e-06 3.2e-06 3.2e-06 3.2e-06 3.2e-06 3.2e-06 3.2e-06
[target_max100_rej10] flat4-bil      it= 27 gmres= 1440 fact= 26   30.4s conv=True
      cfl: 11.8 9.87 19.7 39.5 38.8 28.6 4.49 2.22 4.44 8.89 17.8 35.6 71.1 7.11 0.711 0.427 0.854 1.71 3.42 6.83 13.7 27.3 54.7 100 100 100 100
      rel: 8.4e-02 4.2e-02 5.1e-02 1.3e-02 6.9e-03 7.1e-03 9.6e-03 6.1e-02 1.2e-01 4.8e-02 2.7e-02 1.1e-02 6.2e-03 4.9e-03 6.4e-02 5.3e-02 8.1e-03 5.5e-04 4.1e-04 3.5e-04 3.1e-04 2.4e-04 1.6e-04 7.4e-05 2.3e-05 5.0e-06 1.1e-06 2.4e-07
[target_max100_rej10] flat4-inj      it= 15 gmres=  717 fact= 14   15.6s conv=True
      cfl: 2.02 4.03 3.51 7.01 14 4.14 8.28 16.6 33.1 66.2 35.7 71.4 100 100 100
      rel: 5.0e-01 5.8e-02 2.7e-02 3.0e-02 5.0e-03 3.0e-03 1.0e-02 8.6e-04 5.9e-04 3.8e-04 2.5e-04 4.7e-04 2.2e-04 2.4e-05 2.8e-06 2.5e-07
[target_max100_rej10] flat2-stokes   it= 21 gmres=  547 fact= 15    3.2s conv=True
      cfl: 1 1.68 2.26 3.61 4.77 6.9 11.1 13.5 16.9 33.8 25.2 50.4 100 100 100 10 4.69 9.37 18.7 37.5 75
      rel: 1.0e+00 4.1e-01 3.0e-01 2.2e-01 1.4e-01 1.0e-01 7.2e-02 4.5e-02 3.7e-02 3.0e-02 1.0e-02 1.4e-02 5.8e-03 1.8e-03 9.2e-04 6.2e-05 2.9e-03 1.3e-04 1.7e-05 8.1e-06 2.9e-06 7.0e-07
[target_max100_rej10] uturn2-stokes  it= 24 gmres= 2752 fact= 23   11.7s conv=True
      cfl: 0.423 0.846 1.69 3.38 6.77 13.4 3.45 6.9 13.8 12.4 21.9 22.6 40 50.3 5.03 10.1 9.73 19.5 38.9 77.8 100 100 100 100
      rel: 1.0e+00 1.2e+00 4.5e-01 2.4e-01 1.1e-01 5.6e-02 3.7e-02 1.5e-01 5.7e-02 2.8e-02 3.1e-02 2.3e-02 2.2e-02 1.3e-02 9.9e-03 6.7e+00 2.4e-03 2.5e-03 6.5e-04 3.5e-04 1.4e-04 3.6e-05 1.2e-05 2.9e-06 5.9e-07
[target_max100_rej10] uturn1U2-stokes it= 60 gmres=10679 fact= 59   11.8s conv=False
      cfl: 0.397 0.794 1.59 3.18 6.35 12.7 19.8 32.7 26.9 2.69 5.37 5.35 5.35 5.34 5.32 5.32 5.32 5.31 5.31 5.3 5.3 5.29 5.29 5.28 5.27 5.27 5.26 5.26 5.26 10.5 21 21 21 21 26.5 26.5 26.5 26.5 26.5 26.5 26.5 26.5 26.5 26.5 26.5 26.5 26.5 26.5 26.4 26.4 26.4 26.4 26.5 26.4 26.4 26.4 26.4 26.4 26.4 26.4
      rel: 1.0e+00 1.3e+00 4.8e-01 2.7e-01 1.3e-01 6.3e-02 3.6e-02 2.5e-02 1.5e-02 1.9e-02 2.7e+08 1.9e-02 1.9e-02 1.9e-02 1.9e-02 1.9e-02 1.9e-02 1.9e-02 1.9e-02 1.9e-02 1.9e-02 1.9e-02 1.9e-02 1.9e-02 1.9e-02 1.9e-02 1.9e-02 1.9e-02 1.9e-02 1.9e-02 1.9e-02 1.9e-02 1.9e-02 1.9e-02 1.9e-02 1.9e-02 1.9e-02 1.9e-02 1.9e-02 1.9e-02 1.9e-02 1.9e-02 1.9e-02 1.9e-02 1.9e-02 1.9e-02 1.9e-02 1.9e-02 1.9e-02 1.9e-02 1.9e-02 1.9e-02 1.9e-02 1.9e-02 1.9e-02 1.9e-02 1.9e-02 1.9e-02 1.9e-02 1.9e-02 1.9e-02
[target_max100_rej10] uturn2U2-stokes it= 50 gmres= 5705 fact= 49   24.7s conv=True
      cfl: 0.385 0.77 1.54 3.08 6.16 11.7 2.74 5.33 9.65 11 8.58 5.05 6.62 0.662 1.32 2.65 5.3 10.6 9.35 18.7 17.6 30.3 23.9 20.4 30.5 3.05 6.09 12.2 1.22 2.44 4.87 9.75 0.975 1.95 3.9 7.8 15.6 8.16 16.3 32.7 65.3 6.53 13.1 26.1 52.2 100 100 100 100 100
      rel: 1.0e+00 1.3e+00 5.1e-01 2.8e-01 1.4e-01 6.9e-02 4.3e-02 1.8e-01 9.4e-02 5.2e-02 4.6e-02 5.8e-02 9.9e-02 7.5e-02 4.4e+00 2.3e-02 1.9e-02 1.8e-02 1.8e-02 2.0e-02 1.8e-02 1.9e-02 1.6e-02 2.1e-02 2.5e-02 1.6e-02 2.3e+00 7.6e-03 4.8e-03 1.8e+00 3.6e-03 3.3e-03 3.0e-03 1.3e-01 2.8e-03 2.8e-03 2.7e-03 2.2e-03 4.2e-03 1.9e-03 1.2e-03 7.9e-04 3.2e+04 4.9e-04 3.9e-04 2.4e-04 1.2e-04 3.3e-05 9.8e-06 2.8e-06 8.1e-07
[mult_init0.25] flat4-bil      it= 13 gmres=  821 fact= 14   16.7s conv=True
      cfl: 5.97 11.7 10.4 20.8 40.9 78.3 47.5 45.1 48.9 97.8 196 391 782
      rel: 8.4e-02 3.5e-02 1.8e-02 2.0e-02 1.2e-03 5.9e-04 3.1e-04 5.1e-04 5.4e-04 4.9e-04 8.2e-05 1.6e-05 2.3e-06 9.1e-08
[mult_init0.25] flat4-inj      it= 17 gmres=  718 fact= 15   15.4s conv=True
      cfl: 1.01 1.94 3.24 4.2 8.39 3.22 6.44 9.06 11.6 17.6 27.4 34.2 20.4 40.9 81.8 164 327
      rel: 5.0e-01 6.5e-02 3.4e-02 2.0e-02 1.6e-02 4.5e-03 1.2e-02 1.3e-03 9.6e-04 7.5e-04 4.9e-04 3.2e-04 2.5e-04 4.3e-04 6.2e-05 1.6e-05 3.2e-06 3.2e-07
[mult_init0.25] flat2-stokes   it= 21 gmres=  401 fact= 12    2.4s conv=True
      cfl: 0.5 0.623 0.772 0.924 1.18 1.5 1.89 2.4 3.01 3.49 4.19 6.27 10.2 14.4 27.7 51.9 104 207 415 830 1.66e+03
      rel: 1.0e+00 4.6e-01 3.7e-01 3.0e-01 2.5e-01 2.0e-01 1.5e-01 1.2e-01 9.6e-02 7.6e-02 6.6e-02 5.5e-02 3.7e-02 2.2e-02 1.6e-02 8.3e-03 4.4e-03 1.9e-03 2.9e-04 1.4e-04 9.4e-06 1.6e-08
[mult_init0.25] uturn2-stokes  it= 28 gmres= 2928 fact= 24   12.4s conv=True
      cfl: 0.156 0.296 0.464 0.752 1.28 2.27 3.99 5.84 6.99 6.3 4.94 9.09 13.3 12.5 15.9 12.5 16.9 27 28.1 7.52 7.82 15.6 31.3 62.6 125 250 501 1e+03
      rel: 1.0e+00 1.6e+00 8.4e-01 5.4e-01 3.3e-01 2.0e-01 1.1e-01 6.3e-02 4.3e-02 3.6e-02 4.0e-02 5.1e-02 2.7e-02 1.9e-02 2.0e-02 1.6e-02 2.0e-02 1.5e-02 9.2e-03 8.9e-03 3.3e-02 3.2e-02 3.8e-03 1.7e-03 3.4e-04 9.4e-05 2.0e-05 2.2e-06 8.5e-07
[mult_init0.25] uturn1U2-stokes it= 19 gmres= 1616 fact= 15    2.4s conv=True
      cfl: 0.146 0.292 0.437 0.669 1.07 1.8 3.11 5.48 8.35 11.9 10.5 21 23 46 58 116 232 464 928
      rel: 1.0e+00 1.7e+00 8.5e-01 5.7e-01 3.7e-01 2.3e-01 1.4e-01 8.0e-02 4.6e-02 3.0e-02 2.1e-02 2.4e-02 7.8e-03 7.2e-03 3.3e-03 2.6e-03 1.3e-03 2.6e-04 1.9e-05 6.0e-07
[mult_init0.25] uturn2U2-stokes it= 32 gmres= 2426 fact= 28   10.8s conv=False
      cfl: 0.139 0.263 0.404 0.638 1.04 1.75 2.88 4.81 6.57 1.24 2.48 4.69 5.9 6.61 5.68 8.38 4.68 8.37 9.15 7.49 13.2 9.18 13.5 10.9 10.7 18.3 12.3 18.1 19.1 19.8 34.3 3.43
      rel: 1.0e+00 1.8e+00 9.5e-01 6.2e-01 3.9e-01 2.4e-01 1.4e-01 8.7e-02 5.2e-02 3.8e-02 2.0e-01 7.2e-02 3.8e-02 3.0e-02 2.7e-02 3.1e-02 2.1e-02 3.8e-02 2.1e-02 1.9e-02 2.4e-02 1.3e-02 1.9e-02 1.3e-02 1.6e-02 1.7e-02 9.7e-03 1.4e-02 9.9e-03 9.3e-03 9.0e-03 5.2e-03 4.4e+09
[target_init0.25] flat4-bil      it= 13 gmres=  828 fact= 14   17.2s conv=True
      cfl: 5.97 11.9 10.6 21.2 42.4 84.7 50.9 46.8 93.6 187 374 749 1.5e+03
      rel: 8.4e-02 3.5e-02 1.8e-02 2.0e-02 1.2e-03 5.9e-04 3.2e-04 5.3e-04 5.7e-04 5.2e-04 9.5e-05 1.9e-05 5.0e-06 1.0e-07
[target_init0.25] flat4-inj      it= 19 gmres= 1153 fact= 20   23.2s conv=True
      cfl: 1.01 2.02 4.03 8.07 16.1 32.3 7.09 14.2 28.4 56.7 113 38 17.2 34.5 69 11 22 44 88
      rel: 5.0e-01 6.5e-02 3.4e-02 2.0e-02 1.6e-02 1.0e-02 1.9e-03 8.5e-03 9.5e-04 3.6e-04 2.2e-04 6.9e-05 2.1e-04 4.5e-04 1.7e-04 1.7e-05 1.1e-04 4.7e-06 1.5e-06 4.7e-07
[target_init0.25] flat2-stokes   it= 20 gmres=  418 fact= 13    2.5s conv=True
      cfl: 0.5 0.678 0.851 1.03 1.34 1.74 2.17 2.71 3.6 3.29 5.65 7.67 11.4 14.6 29.3 58.6 117 234 469 937
      rel: 1.0e+00 4.6e-01 3.7e-01 2.9e-01 2.4e-01 1.9e-01 1.4e-01 1.2e-01 9.2e-02 6.9e-02 7.6e-02 4.4e-02 3.3e-02 2.2e-02 1.7e-02 8.4e-03 3.1e-03 9.1e-04 9.4e-05 5.4e-06 1.7e-07
[target_init0.25] uturn2-stokes  it= 26 gmres= 2879 fact= 22   12.0s conv=False
      cfl: 0.156 0.296 0.464 0.752 1.28 2.27 3.99 5.84 6.99 6.3 4.94 9.06 13.3 12.6 15.3 12.7 13.8 21.4 37.4 55.5 90.2 180 175 17.5 6.91e-07 6.91e-08
      rel: 1.0e+00 1.6e+00 8.4e-01 5.4e-01 3.3e-01 2.0e-01 1.1e-01 6.3e-02 4.3e-02 3.6e-02 4.0e-02 5.1e-02 2.8e-02 1.9e-02 2.0e-02 1.6e-02 2.0e-02 1.8e-02 1.2e-02 6.7e-03 4.5e-03 2.8e-03 2.8e-04 2.9e-04 3.6e+05 3.6e+05 5.1e+06
[target_init0.25] uturn1U2-stokes it= 60 gmres= 5687 fact= 56    7.8s conv=False
      cfl: 0.146 0.292 0.439 0.672 1.07 1.81 3.13 5.51 8.37 11.9 10.4 20.7 35.6 68.7 85.8 144 288 577 1.15e+03 450 901 690 460 920 826 550 1.1e+03 987 659 1.32e+03 1.18e+03 790 1.58e+03 1.42e+03 947 1.89e+03 1.7e+03 1.14e+03 2.27e+03 2.04e+03 1.37e+03 2.73e+03 2.44e+03 1.64e+03 3.28e+03 2.94e+03 1.97e+03 3.95e+03 3.53e+03 2.37e+03 4.75e+03 4.24e+03 2.85e+03 5.71e+03 5.11e+03 3.43e+03 6.87e+03 6.14e+03 4.13e+03 8.27e+03
      rel: 1.0e+00 1.7e+00 8.5e-01 5.7e-01 3.7e-01 2.3e-01 1.4e-01 8.0e-02 4.5e-02 3.0e-02 2.1e-02 2.4e-02 7.8e-03 7.0e-03 3.6e-03 2.9e-03 1.7e-03 4.0e-04 9.3e-05 8.6e-06 2.2e-05 2.3e-06 3.0e-06 4.4e-06 2.7e-06 3.0e-06 4.5e-06 2.7e-06 3.0e-06 4.5e-06 2.7e-06 3.0e-06 4.5e-06 2.7e-06 3.0e-06 4.5e-06 2.7e-06 3.0e-06 4.5e-06 2.7e-06 3.0e-06 4.5e-06 2.7e-06 3.0e-06 4.5e-06 2.7e-06 3.0e-06 4.5e-06 2.7e-06 3.0e-06 4.5e-06 2.7e-06 3.0e-06 4.5e-06 2.7e-06 3.0e-06 4.5e-06 2.7e-06 3.0e-06 4.5e-06 2.7e-06
[target_init0.25] uturn2U2-stokes it= 41 gmres= 4646 fact= 38   19.3s conv=False
      cfl: 0.139 0.263 0.404 0.638 1.04 1.75 2.88 4.81 6.57 1.24 2.48 4.96 8.18 8.04 7.05 11.6 7.98 13.5 12.7 15.8 10.5 13.9 11.5 14.4 14.6 5.78 8.15 9.76 5.33 9.02 9.67 16.4 19 18.9 18.9 1.89 0.189 0.0189 0.00887 0.00663 0.000663
      rel: 1.0e+00 1.8e+00 9.5e-01 6.2e-01 3.9e-01 2.4e-01 1.4e-01 8.7e-02 5.2e-02 3.8e-02 2.0e-01 7.2e-02 3.8e-02 3.1e-02 3.1e-02 3.5e-02 2.2e-02 3.1e-02 1.9e-02 2.0e-02 1.6e-02 2.4e-02 1.8e-02 2.2e-02 1.7e-02 1.7e-02 4.3e-02 3.1e-02 2.6e-02 4.7e-02 2.8e-02 2.6e-02 1.5e-02 1.3e-02 1.3e-02 1.3e-02 4.8e+01 3.3e+03 2.9e+05 6.1e+05 8.2e+05 1.2e+08
[target_init0.25_rej10] flat4-bil      it= 13 gmres=  828 fact= 14   17.0s conv=True
      cfl: 5.97 11.9 10.6 21.2 42.4 84.7 50.9 46.8 93.6 187 374 749 1.5e+03
      rel: 8.4e-02 3.5e-02 1.8e-02 2.0e-02 1.2e-03 5.9e-04 3.2e-04 5.3e-04 5.7e-04 5.2e-04 9.5e-05 1.9e-05 5.0e-06 1.0e-07
[target_init0.25_rej10] flat4-inj      it= 19 gmres= 1153 fact= 20   23.1s conv=True
      cfl: 1.01 2.02 4.03 8.07 16.1 32.3 7.09 14.2 28.4 56.7 113 38 17.2 34.5 69 11 22 44 88
      rel: 5.0e-01 6.5e-02 3.4e-02 2.0e-02 1.6e-02 1.0e-02 1.9e-03 8.5e-03 9.5e-04 3.6e-04 2.2e-04 6.9e-05 2.1e-04 4.5e-04 1.7e-04 1.7e-05 1.1e-04 4.7e-06 1.5e-06 4.7e-07
[target_init0.25_rej10] flat2-stokes   it= 20 gmres=  418 fact= 13    2.5s conv=True
      cfl: 0.5 0.678 0.851 1.03 1.34 1.74 2.17 2.71 3.6 3.29 5.65 7.67 11.4 14.6 29.3 58.6 117 234 469 937
      rel: 1.0e+00 4.6e-01 3.7e-01 2.9e-01 2.4e-01 1.9e-01 1.4e-01 1.2e-01 9.2e-02 6.9e-02 7.6e-02 4.4e-02 3.3e-02 2.2e-02 1.7e-02 8.4e-03 3.1e-03 9.1e-04 9.4e-05 5.4e-06 1.7e-07
[target_init0.25_rej10] uturn2-stokes  it= 31 gmres= 3428 fact= 27   15.7s conv=True
      cfl: 0.156 0.296 0.464 0.752 1.28 2.27 3.99 5.84 6.99 6.3 4.94 9.06 13.3 12.6 15.3 12.7 13.8 21.4 37.4 55.5 90.2 180 175 17.5 7.56 15.1 30.2 60.5 121 61.6 123
      rel: 1.0e+00 1.6e+00 8.4e-01 5.4e-01 3.3e-01 2.0e-01 1.1e-01 6.3e-02 4.3e-02 3.6e-02 4.0e-02 5.1e-02 2.8e-02 1.9e-02 2.0e-02 1.6e-02 2.0e-02 1.8e-02 1.2e-02 6.7e-03 4.5e-03 2.8e-03 2.8e-04 2.9e-04 3.6e+05 6.7e-04 4.9e-05 2.6e-05 1.3e-05 4.8e-06 9.5e-06 6.1e-07
[target_init0.25_rej10] uturn1U2-stokes it= 60 gmres= 5687 fact= 56    6.4s conv=False
      cfl: 0.146 0.292 0.439 0.672 1.07 1.81 3.13 5.51 8.37 11.9 10.4 20.7 35.6 68.7 85.8 144 288 577 1.15e+03 450 901 690 460 920 826 550 1.1e+03 987 659 1.32e+03 1.18e+03 790 1.58e+03 1.42e+03 947 1.89e+03 1.7e+03 1.14e+03 2.27e+03 2.04e+03 1.37e+03 2.73e+03 2.44e+03 1.64e+03 3.28e+03 2.94e+03 1.97e+03 3.95e+03 3.53e+03 2.37e+03 4.75e+03 4.24e+03 2.85e+03 5.71e+03 5.11e+03 3.43e+03 6.87e+03 6.14e+03 4.13e+03 8.27e+03
      rel: 1.0e+00 1.7e+00 8.5e-01 5.7e-01 3.7e-01 2.3e-01 1.4e-01 8.0e-02 4.5e-02 3.0e-02 2.1e-02 2.4e-02 7.8e-03 7.0e-03 3.6e-03 2.9e-03 1.7e-03 4.0e-04 9.3e-05 8.6e-06 2.2e-05 2.3e-06 3.0e-06 4.4e-06 2.7e-06 3.0e-06 4.5e-06 2.7e-06 3.0e-06 4.5e-06 2.7e-06 3.0e-06 4.5e-06 2.7e-06 3.0e-06 4.5e-06 2.7e-06 3.0e-06 4.5e-06 2.7e-06 3.0e-06 4.5e-06 2.7e-06 3.0e-06 4.5e-06 2.7e-06 3.0e-06 4.5e-06 2.7e-06 3.0e-06 4.5e-06 2.7e-06 3.0e-06 4.5e-06 2.7e-06 3.0e-06 4.5e-06 2.7e-06 3.0e-06 4.5e-06 2.7e-06
[target_init0.25_rej10] uturn2U2-stokes it= 60 gmres= 6131 fact= 57   26.8s conv=False
      cfl: 0.139 0.263 0.404 0.638 1.04 1.75 2.88 4.81 6.57 1.24 2.48 4.96 8.18 8.04 7.05 11.6 7.98 13.5 12.7 15.8 10.5 13.9 11.5 14.4 14.6 5.78 8.15 9.76 5.33 9.02 9.67 16.4 19 18.9 18.9 1.89 3.78 7.56 6.05 5.45 0.545 1.09 2.18 4.36 0.436 0.871 1.74 3.49 0.898 1.8 3.59 7.18 14.4 28.7 57.5 115 230 460 424 848
      rel: 1.0e+00 1.8e+00 9.5e-01 6.2e-01 3.9e-01 2.4e-01 1.4e-01 8.7e-02 5.2e-02 3.8e-02 2.0e-01 7.2e-02 3.8e-02 3.1e-02 3.1e-02 3.5e-02 2.2e-02 3.1e-02 1.9e-02 2.0e-02 1.6e-02 2.4e-02 1.8e-02 2.2e-02 1.7e-02 1.7e-02 4.3e-02 3.1e-02 2.6e-02 4.7e-02 2.8e-02 2.6e-02 1.5e-02 1.3e-02 1.3e-02 1.3e-02 4.8e+01 5.2e-03 2.6e-03 3.2e-03 3.5e-03 1.2e+01 1.3e-03 1.3e-03 1.2e-03 1.6e+00 1.2e-03 1.2e-03 1.2e-03 4.6e-03 1.4e-03 1.2e-03 1.1e-03 9.3e-04 7.1e-04 5.2e-04 3.1e-04 6.3e-05 2.6e-05 2.8e-05 2.7e-05
[mult_init0.25_rej10] flat4-bil      it= 13 gmres=  821 fact= 14   16.6s conv=True
      cfl: 5.97 11.7 10.4 20.8 40.9 78.3 47.5 45.1 48.9 97.8 196 391 782
      rel: 8.4e-02 3.5e-02 1.8e-02 2.0e-02 1.2e-03 5.9e-04 3.1e-04 5.1e-04 5.4e-04 4.9e-04 8.2e-05 1.6e-05 2.3e-06 9.1e-08
[mult_init0.25_rej10] flat4-inj      it= 17 gmres=  718 fact= 15   15.1s conv=True
      cfl: 1.01 1.94 3.24 4.2 8.39 3.22 6.44 9.06 11.6 17.6 27.4 34.2 20.4 40.9 81.8 164 327
      rel: 5.0e-01 6.5e-02 3.4e-02 2.0e-02 1.6e-02 4.5e-03 1.2e-02 1.3e-03 9.6e-04 7.5e-04 4.9e-04 3.2e-04 2.5e-04 4.3e-04 6.2e-05 1.6e-05 3.2e-06 3.2e-07
[mult_init0.25_rej10] flat2-stokes   it= 21 gmres=  401 fact= 12    2.7s conv=True
      cfl: 0.5 0.623 0.772 0.924 1.18 1.5 1.89 2.4 3.01 3.49 4.19 6.27 10.2 14.4 27.7 51.9 104 207 415 830 1.66e+03
      rel: 1.0e+00 4.6e-01 3.7e-01 3.0e-01 2.5e-01 2.0e-01 1.5e-01 1.2e-01 9.6e-02 7.6e-02 6.6e-02 5.5e-02 3.7e-02 2.2e-02 1.6e-02 8.3e-03 4.4e-03 1.9e-03 2.9e-04 1.4e-04 9.4e-06 1.6e-08
[mult_init0.25_rej10] uturn2-stokes  it= 28 gmres= 2928 fact= 24   13.2s conv=True
      cfl: 0.156 0.296 0.464 0.752 1.28 2.27 3.99 5.84 6.99 6.3 4.94 9.09 13.3 12.5 15.9 12.5 16.9 27 28.1 7.52 7.82 15.6 31.3 62.6 125 250 501 1e+03
      rel: 1.0e+00 1.6e+00 8.4e-01 5.4e-01 3.3e-01 2.0e-01 1.1e-01 6.3e-02 4.3e-02 3.6e-02 4.0e-02 5.1e-02 2.7e-02 1.9e-02 2.0e-02 1.6e-02 2.0e-02 1.5e-02 9.2e-03 8.9e-03 3.3e-02 3.2e-02 3.8e-03 1.7e-03 3.4e-04 9.4e-05 2.0e-05 2.2e-06 8.5e-07
[mult_init0.25_rej10] uturn1U2-stokes it= 19 gmres= 1616 fact= 15    2.1s conv=True
      cfl: 0.146 0.292 0.437 0.669 1.07 1.8 3.11 5.48 8.35 11.9 10.5 21 23 46 58 116 232 464 928
      rel: 1.0e+00 1.7e+00 8.5e-01 5.7e-01 3.7e-01 2.3e-01 1.4e-01 8.0e-02 4.6e-02 3.0e-02 2.1e-02 2.4e-02 7.8e-03 7.2e-03 3.3e-03 2.6e-03 1.3e-03 2.6e-04 1.9e-05 6.0e-07
[mult_init0.25_rej10] uturn2U2-stokes it= 60 gmres= 3079 fact= 39   13.8s conv=False
      cfl: 0.139 0.263 0.404 0.638 1.04 1.75 2.88 4.81 6.57 1.24 2.48 4.69 5.9 6.61 5.68 8.38 4.68 8.37 9.15 7.49 13.2 9.18 13.5 10.9 10.7 18.3 12.3 18.1 19.1 19.8 34.3 3.43 5.77 2.29 4.58 9.16 0.916 1.23 1.26 1.28 1.32 1.34 1.37 1.39 1.42 1.44 1.47 1.5 1.53 1.56 1.6 1.63 1.67 1.71 1.75 1.79 1.84 1.88 1.93 1.99
      rel: 1.0e+00 1.8e+00 9.5e-01 6.2e-01 3.9e-01 2.4e-01 1.4e-01 8.7e-02 5.2e-02 3.8e-02 2.0e-01 7.2e-02 3.8e-02 3.0e-02 2.7e-02 3.1e-02 2.1e-02 3.8e-02 2.1e-02 1.9e-02 2.4e-02 1.3e-02 1.9e-02 1.3e-02 1.6e-02 1.7e-02 9.7e-03 1.4e-02 9.9e-03 9.3e-03 9.0e-03 5.2e-03 4.4e+09 3.1e-03 7.8e-03 3.5e-03 1.1e-03 2.9e-02 8.5e-04 8.3e-04 8.1e-04 7.9e-04 7.8e-04 7.6e-04 7.5e-04 7.4e-04 7.2e-04 7.1e-04 7.0e-04 6.8e-04 6.7e-04 6.5e-04 6.4e-04 6.3e-04 6.1e-04 6.0e-04 5.8e-04 5.7e-04 5.5e-04 5.4e-04 5.3e-04

==== summary ====
config       |                  flat4-bil |                  flat4-inj |               flat2-stokes |              uturn2-stokes |            uturn1U2-stokes |            uturn2U2-stokes | total_s
mult         | it= 40 gm= 2278   44.3s | it= 16 gm=  700   15.6s | it= 19 gm=  468    2.7s | it= 20 gm= 1713    7.4s! | it= 24 gm= 2431    2.6s | it= 60 gm= 9099   42.9s! |  115.7
target       | it= 60 gm= 3976   80.0s! | it= 15 gm=  724   15.6s | it= 20 gm=  572    3.5s | it= 60 gm= 4717   20.4s! | it= 10 gm=  679    0.8s! | it= 60 gm= 4033   17.5s! |  137.9
mult_rej10   | it= 40 gm= 2278   44.7s | it= 16 gm=  700   15.7s | it= 19 gm=  468    3.6s | it= 37 gm= 3766   16.7s | it= 24 gm= 2431    2.7s | it= 60 gm= 9099   40.2s! |  123.6
target_rej10 | it= 26 gm= 1383   30.0s | it= 15 gm=  724   15.7s | it= 21 gm=  591    3.9s | it= 23 gm= 2552   11.0s | it= 60 gm=10679   11.4s! | it= 53 gm= 6305   28.8s |  100.7
target_rej3  | it= 31 gm= 1503   33.2s | it= 17 gm=  786   17.8s | it= 21 gm=  591    3.8s | it= 32 gm= 3601   16.0s | it= 60 gm=10679   11.3s! | it= 60 gm= 6631   30.6s! |  112.6
target_g4_rej10 | it= 21 gm= 1069   22.5s | it= 39 gm= 3599   68.3s | it= 14 gm=  345    2.0s | it= 23 gm= 3177   13.7s | it= 60 gm= 5107    5.9s! | it= 60 gm= 9091   41.4s! |  153.9
target_s0.3_rej10 | it= 22 gm= 1469   29.1s | it= 15 gm=  724   15.1s | it= 23 gm=  677    4.5s | it= 23 gm= 2810   11.7s | it= 34 gm= 3552    4.0s | it= 60 gm= 8801   38.5s! |  102.9
target_max100_rej10 | it= 27 gm= 1440   30.4s | it= 15 gm=  717   15.6s | it= 21 gm=  547    3.2s | it= 24 gm= 2752   11.7s | it= 60 gm=10679   11.8s! | it= 50 gm= 5705   24.7s |   97.4
mult_init0.25 | it= 13 gm=  821   16.7s | it= 17 gm=  718   15.4s | it= 21 gm=  401    2.4s | it= 28 gm= 2928   12.4s | it= 19 gm= 1616    2.4s | it= 32 gm= 2426   10.8s! |   60.2
target_init0.25 | it= 13 gm=  828   17.2s | it= 19 gm= 1153   23.2s | it= 20 gm=  418    2.5s | it= 26 gm= 2879   12.0s! | it= 60 gm= 5687    7.8s! | it= 41 gm= 4646   19.3s! |   82.0
target_init0.25_rej10 | it= 13 gm=  828   17.0s | it= 19 gm= 1153   23.1s | it= 20 gm=  418    2.5s | it= 31 gm= 3428   15.7s | it= 60 gm= 5687    6.4s! | it= 60 gm= 6131   26.8s! |   91.5
mult_init0.25_rej10 | it= 13 gm=  821   16.6s | it= 17 gm=  718   15.1s | it= 21 gm=  401    2.7s | it= 28 gm= 2928   13.2s | it= 19 gm= 1616    2.1s | it= 60 gm= 3079   13.8s! |   63.5
