memcap: unit=memcap-gen.py_-898764.scope MemoryMax=12G MemorySwapMax=0 :: python experiments/nsbm/gen.py --n 250 --seed0 3000 --workers 4 --shard 250 --out experiments/nsbm/data
generate n=250 seed0=3000 workers=4 out=experiments/nsbm/data
[1/250] seed=3000 pins       h0=6.39e-04 u_in=0.35 east->east conv=True  newton= 10 gmres=   92    0.6s  (wall     0.9s)
[2/250] seed=3002 grf        h0=1.02e-03 u_in=0.64 west->north conv=True  newton= 13 gmres=  209    0.7s  (wall     1.0s)
[3/250] seed=3001 quad       h0=2.03e-03 u_in=1.08 south->north conv=True  newton= 30 gmres=  770    1.5s  (wall     1.8s)
[4/250] seed=3006 sin2d      h0=5.96e-04 u_in=0.73 west->west conv=True  newton= 12 gmres=  128    0.4s  (wall     2.1s)
[5/250] seed=3003 blobs      h0=2.31e-03 u_in=0.56 west->north conv=True  newton= 38 gmres= 1353    2.3s  (wall     2.7s)
[6/250] seed=3005 uturn      h0=2.74e-03 u_in=0.33 west->west conv=True  newton= 31 gmres= 1381    2.1s  (wall     3.1s)
[7/250] seed=3009 quad       h0=5.66e-04 u_in=0.97 south->south conv=True  newton= 10 gmres=   88    0.3s  (wall     3.4s)
[8/250] seed=3008 pins       h0=2.69e-03 u_in=0.28 south->north conv=True  newton= 25 gmres=  474    0.9s  (wall     3.6s)
[9/250] seed=3010 blobs      h0=5.40e-04 u_in=0.42 west->east conv=True  newton= 10 gmres=   79    0.3s  (wall     3.7s)
[10/250] seed=3011 grf        h0=4.84e-04 u_in=0.52 west->south conv=True  newton= 20 gmres=  285    0.4s  (wall     4.0s)
[11/250] seed=3004 quad       h0=2.94e-03 u_in=0.40 south->north conv=True  newton=145 gmres= 1842    3.2s  (wall     4.0s)
[12/250] seed=3014 quad       h0=3.17e-04 u_in=0.31 north->east conv=True  newton= 10 gmres=   72    0.3s  (wall     4.3s)
[13/250] seed=3013 pins       h0=7.23e-04 u_in=0.54 west->south conv=True  newton= 12 gmres=  129    0.3s  (wall     4.3s)
[14/250] seed=3012 uturn      h0=5.54e-04 u_in=0.10 west->west conv=True  newton= 21 gmres= 1198    1.4s  (wall     5.1s)
[15/250] seed=3017 sin2d      h0=1.97e-03 u_in=0.42 east->west conv=True  newton= 25 gmres=  381    0.7s  (wall     5.8s)
[16/250] seed=3018 uturn      h0=1.48e-03 u_in=0.19 west->west conv=True  newton= 11 gmres=  250    0.4s  (wall     6.3s)
[17/250] seed=3007 blobs      h0=2.67e-03 u_in=1.61 east->south conv=True  newton=158 gmres= 3101    4.8s  (wall     7.0s)
[18/250] seed=3015 uturn      h0=5.37e-04 u_in=1.73 west->west conv=True  newton= 47 gmres= 2382    2.9s  (wall     7.2s)
[19/250] seed=3020 uturn      h0=1.17e-03 u_in=0.34 west->west conv=True  newton= 12 gmres=  258    0.5s  (wall     7.5s)
[20/250] seed=3021 uturn      h0=3.25e-04 u_in=0.73 west->west conv=True  newton= 10 gmres=   81    0.2s  (wall     7.5s)
[21/250] seed=3023 quad       h0=9.93e-04 u_in=0.18 west->west conv=True  newton= 14 gmres=  144    0.3s  (wall     7.8s)
[22/250] seed=3019 pins       h0=1.86e-03 u_in=0.46 east->west conv=True  newton= 26 gmres= 1133    1.6s  (wall     7.8s)
[23/250] seed=3022 blobs      h0=1.79e-03 u_in=0.24 east->west conv=True  newton= 14 gmres=  206    0.4s  (wall     7.9s)
[24/250] seed=3025 blobs      h0=3.01e-04 u_in=0.43 south->west conv=True  newton=  8 gmres=   56    0.2s  (wall     8.1s)
[25/250] seed=3026 sin2d      h0=3.49e-04 u_in=0.93 north->west conv=True  newton= 12 gmres=  110    0.3s  (wall     8.2s)
[26/250] seed=3024 sin2d      h0=7.46e-04 u_in=1.45 east->north conv=True  newton= 14 gmres=  212    0.4s  (wall     8.3s)
[27/250] seed=3027 quad       h0=3.95e-04 u_in=1.17 west->north conv=True  newton= 10 gmres=   96    0.3s  (wall     8.3s)
[28/250] seed=3028 sin2d      h0=3.91e-04 u_in=0.21 west->west conv=True  newton= 10 gmres=   87    0.2s  (wall     8.4s)
[29/250] seed=3029 quad       h0=3.79e-04 u_in=0.15 north->west conv=True  newton=  8 gmres=   56    0.2s  (wall     8.5s)
[30/250] seed=3032 uturn      h0=4.46e-04 u_in=0.15 west->west conv=True  newton=  9 gmres=   86    0.2s  (wall     8.7s)
[31/250] seed=3031 grf        h0=3.75e-04 u_in=0.80 west->south conv=True  newton= 12 gmres=   96    0.3s  (wall     8.7s)
[32/250] seed=3016 serpentine h0=7.92e-04 u_in=0.50 south->west conv=False newton=200 gmres= 3240    4.5s  (wall     8.8s)
[33/250] seed=3033 quad       h0=6.89e-04 u_in=1.03 north->south conv=True  newton= 12 gmres=  143    0.3s  (wall     9.0s)
[34/250] seed=3035 sin2d      h0=8.68e-04 u_in=0.82 west->north conv=True  newton= 14 gmres=  159    0.4s  (wall     9.2s)
[35/250] seed=3037 pins       h0=1.44e-03 u_in=0.27 east->north conv=True  newton= 12 gmres=  174    0.4s  (wall     9.6s)
[36/250] seed=3030 uturn      h0=2.10e-03 u_in=0.29 west->west conv=True  newton= 18 gmres= 1060    1.5s  (wall     9.8s)
[37/250] seed=3038 sin2d      h0=5.12e-04 u_in=0.49 south->north conv=True  newton= 11 gmres=   98    0.3s  (wall     9.9s)
[38/250] seed=3039 uturn      h0=2.61e-03 u_in=0.41 west->west conv=True  newton= 21 gmres=  896    1.3s  (wall    11.1s)
[39/250] seed=3041 blobs      h0=8.46e-04 u_in=0.27 east->north conv=True  newton= 11 gmres=  131    0.4s  (wall    11.5s)
[40/250] seed=3034 sin2d      h0=1.70e-03 u_in=1.46 west->north conv=True  newton=149 gmres= 1878    3.1s  (wall    11.8s)
[41/250] seed=3043 pins       h0=1.97e-03 u_in=0.20 east->east conv=True  newton= 17 gmres=  227    0.5s  (wall    12.4s)
[42/250] seed=3044 uniform    h0=5.59e-04 u_in=0.38 south->west conv=True  newton=  9 gmres=   68    0.3s  (wall    12.6s)
[43/250] seed=3045 grf        h0=2.44e-03 u_in=0.15 south->west conv=True  newton= 17 gmres=  298    0.5s  (wall    13.1s)
[44/250] seed=3046 quad       h0=1.17e-03 u_in=0.57 south->west conv=True  newton= 14 gmres=  153    0.3s  (wall    13.5s)
[45/250] seed=3047 sin2d      h0=6.76e-04 u_in=0.19 east->south conv=True  newton= 11 gmres=  103    0.3s  (wall    13.8s)
[46/250] seed=3040 uturn      h0=1.85e-03 u_in=0.32 west->west conv=False newton=200 gmres= 2692    4.0s  (wall    13.9s)
[47/250] seed=3049 uturn      h0=3.34e-04 u_in=0.14 west->west conv=True  newton=  8 gmres=   58    0.2s  (wall    14.1s)
[48/250] seed=3048 blobs      h0=1.34e-03 u_in=1.13 west->west conv=True  newton= 21 gmres=  583    0.8s  (wall    14.6s)
[49/250] seed=3050 grf        h0=9.26e-04 u_in=0.13 north->north conv=True  newton= 20 gmres=  276    0.5s  (wall    14.7s)
[50/250] seed=3051 serpentine h0=3.63e-04 u_in=0.77 west->south conv=True  newton=  9 gmres=   92    0.3s  (wall    14.9s)
[51/250] seed=3036 pins       h0=2.84e-03 u_in=0.68 east->west conv=False newton=200 gmres= 3874    5.9s  (wall    14.9s)
[52/250] seed=3052 serpentine h0=9.16e-04 u_in=0.27 east->west conv=True  newton= 11 gmres=  224    0.4s  (wall    15.1s)
[53/250] seed=3042 pins       h0=2.47e-03 u_in=1.86 west->north conv=False newton=200 gmres= 2346    4.0s  (wall    15.5s)
[54/250] seed=3055 grf        h0=6.32e-04 u_in=0.98 east->south conv=True  newton= 14 gmres=  136    0.4s  (wall    15.5s)
[55/250] seed=3056 quad       h0=8.84e-04 u_in=0.13 west->south conv=True  newton= 10 gmres=   80    0.3s  (wall    15.7s)
[56/250] seed=3054 grf        h0=2.84e-03 u_in=0.74 west->north conv=True  newton= 19 gmres=  501    0.8s  (wall    15.7s)
[57/250] seed=3057 sin2d      h0=5.65e-04 u_in=0.71 south->south conv=True  newton= 13 gmres=  161    0.4s  (wall    15.9s)
[58/250] seed=3059 uturn      h0=5.20e-04 u_in=1.47 west->west conv=True  newton= 13 gmres=  143    0.4s  (wall    16.1s)
[59/250] seed=3058 quad       h0=2.74e-03 u_in=0.21 west->east conv=True  newton= 26 gmres=  437    0.8s  (wall    16.5s)
[60/250] seed=3060 sin2d      h0=1.73e-03 u_in=0.71 south->north conv=True  newton= 26 gmres=  422    0.8s  (wall    16.7s)
[61/250] seed=3053 uturn      h0=3.07e-04 u_in=1.69 west->west conv=True  newton= 61 gmres= 1924    2.4s  (wall    17.3s)
[62/250] seed=3062 quad       h0=3.85e-04 u_in=1.12 south->north conv=True  newton= 24 gmres=  320    0.8s  (wall    17.3s)
[63/250] seed=3064 sin2d      h0=2.98e-03 u_in=0.29 north->south conv=True  newton= 37 gmres=  634    1.2s  (wall    18.4s)
[64/250] seed=3061 grf        h0=1.27e-03 u_in=1.37 west->south conv=True  newton= 75 gmres= 1506    2.5s  (wall    18.6s)
[65/250] seed=3067 quad       h0=4.78e-04 u_in=0.10 south->east conv=True  newton=  8 gmres=   59    0.3s  (wall    18.9s)
[66/250] seed=3063 serpentine h0=1.96e-03 u_in=1.26 north->north conv=False newton=200 gmres= 2203    3.3s  (wall    20.0s)
[67/250] seed=3068 blobs      h0=1.21e-03 u_in=0.66 west->east conv=True  newton= 18 gmres=  938    1.3s  (wall    20.1s)
[68/250] seed=3066 blobs      h0=1.35e-03 u_in=0.77 west->south conv=True  newton= 27 gmres= 1409    1.9s  (wall    20.4s)
[69/250] seed=3071 uniform    h0=7.68e-04 u_in=1.81 north->south conv=True  newton= 16 gmres=  233    0.5s  (wall    20.8s)
[70/250] seed=3070 quad       h0=2.44e-03 u_in=0.67 east->north conv=True  newton= 36 gmres=  873    1.3s  (wall    21.5s)
[71/250] seed=3065 grf        h0=1.84e-03 u_in=0.41 west->east conv=False newton=200 gmres= 2392    4.1s  (wall    21.5s)
[72/250] seed=3069 serpentine h0=9.92e-04 u_in=0.41 south->north conv=True  newton= 21 gmres=  941    1.6s  (wall    21.5s)
[73/250] seed=3073 serpentine h0=1.30e-03 u_in=0.62 north->south conv=True  newton= 19 gmres=  994    1.3s  (wall    22.8s)
[74/250] seed=3074 quad       h0=1.65e-03 u_in=1.76 north->east conv=True  newton= 29 gmres=  731    1.4s  (wall    22.9s)
[75/250] seed=3075 serpentine h0=1.70e-03 u_in=0.32 east->west conv=True  newton= 42 gmres=  970    1.5s  (wall    23.1s)
[76/250] seed=3077 uturn      h0=5.41e-04 u_in=0.28 west->west conv=True  newton= 11 gmres=   89    0.2s  (wall    23.1s)
[77/250] seed=3076 sin2d      h0=1.19e-03 u_in=1.16 north->west conv=True  newton= 20 gmres=  341    0.7s  (wall    23.4s)
[78/250] seed=3078 pins       h0=1.09e-03 u_in=0.24 north->south conv=True  newton= 13 gmres=  157    0.4s  (wall    23.5s)
[79/250] seed=3079 quad       h0=1.00e-03 u_in=0.47 north->south conv=True  newton= 14 gmres=  155    0.4s  (wall    23.5s)
[80/250] seed=3081 pins       h0=6.53e-04 u_in=0.31 north->south conv=True  newton= 10 gmres=  101    0.3s  (wall    23.8s)
[81/250] seed=3080 blobs      h0=8.50e-04 u_in=0.92 north->east conv=True  newton= 14 gmres=  196    0.4s  (wall    23.8s)
[82/250] seed=3082 serpentine h0=4.84e-04 u_in=0.55 south->south conv=True  newton= 12 gmres=  163    0.3s  (wall    23.8s)
[83/250] seed=3083 sin2d      h0=3.34e-04 u_in=0.50 west->east conv=True  newton= 10 gmres=   90    0.3s  (wall    24.1s)
[84/250] seed=3072 serpentine h0=6.83e-04 u_in=0.16 east->west conv=True  newton= 55 gmres= 2785    4.5s  (wall    25.3s)
[85/250] seed=3086 serpentine h0=2.32e-03 u_in=0.21 south->south conv=True  newton= 79 gmres= 2408    3.6s  (wall    27.7s)
[86/250] seed=3084 uturn      h0=2.05e-03 u_in=0.88 west->west conv=True  newton= 66 gmres= 3080    3.9s  (wall    27.8s)
[87/250] seed=3088 serpentine h0=3.54e-04 u_in=1.30 south->east conv=True  newton= 11 gmres=  147    0.4s  (wall    28.1s)
[88/250] seed=3089 sin2d      h0=2.67e-03 u_in=0.60 north->west conv=True  newton= 34 gmres=  786    1.3s  (wall    29.0s)
[89/250] seed=3087 blobs      h0=2.38e-03 u_in=0.41 north->north conv=False newton=200 gmres= 2101    3.8s  (wall    29.1s)
[90/250] seed=3090 sin2d      h0=2.78e-03 u_in=0.21 west->south conv=True  newton= 43 gmres=  552    1.0s  (wall    29.1s)
[91/250] seed=3092 pins       h0=3.86e-04 u_in=0.18 north->west conv=True  newton=  8 gmres=   50    0.2s  (wall    29.3s)
[92/250] seed=3093 grf        h0=3.14e-04 u_in=0.26 south->north conv=True  newton= 10 gmres=   98    0.3s  (wall    29.4s)
[93/250] seed=3091 sin2d      h0=1.70e-03 u_in=0.26 south->west conv=True  newton= 16 gmres=  247    0.5s  (wall    29.5s)
[94/250] seed=3094 uturn      h0=1.19e-03 u_in=0.18 west->west conv=True  newton= 11 gmres=  225    0.4s  (wall    29.7s)
[95/250] seed=3096 pins       h0=6.34e-04 u_in=1.74 north->east conv=True  newton= 14 gmres=  187    0.5s  (wall    30.1s)
[96/250] seed=3085 serpentine h0=5.01e-04 u_in=1.81 east->west conv=False newton=200 gmres= 3261    6.2s  (wall    30.1s)
[97/250] seed=3095 sin2d      h0=2.17e-03 u_in=0.52 east->west conv=True  newton= 25 gmres=  442    0.8s  (wall    30.2s)
[98/250] seed=3098 sin2d      h0=4.93e-04 u_in=0.17 east->west conv=True  newton=  9 gmres=   70    0.4s  (wall    30.4s)
[99/250] seed=3100 serpentine h0=6.79e-04 u_in=0.65 south->east conv=True  newton= 13 gmres=  220    0.5s  (wall    30.7s)
[100/250] seed=3101 quad       h0=5.53e-04 u_in=0.24 north->south conv=True  newton= 10 gmres=   89    0.4s  (wall    30.8s)
[101/250] seed=3097 uturn      h0=4.81e-04 u_in=1.02 west->west conv=True  newton= 24 gmres=  572    1.2s  (wall    30.9s)
[102/250] seed=3099 grf        h0=1.06e-03 u_in=1.95 north->south conv=True  newton= 19 gmres=  635    1.3s  (wall    31.3s)
[103/250] seed=3103 uturn      h0=1.45e-03 u_in=0.10 west->west conv=True  newton= 10 gmres=  166    0.6s  (wall    31.4s)
[104/250] seed=3105 grf        h0=7.41e-04 u_in=1.74 north->east conv=True  newton= 17 gmres=  264    0.6s  (wall    31.9s)
[105/250] seed=3106 blobs      h0=8.48e-04 u_in=0.43 east->east conv=True  newton= 11 gmres=  219    0.7s  (wall    32.1s)
[106/250] seed=3107 pins       h0=7.31e-04 u_in=0.25 east->south conv=True  newton= 10 gmres=   97    0.3s  (wall    32.2s)
[107/250] seed=3108 quad       h0=5.62e-04 u_in=1.10 north->east conv=True  newton= 13 gmres=  136    0.4s  (wall    32.4s)
[108/250] seed=3110 uniform    h0=3.92e-04 u_in=0.26 south->south conv=True  newton=  9 gmres=   58    0.2s  (wall    32.7s)
[109/250] seed=3111 serpentine h0=3.05e-04 u_in=0.54 north->west conv=True  newton=  8 gmres=   64    0.2s  (wall    32.9s)
[110/250] seed=3112 sin2d      h0=3.20e-04 u_in=0.31 east->south conv=True  newton= 11 gmres=   77    0.3s  (wall    33.2s)
[111/250] seed=3113 sin2d      h0=3.75e-04 u_in=0.42 west->east conv=True  newton=  9 gmres=   76    0.3s  (wall    33.4s)
[112/250] seed=3114 pins       h0=1.80e-03 u_in=0.34 west->east conv=True  newton= 17 gmres=  288    0.6s  (wall    34.0s)
[113/250] seed=3115 quad       h0=8.16e-04 u_in=0.99 east->west conv=True  newton= 11 gmres=   97    0.4s  (wall    34.5s)
[114/250] seed=3116 uniform    h0=3.78e-04 u_in=0.13 west->east conv=True  newton=  7 gmres=   50    0.3s  (wall    34.8s)
[115/250] seed=3109 grf        h0=2.78e-03 u_in=0.24 north->east conv=False newton=200 gmres= 1872    3.4s  (wall    35.7s)
[116/250] seed=3117 uturn      h0=7.08e-04 u_in=0.87 west->west conv=True  newton= 15 gmres=  564    1.2s  (wall    36.0s)
[117/250] seed=3102 blobs      h0=1.74e-03 u_in=0.49 south->south conv=True  newton= 68 gmres= 4208    6.0s  (wall    36.7s)
[118/250] seed=3119 blobs      h0=1.94e-03 u_in=0.36 west->west conv=True  newton= 20 gmres=  310    0.8s  (wall    36.8s)
[119/250] seed=3118 quad       h0=1.70e-03 u_in=2.00 east->south conv=True  newton= 32 gmres=  725    1.3s  (wall    36.9s)
[120/250] seed=3121 serpentine h0=8.71e-04 u_in=0.22 east->north conv=True  newton= 11 gmres=  177    0.3s  (wall    37.1s)
[121/250] seed=3123 uniform    h0=4.07e-04 u_in=0.51 north->east conv=True  newton= 10 gmres=   70    0.3s  (wall    37.4s)
[122/250] seed=3124 grf        h0=4.36e-04 u_in=1.24 north->south conv=True  newton= 11 gmres=  106    0.3s  (wall    37.8s)
[123/250] seed=3104 grf        h0=2.34e-03 u_in=1.23 east->south conv=False newton=200 gmres= 3439    7.2s  (wall    38.1s)
[124/250] seed=3120 blobs      h0=2.30e-03 u_in=0.31 south->west conv=True  newton= 31 gmres= 1056    1.6s  (wall    38.3s)
[125/250] seed=3127 quad       h0=3.77e-04 u_in=0.18 south->north conv=True  newton=  8 gmres=   56    0.2s  (wall    38.5s)
[126/250] seed=3128 pins       h0=2.21e-03 u_in=0.21 north->east conv=True  newton= 20 gmres=  273    0.6s  (wall    39.1s)
[127/250] seed=3129 uniform    h0=6.64e-04 u_in=0.26 north->east conv=True  newton= 11 gmres=   74    0.3s  (wall    39.4s)
[128/250] seed=3130 quad       h0=2.07e-03 u_in=0.10 south->east conv=True  newton= 13 gmres=  171    0.4s  (wall    39.8s)
[129/250] seed=3122 uturn      h0=9.67e-04 u_in=0.89 west->west conv=True  newton= 61 gmres= 2082    3.1s  (wall    40.0s)
[130/250] seed=3132 quad       h0=3.82e-04 u_in=1.84 east->east conv=True  newton= 12 gmres=  103    0.3s  (wall    40.3s)
[131/250] seed=3131 pins       h0=2.64e-03 u_in=0.25 north->west conv=True  newton= 22 gmres=  394    0.7s  (wall    40.5s)
[132/250] seed=3133 pins       h0=6.03e-04 u_in=0.65 west->east conv=True  newton= 14 gmres=  117    0.4s  (wall    40.7s)
[133/250] seed=3126 serpentine h0=1.38e-03 u_in=0.40 north->east conv=False newton=200 gmres= 1683    2.9s  (wall    41.0s)
[134/250] seed=3136 pins       h0=9.65e-04 u_in=0.44 south->west conv=True  newton= 14 gmres=  173    0.4s  (wall    41.4s)
[135/250] seed=3137 grf        h0=4.76e-04 u_in=0.95 east->south conv=True  newton= 15 gmres=  187    0.4s  (wall    41.9s)
[136/250] seed=3125 sin2d      h0=2.58e-03 u_in=1.61 west->north conv=True  newton= 46 gmres= 3085    4.3s  (wall    42.1s)
[137/250] seed=3134 pins       h0=2.02e-03 u_in=0.31 north->west conv=False newton= 28 gmres= 1081    1.6s  (wall    42.1s)
[138/250] seed=3138 sin2d      h0=4.80e-04 u_in=0.16 east->north conv=True  newton=  8 gmres=   61    0.2s  (wall    42.1s)
[139/250] seed=3141 serpentine h0=2.47e-03 u_in=0.23 west->south conv=True  newton= 16 gmres=  479    0.8s  (wall    42.9s)
[140/250] seed=3140 quad       h0=2.62e-03 u_in=0.22 south->north conv=True  newton= 26 gmres=  467    0.8s  (wall    42.9s)
[141/250] seed=3142 uniform    h0=1.52e-03 u_in=0.14 east->north conv=True  newton= 11 gmres=  124    0.3s  (wall    43.2s)
[142/250] seed=3139 pins       h0=1.47e-03 u_in=0.43 north->east conv=True  newton= 16 gmres=  787    1.2s  (wall    43.3s)
[143/250] seed=3143 quad       h0=5.29e-04 u_in=1.97 west->south conv=True  newton= 14 gmres=  185    0.4s  (wall    43.3s)
[144/250] seed=3146 pins       h0=3.91e-04 u_in=0.30 north->west conv=True  newton= 11 gmres=   67    0.3s  (wall    43.6s)
[145/250] seed=3147 serpentine h0=4.24e-04 u_in=0.19 west->north conv=True  newton=  8 gmres=   66    0.2s  (wall    43.8s)
[146/250] seed=3145 pins       h0=1.75e-03 u_in=0.49 east->west conv=True  newton= 20 gmres=  341    0.7s  (wall    44.0s)
[147/250] seed=3148 sin2d      h0=3.88e-04 u_in=0.10 east->west conv=True  newton=  8 gmres=   57    0.2s  (wall    44.1s)
[148/250] seed=3150 uniform    h0=1.56e-03 u_in=0.30 east->south conv=True  newton= 15 gmres=  215    0.5s  (wall    44.6s)
[149/250] seed=3149 uturn      h0=1.41e-03 u_in=0.86 west->west conv=True  newton= 16 gmres=  869    1.2s  (wall    45.2s)
[150/250] seed=3151 grf        h0=3.52e-04 u_in=0.69 north->north conv=True  newton= 32 gmres=  444    0.9s  (wall    45.4s)
[151/250] seed=3135 serpentine h0=1.27e-03 u_in=0.54 north->south conv=False newton=200 gmres= 4679    7.4s  (wall    48.1s)
[152/250] seed=3154 uturn      h0=1.98e-03 u_in=0.22 west->west conv=True  newton= 46 gmres= 2172    2.9s  (wall    51.0s)
[153/250] seed=3152 serpentine h0=2.16e-03 u_in=0.28 west->north conv=False newton=200 gmres= 4156    6.1s  (wall    51.3s)
[154/250] seed=3153 blobs      h0=2.65e-03 u_in=1.17 west->south conv=False newton=200 gmres= 3988    6.1s  (wall    51.5s)
[155/250] seed=3155 uniform    h0=2.07e-03 u_in=0.35 north->west conv=True  newton= 22 gmres=  324    0.6s  (wall    51.5s)
[156/250] seed=3157 grf        h0=4.04e-04 u_in=0.39 south->north conv=True  newton= 11 gmres=  113    0.3s  (wall    51.8s)
[157/250] seed=3158 uturn      h0=2.56e-03 u_in=0.16 west->west conv=True  newton= 11 gmres=  584    0.9s  (wall    52.5s)
[158/250] seed=3160 uniform    h0=2.05e-03 u_in=0.46 south->west conv=True  newton= 21 gmres=  373    0.8s  (wall    53.3s)
[159/250] seed=3161 pins       h0=2.50e-03 u_in=0.19 west->south conv=True  newton= 17 gmres=  335    0.6s  (wall    53.9s)
[160/250] seed=3162 uniform    h0=6.35e-04 u_in=0.14 west->west conv=True  newton=  9 gmres=   71    0.2s  (wall    54.1s)
[161/250] seed=3144 serpentine h0=1.92e-03 u_in=0.26 west->south conv=False newton=200 gmres= 8276   11.0s  (wall    54.2s)
[162/250] seed=3163 sin2d      h0=2.81e-03 u_in=0.28 west->east conv=True  newton= 24 gmres=  450    0.7s  (wall    54.9s)
[163/250] seed=3164 uniform    h0=1.44e-03 u_in=1.40 north->east conv=True  newton= 24 gmres=  494    0.9s  (wall    55.0s)
[164/250] seed=3166 grf        h0=2.20e-03 u_in=0.68 west->east conv=True  newton= 21 gmres=  414    0.8s  (wall    55.8s)
[165/250] seed=3156 uturn      h0=1.15e-03 u_in=1.39 west->west conv=False newton=200 gmres= 2632    4.6s  (wall    55.9s)
[166/250] seed=3159 uturn      h0=3.69e-04 u_in=1.68 west->west conv=False newton=200 gmres= 3226    5.0s  (wall    56.8s)
[167/250] seed=3168 sin2d      h0=2.96e-03 u_in=0.20 south->north conv=True  newton= 31 gmres=  505    1.0s  (wall    56.9s)
[168/250] seed=3169 grf        h0=3.29e-04 u_in=0.36 north->west conv=True  newton= 10 gmres=   70    0.3s  (wall    57.1s)
[169/250] seed=3170 sin2d      h0=7.87e-04 u_in=0.10 east->east conv=True  newton=  9 gmres=   90    0.3s  (wall    57.2s)
[170/250] seed=3171 pins       h0=3.99e-04 u_in=0.46 south->east conv=True  newton= 10 gmres=   71    0.3s  (wall    57.3s)
[171/250] seed=3172 sin2d      h0=5.37e-04 u_in=0.27 east->north conv=True  newton= 11 gmres=   99    0.3s  (wall    57.5s)
[172/250] seed=3173 sin2d      h0=4.63e-04 u_in=0.22 west->south conv=True  newton= 11 gmres=  105    0.3s  (wall    57.6s)
[173/250] seed=3174 sin2d      h0=5.74e-04 u_in=1.36 south->north conv=True  newton= 13 gmres=  172    0.4s  (wall    57.9s)
[174/250] seed=3175 uniform    h0=8.21e-04 u_in=1.33 north->east conv=True  newton= 15 gmres=  201    0.4s  (wall    58.1s)
[175/250] seed=3177 pins       h0=1.03e-03 u_in=0.39 north->east conv=True  newton= 14 gmres=  171    0.5s  (wall    58.6s)
[176/250] seed=3178 uniform    h0=3.55e-04 u_in=1.37 east->south conv=True  newton= 11 gmres=   86    0.3s  (wall    58.9s)
[177/250] seed=3176 sin2d      h0=2.85e-03 u_in=0.67 east->west conv=True  newton= 38 gmres=  841    1.4s  (wall    59.2s)
[178/250] seed=3165 uturn      h0=2.86e-03 u_in=0.68 west->west conv=False newton=200 gmres= 3482    5.0s  (wall    59.9s)
[179/250] seed=3167 uturn      h0=4.80e-04 u_in=0.85 west->west conv=False newton=200 gmres= 5005    6.9s  (wall    62.7s)
[180/250] seed=3180 serpentine h0=7.59e-04 u_in=0.43 south->east conv=False newton=200 gmres= 2727    3.7s  (wall    62.9s)
[181/250] seed=3183 pins       h0=1.34e-03 u_in=0.25 east->south conv=True  newton= 13 gmres=  158    0.4s  (wall    63.4s)
[182/250] seed=3184 blobs      h0=7.20e-04 u_in=0.17 south->north conv=True  newton= 10 gmres=   97    0.3s  (wall    63.6s)
[183/250] seed=3185 sin2d      h0=7.65e-04 u_in=0.72 north->south conv=True  newton= 15 gmres=  204    0.4s  (wall    64.1s)
[184/250] seed=3186 pins       h0=7.37e-04 u_in=0.42 north->east conv=True  newton= 10 gmres=  102    0.3s  (wall    64.3s)
[185/250] seed=3182 grf        h0=7.31e-04 u_in=1.51 west->east conv=True  newton= 48 gmres= 1186    2.0s  (wall    64.7s)
[186/250] seed=3188 pins       h0=4.00e-04 u_in=1.58 south->north conv=True  newton= 12 gmres=  164    0.3s  (wall    65.1s)
[187/250] seed=3187 pins       h0=1.35e-03 u_in=1.45 north->north conv=True  newton= 19 gmres=  381    0.8s  (wall    65.1s)
[188/250] seed=3179 serpentine h0=1.84e-03 u_in=0.18 west->east conv=False newton=200 gmres= 5039    6.5s  (wall    65.3s)
[189/250] seed=3190 grf        h0=7.12e-04 u_in=0.64 north->north conv=True  newton= 14 gmres=  192    0.4s  (wall    65.6s)
[190/250] seed=3191 blobs      h0=1.44e-03 u_in=0.17 west->west conv=True  newton= 14 gmres=  160    0.4s  (wall    65.7s)
[191/250] seed=3192 sin2d      h0=4.22e-04 u_in=1.27 west->south conv=True  newton= 11 gmres=  121    0.3s  (wall    65.9s)
[192/250] seed=3194 blobs      h0=1.19e-03 u_in=0.41 north->west conv=True  newton= 13 gmres=  345    0.6s  (wall    66.5s)
[193/250] seed=3195 uniform    h0=6.28e-04 u_in=0.15 east->south conv=True  newton=  9 gmres=   68    0.3s  (wall    66.7s)
[194/250] seed=3193 uniform    h0=2.41e-03 u_in=1.23 west->north conv=True  newton= 38 gmres= 1414    2.3s  (wall    68.0s)
[195/250] seed=3197 uturn      h0=9.24e-04 u_in=0.26 west->west conv=True  newton= 13 gmres=  274    0.5s  (wall    68.5s)
[196/250] seed=3196 grf        h0=2.28e-03 u_in=0.57 west->east conv=True  newton= 48 gmres= 1084    1.9s  (wall    68.6s)
[197/250] seed=3198 grf        h0=6.87e-04 u_in=0.49 east->south conv=True  newton= 12 gmres=  130    0.3s  (wall    68.8s)
[198/250] seed=3200 serpentine h0=8.37e-04 u_in=0.81 south->west conv=True  newton= 12 gmres=  255    0.4s  (wall    69.2s)
[199/250] seed=3201 blobs      h0=5.90e-04 u_in=0.71 west->south conv=True  newton= 12 gmres=  145    0.3s  (wall    69.5s)
[200/250] seed=3199 uturn      h0=1.72e-03 u_in=0.44 west->west conv=True  newton= 20 gmres=  989    1.5s  (wall    70.1s)
[201/250] seed=3202 pins       h0=1.26e-03 u_in=1.18 east->south conv=True  newton= 19 gmres=  299    0.6s  (wall    70.1s)
[202/250] seed=3204 grf        h0=4.69e-04 u_in=1.40 west->north conv=True  newton= 15 gmres=  186    0.4s  (wall    70.5s)
[203/250] seed=3203 pins       h0=1.03e-03 u_in=1.00 north->west conv=True  newton= 15 gmres=  210    0.4s  (wall    70.5s)
[204/250] seed=3206 serpentine h0=1.12e-03 u_in=1.05 west->north conv=True  newton= 17 gmres=  322    0.5s  (wall    71.0s)
[205/250] seed=3207 quad       h0=2.08e-03 u_in=0.25 west->south conv=True  newton= 16 gmres=  210    0.5s  (wall    71.5s)
[206/250] seed=3208 quad       h0=4.14e-04 u_in=0.34 north->west conv=True  newton= 10 gmres=   69    0.3s  (wall    71.8s)
[207/250] seed=3181 serpentine h0=1.83e-03 u_in=0.68 south->east conv=False newton=200 gmres=11457   13.4s  (wall    73.3s)
[208/250] seed=3210 uniform    h0=2.14e-03 u_in=0.18 north->west conv=True  newton= 17 gmres=  230    0.7s  (wall    74.0s)
[209/250] seed=3205 grf        h0=2.68e-03 u_in=1.18 east->west conv=False newton=200 gmres= 2240    3.6s  (wall    74.1s)
[210/250] seed=3211 quad       h0=5.24e-04 u_in=0.36 north->east conv=True  newton= 12 gmres=   88    0.5s  (wall    74.5s)
[211/250] seed=3212 pins       h0=5.29e-04 u_in=0.68 south->south conv=True  newton= 11 gmres=  101    0.3s  (wall    74.5s)
[212/250] seed=3214 sin2d      h0=3.86e-04 u_in=0.11 north->south conv=True  newton=  8 gmres=   57    0.2s  (wall    74.7s)
[213/250] seed=3209 uturn      h0=2.10e-03 u_in=0.11 west->west conv=False newton=200 gmres= 4332    6.2s  (wall    78.0s)
[214/250] seed=3213 blobs      h0=2.41e-03 u_in=0.64 north->east conv=True  newton=125 gmres= 2563    4.3s  (wall    78.7s)
[215/250] seed=3217 uniform    h0=1.89e-03 u_in=0.24 east->north conv=True  newton= 17 gmres=  226    0.5s  (wall    79.2s)
[216/250] seed=3215 serpentine h0=2.32e-03 u_in=0.70 east->south conv=False newton=200 gmres= 3480    4.9s  (wall    79.5s)
[217/250] seed=3219 sin2d      h0=4.74e-04 u_in=1.49 south->east conv=True  newton= 13 gmres=  133    0.3s  (wall    79.9s)
[218/250] seed=3218 quad       h0=1.60e-03 u_in=0.50 north->east conv=True  newton= 23 gmres=  385    0.7s  (wall    79.9s)
[219/250] seed=3220 pins       h0=3.08e-04 u_in=1.19 west->east conv=True  newton=  9 gmres=   85    0.3s  (wall    80.2s)
[220/250] seed=3221 serpentine h0=7.93e-04 u_in=1.52 east->south conv=True  newton= 20 gmres=  372    0.6s  (wall    80.5s)
[221/250] seed=3222 blobs      h0=6.10e-04 u_in=1.10 south->west conv=True  newton= 13 gmres=  239    0.4s  (wall    80.6s)
[222/250] seed=3224 grf        h0=4.16e-04 u_in=0.14 west->east conv=True  newton= 10 gmres=   97    0.3s  (wall    80.9s)
[223/250] seed=3216 grf        h0=2.90e-03 u_in=0.64 west->north conv=False newton=200 gmres= 2186    4.3s  (wall    82.3s)
[224/250] seed=3226 uturn      h0=1.36e-03 u_in=0.11 west->west conv=True  newton= 10 gmres=  147    0.4s  (wall    82.6s)
[225/250] seed=3225 uturn      h0=2.73e-03 u_in=0.34 west->west conv=False newton=200 gmres= 2437    3.8s  (wall    84.7s)
[226/250] seed=3227 grf        h0=2.95e-03 u_in=0.58 east->north conv=True  newton= 37 gmres= 1040    2.1s  (wall    84.7s)
[227/250] seed=3223 grf        h0=5.64e-04 u_in=1.87 south->south conv=False newton=200 gmres= 2276    4.3s  (wall    84.8s)
[228/250] seed=3228 grf        h0=4.79e-04 u_in=0.19 east->west conv=True  newton= 11 gmres=  101    0.3s  (wall    85.0s)
[229/250] seed=3229 pins       h0=4.25e-04 u_in=0.88 north->west conv=True  newton= 10 gmres=   97    0.4s  (wall    85.1s)
[230/250] seed=3230 quad       h0=2.92e-03 u_in=0.16 east->north conv=True  newton= 16 gmres=  225    0.4s  (wall    85.2s)
[231/250] seed=3231 grf        h0=2.49e-03 u_in=0.27 west->west conv=True  newton= 15 gmres=  229    0.5s  (wall    85.5s)
[232/250] seed=3234 quad       h0=6.31e-04 u_in=1.50 north->west conv=True  newton= 17 gmres=  228    0.4s  (wall    85.9s)
[233/250] seed=3232 grf        h0=4.47e-04 u_in=1.53 west->north conv=True  newton= 31 gmres=  553    1.0s  (wall    86.1s)
[234/250] seed=3233 pins       h0=9.50e-04 u_in=1.42 east->north conv=True  newton= 44 gmres=  648    1.1s  (wall    86.4s)
[235/250] seed=3237 uturn      h0=6.87e-04 u_in=0.26 west->west conv=True  newton= 28 gmres=  695    1.0s  (wall    87.4s)
[236/250] seed=3238 grf        h0=5.37e-04 u_in=0.85 west->north conv=True  newton= 11 gmres=   84    0.3s  (wall    87.7s)
[237/250] seed=3236 blobs      h0=2.72e-03 u_in=0.29 west->east conv=True  newton= 39 gmres= 2201    3.0s  (wall    89.1s)
[238/250] seed=3235 serpentine h0=1.38e-03 u_in=0.86 east->north conv=False newton=200 gmres= 3217    5.0s  (wall    90.9s)
[239/250] seed=3241 grf        h0=1.84e-03 u_in=0.71 east->south conv=True  newton= 17 gmres=  243    0.5s  (wall    91.4s)
[240/250] seed=3240 blobs      h0=7.76e-04 u_in=1.07 west->north conv=True  newton= 53 gmres= 1072    2.4s  (wall    91.6s)
[241/250] seed=3242 sin2d      h0=5.59e-04 u_in=0.17 south->east conv=True  newton= 10 gmres=   85    0.3s  (wall    91.7s)
[242/250] seed=3243 sin2d      h0=3.44e-04 u_in=1.36 north->west conv=True  newton= 12 gmres=  108    0.3s  (wall    91.8s)
[243/250] seed=3244 sin2d      h0=2.13e-03 u_in=0.16 north->south conv=True  newton= 18 gmres=  281    0.5s  (wall    92.2s)
[244/250] seed=3246 uturn      h0=8.05e-04 u_in=0.40 west->west conv=True  newton= 14 gmres=  154    0.3s  (wall    92.6s)
[245/250] seed=3247 quad       h0=5.86e-04 u_in=0.16 north->south conv=True  newton= 10 gmres=   73    0.3s  (wall    92.8s)
[246/250] seed=3248 uniform    h0=3.68e-04 u_in=0.46 east->west conv=True  newton= 10 gmres=   61    0.3s  (wall    93.1s)
[247/250] seed=3245 sin2d      h0=1.56e-03 u_in=1.93 north->east conv=True  newton= 39 gmres=  910    1.5s  (wall    93.4s)
[248/250] seed=3249 grf        h0=3.93e-04 u_in=1.15 north->west conv=True  newton= 13 gmres=  137    0.4s  (wall    93.5s)
[249/250] seed=3239 uturn      h0=1.58e-03 u_in=0.35 west->west conv=False newton=200 gmres= 4536    6.5s  (wall    94.2s)
[250/250] seed=3189 uturn      h0=1.56e-03 u_in=1.01 west->west conv=False newton=200 gmres=37455   44.2s  (wall   109.3s)
done: 1 shards -> experiments/nsbm/data
