memcap: unit=memcap-train.py_-900107.scope MemoryMax=12G MemorySwapMax=0 :: python experiments/nsbm/train.py --data experiments/nsbm/data --out experiments/nsbm/runs/unet-a --epochs 120 --threads 8
samples=4000 converged=3582 (89.5%)
{'train': 2867, 'val': 358, 'test': 357}
/home/nishioka/work/ykep-cae/nsbm/train.py:147: UserWarning: Converting a tensor with requires_grad=True to a scalar may lead to unexpected behavior.
Consider using tensor.detach() first. (Triggered internally at /__w/pytorch/pytorch/torch/csrc/autograd/generated/python_variable_methods.cpp:820.)
  tot += float(loss) * len(b)
epoch    0 train 1.504e-01 val 1.491e-01 best 1.491e-01@0 lr 1.00e-03    58.7s
epoch    1 train 1.374e-01 val 1.451e-01 best 1.451e-01@1 lr 9.99e-04   111.0s
epoch    2 train 1.353e-01 val 1.444e-01 best 1.444e-01@2 lr 9.98e-04   160.5s
epoch    3 train 1.341e-01 val 1.455e-01 best 1.444e-01@2 lr 9.97e-04   210.9s
epoch    4 train 1.313e-01 val 1.438e-01 best 1.438e-01@4 lr 9.96e-04   258.7s
epoch    5 train 1.318e-01 val 1.393e-01 best 1.393e-01@5 lr 9.94e-04   307.7s
epoch    6 train 1.266e-01 val 1.366e-01 best 1.366e-01@6 lr 9.92e-04   364.2s
epoch    7 train 1.189e-01 val 1.314e-01 best 1.314e-01@7 lr 9.89e-04   436.3s
epoch    8 train 1.027e-01 val 1.041e-01 best 1.041e-01@8 lr 9.86e-04   498.0s
epoch    9 train 9.288e-02 val 1.026e-01 best 1.026e-01@9 lr 9.83e-04   553.5s
epoch   10 train 8.646e-02 val 9.483e-02 best 9.483e-02@10 lr 9.79e-04   621.9s
epoch   11 train 7.676e-02 val 9.294e-02 best 9.294e-02@11 lr 9.76e-04   673.9s
epoch   12 train 7.610e-02 val 1.575e-01 best 9.294e-02@11 lr 9.71e-04   714.4s
epoch   13 train 7.781e-02 val 8.586e-02 best 8.586e-02@13 lr 9.67e-04   733.2s
epoch   14 train 7.292e-02 val 8.161e-02 best 8.161e-02@14 lr 9.62e-04   753.6s
epoch   15 train 6.638e-02 val 7.517e-02 best 7.517e-02@15 lr 9.57e-04   787.3s
epoch   16 train 6.459e-02 val 7.551e-02 best 7.517e-02@15 lr 9.51e-04   843.4s
epoch   17 train 5.377e-02 val 7.847e-02 best 7.517e-02@15 lr 9.46e-04   885.7s
epoch   18 train 5.616e-02 val 7.368e-02 best 7.368e-02@18 lr 9.39e-04   940.0s
epoch   19 train 5.469e-02 val 6.087e-02 best 6.087e-02@19 lr 9.33e-04   979.3s
epoch   20 train 6.379e-02 val 6.930e-02 best 6.087e-02@19 lr 9.26e-04  1021.1s
epoch   21 train 5.397e-02 val 6.835e-02 best 6.087e-02@19 lr 9.19e-04  1067.3s
epoch   22 train 5.368e-02 val 6.123e-02 best 6.087e-02@19 lr 9.12e-04  1112.7s
epoch   23 train 4.526e-02 val 6.592e-02 best 6.087e-02@19 lr 9.05e-04  1156.4s
epoch   24 train 4.130e-02 val 5.619e-02 best 5.619e-02@24 lr 8.97e-04  1191.2s
epoch   25 train 4.233e-02 val 6.447e-02 best 5.619e-02@24 lr 8.89e-04  1250.6s
epoch   26 train 4.567e-02 val 6.810e-02 best 5.619e-02@24 lr 8.80e-04  1313.5s
epoch   27 train 4.294e-02 val 6.204e-02 best 5.619e-02@24 lr 8.72e-04  1362.0s
epoch   28 train 3.635e-02 val 5.007e-02 best 5.007e-02@28 lr 8.63e-04  1405.3s
epoch   29 train 4.315e-02 val 7.468e-02 best 5.007e-02@28 lr 8.54e-04  1425.0s
epoch   30 train 4.705e-02 val 7.811e-02 best 5.007e-02@28 lr 8.44e-04  1444.0s
epoch   31 train 3.669e-02 val 4.875e-02 best 4.875e-02@31 lr 8.35e-04  1463.3s
epoch   32 train 3.254e-02 val 4.755e-02 best 4.755e-02@32 lr 8.25e-04  1485.7s
epoch   33 train 3.030e-02 val 4.473e-02 best 4.473e-02@33 lr 8.15e-04  1504.7s
epoch   34 train 2.540e-02 val 4.317e-02 best 4.317e-02@34 lr 8.04e-04  1519.7s
epoch   35 train 2.688e-02 val 4.694e-02 best 4.317e-02@34 lr 7.94e-04  1534.9s
epoch   36 train 2.512e-02 val 4.749e-02 best 4.317e-02@34 lr 7.83e-04  1549.9s
epoch   37 train 2.438e-02 val 3.920e-02 best 3.920e-02@37 lr 7.72e-04  1566.0s
epoch   38 train 2.209e-02 val 3.847e-02 best 3.847e-02@38 lr 7.61e-04  1580.9s
epoch   39 train 2.009e-02 val 4.210e-02 best 3.847e-02@38 lr 7.50e-04  1595.9s
epoch   40 train 2.109e-02 val 3.723e-02 best 3.723e-02@40 lr 7.39e-04  1610.9s
epoch   41 train 1.814e-02 val 3.426e-02 best 3.426e-02@41 lr 7.27e-04  1626.1s
epoch   42 train 1.606e-02 val 3.096e-02 best 3.096e-02@42 lr 7.15e-04  1641.4s
epoch   43 train 1.876e-02 val 3.086e-02 best 3.086e-02@43 lr 7.03e-04  1656.6s
epoch   44 train 1.618e-02 val 3.250e-02 best 3.086e-02@43 lr 6.91e-04  1673.6s
epoch   45 train 1.787e-02 val 3.656e-02 best 3.086e-02@43 lr 6.79e-04  1692.1s
epoch   46 train 1.413e-02 val 2.790e-02 best 2.790e-02@46 lr 6.67e-04  1707.2s
epoch   47 train 1.289e-02 val 2.896e-02 best 2.790e-02@46 lr 6.55e-04  1722.4s
epoch   48 train 1.239e-02 val 2.748e-02 best 2.748e-02@48 lr 6.42e-04  1737.4s
epoch   49 train 1.279e-02 val 3.080e-02 best 2.748e-02@48 lr 6.29e-04  1752.3s
epoch   50 train 1.332e-02 val 2.657e-02 best 2.657e-02@50 lr 6.17e-04  1767.3s
epoch   51 train 1.160e-02 val 3.012e-02 best 2.657e-02@50 lr 6.04e-04  1782.2s
epoch   52 train 1.176e-02 val 3.265e-02 best 2.657e-02@50 lr 5.91e-04  1797.2s
epoch   53 train 1.144e-02 val 3.446e-02 best 2.657e-02@50 lr 5.78e-04  1812.0s
epoch   54 train 1.079e-02 val 2.684e-02 best 2.657e-02@50 lr 5.65e-04  1826.9s
epoch   55 train 9.571e-03 val 2.446e-02 best 2.446e-02@55 lr 5.52e-04  1841.8s
epoch   56 train 9.127e-03 val 2.659e-02 best 2.446e-02@55 lr 5.39e-04  1856.7s
epoch   57 train 8.990e-03 val 2.658e-02 best 2.446e-02@55 lr 5.26e-04  1871.6s
epoch   58 train 9.412e-03 val 2.871e-02 best 2.446e-02@55 lr 5.13e-04  1886.7s
epoch   59 train 9.320e-03 val 2.409e-02 best 2.409e-02@59 lr 5.00e-04  1902.5s
epoch   60 train 8.979e-03 val 2.515e-02 best 2.409e-02@59 lr 4.87e-04  1917.4s
epoch   61 train 7.994e-03 val 2.482e-02 best 2.409e-02@59 lr 4.74e-04  1932.5s
epoch   62 train 7.712e-03 val 2.509e-02 best 2.409e-02@59 lr 4.61e-04  1947.6s
epoch   63 train 7.710e-03 val 2.554e-02 best 2.409e-02@59 lr 4.48e-04  1962.7s
epoch   64 train 7.615e-03 val 2.574e-02 best 2.409e-02@59 lr 4.35e-04  1977.6s
epoch   65 train 7.291e-03 val 2.421e-02 best 2.409e-02@59 lr 4.22e-04  1992.6s
epoch   66 train 7.228e-03 val 2.358e-02 best 2.358e-02@66 lr 4.09e-04  2007.7s
epoch   67 train 6.719e-03 val 2.444e-02 best 2.358e-02@66 lr 3.96e-04  2022.7s
epoch   68 train 6.747e-03 val 2.383e-02 best 2.358e-02@66 lr 3.83e-04  2037.6s
epoch   69 train 6.390e-03 val 2.341e-02 best 2.341e-02@69 lr 3.71e-04  2052.9s
epoch   70 train 6.551e-03 val 2.430e-02 best 2.341e-02@69 lr 3.58e-04  2069.1s
epoch   71 train 6.279e-03 val 2.187e-02 best 2.187e-02@71 lr 3.45e-04  2088.5s
epoch   72 train 6.296e-03 val 2.515e-02 best 2.187e-02@71 lr 3.33e-04  2103.5s
epoch   73 train 5.889e-03 val 2.335e-02 best 2.187e-02@71 lr 3.21e-04  2118.4s
epoch   74 train 6.262e-03 val 2.598e-02 best 2.187e-02@71 lr 3.09e-04  2133.3s
epoch   75 train 6.053e-03 val 2.536e-02 best 2.187e-02@71 lr 2.97e-04  2148.2s
epoch   76 train 5.704e-03 val 2.544e-02 best 2.187e-02@71 lr 2.85e-04  2162.9s
epoch   77 train 5.578e-03 val 2.361e-02 best 2.187e-02@71 lr 2.73e-04  2177.7s
epoch   78 train 5.193e-03 val 2.237e-02 best 2.187e-02@71 lr 2.61e-04  2192.5s
epoch   79 train 5.355e-03 val 2.392e-02 best 2.187e-02@71 lr 2.50e-04  2207.4s
epoch   80 train 5.122e-03 val 2.439e-02 best 2.187e-02@71 lr 2.39e-04  2222.4s
epoch   81 train 5.199e-03 val 2.492e-02 best 2.187e-02@71 lr 2.28e-04  2237.3s
epoch   82 train 4.888e-03 val 2.296e-02 best 2.187e-02@71 lr 2.17e-04  2252.2s
epoch   83 train 4.752e-03 val 2.407e-02 best 2.187e-02@71 lr 2.06e-04  2267.2s
epoch   84 train 4.710e-03 val 2.203e-02 best 2.187e-02@71 lr 1.96e-04  2282.1s
epoch   85 train 4.652e-03 val 2.347e-02 best 2.187e-02@71 lr 1.85e-04  2297.1s
epoch   86 train 4.537e-03 val 2.329e-02 best 2.187e-02@71 lr 1.75e-04  2312.0s
epoch   87 train 4.516e-03 val 2.376e-02 best 2.187e-02@71 lr 1.65e-04  2326.9s
epoch   88 train 4.429e-03 val 2.333e-02 best 2.187e-02@71 lr 1.56e-04  2341.8s
epoch   89 train 4.263e-03 val 2.243e-02 best 2.187e-02@71 lr 1.46e-04  2356.7s
epoch   90 train 4.234e-03 val 2.351e-02 best 2.187e-02@71 lr 1.37e-04  2371.7s
epoch   91 train 4.218e-03 val 2.315e-02 best 2.187e-02@71 lr 1.28e-04  2389.2s
epoch   92 train 4.092e-03 val 2.278e-02 best 2.187e-02@71 lr 1.20e-04  2410.1s
epoch   93 train 4.029e-03 val 2.247e-02 best 2.187e-02@71 lr 1.11e-04  2425.0s
epoch   94 train 3.989e-03 val 2.369e-02 best 2.187e-02@71 lr 1.03e-04  2439.9s
epoch   95 train 3.941e-03 val 2.287e-02 best 2.187e-02@71 lr 9.55e-05  2454.8s
epoch   96 train 3.929e-03 val 2.252e-02 best 2.187e-02@71 lr 8.79e-05  2532.1s
epoch   97 train 3.887e-03 val 2.304e-02 best 2.187e-02@71 lr 8.07e-05  2633.7s
epoch   98 train 3.821e-03 val 2.303e-02 best 2.187e-02@71 lr 7.37e-05  2724.7s
epoch   99 train 3.759e-03 val 2.221e-02 best 2.187e-02@71 lr 6.70e-05  2815.9s
epoch  100 train 3.748e-03 val 2.250e-02 best 2.187e-02@71 lr 6.06e-05  2921.1s
epoch  101 train 3.701e-03 val 2.240e-02 best 2.187e-02@71 lr 5.45e-05  3019.2s
epoch  102 train 3.685e-03 val 2.241e-02 best 2.187e-02@71 lr 4.87e-05  3110.7s
epoch  103 train 3.657e-03 val 2.249e-02 best 2.187e-02@71 lr 4.32e-05  3206.1s
