memcap: unit=memcap-train.py_-952153.scope MemoryMax=24G MemorySwapMax=0 :: python experiments/nsbm/train.py --out experiments/nsbm/runs/unet-r --init-from experiments/nsbm/runs/unet-a/best.pt --res-weight 3e-5 --res-workers 12 --epochs 30 --lr 3e-4 --threads 4
samples=4000 converged=3582 (89.5%)
split from experiments/nsbm/runs/unet-a/split.json
{'train': 2867, 'val': 358, 'test': 357}
epoch    0 first batch: |g|head mse 2.40e-02 res 1.49e+03 (res/mse 6.2e+04) res mean 91.20
epoch    0 train mse 1.395e-02 res 15125.872 | val mse 6.385e-02 res 11085.908 obj 3.964e-01 best 3.964e-01@0 | cfl med 10.1 [3.16,11.3] fail 0 | |g|head mse 2.40e-02 res 1.49e+03 lr 2.99e-04   464.0s
epoch    1 first batch: |g|head mse 2.41e-01 res 1.17e+11 (res/mse 4.8e+11) res mean 10601.20
Process SpawnPoolWorker-4:
Traceback (most recent call last):
  File "/usr/lib/python3.14/multiprocessing/pool.py", line 131, in worker
    put((job, i, result))
    ~~~^^^^^^^^^^^^^^^^^^
  File "/usr/lib/python3.14/multiprocessing/queues.py", line 397, in put
    self._writer.send_bytes(obj)
    ~~~~~~~~~~~~~~~~~~~~~~~^^^^^
  File "/usr/lib/python3.14/multiprocessing/connection.py", line 207, in send_bytes
    self._send_bytes(m[offset:offset + size])
    ~~~~~~~~~~~~~~~~^^^^^^^^^^^^^^^^^^^^^^^^^
  File "/usr/lib/python3.14/multiprocessing/connection.py", line 438, in _send_bytes
    self._send(header)
    ~~~~~~~~~~^^^^^^^^
  File "/usr/lib/python3.14/multiprocessing/connection.py", line 401, in _send
    n = write(self._handle, buf)
BrokenPipeError: [Errno 32] Broken pipe

During handling of the above exception, another exception occurred:

Traceback (most recent call last):
  File "/usr/lib/python3.14/multiprocessing/process.py", line 320, in _bootstrap
    self.run()
    ~~~~~~~~^^
  File "/usr/lib/python3.14/multiprocessing/process.py", line 108, in run
    self._target(*self._args, **self._kwargs)
    ~~~~~~~~~~~~^^^^^^^^^^^^^^^^^^^^^^^^^^^^^
  File "/usr/lib/python3.14/multiprocessing/pool.py", line 136, in worker
    put((job, i, (False, wrapped)))
    ~~~^^^^^^^^^^^^^^^^^^^^^^^^^^^^
  File "/usr/lib/python3.14/multiprocessing/queues.py", line 397, in put
    self._writer.send_bytes(obj)
    ~~~~~~~~~~~~~~~~~~~~~~~^^^^^
  File "/usr/lib/python3.14/multiprocessing/connection.py", line 207, in send_bytes
    self._send_bytes(m[offset:offset + size])
    ~~~~~~~~~~~~~~~~^^^^^^^^^^^^^^^^^^^^^^^^^
  File "/usr/lib/python3.14/multiprocessing/connection.py", line 445, in _send_bytes
    self._send(header + buf)
    ~~~~~~~~~~^^^^^^^^^^^^^^
  File "/usr/lib/python3.14/multiprocessing/connection.py", line 401, in _send
    n = write(self._handle, buf)
BrokenPipeError: [Errno 32] Broken pipe
Process SpawnPoolWorker-9:
Traceback (most recent call last):
  File "/usr/lib/python3.14/multiprocessing/pool.py", line 131, in worker
    put((job, i, result))
    ~~~^^^^^^^^^^^^^^^^^^
  File "/usr/lib/python3.14/multiprocessing/queues.py", line 397, in put
    self._writer.send_bytes(obj)
    ~~~~~~~~~~~~~~~~~~~~~~~^^^^^
  File "/usr/lib/python3.14/multiprocessing/connection.py", line 207, in send_bytes
    self._send_bytes(m[offset:offset + size])
    ~~~~~~~~~~~~~~~~^^^^^^^^^^^^^^^^^^^^^^^^^
  File "/usr/lib/python3.14/multiprocessing/connection.py", line 438, in _send_bytes
    self._send(header)
    ~~~~~~~~~~^^^^^^^^
  File "/usr/lib/python3.14/multiprocessing/connection.py", line 401, in _send
    n = write(self._handle, buf)
BrokenPipeError: [Errno 32] Broken pipe

During handling of the above exception, another exception occurred:

Traceback (most recent call last):
  File "/usr/lib/python3.14/multiprocessing/process.py", line 320, in _bootstrap
    self.run()
    ~~~~~~~~^^
  File "/usr/lib/python3.14/multiprocessing/process.py", line 108, in run
    self._target(*self._args, **self._kwargs)
    ~~~~~~~~~~~~^^^^^^^^^^^^^^^^^^^^^^^^^^^^^
  File "/usr/lib/python3.14/multiprocessing/pool.py", line 136, in worker
    put((job, i, (False, wrapped)))
    ~~~^^^^^^^^^^^^^^^^^^^^^^^^^^^^
  File "/usr/lib/python3.14/multiprocessing/queues.py", line 397, in put
    self._writer.send_bytes(obj)
    ~~~~~~~~~~~~~~~~~~~~~~~^^^^^
  File "/usr/lib/python3.14/multiprocessing/connection.py", line 207, in send_bytes
    self._send_bytes(m[offset:offset + size])
    ~~~~~~~~~~~~~~~~^^^^^^^^^^^^^^^^^^^^^^^^^
  File "/usr/lib/python3.14/multiprocessing/connection.py", line 445, in _send_bytes
    self._send(header + buf)
    ~~~~~~~~~~^^^^^^^^^^^^^^
  File "/usr/lib/python3.14/multiprocessing/connection.py", line 401, in _send
    n = write(self._handle, buf)
BrokenPipeError: [Errno 32] Broken pipe
Process SpawnPoolWorker-6:
Traceback (most recent call last):
  File "/usr/lib/python3.14/multiprocessing/pool.py", line 131, in worker
    put((job, i, result))
    ~~~^^^^^^^^^^^^^^^^^^
  File "/usr/lib/python3.14/multiprocessing/queues.py", line 397, in put
    self._writer.send_bytes(obj)
    ~~~~~~~~~~~~~~~~~~~~~~~^^^^^
  File "/usr/lib/python3.14/multiprocessing/connection.py", line 207, in send_bytes
    self._send_bytes(m[offset:offset + size])
    ~~~~~~~~~~~~~~~~^^^^^^^^^^^^^^^^^^^^^^^^^
  File "/usr/lib/python3.14/multiprocessing/connection.py", line 438, in _send_bytes
    self._send(header)
    ~~~~~~~~~~^^^^^^^^
  File "/usr/lib/python3.14/multiprocessing/connection.py", line 401, in _send
    n = write(self._handle, buf)
BrokenPipeError: [Errno 32] Broken pipe

During handling of the above exception, another exception occurred:

Traceback (most recent call last):
  File "/usr/lib/python3.14/multiprocessing/process.py", line 320, in _bootstrap
    self.run()
    ~~~~~~~~^^
  File "/usr/lib/python3.14/multiprocessing/process.py", line 108, in run
    self._target(*self._args, **self._kwargs)
    ~~~~~~~~~~~~^^^^^^^^^^^^^^^^^^^^^^^^^^^^^
  File "/usr/lib/python3.14/multiprocessing/pool.py", line 136, in worker
    put((job, i, (False, wrapped)))
    ~~~^^^^^^^^^^^^^^^^^^^^^^^^^^^^
  File "/usr/lib/python3.14/multiprocessing/queues.py", line 397, in put
    self._writer.send_bytes(obj)
    ~~~~~~~~~~~~~~~~~~~~~~~^^^^^
  File "/usr/lib/python3.14/multiprocessing/connection.py", line 207, in send_bytes
    self._send_bytes(m[offset:offset + size])
    ~~~~~~~~~~~~~~~~^^^^^^^^^^^^^^^^^^^^^^^^^
  File "/usr/lib/python3.14/multiprocessing/connection.py", line 445, in _send_bytes
    self._send(header + buf)
    ~~~~~~~~~~^^^^^^^^^^^^^^
  File "/usr/lib/python3.14/multiprocessing/connection.py", line 401, in _send
    n = write(self._handle, buf)
BrokenPipeError: [Errno 32] Broken pipe
Process SpawnPoolWorker-1:
Traceback (most recent call last):
  File "/usr/lib/python3.14/multiprocessing/pool.py", line 131, in worker
    put((job, i, result))
    ~~~^^^^^^^^^^^^^^^^^^
  File "/usr/lib/python3.14/multiprocessing/queues.py", line 397, in put
    self._writer.send_bytes(obj)
    ~~~~~~~~~~~~~~~~~~~~~~~^^^^^
  File "/usr/lib/python3.14/multiprocessing/connection.py", line 207, in send_bytes
    self._send_bytes(m[offset:offset + size])
    ~~~~~~~~~~~~~~~~^^^^^^^^^^^^^^^^^^^^^^^^^
  File "/usr/lib/python3.14/multiprocessing/connection.py", line 438, in _send_bytes
    self._send(header)
    ~~~~~~~~~~^^^^^^^^
  File "/usr/lib/python3.14/multiprocessing/connection.py", line 401, in _send
    n = write(self._handle, buf)
BrokenPipeError: [Errno 32] Broken pipe

During handling of the above exception, another exception occurred:

Traceback (most recent call last):
  File "/usr/lib/python3.14/multiprocessing/process.py", line 320, in _bootstrap
    self.run()
    ~~~~~~~~^^
  File "/usr/lib/python3.14/multiprocessing/process.py", line 108, in run
    self._target(*self._args, **self._kwargs)
    ~~~~~~~~~~~~^^^^^^^^^^^^^^^^^^^^^^^^^^^^^
  File "/usr/lib/python3.14/multiprocessing/pool.py", line 136, in worker
    put((job, i, (False, wrapped)))
    ~~~^^^^^^^^^^^^^^^^^^^^^^^^^^^^
  File "/usr/lib/python3.14/multiprocessing/queues.py", line 397, in put
    self._writer.send_bytes(obj)
    ~~~~~~~~~~~~~~~~~~~~~~~^^^^^
  File "/usr/lib/python3.14/multiprocessing/connection.py", line 207, in send_bytes
    self._send_bytes(m[offset:offset + size])
    ~~~~~~~~~~~~~~~~^^^^^^^^^^^^^^^^^^^^^^^^^
  File "/usr/lib/python3.14/multiprocessing/connection.py", line 445, in _send_bytes
    self._send(header + buf)
    ~~~~~~~~~~^^^^^^^^^^^^^^
  File "/usr/lib/python3.14/multiprocessing/connection.py", line 401, in _send
    n = write(self._handle, buf)
BrokenPipeError: [Errno 32] Broken pipe
Process SpawnPoolWorker-8:
Traceback (most recent call last):
  File "/usr/lib/python3.14/multiprocessing/pool.py", line 131, in worker
    put((job, i, result))
    ~~~^^^^^^^^^^^^^^^^^^
  File "/usr/lib/python3.14/multiprocessing/queues.py", line 397, in put
    self._writer.send_bytes(obj)
    ~~~~~~~~~~~~~~~~~~~~~~~^^^^^
  File "/usr/lib/python3.14/multiprocessing/connection.py", line 207, in send_bytes
    self._send_bytes(m[offset:offset + size])
    ~~~~~~~~~~~~~~~~^^^^^^^^^^^^^^^^^^^^^^^^^
  File "/usr/lib/python3.14/multiprocessing/connection.py", line 438, in _send_bytes
    self._send(header)
    ~~~~~~~~~~^^^^^^^^
  File "/usr/lib/python3.14/multiprocessing/connection.py", line 401, in _send
    n = write(self._handle, buf)
BrokenPipeError: [Errno 32] Broken pipe

During handling of the above exception, another exception occurred:

Traceback (most recent call last):
  File "/usr/lib/python3.14/multiprocessing/process.py", line 320, in _bootstrap
    self.run()
    ~~~~~~~~^^
  File "/usr/lib/python3.14/multiprocessing/process.py", line 108, in run
    self._target(*self._args, **self._kwargs)
    ~~~~~~~~~~~~^^^^^^^^^^^^^^^^^^^^^^^^^^^^^
  File "/usr/lib/python3.14/multiprocessing/pool.py", line 136, in worker
    put((job, i, (False, wrapped)))
    ~~~^^^^^^^^^^^^^^^^^^^^^^^^^^^^
  File "/usr/lib/python3.14/multiprocessing/queues.py", line 397, in put
    self._writer.send_bytes(obj)
    ~~~~~~~~~~~~~~~~~~~~~~~^^^^^
  File "/usr/lib/python3.14/multiprocessing/connection.py", line 207, in send_bytes
    self._send_bytes(m[offset:offset + size])
    ~~~~~~~~~~~~~~~~^^^^^^^^^^^^^^^^^^^^^^^^^
  File "/usr/lib/python3.14/multiprocessing/connection.py", line 445, in _send_bytes
    self._send(header + buf)
    ~~~~~~~~~~^^^^^^^^^^^^^^
  File "/usr/lib/python3.14/multiprocessing/connection.py", line 401, in _send
    n = write(self._handle, buf)
BrokenPipeError: [Errno 32] Broken pipe
Process SpawnPoolWorker-7:
Traceback (most recent call last):
  File "/usr/lib/python3.14/multiprocessing/pool.py", line 131, in worker
    put((job, i, result))
    ~~~^^^^^^^^^^^^^^^^^^
  File "/usr/lib/python3.14/multiprocessing/queues.py", line 397, in put
    self._writer.send_bytes(obj)
    ~~~~~~~~~~~~~~~~~~~~~~~^^^^^
  File "/usr/lib/python3.14/multiprocessing/connection.py", line 207, in send_bytes
    self._send_bytes(m[offset:offset + size])
    ~~~~~~~~~~~~~~~~^^^^^^^^^^^^^^^^^^^^^^^^^
  File "/usr/lib/python3.14/multiprocessing/connection.py", line 438, in _send_bytes
    self._send(header)
    ~~~~~~~~~~^^^^^^^^
  File "/usr/lib/python3.14/multiprocessing/connection.py", line 401, in _send
    n = write(self._handle, buf)
BrokenPipeError: [Errno 32] Broken pipe

During handling of the above exception, another exception occurred:

Traceback (most recent call last):
  File "/usr/lib/python3.14/multiprocessing/process.py", line 320, in _bootstrap
    self.run()
    ~~~~~~~~^^
  File "/usr/lib/python3.14/multiprocessing/process.py", line 108, in run
    self._target(*self._args, **self._kwargs)
    ~~~~~~~~~~~~^^^^^^^^^^^^^^^^^^^^^^^^^^^^^
  File "/usr/lib/python3.14/multiprocessing/pool.py", line 136, in worker
    put((job, i, (False, wrapped)))
    ~~~^^^^^^^^^^^^^^^^^^^^^^^^^^^^
  File "/usr/lib/python3.14/multiprocessing/queues.py", line 397, in put
    self._writer.send_bytes(obj)
    ~~~~~~~~~~~~~~~~~~~~~~~^^^^^
  File "/usr/lib/python3.14/multiprocessing/connection.py", line 207, in send_bytes
    self._send_bytes(m[offset:offset + size])
    ~~~~~~~~~~~~~~~~^^^^^^^^^^^^^^^^^^^^^^^^^
  File "/usr/lib/python3.14/multiprocessing/connection.py", line 445, in _send_bytes
    self._send(header + buf)
    ~~~~~~~~~~^^^^^^^^^^^^^^
  File "/usr/lib/python3.14/multiprocessing/connection.py", line 401, in _send
    n = write(self._handle, buf)
BrokenPipeError: [Errno 32] Broken pipe
Process SpawnPoolWorker-12:
Traceback (most recent call last):
  File "/usr/lib/python3.14/multiprocessing/pool.py", line 131, in worker
    put((job, i, result))
    ~~~^^^^^^^^^^^^^^^^^^
  File "/usr/lib/python3.14/multiprocessing/queues.py", line 397, in put
    self._writer.send_bytes(obj)
    ~~~~~~~~~~~~~~~~~~~~~~~^^^^^
  File "/usr/lib/python3.14/multiprocessing/connection.py", line 207, in send_bytes
    self._send_bytes(m[offset:offset + size])
    ~~~~~~~~~~~~~~~~^^^^^^^^^^^^^^^^^^^^^^^^^
  File "/usr/lib/python3.14/multiprocessing/connection.py", line 438, in _send_bytes
    self._send(header)
    ~~~~~~~~~~^^^^^^^^
  File "/usr/lib/python3.14/multiprocessing/connection.py", line 401, in _send
    n = write(self._handle, buf)
BrokenPipeError: [Errno 32] Broken pipe

During handling of the above exception, another exception occurred:

Traceback (most recent call last):
  File "/usr/lib/python3.14/multiprocessing/process.py", line 320, in _bootstrap
    self.run()
    ~~~~~~~~^^
  File "/usr/lib/python3.14/multiprocessing/process.py", line 108, in run
    self._target(*self._args, **self._kwargs)
    ~~~~~~~~~~~~^^^^^^^^^^^^^^^^^^^^^^^^^^^^^
  File "/usr/lib/python3.14/multiprocessing/pool.py", line 136, in worker
    put((job, i, (False, wrapped)))
    ~~~^^^^^^^^^^^^^^^^^^^^^^^^^^^^
  File "/usr/lib/python3.14/multiprocessing/queues.py", line 397, in put
    self._writer.send_bytes(obj)
    ~~~~~~~~~~~~~~~~~~~~~~~^^^^^
  File "/usr/lib/python3.14/multiprocessing/connection.py", line 207, in send_bytes
    self._send_bytes(m[offset:offset + size])
    ~~~~~~~~~~~~~~~~^^^^^^^^^^^^^^^^^^^^^^^^^
  File "/usr/lib/python3.14/multiprocessing/connection.py", line 445, in _send_bytes
    self._send(header + buf)
    ~~~~~~~~~~^^^^^^^^^^^^^^
  File "/usr/lib/python3.14/multiprocessing/connection.py", line 401, in _send
    n = write(self._handle, buf)
BrokenPipeError: [Errno 32] Broken pipe
Process SpawnPoolWorker-5:
Traceback (most recent call last):
  File "/usr/lib/python3.14/multiprocessing/pool.py", line 131, in worker
    put((job, i, result))
    ~~~^^^^^^^^^^^^^^^^^^
  File "/usr/lib/python3.14/multiprocessing/queues.py", line 397, in put
    self._writer.send_bytes(obj)
    ~~~~~~~~~~~~~~~~~~~~~~~^^^^^
  File "/usr/lib/python3.14/multiprocessing/connection.py", line 207, in send_bytes
    self._send_bytes(m[offset:offset + size])
    ~~~~~~~~~~~~~~~~^^^^^^^^^^^^^^^^^^^^^^^^^
  File "/usr/lib/python3.14/multiprocessing/connection.py", line 438, in _send_bytes
    self._send(header)
    ~~~~~~~~~~^^^^^^^^
  File "/usr/lib/python3.14/multiprocessing/connection.py", line 401, in _send
    n = write(self._handle, buf)
BrokenPipeError: [Errno 32] Broken pipe

During handling of the above exception, another exception occurred:

Traceback (most recent call last):
  File "/usr/lib/python3.14/multiprocessing/process.py", line 320, in _bootstrap
    self.run()
    ~~~~~~~~^^
  File "/usr/lib/python3.14/multiprocessing/process.py", line 108, in run
    self._target(*self._args, **self._kwargs)
    ~~~~~~~~~~~~^^^^^^^^^^^^^^^^^^^^^^^^^^^^^
  File "/usr/lib/python3.14/multiprocessing/pool.py", line 136, in worker
    put((job, i, (False, wrapped)))
    ~~~^^^^^^^^^^^^^^^^^^^^^^^^^^^^
  File "/usr/lib/python3.14/multiprocessing/queues.py", line 397, in put
    self._writer.send_bytes(obj)
    ~~~~~~~~~~~~~~~~~~~~~~~^^^^^
  File "/usr/lib/python3.14/multiprocessing/connection.py", line 207, in send_bytes
    self._send_bytes(m[offset:offset + size])
    ~~~~~~~~~~~~~~~~^^^^^^^^^^^^^^^^^^^^^^^^^
  File "/usr/lib/python3.14/multiprocessing/connection.py", line 445, in _send_bytes
    self._send(header + buf)
    ~~~~~~~~~~^^^^^^^^^^^^^^
  File "/usr/lib/python3.14/multiprocessing/connection.py", line 401, in _send
    n = write(self._handle, buf)
BrokenPipeError: [Errno 32] Broken pipe
Process SpawnPoolWorker-3:
Traceback (most recent call last):
  File "/usr/lib/python3.14/multiprocessing/pool.py", line 131, in worker
    put((job, i, result))
    ~~~^^^^^^^^^^^^^^^^^^
  File "/usr/lib/python3.14/multiprocessing/queues.py", line 397, in put
    self._writer.send_bytes(obj)
    ~~~~~~~~~~~~~~~~~~~~~~~^^^^^
  File "/usr/lib/python3.14/multiprocessing/connection.py", line 207, in send_bytes
    self._send_bytes(m[offset:offset + size])
    ~~~~~~~~~~~~~~~~^^^^^^^^^^^^^^^^^^^^^^^^^
  File "/usr/lib/python3.14/multiprocessing/connection.py", line 438, in _send_bytes
    self._send(header)
    ~~~~~~~~~~^^^^^^^^
  File "/usr/lib/python3.14/multiprocessing/connection.py", line 401, in _send
    n = write(self._handle, buf)
BrokenPipeError: [Errno 32] Broken pipe

During handling of the above exception, another exception occurred:

Traceback (most recent call last):
  File "/usr/lib/python3.14/multiprocessing/process.py", line 320, in _bootstrap
    self.run()
    ~~~~~~~~^^
  File "/usr/lib/python3.14/multiprocessing/process.py", line 108, in run
    self._target(*self._args, **self._kwargs)
    ~~~~~~~~~~~~^^^^^^^^^^^^^^^^^^^^^^^^^^^^^
  File "/usr/lib/python3.14/multiprocessing/pool.py", line 136, in worker
    put((job, i, (False, wrapped)))
    ~~~^^^^^^^^^^^^^^^^^^^^^^^^^^^^
  File "/usr/lib/python3.14/multiprocessing/queues.py", line 397, in put
    self._writer.send_bytes(obj)
    ~~~~~~~~~~~~~~~~~~~~~~~^^^^^
  File "/usr/lib/python3.14/multiprocessing/connection.py", line 207, in send_bytes
    self._send_bytes(m[offset:offset + size])
    ~~~~~~~~~~~~~~~~^^^^^^^^^^^^^^^^^^^^^^^^^
  File "/usr/lib/python3.14/multiprocessing/connection.py", line 445, in _send_bytes
    self._send(header + buf)
    ~~~~~~~~~~^^^^^^^^^^^^^^
  File "/usr/lib/python3.14/multiprocessing/connection.py", line 401, in _send
    n = write(self._handle, buf)
BrokenPipeError: [Errno 32] Broken pipe
Process SpawnPoolWorker-11:
Traceback (most recent call last):
  File "/usr/lib/python3.14/multiprocessing/pool.py", line 131, in worker
    put((job, i, result))
    ~~~^^^^^^^^^^^^^^^^^^
  File "/usr/lib/python3.14/multiprocessing/queues.py", line 397, in put
    self._writer.send_bytes(obj)
    ~~~~~~~~~~~~~~~~~~~~~~~^^^^^
  File "/usr/lib/python3.14/multiprocessing/connection.py", line 207, in send_bytes
    self._send_bytes(m[offset:offset + size])
    ~~~~~~~~~~~~~~~~^^^^^^^^^^^^^^^^^^^^^^^^^
  File "/usr/lib/python3.14/multiprocessing/connection.py", line 438, in _send_bytes
    self._send(header)
    ~~~~~~~~~~^^^^^^^^
  File "/usr/lib/python3.14/multiprocessing/connection.py", line 401, in _send
    n = write(self._handle, buf)
BrokenPipeError: [Errno 32] Broken pipe

During handling of the above exception, another exception occurred:

Traceback (most recent call last):
  File "/usr/lib/python3.14/multiprocessing/process.py", line 320, in _bootstrap
    self.run()
    ~~~~~~~~^^
  File "/usr/lib/python3.14/multiprocessing/process.py", line 108, in run
    self._target(*self._args, **self._kwargs)
    ~~~~~~~~~~~~^^^^^^^^^^^^^^^^^^^^^^^^^^^^^
  File "/usr/lib/python3.14/multiprocessing/pool.py", line 136, in worker
    put((job, i, (False, wrapped)))
    ~~~^^^^^^^^^^^^^^^^^^^^^^^^^^^^
  File "/usr/lib/python3.14/multiprocessing/queues.py", line 397, in put
    self._writer.send_bytes(obj)
    ~~~~~~~~~~~~~~~~~~~~~~~^^^^^
  File "/usr/lib/python3.14/multiprocessing/connection.py", line 207, in send_bytes
    self._send_bytes(m[offset:offset + size])
    ~~~~~~~~~~~~~~~~^^^^^^^^^^^^^^^^^^^^^^^^^
  File "/usr/lib/python3.14/multiprocessing/connection.py", line 445, in _send_bytes
    self._send(header + buf)
    ~~~~~~~~~~^^^^^^^^^^^^^^
  File "/usr/lib/python3.14/multiprocessing/connection.py", line 401, in _send
    n = write(self._handle, buf)
BrokenPipeError: [Errno 32] Broken pipe
Process SpawnPoolWorker-10:
Traceback (most recent call last):
  File "/usr/lib/python3.14/multiprocessing/pool.py", line 131, in worker
    put((job, i, result))
    ~~~^^^^^^^^^^^^^^^^^^
  File "/usr/lib/python3.14/multiprocessing/queues.py", line 397, in put
    self._writer.send_bytes(obj)
    ~~~~~~~~~~~~~~~~~~~~~~~^^^^^
  File "/usr/lib/python3.14/multiprocessing/connection.py", line 207, in send_bytes
    self._send_bytes(m[offset:offset + size])
    ~~~~~~~~~~~~~~~~^^^^^^^^^^^^^^^^^^^^^^^^^
  File "/usr/lib/python3.14/multiprocessing/connection.py", line 438, in _send_bytes
    self._send(header)
    ~~~~~~~~~~^^^^^^^^
  File "/usr/lib/python3.14/multiprocessing/connection.py", line 401, in _send
    n = write(self._handle, buf)
BrokenPipeError: [Errno 32] Broken pipe

During handling of the above exception, another exception occurred:

Traceback (most recent call last):
  File "/usr/lib/python3.14/multiprocessing/process.py", line 320, in _bootstrap
    self.run()
    ~~~~~~~~^^
  File "/usr/lib/python3.14/multiprocessing/process.py", line 108, in run
    self._target(*self._args, **self._kwargs)
    ~~~~~~~~~~~~^^^^^^^^^^^^^^^^^^^^^^^^^^^^^
  File "/usr/lib/python3.14/multiprocessing/pool.py", line 136, in worker
    put((job, i, (False, wrapped)))
    ~~~^^^^^^^^^^^^^^^^^^^^^^^^^^^^
  File "/usr/lib/python3.14/multiprocessing/queues.py", line 397, in put
    self._writer.send_bytes(obj)
    ~~~~~~~~~~~~~~~~~~~~~~~^^^^^
  File "/usr/lib/python3.14/multiprocessing/connection.py", line 207, in send_bytes
    self._send_bytes(m[offset:offset + size])
    ~~~~~~~~~~~~~~~~^^^^^^^^^^^^^^^^^^^^^^^^^
  File "/usr/lib/python3.14/multiprocessing/connection.py", line 445, in _send_bytes
    self._send(header + buf)
    ~~~~~~~~~~^^^^^^^^^^^^^^
  File "/usr/lib/python3.14/multiprocessing/connection.py", line 401, in _send
    n = write(self._handle, buf)
BrokenPipeError: [Errno 32] Broken pipe
/usr/lib/python3.14/multiprocessing/resource_tracker.py:396: UserWarning: resource_tracker: There appear to be 6 leaked semaphore objects to clean up at shutdown: {'/mp-uowe1un1', '/mp-tyh5phug', '/mp-nfukmin7', '/mp-fdpbyd7k', '/mp-6ls0omof', '/mp-ur45u2a5'}
  warnings.warn(
